
===========================================================================
report_checks -unconstrained
===========================================================================
======================= nom_ff_n40C_1v95 Corner ===================================

Startpoint: _4020_ (rising edge-triggered flip-flop clocked by clk)
Endpoint: _3689_ (recovery check against rising-edge clock clk)
Path Group: asynchronous
Path Type: max

Fanout         Cap        Slew       Delay        Time   Description
---------------------------------------------------------------------------------------------
                                  0.000000    0.000000   clock clk (rise edge)
                                  0.000000    0.000000   clock source latency
     2    0.189591    1.190000    0.000000    0.000000 ^ gpio_in[38] (in)
                                                         gpio_in[38] (net)
                      1.424095    0.122900    0.122900 ^ clkbuf_0_gpio_in[38]/A (sky130_fd_sc_hd__clkbuf_16)
     5    0.282349    0.204998    0.221846    0.344746 ^ clkbuf_0_gpio_in[38]/X (sky130_fd_sc_hd__clkbuf_16)
                                                         clknet_0_gpio_in[38] (net)
                      0.205255    0.006651    0.351398 ^ clkbuf_1_0_0_gpio_in[38]/A (sky130_fd_sc_hd__clkbuf_8)
     3    0.025752    0.047238    0.136802    0.488200 ^ clkbuf_1_0_0_gpio_in[38]/X (sky130_fd_sc_hd__clkbuf_8)
                                                         clknet_1_0_0_gpio_in[38] (net)
                      0.047538    0.003062    0.491261 ^ clkbuf_1_0_1_gpio_in[38]/A (sky130_fd_sc_hd__clkbuf_8)
     5    0.070910    0.100467    0.137440    0.628701 ^ clkbuf_1_0_1_gpio_in[38]/X (sky130_fd_sc_hd__clkbuf_8)
                                                         clknet_1_0_1_gpio_in[38] (net)
                      0.104641    0.016800    0.645501 ^ clkbuf_2_1_0_gpio_in[38]/A (sky130_fd_sc_hd__clkbuf_8)
     5    0.074176    0.104823    0.155435    0.800936 ^ clkbuf_2_1_0_gpio_in[38]/X (sky130_fd_sc_hd__clkbuf_8)
                                                         clknet_2_1_0_gpio_in[38] (net)
                      0.110133    0.019335    0.820271 ^ clkbuf_3_2_0_gpio_in[38]/A (sky130_fd_sc_hd__clkbuf_8)
    29    0.329560    0.413278    0.299555    1.119826 ^ clkbuf_3_2_0_gpio_in[38]/X (sky130_fd_sc_hd__clkbuf_8)
                                                         clknet_3_2_0_gpio_in[38] (net)
                      0.419005    0.044120    1.163946 ^ clkbuf_leaf_58_gpio_in[38]/A (sky130_fd_sc_hd__clkbuf_8)
     7    0.060417    0.091601    0.188139    1.352085 ^ clkbuf_leaf_58_gpio_in[38]/X (sky130_fd_sc_hd__clkbuf_8)
                                                         clknet_leaf_58_gpio_in[38] (net)
                      0.091619    0.001347    1.353431 ^ _4020_/CLK (sky130_fd_sc_hd__dfrtp_4)
     3    0.023022    0.067520    0.309119    1.662550 ^ _4020_/Q (sky130_fd_sc_hd__dfrtp_4)
                                                         u_chip_core.fabric_spi_controller.rst_ni (net)
                      0.067655    0.002415    1.664964 ^ hold1449/A (sky130_fd_sc_hd__dlygate4sd3_1)
     3    0.023520    0.183572    0.510327    2.175292 ^ hold1449/X (sky130_fd_sc_hd__dlygate4sd3_1)
                                                         net2902 (net)
                      0.183604    0.002602    2.177894 ^ hold1445/A (sky130_fd_sc_hd__clkbuf_4)
     3    0.049024    0.116902    0.189514    2.367408 ^ hold1445/X (sky130_fd_sc_hd__clkbuf_4)
                                                         net2898 (net)
                      0.118389    0.011014    2.378422 ^ wire1313/A (sky130_fd_sc_hd__buf_12)
     5    0.265674    0.175929    0.126242    2.504663 ^ wire1313/X (sky130_fd_sc_hd__buf_12)
                                                         net1313 (net)
                      0.440823    0.214228    2.718891 ^ wire1312/A (sky130_fd_sc_hd__clkbuf_16)
     5    0.156664    0.125481    0.191337    2.910228 ^ wire1312/X (sky130_fd_sc_hd__clkbuf_16)
                                                         net1312 (net)
                      0.185063    0.071360    2.981587 ^ _1490_/C_N (sky130_fd_sc_hd__nor3b_1)
     1    0.003092    0.118033    0.134183    3.115771 ^ _1490_/Y (sky130_fd_sc_hd__nor3b_1)
                                                         u_chip_core.fabric_config_large.rst_ni (net)
                      0.118033    0.000104    3.115875 ^ hold1289/A (sky130_fd_sc_hd__dlygate4sd3_1)
     1    0.003753    0.043438    0.411425    3.527299 ^ hold1289/X (sky130_fd_sc_hd__dlygate4sd3_1)
                                                         net2742 (net)
                      0.043931    0.000129    3.527428 ^ wire1283/A (sky130_fd_sc_hd__clkbuf_2)
     1    0.005136    0.028988    0.073004    3.600432 ^ wire1283/X (sky130_fd_sc_hd__clkbuf_2)
                                                         net1283 (net)
                      0.028989    0.000214    3.600646 ^ hold1290/A (sky130_fd_sc_hd__dlygate4sd3_1)
     1    0.008579    0.076664    0.422677    4.023323 ^ hold1290/X (sky130_fd_sc_hd__dlygate4sd3_1)
                                                         net2743 (net)
                      0.076665    0.000426    4.023748 ^ wire1282/A (sky130_fd_sc_hd__clkbuf_2)
     2    0.018023    0.079538    0.118655    4.142404 ^ wire1282/X (sky130_fd_sc_hd__clkbuf_2)
                                                         net1282 (net)
                      0.079583    0.000932    4.143335 ^ fanout1259/A (sky130_fd_sc_hd__buf_12)
    11    0.589582    0.307436    0.233472    4.376808 ^ fanout1259/X (sky130_fd_sc_hd__buf_12)
                                                         net1259 (net)
                      1.148919    0.579059    4.955867 ^ fanout1256/A (sky130_fd_sc_hd__buf_8)
    11    0.110401    0.146048    0.101550    5.057417 ^ fanout1256/X (sky130_fd_sc_hd__buf_8)
                                                         net1256 (net)
                      0.150026    0.019855    5.077272 ^ fanout1255/A (sky130_fd_sc_hd__buf_8)
    17    0.188789    0.227609    0.187598    5.264871 ^ fanout1255/X (sky130_fd_sc_hd__buf_8)
                                                         net1255 (net)
                      0.227624    0.001880    5.266751 ^ fanout1253/A (sky130_fd_sc_hd__buf_2)
    11    0.061033    0.223870    0.244246    5.510996 ^ fanout1253/X (sky130_fd_sc_hd__buf_2)
                                                         net1253 (net)
                      0.223877    0.001114    5.512111 ^ fanout1252/A (sky130_fd_sc_hd__clkbuf_4)
    17    0.067437    0.156321    0.228057    5.740168 ^ fanout1252/X (sky130_fd_sc_hd__clkbuf_4)
                                                         net1252 (net)
                      0.156673    0.006338    5.746505 ^ _3689_/RESET_B (sky130_fd_sc_hd__dfrtp_4)
                                              5.746505   data arrival time

                                 40.000000   40.000000   clock clk (rise edge)
                                  0.000000   40.000000   clock source latency
     2    0.189591    1.000000    0.000000   40.000000 ^ gpio_in[38] (in)
                                                         gpio_in[38] (net)
                      1.234095    0.111196   40.111198 ^ clkbuf_0_gpio_in[38]/A (sky130_fd_sc_hd__clkbuf_16)
     5    0.282349    0.202913    0.203755   40.314953 ^ clkbuf_0_gpio_in[38]/X (sky130_fd_sc_hd__clkbuf_16)
                                                         clknet_0_gpio_in[38] (net)
                      0.203154    0.006015   40.320969 ^ clkbuf_1_0_0_gpio_in[38]/A (sky130_fd_sc_hd__clkbuf_8)
     3    0.025752    0.047177    0.123485   40.444454 ^ clkbuf_1_0_0_gpio_in[38]/X (sky130_fd_sc_hd__clkbuf_8)
                                                         clknet_1_0_0_gpio_in[38] (net)
                      0.047478    0.002768   40.447220 ^ clkbuf_1_0_1_gpio_in[38]/A (sky130_fd_sc_hd__clkbuf_8)
     5    0.070910    0.100467    0.124334   40.571556 ^ clkbuf_1_0_1_gpio_in[38]/X (sky130_fd_sc_hd__clkbuf_8)
                                                         clknet_1_0_1_gpio_in[38] (net)
                      0.104252    0.014488   40.586040 ^ clkbuf_2_0_0_gpio_in[38]/A (sky130_fd_sc_hd__clkbuf_8)
     5    0.091293    0.125011    0.153971   40.740013 ^ clkbuf_2_0_0_gpio_in[38]/X (sky130_fd_sc_hd__clkbuf_8)
                                                         clknet_2_0_0_gpio_in[38] (net)
                      0.129915    0.018442   40.758457 ^ clkbuf_3_0_0_gpio_in[38]/A (sky130_fd_sc_hd__clkbuf_8)
    19    0.192025    0.251759    0.243485   41.001942 ^ clkbuf_3_0_0_gpio_in[38]/X (sky130_fd_sc_hd__clkbuf_8)
                                                         clknet_3_0_0_gpio_in[38] (net)
                      0.254121    0.018677   41.020618 ^ clkbuf_leaf_62_gpio_in[38]/A (sky130_fd_sc_hd__clkbuf_8)
    11    0.058592    0.086521    0.158973   41.179592 ^ clkbuf_leaf_62_gpio_in[38]/X (sky130_fd_sc_hd__clkbuf_8)
                                                         clknet_leaf_62_gpio_in[38] (net)
                      0.086537    0.001112   41.180702 ^ _3689_/CLK (sky130_fd_sc_hd__dfrtp_4)
                                 -0.100000   41.080704   clock uncertainty
                                  0.057147   41.137852   clock reconvergence pessimism
                                  0.100295   41.238148   library recovery time
                                             41.238148   data required time
---------------------------------------------------------------------------------------------
                                             41.238148   data required time
                                             -5.746505   data arrival time
---------------------------------------------------------------------------------------------
                                             35.491642   slack (MET)


Startpoint: _4020_ (rising edge-triggered flip-flop clocked by clk)
Endpoint: _3467_ (rising edge-triggered flip-flop clocked by clk)
Path Group: clk
Path Type: max

Fanout         Cap        Slew       Delay        Time   Description
---------------------------------------------------------------------------------------------
                                  0.000000    0.000000   clock clk (rise edge)
                                  0.000000    0.000000   clock source latency
     2    0.189591    1.190000    0.000000    0.000000 ^ gpio_in[38] (in)
                                                         gpio_in[38] (net)
                      1.424095    0.122900    0.122900 ^ clkbuf_0_gpio_in[38]/A (sky130_fd_sc_hd__clkbuf_16)
     5    0.282349    0.204998    0.221846    0.344746 ^ clkbuf_0_gpio_in[38]/X (sky130_fd_sc_hd__clkbuf_16)
                                                         clknet_0_gpio_in[38] (net)
                      0.205255    0.006651    0.351398 ^ clkbuf_1_0_0_gpio_in[38]/A (sky130_fd_sc_hd__clkbuf_8)
     3    0.025752    0.047238    0.136802    0.488200 ^ clkbuf_1_0_0_gpio_in[38]/X (sky130_fd_sc_hd__clkbuf_8)
                                                         clknet_1_0_0_gpio_in[38] (net)
                      0.047538    0.003062    0.491261 ^ clkbuf_1_0_1_gpio_in[38]/A (sky130_fd_sc_hd__clkbuf_8)
     5    0.070910    0.100467    0.137440    0.628701 ^ clkbuf_1_0_1_gpio_in[38]/X (sky130_fd_sc_hd__clkbuf_8)
                                                         clknet_1_0_1_gpio_in[38] (net)
                      0.104641    0.016800    0.645501 ^ clkbuf_2_1_0_gpio_in[38]/A (sky130_fd_sc_hd__clkbuf_8)
     5    0.074176    0.104823    0.155435    0.800936 ^ clkbuf_2_1_0_gpio_in[38]/X (sky130_fd_sc_hd__clkbuf_8)
                                                         clknet_2_1_0_gpio_in[38] (net)
                      0.110133    0.019335    0.820271 ^ clkbuf_3_2_0_gpio_in[38]/A (sky130_fd_sc_hd__clkbuf_8)
    29    0.329560    0.413278    0.299555    1.119826 ^ clkbuf_3_2_0_gpio_in[38]/X (sky130_fd_sc_hd__clkbuf_8)
                                                         clknet_3_2_0_gpio_in[38] (net)
                      0.419005    0.044120    1.163946 ^ clkbuf_leaf_58_gpio_in[38]/A (sky130_fd_sc_hd__clkbuf_8)
     7    0.060417    0.091601    0.188139    1.352085 ^ clkbuf_leaf_58_gpio_in[38]/X (sky130_fd_sc_hd__clkbuf_8)
                                                         clknet_leaf_58_gpio_in[38] (net)
                      0.091619    0.001347    1.353431 ^ _4020_/CLK (sky130_fd_sc_hd__dfrtp_4)
     3    0.022786    0.060926    0.348497    1.701928 v _4020_/Q (sky130_fd_sc_hd__dfrtp_4)
                                                         u_chip_core.fabric_spi_controller.rst_ni (net)
                      0.060927    0.002373    1.704302 v hold1449/A (sky130_fd_sc_hd__dlygate4sd3_1)
     3    0.023210    0.102967    0.466583    2.170885 v hold1449/X (sky130_fd_sc_hd__dlygate4sd3_1)
                                                         net2902 (net)
                      0.103032    0.002544    2.173429 v hold1445/A (sky130_fd_sc_hd__clkbuf_4)
     3    0.048071    0.075291    0.171623    2.345052 v hold1445/X (sky130_fd_sc_hd__clkbuf_4)
                                                         net2898 (net)
                      0.077433    0.010547    2.355598 v wire1313/A (sky130_fd_sc_hd__buf_12)
     5    0.264442    0.039109    0.123597    2.479196 v wire1313/X (sky130_fd_sc_hd__buf_12)
                                                         net1313 (net)
                      0.061899    0.020502    2.499698 v hold1446/A (sky130_fd_sc_hd__dlygate4sd3_1)
     1    0.011599    0.066413    0.430096    2.929793 v hold1446/X (sky130_fd_sc_hd__dlygate4sd3_1)
                                                         net2899 (net)
                      0.066413    0.000793    2.930586 v fanout1311/A (sky130_fd_sc_hd__clkbuf_8)
    11    0.102933    0.082289    0.155065    3.085651 v fanout1311/X (sky130_fd_sc_hd__clkbuf_8)
                                                         net1311 (net)
                      0.082301    0.001054    3.086705 v hold1447/A (sky130_fd_sc_hd__clkbuf_4)
     5    0.073789    0.105228    0.186951    3.273656 v hold1447/X (sky130_fd_sc_hd__clkbuf_4)
                                                         net2900 (net)
                      0.105270    0.001932    3.275588 v fanout1310/A (sky130_fd_sc_hd__clkbuf_4)
     7    0.039526    0.063660    0.166038    3.441626 v fanout1310/X (sky130_fd_sc_hd__clkbuf_4)
                                                         net1310 (net)
                      0.063720    0.000552    3.442178 v fanout1309/A (sky130_fd_sc_hd__buf_2)
    11    0.050140    0.085200    0.155167    3.597345 v fanout1309/X (sky130_fd_sc_hd__buf_2)
                                                         net1309 (net)
                      0.085208    0.000730    3.598075 v fanout1306/A (sky130_fd_sc_hd__clkbuf_4)
    15    0.060863    0.088325    0.181029    3.779104 v fanout1306/X (sky130_fd_sc_hd__clkbuf_4)
                                                         net1306 (net)
                      0.088628    0.004110    3.783214 v fanout1305/A (sky130_fd_sc_hd__clkbuf_2)
     7    0.037703    0.100403    0.164552    3.947767 v fanout1305/X (sky130_fd_sc_hd__clkbuf_2)
                                                         net1305 (net)
                      0.100406    0.000712    3.948478 v fanout1304/A (sky130_fd_sc_hd__buf_2)
     8    0.038773    0.069958    0.157999    4.106478 v fanout1304/X (sky130_fd_sc_hd__buf_2)
                                                         net1304 (net)
                      0.069963    0.000648    4.107126 v _2066_/A (sky130_fd_sc_hd__and2_4)
     3    0.093339    0.091651    0.167280    4.274406 v _2066_/X (sky130_fd_sc_hd__and2_4)
                                                         _0997_ (net)
                      0.106469    0.029484    4.303890 v fanout1123/A (sky130_fd_sc_hd__buf_12)
    22    0.797957    0.075099    0.171581    4.475471 v fanout1123/X (sky130_fd_sc_hd__buf_12)
                                                         net1123 (net)
                      1.766834    0.922916    5.398387 v fanout1122/A (sky130_fd_sc_hd__buf_12)
    21    0.429216    0.098689    0.586397    5.984784 v fanout1122/X (sky130_fd_sc_hd__buf_12)
                                                         net1122 (net)
                      0.539149    0.272308    6.257092 v _2302_/A1 (sky130_fd_sc_hd__mux2_1)
     1    0.001787    0.042331    0.329590    6.586682 v _2302_/X (sky130_fd_sc_hd__mux2_1)
                                                         _0265_ (net)
                      0.042331    0.000036    6.586718 v hold1836/A (sky130_fd_sc_hd__dlygate4sd3_1)
     1    0.001741    0.034427    0.375741    6.962459 v hold1836/X (sky130_fd_sc_hd__dlygate4sd3_1)
                                                         net3289 (net)
                      0.034427    0.000034    6.962493 v hold200/A (sky130_fd_sc_hd__dlygate4sd3_1)
     1    0.002277    0.036351    0.375960    7.338454 v hold200/X (sky130_fd_sc_hd__dlygate4sd3_1)
                                                         net1653 (net)
                      0.036351    0.000068    7.338522 v _3467_/D (sky130_fd_sc_hd__dfxtp_1)
                                              7.338522   data arrival time

                                 40.000000   40.000000   clock clk (rise edge)
                                  0.000000   40.000000   clock source latency
     2    0.189591    1.000000    0.000000   40.000000 ^ gpio_in[38] (in)
                                                         gpio_in[38] (net)
                      1.234095    0.111196   40.111198 ^ clkbuf_0_gpio_in[38]/A (sky130_fd_sc_hd__clkbuf_16)
     5    0.282349    0.202913    0.203755   40.314953 ^ clkbuf_0_gpio_in[38]/X (sky130_fd_sc_hd__clkbuf_16)
                                                         clknet_0_gpio_in[38] (net)
                      0.365632    0.143388   40.458340 ^ clkbuf_1_1_0_gpio_in[38]/A (sky130_fd_sc_hd__clkbuf_8)
     3    0.087824    0.125138    0.178584   40.636925 ^ clkbuf_1_1_0_gpio_in[38]/X (sky130_fd_sc_hd__clkbuf_8)
                                                         clknet_1_1_0_gpio_in[38] (net)
                      0.134286    0.024798   40.661724 ^ clkbuf_1_1_1_gpio_in[38]/A (sky130_fd_sc_hd__clkbuf_8)
     5    0.091009    0.124936    0.158209   40.819931 ^ clkbuf_1_1_1_gpio_in[38]/X (sky130_fd_sc_hd__clkbuf_8)
                                                         clknet_1_1_1_gpio_in[38] (net)
                      0.132180    0.022244   40.842175 ^ clkbuf_2_2_0_gpio_in[38]/A (sky130_fd_sc_hd__clkbuf_8)
     5    0.090316    0.124067    0.156703   40.998878 ^ clkbuf_2_2_0_gpio_in[38]/X (sky130_fd_sc_hd__clkbuf_8)
                                                         clknet_2_2_0_gpio_in[38] (net)
                      0.129482    0.019178   41.018055 ^ clkbuf_3_4_0_gpio_in[38]/A (sky130_fd_sc_hd__clkbuf_8)
    17    0.173130    0.226816    0.209642   41.227699 ^ clkbuf_3_4_0_gpio_in[38]/X (sky130_fd_sc_hd__clkbuf_8)
                                                         clknet_3_4_0_gpio_in[38] (net)
                      0.239677    0.039631   41.267330 ^ clkbuf_leaf_20_gpio_in[38]/A (sky130_fd_sc_hd__clkbuf_8)
    33    0.088891    0.121471    0.182062   41.449390 ^ clkbuf_leaf_20_gpio_in[38]/X (sky130_fd_sc_hd__clkbuf_8)
                                                         clknet_leaf_20_gpio_in[38] (net)
                      0.121592    0.002316   41.451706 ^ _3467_/CLK (sky130_fd_sc_hd__dfxtp_1)
                                 -0.100000   41.351707   clock uncertainty
                                  0.029796   41.381504   clock reconvergence pessimism
                                 -0.062930   41.318577   library setup time
                                             41.318577   data required time
---------------------------------------------------------------------------------------------
                                             41.318577   data required time
                                             -7.338522   data arrival time
---------------------------------------------------------------------------------------------
                                             33.980057   slack (MET)




===========================================================================
report_checks --slack_max -0.01
============================================================================
======================= nom_ff_n40C_1v95 Corner ===================================

No paths found.


===========================================================================
 report_check_types -max_slew -max_cap -max_fanout -violators
============================================================================
======================= nom_ff_n40C_1v95 Corner ===================================

max slew

Pin                                        Limit        Slew       Slack
------------------------------------------------------------------------
wire932/A                               1.500000   12.445772  -10.945772 (VIOLATED)
ANTENNA_wire932_A/DIODE                 1.500000   12.445670  -10.945669 (VIOLATED)
wire941/A                               1.500000   12.218145  -10.718145 (VIOLATED)
ANTENNA_wire941_A/DIODE                 1.500000   12.218108  -10.718108 (VIOLATED)
_1504_/A                                1.500000    6.053779   -4.553779 (VIOLATED)
ANTENNA__1504__A/DIODE                  1.500000    6.053771   -4.553771 (VIOLATED)
wire1032/A                              1.500000    5.423235   -3.923235 (VIOLATED)
ANTENNA_wire1032_A/DIODE                1.500000    5.422941   -3.922941 (VIOLATED)
load_slew1431/A                         1.500000    4.427439   -2.927439 (VIOLATED)
ANTENNA_load_slew1431_A/DIODE           1.500000    4.427401   -2.927401 (VIOLATED)
_1509_/A                                1.500000    4.182690   -2.682690 (VIOLATED)
ANTENNA__1509__A/DIODE                  1.500000    4.182686   -2.682686 (VIOLATED)
_1485_/A                                1.500000    4.175282   -2.675282 (VIOLATED)
ANTENNA__1485__A/DIODE                  1.500000    4.175267   -2.675267 (VIOLATED)
wire1034/A                              1.500000    4.173110   -2.673110 (VIOLATED)
ANTENNA_wire1034_A/DIODE                1.500000    4.172954   -2.672954 (VIOLATED)
wire1036/A                              1.500000    3.973547   -2.473547 (VIOLATED)
ANTENNA_wire1036_A/DIODE                1.500000    3.973312   -2.473312 (VIOLATED)
ANTENNA__1510__A/DIODE                  1.500000    3.779357   -2.279357 (VIOLATED)
_1510_/A                                1.500000    3.777744   -2.277744 (VIOLATED)
_1500_/A                                1.500000    3.565791   -2.065791 (VIOLATED)
ANTENNA__1500__A/DIODE                  1.500000    3.565726   -2.065726 (VIOLATED)
load_slew1405/A                         1.500000    3.557204   -2.057204 (VIOLATED)
ANTENNA_load_slew1405_A/DIODE           1.500000    3.557134   -2.057134 (VIOLATED)
wire1024/A                              1.500000    3.244714   -1.744714 (VIOLATED)
ANTENNA_wire1024_A/DIODE                1.500000    3.244577   -1.744577 (VIOLATED)
_1503_/A                                1.500000    3.203509   -1.703509 (VIOLATED)
ANTENNA__1503__A/DIODE                  1.500000    3.203495   -1.703495 (VIOLATED)
wire1428/A                              1.500000    2.613657   -1.113657 (VIOLATED)
ANTENNA_wire1428_A/DIODE                1.500000    2.613541   -1.113541 (VIOLATED)
wire950/A                               1.500000    2.557339   -1.057340 (VIOLATED)
ANTENNA_236/DIODE                       1.500000    2.557334   -1.057334 (VIOLATED)
ANTENNA_235/DIODE                       1.500000    2.557332   -1.057332 (VIOLATED)
ANTENNA_wire950_A/DIODE                 1.500000    2.557272   -1.057272 (VIOLATED)
ANTENNA_237/DIODE                       1.500000    2.557268   -1.057268 (VIOLATED)
ANTENNA_238/DIODE                       1.500000    2.557261   -1.057261 (VIOLATED)
ANTENNA_239/DIODE                       1.500000    2.557255   -1.057255 (VIOLATED)
ANTENNA_240/DIODE                       1.500000    2.557247   -1.057247 (VIOLATED)
_1506_/A                                1.500000    2.464145   -0.964145 (VIOLATED)
ANTENNA__1506__A/DIODE                  1.500000    2.464130   -0.964130 (VIOLATED)
ANTENNA__2504__A1/DIODE                 1.500000    2.453789   -0.953789 (VIOLATED)
_2504_/A1                               1.500000    2.453784   -0.953784 (VIOLATED)
_1508_/A                                1.500000    2.435345   -0.935345 (VIOLATED)
ANTENNA__1508__A/DIODE                  1.500000    2.435325   -0.935325 (VIOLATED)
_1505_/A                                1.500000    2.225024   -0.725024 (VIOLATED)
ANTENNA__1505__A/DIODE                  1.500000    2.225016   -0.725016 (VIOLATED)
ANTENNA__2503__A1/DIODE                 1.500000    2.220803   -0.720803 (VIOLATED)
_2503_/A1                               1.500000    2.220796   -0.720796 (VIOLATED)
_2493_/A1                               1.500000    2.218338   -0.718339 (VIOLATED)
ANTENNA__2493__A1/DIODE                 1.500000    2.218242   -0.718242 (VIOLATED)
ANTENNA_wire951_X/DIODE                 1.500000    2.216226   -0.716226 (VIOLATED)
wire951/X                               1.500000    2.216205   -0.716205 (VIOLATED)
ANTENNA__1535__X/DIODE                  1.500000    2.213729   -0.713730 (VIOLATED)
_1535_/X                                1.500000    2.213694   -0.713694 (VIOLATED)
ANTENNA__2487__A1/DIODE                 1.500000    2.162963   -0.662963 (VIOLATED)
_2487_/A1                               1.500000    2.162933   -0.662933 (VIOLATED)
ANTENNA_359/DIODE                       1.500000    2.162898   -0.662898 (VIOLATED)
ANTENNA_301/DIODE                       1.500000    2.131855   -0.631855 (VIOLATED)
ANTENNA_300/DIODE                       1.500000    2.131850   -0.631851 (VIOLATED)
load_slew1388/A                         1.500000    2.131851   -0.631851 (VIOLATED)
ANTENNA_load_slew1388_A/DIODE           1.500000    2.131796   -0.631796 (VIOLATED)
ANTENNA_298/DIODE                       1.500000    2.131627   -0.631627 (VIOLATED)
ANTENNA_299/DIODE                       1.500000    2.131604   -0.631604 (VIOLATED)
wire854/A                               1.500000    2.095839   -0.595838 (VIOLATED)
ANTENNA_wire854_A/DIODE                 1.500000    2.095835   -0.595835 (VIOLATED)
_1582_/Y                                1.499177    2.090821   -0.591644 (VIOLATED)
ANTENNA__1582__Y/DIODE                  1.500000    2.090829   -0.590829 (VIOLATED)
ANTENNA_281/DIODE                       1.500000    2.006891   -0.506891 (VIOLATED)
ANTENNA_279/DIODE                       1.500000    2.004036   -0.504036 (VIOLATED)
ANTENNA_277/DIODE                       1.500000    1.995502   -0.495502 (VIOLATED)
ANTENNA_275/DIODE                       1.500000    1.992480   -0.492480 (VIOLATED)
fanout1122/A                            1.500000    1.991122   -0.491122 (VIOLATED)
ANTENNA_fanout1122_A/DIODE              1.500000    1.990929   -0.490929 (VIOLATED)
ANTENNA_274/DIODE                       1.500000    1.988949   -0.488949 (VIOLATED)
ANTENNA_278/DIODE                       1.500000    1.987304   -0.487304 (VIOLATED)
ANTENNA_276/DIODE                       1.500000    1.985175   -0.485175 (VIOLATED)
ANTENNA_280/DIODE                       1.500000    1.975877   -0.475877 (VIOLATED)
ANTENNA_282/DIODE                       1.500000    1.970359   -0.470359 (VIOLATED)
_2484_/A1                               1.500000    1.768983   -0.268983 (VIOLATED)
ANTENNA__2484__A1/DIODE                 1.500000    1.768975   -0.268975 (VIOLATED)
_2476_/A1                               1.500000    1.766956   -0.266956 (VIOLATED)
ANTENNA__2476__A1/DIODE                 1.500000    1.766954   -0.266954 (VIOLATED)
ANTENNA__2505__A1/DIODE                 1.500000    1.729218   -0.229218 (VIOLATED)
_2505_/A1                               1.500000    1.729130   -0.229130 (VIOLATED)
ANTENNA_294/DIODE                       1.500000    1.729092   -0.229092 (VIOLATED)
_2475_/A1                               1.500000    1.705924   -0.205924 (VIOLATED)
ANTENNA__2475__A1/DIODE                 1.500000    1.705909   -0.205909 (VIOLATED)
wire1419/A                              1.500000    1.677548   -0.177548 (VIOLATED)
ANTENNA_177/DIODE                       1.500000    1.677452   -0.177452 (VIOLATED)
ANTENNA_178/DIODE                       1.500000    1.677441   -0.177441 (VIOLATED)
ANTENNA_179/DIODE                       1.500000    1.677147   -0.177147 (VIOLATED)
ANTENNA_wire1419_A/DIODE                1.500000    1.677131   -0.177131 (VIOLATED)
ANTENNA_180/DIODE                       1.500000    1.677114   -0.177115 (VIOLATED)
fanout1125/A                            1.500000    1.671939   -0.171939 (VIOLATED)
ANTENNA_fanout1125_A/DIODE              1.500000    1.671419   -0.171419 (VIOLATED)
wire830/A                               1.500000    1.644706   -0.144706 (VIOLATED)
ANTENNA_wire830_A/DIODE                 1.500000    1.644416   -0.144416 (VIOLATED)
wire909/A                               1.500000    1.628752   -0.128752 (VIOLATED)
ANTENNA_wire909_A/DIODE                 1.500000    1.628736   -0.128736 (VIOLATED)
_2495_/A1                               1.500000    1.627600   -0.127600 (VIOLATED)
ANTENNA__2495__A1/DIODE                 1.500000    1.627562   -0.127562 (VIOLATED)
wire888/A                               1.500000    1.553879   -0.053879 (VIOLATED)
ANTENNA_wire888_A/DIODE                 1.500000    1.553748   -0.053748 (VIOLATED)
fanout1121/A                            1.500000    1.547264   -0.047265 (VIOLATED)
ANTENNA_fanout1121_A/DIODE              1.500000    1.547130   -0.047130 (VIOLATED)
ANTENNA__2479__A1/DIODE                 1.500000    1.534611   -0.034611 (VIOLATED)
_2479_/A1                               1.500000    1.534603   -0.034603 (VIOLATED)
wire1021/A                              1.500000    1.527716   -0.027716 (VIOLATED)
ANTENNA_wire1021_A/DIODE                1.500000    1.527675   -0.027675 (VIOLATED)
ANTENNA_1/DIODE                         1.500000    1.527642   -0.027642 (VIOLATED)
ANTENNA__2489__A1/DIODE                 1.500000    1.518947   -0.018947 (VIOLATED)
_2489_/A1                               1.500000    1.518936   -0.018936 (VIOLATED)
_2486_/A1                               1.500000    1.518855   -0.018855 (VIOLATED)
ANTENNA__2486__A1/DIODE                 1.500000    1.518848   -0.018848 (VIOLATED)

max fanout

Pin                                   Limit Fanout  Slack
---------------------------------------------------------
clkbuf_leaf_12_gpio_in[38]/X             20     51    -31 (VIOLATED)
clkbuf_leaf_30_gpio_in[38]/X             20     51    -31 (VIOLATED)
clkbuf_leaf_34_gpio_in[38]/X             20     51    -31 (VIOLATED)
clkbuf_leaf_47_gpio_in[38]/X             20     51    -31 (VIOLATED)
clkbuf_leaf_4_gpio_in[38]/X              20     49    -29 (VIOLATED)
clkbuf_leaf_14_gpio_in[38]/X             20     47    -27 (VIOLATED)
clkbuf_leaf_31_gpio_in[38]/X             20     47    -27 (VIOLATED)
clkbuf_leaf_22_gpio_in[38]/X             20     45    -25 (VIOLATED)
clkbuf_leaf_23_gpio_in[38]/X             20     45    -25 (VIOLATED)
clkbuf_leaf_33_gpio_in[38]/X             20     45    -25 (VIOLATED)
clkbuf_leaf_50_gpio_in[38]/X             20     45    -25 (VIOLATED)
clkbuf_leaf_11_gpio_in[38]/X             20     43    -23 (VIOLATED)
clkbuf_leaf_15_gpio_in[38]/X             20     43    -23 (VIOLATED)
clkbuf_leaf_25_gpio_in[38]/X             20     43    -23 (VIOLATED)
clkbuf_leaf_40_gpio_in[38]/X             20     43    -23 (VIOLATED)
clkbuf_leaf_27_gpio_in[38]/X             20     41    -21 (VIOLATED)
clkbuf_leaf_3_gpio_in[38]/X              20     41    -21 (VIOLATED)
clkbuf_leaf_2_gpio_in[38]/X              20     39    -19 (VIOLATED)
clkbuf_leaf_16_gpio_in[38]/X             20     37    -17 (VIOLATED)
clkbuf_leaf_24_gpio_in[38]/X             20     35    -15 (VIOLATED)
clkbuf_leaf_56_gpio_in[38]/X             20     35    -15 (VIOLATED)
clkbuf_leaf_19_gpio_in[38]/X             20     33    -13 (VIOLATED)
clkbuf_leaf_20_gpio_in[38]/X             20     33    -13 (VIOLATED)
clkbuf_leaf_49_gpio_in[38]/X             20     33    -13 (VIOLATED)
clkbuf_leaf_9_gpio_in[38]/X              20     33    -13 (VIOLATED)
clkbuf_leaf_13_gpio_in[38]/X             20     31    -11 (VIOLATED)
clkbuf_leaf_48_gpio_in[38]/X             20     31    -11 (VIOLATED)
max_cap809/X                             20     31    -11 (VIOLATED)
clkbuf_3_2_0_gpio_in[38]/X               20     29     -9 (VIOLATED)
clkbuf_leaf_29_gpio_in[38]/X             20     29     -9 (VIOLATED)
clkbuf_leaf_53_gpio_in[38]/X             20     29     -9 (VIOLATED)
clkbuf_leaf_54_gpio_in[38]/X             20     27     -7 (VIOLATED)
clkbuf_3_1_0_gpio_in[38]/X               20     25     -5 (VIOLATED)
clkbuf_leaf_66_gpio_in[38]/X             20     25     -5 (VIOLATED)
clkbuf_leaf_6_gpio_in[38]/X              20     25     -5 (VIOLATED)
fanout1284/X                             20     24     -4 (VIOLATED)
fanout1328/X                             20     24     -4 (VIOLATED)
clkbuf_leaf_1_gpio_in[38]/X              20     23     -3 (VIOLATED)
clkbuf_leaf_28_gpio_in[38]/X             20     23     -3 (VIOLATED)
fanout1197/X                             20     23     -3 (VIOLATED)
gpio_loopback_zero[25]                   20     22     -2 (VIOLATED)
gpio_loopback_zero[26]                   20     22     -2 (VIOLATED)
gpio_loopback_zero[30]                   20     22     -2 (VIOLATED)
gpio_loopback_zero[32]                   20     22     -2 (VIOLATED)
gpio_loopback_zero[38]                   20     22     -2 (VIOLATED)
fanout1123/X                             20     22     -2 (VIOLATED)
fanout1161/X                             20     22     -2 (VIOLATED)
fanout1178/X                             20     22     -2 (VIOLATED)
fanout1185/X                             20     22     -2 (VIOLATED)
fanout1194/X                             20     22     -2 (VIOLATED)
fanout1203/X                             20     22     -2 (VIOLATED)
fanout1215/X                             20     22     -2 (VIOLATED)
fanout1221/X                             20     22     -2 (VIOLATED)
fanout1250/X                             20     22     -2 (VIOLATED)
clkbuf_3_3_0_gpio_in[38]/X               20     21        (VIOLATED)
clkbuf_leaf_35_gpio_in[38]/X             20     21        (VIOLATED)
clkbuf_leaf_57_gpio_in[38]/X             20     21        (VIOLATED)
fanout1109/X                             20     21        (VIOLATED)
fanout1110/X                             20     21        (VIOLATED)
fanout1114/X                             20     21        (VIOLATED)
fanout1121/X                             20     21        (VIOLATED)
fanout1122/X                             20     21        (VIOLATED)
fanout1124/X                             20     21        (VIOLATED)
fanout1125/X                             20     21        (VIOLATED)
fanout1127/X                             20     21        (VIOLATED)
fanout1128/X                             20     21        (VIOLATED)
fanout1130/X                             20     21        (VIOLATED)
fanout1131/X                             20     21        (VIOLATED)
fanout1136/X                             20     21        (VIOLATED)
fanout1137/X                             20     21        (VIOLATED)
fanout1142/X                             20     21        (VIOLATED)
fanout1143/X                             20     21        (VIOLATED)
fanout1148/X                             20     21        (VIOLATED)
fanout1149/X                             20     21        (VIOLATED)
fanout1154/X                             20     21        (VIOLATED)
fanout1155/X                             20     21        (VIOLATED)
fanout1160/X                             20     21        (VIOLATED)
fanout1166/X                             20     21        (VIOLATED)
fanout1167/X                             20     21        (VIOLATED)
fanout1169/X                             20     21        (VIOLATED)
fanout1170/X                             20     21        (VIOLATED)
fanout1172/X                             20     21        (VIOLATED)
fanout1173/X                             20     21        (VIOLATED)
fanout1175/X                             20     21        (VIOLATED)
fanout1176/X                             20     21        (VIOLATED)
fanout1179/X                             20     21        (VIOLATED)
fanout1181/X                             20     21        (VIOLATED)
fanout1182/X                             20     21        (VIOLATED)
fanout1184/X                             20     21        (VIOLATED)
fanout1187/X                             20     21        (VIOLATED)
fanout1188/X                             20     21        (VIOLATED)
fanout1190/X                             20     21        (VIOLATED)
fanout1191/X                             20     21        (VIOLATED)
fanout1193/X                             20     21        (VIOLATED)
fanout1196/X                             20     21        (VIOLATED)
fanout1199/X                             20     21        (VIOLATED)
fanout1200/X                             20     21        (VIOLATED)
fanout1202/X                             20     21        (VIOLATED)
fanout1205/X                             20     21        (VIOLATED)
fanout1206/X                             20     21        (VIOLATED)
fanout1208/X                             20     21        (VIOLATED)
fanout1209/X                             20     21        (VIOLATED)
fanout1211/X                             20     21        (VIOLATED)
fanout1212/X                             20     21        (VIOLATED)
fanout1214/X                             20     21        (VIOLATED)
fanout1217/X                             20     21        (VIOLATED)
fanout1218/X                             20     21        (VIOLATED)
fanout1220/X                             20     21        (VIOLATED)
fanout1223/X                             20     21        (VIOLATED)
fanout1224/X                             20     21        (VIOLATED)
fanout1226/X                             20     21        (VIOLATED)
fanout1227/X                             20     21        (VIOLATED)
fanout1229/X                             20     21        (VIOLATED)
fanout1230/X                             20     21        (VIOLATED)
fanout1232/X                             20     21        (VIOLATED)
fanout1233/X                             20     21        (VIOLATED)
fanout1243/X                             20     21        (VIOLATED)
fanout1245/X                             20     21        (VIOLATED)
fanout1247/X                             20     21        (VIOLATED)
fanout1248/X                             20     21        (VIOLATED)
fanout1249/X                             20     21        (VIOLATED)
fanout1254/X                             20     21        (VIOLATED)
fanout1257/X                             20     21        (VIOLATED)
fanout1258/X                             20     21        (VIOLATED)
fanout1260/X                             20     21        (VIOLATED)
fanout1261/X                             20     21        (VIOLATED)
fanout1263/X                             20     21        (VIOLATED)
fanout1285/X                             20     21        (VIOLATED)
fanout1287/X                             20     21        (VIOLATED)
fanout1288/X                             20     21        (VIOLATED)
fanout1289/X                             20     21        (VIOLATED)
fanout1291/X                             20     21        (VIOLATED)
fanout1292/X                             20     21        (VIOLATED)
fanout1293/X                             20     21        (VIOLATED)
fanout1294/X                             20     21        (VIOLATED)
fanout1322/X                             20     21        (VIOLATED)
fanout1325/X                             20     21        (VIOLATED)
fanout1331/X                             20     21        (VIOLATED)
fanout1334/X                             20     21        (VIOLATED)
fanout1337/X                             20     21        (VIOLATED)
fanout1340/X                             20     21        (VIOLATED)
fanout1343/X                             20     21        (VIOLATED)
fanout1346/X                             20     21        (VIOLATED)
fanout1349/X                             20     21        (VIOLATED)
fanout1352/X                             20     21        (VIOLATED)
fanout1355/X                             20     21        (VIOLATED)
fanout1358/X                             20     21        (VIOLATED)
fanout1361/X                             20     21        (VIOLATED)
fanout1364/X                             20     21        (VIOLATED)
fanout1367/X                             20     21        (VIOLATED)
fanout1370/X                             20     21        (VIOLATED)
fanout1373/X                             20     21        (VIOLATED)
fanout1376/X                             20     21        (VIOLATED)
fanout1379/X                             20     21        (VIOLATED)
fanout1392/X                             20     21        (VIOLATED)
fanout1393/X                             20     21        (VIOLATED)
fanout1396/X                             20     21        (VIOLATED)
fanout636/X                              20     21        (VIOLATED)
fanout655/X                              20     21        (VIOLATED)
fanout671/X                              20     21        (VIOLATED)
fanout765/X                              20     21        (VIOLATED)
fanout769/X                              20     21        (VIOLATED)
fanout773/X                              20     21        (VIOLATED)
fanout786/X                              20     21        (VIOLATED)
fanout788/X                              20     21        (VIOLATED)
fanout789/X                              20     21        (VIOLATED)
fanout791/X                              20     21        (VIOLATED)
fanout812/X                              20     21        (VIOLATED)
fanout813/X                              20     21        (VIOLATED)

max capacitance

Pin                                        Limit         Cap       Slack
------------------------------------------------------------------------
wire933/X                               0.741587    1.646585   -0.904998 (VIOLATED)
wire942/X                               0.741587    1.575496   -0.833909 (VIOLATED)
_1535_/X                                0.729685    1.191913   -0.462228 (VIOLATED)
wire951/X                               0.363474    0.554119   -0.190645 (VIOLATED)
wire1035/X                              1.036387    1.195841   -0.159454 (VIOLATED)
_1582_/Y                                0.119944    0.171346   -0.051402 (VIOLATED)



===========================================================================
report_parasitic_annotation -report_unannotated
============================================================================
Found 217 unannotated drivers.
 analog_io[0]
 analog_io[10]
 analog_io[11]
 analog_io[12]
 analog_io[13]
 analog_io[14]
 analog_io[15]
 analog_io[16]
 analog_io[17]
 analog_io[18]
 analog_io[19]
 analog_io[1]
 analog_io[20]
 analog_io[21]
 analog_io[22]
 analog_io[23]
 analog_io[24]
 analog_io[25]
 analog_io[26]
 analog_io[27]
 analog_io[28]
 analog_io[29]
 analog_io[2]
 analog_io[30]
 analog_io[31]
 analog_io[32]
 analog_io[33]
 analog_io[34]
 analog_io[35]
 analog_io[36]
 analog_io[37]
 analog_io[38]
 analog_io[39]
 analog_io[3]
 analog_io[40]
 analog_io[41]
 analog_io[42]
 analog_io[43]
 analog_io[4]
 analog_io[5]
 analog_io[6]
 analog_io[7]
 analog_io[8]
 analog_io[9]
 analog_noesd_io[0]
 analog_noesd_io[10]
 analog_noesd_io[11]
 analog_noesd_io[12]
 analog_noesd_io[13]
 analog_noesd_io[14]
 analog_noesd_io[15]
 analog_noesd_io[16]
 analog_noesd_io[17]
 analog_noesd_io[18]
 analog_noesd_io[19]
 analog_noesd_io[1]
 analog_noesd_io[20]
 analog_noesd_io[21]
 analog_noesd_io[22]
 analog_noesd_io[23]
 analog_noesd_io[24]
 analog_noesd_io[25]
 analog_noesd_io[26]
 analog_noesd_io[27]
 analog_noesd_io[28]
 analog_noesd_io[29]
 analog_noesd_io[2]
 analog_noesd_io[30]
 analog_noesd_io[31]
 analog_noesd_io[32]
 analog_noesd_io[33]
 analog_noesd_io[34]
 analog_noesd_io[35]
 analog_noesd_io[36]
 analog_noesd_io[37]
 analog_noesd_io[38]
 analog_noesd_io[39]
 analog_noesd_io[3]
 analog_noesd_io[40]
 analog_noesd_io[41]
 analog_noesd_io[42]
 analog_noesd_io[43]
 analog_noesd_io[4]
 analog_noesd_io[5]
 analog_noesd_io[6]
 analog_noesd_io[7]
 analog_noesd_io[8]
 analog_noesd_io[9]
 gpio_in[14]
 gpio_in[29]
 gpio_in_h[0]
 gpio_in_h[10]
 gpio_in_h[11]
 gpio_in_h[12]
 gpio_in_h[13]
 gpio_in_h[14]
 gpio_in_h[15]
 gpio_in_h[16]
 gpio_in_h[17]
 gpio_in_h[18]
 gpio_in_h[19]
 gpio_in_h[1]
 gpio_in_h[20]
 gpio_in_h[21]
 gpio_in_h[22]
 gpio_in_h[23]
 gpio_in_h[24]
 gpio_in_h[25]
 gpio_in_h[26]
 gpio_in_h[27]
 gpio_in_h[28]
 gpio_in_h[29]
 gpio_in_h[2]
 gpio_in_h[30]
 gpio_in_h[31]
 gpio_in_h[32]
 gpio_in_h[33]
 gpio_in_h[34]
 gpio_in_h[35]
 gpio_in_h[36]
 gpio_in_h[37]
 gpio_in_h[38]
 gpio_in_h[39]
 gpio_in_h[3]
 gpio_in_h[40]
 gpio_in_h[41]
 gpio_in_h[42]
 gpio_in_h[43]
 gpio_in_h[4]
 gpio_in_h[5]
 gpio_in_h[6]
 gpio_in_h[7]
 gpio_in_h[8]
 gpio_in_h[9]
 gpio_loopback_one[0]
 gpio_loopback_zero[0]
 por_l
 porb_h
 porb_l
 resetb_h
 _4019__1452/LO
 clkload0/Y
 clkload1/Y
 clkload10/Y
 clkload11/X
 clkload12/Y
 clkload13/Y
 clkload14/Y
 clkload15/X
 clkload16/Y
 clkload17/Y
 clkload18/Y
 clkload19/Y
 clkload2/Y
 clkload20/Y
 clkload21/Y
 clkload22/Y
 clkload23/Y
 clkload24/Y
 clkload25/Y
 clkload26/Y
 clkload27/Y
 clkload28/Y
 clkload29/Y
 clkload3/Y
 clkload30/Y
 clkload31/Y
 clkload32/Y
 clkload33/X
 clkload34/Y
 clkload35/Y
 clkload36/Y
 clkload37/Y
 clkload38/Y
 clkload39/Y
 clkload4/Y
 clkload40/Y
 clkload41/Y
 clkload42/Y
 clkload43/Y
 clkload44/Y
 clkload45/Y
 clkload46/Y
 clkload47/Y
 clkload48/Y
 clkload49/Y
 clkload5/Y
 clkload50/Y
 clkload51/Y
 clkload52/Y
 clkload53/Y
 clkload54/Y
 clkload55/Y
 clkload56/Y
 clkload57/Y
 clkload58/Y
 clkload59/Y
 clkload6/Y
 clkload60/Y
 clkload61/Y
 clkload62/Y
 clkload7/Y
 clkload8/Y
 clkload9/Y
 openframe_project_wrapper_1440/HI
 openframe_project_wrapper_1441/HI
 openframe_project_wrapper_1442/HI
 openframe_project_wrapper_1443/HI
 openframe_project_wrapper_1444/HI
 openframe_project_wrapper_1445/HI
 openframe_project_wrapper_1446/HI
 openframe_project_wrapper_1447/HI
 openframe_project_wrapper_1448/HI
 openframe_project_wrapper_1449/HI
 openframe_project_wrapper_1450/HI
 openframe_project_wrapper_1451/HI
 openframe_project_wrapper_1453/LO
Found 0 partially unannotated drivers.

===========================================================================
max slew violation count 114
max fanout violation count 169
max cap violation count 6
============================================================================

===========================================================================
check_setup -verbose -unconstrained_endpoints -multiple_clock -no_clock -no_input_delay -loops -generated_clocks
===========================================================================
Warning: There are 300 input ports missing set_input_delay.
  analog_io[0]
  analog_io[10]
  analog_io[11]
  analog_io[12]
  analog_io[13]
  analog_io[14]
  analog_io[15]
  analog_io[16]
  analog_io[17]
  analog_io[18]
  analog_io[19]
  analog_io[1]
  analog_io[20]
  analog_io[21]
  analog_io[22]
  analog_io[23]
  analog_io[24]
  analog_io[25]
  analog_io[26]
  analog_io[27]
  analog_io[28]
  analog_io[29]
  analog_io[2]
  analog_io[30]
  analog_io[31]
  analog_io[32]
  analog_io[33]
  analog_io[34]
  analog_io[35]
  analog_io[36]
  analog_io[37]
  analog_io[38]
  analog_io[39]
  analog_io[3]
  analog_io[40]
  analog_io[41]
  analog_io[42]
  analog_io[43]
  analog_io[4]
  analog_io[5]
  analog_io[6]
  analog_io[7]
  analog_io[8]
  analog_io[9]
  analog_noesd_io[0]
  analog_noesd_io[10]
  analog_noesd_io[11]
  analog_noesd_io[12]
  analog_noesd_io[13]
  analog_noesd_io[14]
  analog_noesd_io[15]
  analog_noesd_io[16]
  analog_noesd_io[17]
  analog_noesd_io[18]
  analog_noesd_io[19]
  analog_noesd_io[1]
  analog_noesd_io[20]
  analog_noesd_io[21]
  analog_noesd_io[22]
  analog_noesd_io[23]
  analog_noesd_io[24]
  analog_noesd_io[25]
  analog_noesd_io[26]
  analog_noesd_io[27]
  analog_noesd_io[28]
  analog_noesd_io[29]
  analog_noesd_io[2]
  analog_noesd_io[30]
  analog_noesd_io[31]
  analog_noesd_io[32]
  analog_noesd_io[33]
  analog_noesd_io[34]
  analog_noesd_io[35]
  analog_noesd_io[36]
  analog_noesd_io[37]
  analog_noesd_io[38]
  analog_noesd_io[39]
  analog_noesd_io[3]
  analog_noesd_io[40]
  analog_noesd_io[41]
  analog_noesd_io[42]
  analog_noesd_io[43]
  analog_noesd_io[4]
  analog_noesd_io[5]
  analog_noesd_io[6]
  analog_noesd_io[7]
  analog_noesd_io[8]
  analog_noesd_io[9]
  gpio_in[0]
  gpio_in[10]
  gpio_in[11]
  gpio_in[12]
  gpio_in[13]
  gpio_in[14]
  gpio_in[15]
  gpio_in[16]
  gpio_in[17]
  gpio_in[18]
  gpio_in[19]
  gpio_in[1]
  gpio_in[20]
  gpio_in[21]
  gpio_in[22]
  gpio_in[23]
  gpio_in[24]
  gpio_in[25]
  gpio_in[26]
  gpio_in[27]
  gpio_in[28]
  gpio_in[29]
  gpio_in[2]
  gpio_in[30]
  gpio_in[31]
  gpio_in[32]
  gpio_in[33]
  gpio_in[34]
  gpio_in[35]
  gpio_in[36]
  gpio_in[37]
  gpio_in[39]
  gpio_in[3]
  gpio_in[40]
  gpio_in[41]
  gpio_in[42]
  gpio_in[43]
  gpio_in[4]
  gpio_in[5]
  gpio_in[6]
  gpio_in[7]
  gpio_in[8]
  gpio_in[9]
  gpio_in_h[0]
  gpio_in_h[10]
  gpio_in_h[11]
  gpio_in_h[12]
  gpio_in_h[13]
  gpio_in_h[14]
  gpio_in_h[15]
  gpio_in_h[16]
  gpio_in_h[17]
  gpio_in_h[18]
  gpio_in_h[19]
  gpio_in_h[1]
  gpio_in_h[20]
  gpio_in_h[21]
  gpio_in_h[22]
  gpio_in_h[23]
  gpio_in_h[24]
  gpio_in_h[25]
  gpio_in_h[26]
  gpio_in_h[27]
  gpio_in_h[28]
  gpio_in_h[29]
  gpio_in_h[2]
  gpio_in_h[30]
  gpio_in_h[31]
  gpio_in_h[32]
  gpio_in_h[33]
  gpio_in_h[34]
  gpio_in_h[35]
  gpio_in_h[36]
  gpio_in_h[37]
  gpio_in_h[38]
  gpio_in_h[39]
  gpio_in_h[3]
  gpio_in_h[40]
  gpio_in_h[41]
  gpio_in_h[42]
  gpio_in_h[43]
  gpio_in_h[4]
  gpio_in_h[5]
  gpio_in_h[6]
  gpio_in_h[7]
  gpio_in_h[8]
  gpio_in_h[9]
  gpio_loopback_one[0]
  gpio_loopback_one[10]
  gpio_loopback_one[11]
  gpio_loopback_one[12]
  gpio_loopback_one[13]
  gpio_loopback_one[14]
  gpio_loopback_one[15]
  gpio_loopback_one[16]
  gpio_loopback_one[17]
  gpio_loopback_one[18]
  gpio_loopback_one[19]
  gpio_loopback_one[1]
  gpio_loopback_one[20]
  gpio_loopback_one[21]
  gpio_loopback_one[22]
  gpio_loopback_one[23]
  gpio_loopback_one[24]
  gpio_loopback_one[25]
  gpio_loopback_one[26]
  gpio_loopback_one[27]
  gpio_loopback_one[28]
  gpio_loopback_one[29]
  gpio_loopback_one[2]
  gpio_loopback_one[30]
  gpio_loopback_one[31]
  gpio_loopback_one[32]
  gpio_loopback_one[33]
  gpio_loopback_one[34]
  gpio_loopback_one[35]
  gpio_loopback_one[36]
  gpio_loopback_one[37]
  gpio_loopback_one[38]
  gpio_loopback_one[39]
  gpio_loopback_one[3]
  gpio_loopback_one[40]
  gpio_loopback_one[41]
  gpio_loopback_one[42]
  gpio_loopback_one[43]
  gpio_loopback_one[4]
  gpio_loopback_one[5]
  gpio_loopback_one[6]
  gpio_loopback_one[7]
  gpio_loopback_one[8]
  gpio_loopback_one[9]
  gpio_loopback_zero[0]
  gpio_loopback_zero[10]
  gpio_loopback_zero[11]
  gpio_loopback_zero[12]
  gpio_loopback_zero[13]
  gpio_loopback_zero[14]
  gpio_loopback_zero[15]
  gpio_loopback_zero[16]
  gpio_loopback_zero[17]
  gpio_loopback_zero[18]
  gpio_loopback_zero[19]
  gpio_loopback_zero[1]
  gpio_loopback_zero[20]
  gpio_loopback_zero[21]
  gpio_loopback_zero[22]
  gpio_loopback_zero[23]
  gpio_loopback_zero[24]
  gpio_loopback_zero[25]
  gpio_loopback_zero[26]
  gpio_loopback_zero[27]
  gpio_loopback_zero[28]
  gpio_loopback_zero[29]
  gpio_loopback_zero[2]
  gpio_loopback_zero[30]
  gpio_loopback_zero[31]
  gpio_loopback_zero[32]
  gpio_loopback_zero[33]
  gpio_loopback_zero[34]
  gpio_loopback_zero[35]
  gpio_loopback_zero[36]
  gpio_loopback_zero[37]
  gpio_loopback_zero[38]
  gpio_loopback_zero[39]
  gpio_loopback_zero[3]
  gpio_loopback_zero[40]
  gpio_loopback_zero[41]
  gpio_loopback_zero[42]
  gpio_loopback_zero[43]
  gpio_loopback_zero[4]
  gpio_loopback_zero[5]
  gpio_loopback_zero[6]
  gpio_loopback_zero[7]
  gpio_loopback_zero[8]
  gpio_loopback_zero[9]
  mask_rev[0]
  mask_rev[10]
  mask_rev[11]
  mask_rev[12]
  mask_rev[13]
  mask_rev[14]
  mask_rev[15]
  mask_rev[16]
  mask_rev[17]
  mask_rev[18]
  mask_rev[19]
  mask_rev[1]
  mask_rev[20]
  mask_rev[21]
  mask_rev[22]
  mask_rev[23]
  mask_rev[24]
  mask_rev[25]
  mask_rev[26]
  mask_rev[27]
  mask_rev[28]
  mask_rev[29]
  mask_rev[2]
  mask_rev[30]
  mask_rev[31]
  mask_rev[3]
  mask_rev[4]
  mask_rev[5]
  mask_rev[6]
  mask_rev[7]
  mask_rev[8]
  mask_rev[9]
  por_l
  porb_h
  porb_l
  resetb_h
  resetb_l
Warning: There are 51 unclocked register/latch pins.
  _3207_/CLK
  _3208_/CLK
  _3209_/CLK
  _3210_/CLK
  _3211_/CLK
  _3212_/CLK
  _3213_/CLK
  _4025_/CLK
  _4026_/CLK
  _4027_/CLK
  _4028_/CLK
  _4029_/CLK
  _4030_/CLK
  _4031_/CLK
  _4032_/CLK
  _4033_/CLK
  _4034_/CLK
  _4035_/CLK
  _4036_/CLK
  _4037_/CLK
  _4038_/CLK
  _4039_/CLK
  _4040_/CLK
  _4041_/CLK
  _4042_/CLK
  _4043_/CLK
  _4044_/CLK
  _4045_/CLK
  _4046_/CLK
  _4047_/CLK
  _4048_/CLK
  _4049_/CLK
  _4050_/CLK
  _4051_/CLK
  _4052_/CLK
  _4053_/CLK
  _4054_/CLK
  _4055_/CLK
  _4056_/CLK
  _4057_/CLK
  _4058_/CLK
  _4059_/CLK
  _4060_/CLK
  _4061_/CLK
  _4062_/CLK
  _4063_/CLK
  _4064_/CLK
  _4065_/CLK
  _4066_/CLK
  _4067_/CLK
  _4068_/CLK
Warning: There are 717 unconstrained endpoints.
  analog_io[0]
  analog_io[10]
  analog_io[11]
  analog_io[12]
  analog_io[13]
  analog_io[14]
  analog_io[15]
  analog_io[16]
  analog_io[17]
  analog_io[18]
  analog_io[19]
  analog_io[1]
  analog_io[20]
  analog_io[21]
  analog_io[22]
  analog_io[23]
  analog_io[24]
  analog_io[25]
  analog_io[26]
  analog_io[27]
  analog_io[28]
  analog_io[29]
  analog_io[2]
  analog_io[30]
  analog_io[31]
  analog_io[32]
  analog_io[33]
  analog_io[34]
  analog_io[35]
  analog_io[36]
  analog_io[37]
  analog_io[38]
  analog_io[39]
  analog_io[3]
  analog_io[40]
  analog_io[41]
  analog_io[42]
  analog_io[43]
  analog_io[4]
  analog_io[5]
  analog_io[6]
  analog_io[7]
  analog_io[8]
  analog_io[9]
  analog_noesd_io[0]
  analog_noesd_io[10]
  analog_noesd_io[11]
  analog_noesd_io[12]
  analog_noesd_io[13]
  analog_noesd_io[14]
  analog_noesd_io[15]
  analog_noesd_io[16]
  analog_noesd_io[17]
  analog_noesd_io[18]
  analog_noesd_io[19]
  analog_noesd_io[1]
  analog_noesd_io[20]
  analog_noesd_io[21]
  analog_noesd_io[22]
  analog_noesd_io[23]
  analog_noesd_io[24]
  analog_noesd_io[25]
  analog_noesd_io[26]
  analog_noesd_io[27]
  analog_noesd_io[28]
  analog_noesd_io[29]
  analog_noesd_io[2]
  analog_noesd_io[30]
  analog_noesd_io[31]
  analog_noesd_io[32]
  analog_noesd_io[33]
  analog_noesd_io[34]
  analog_noesd_io[35]
  analog_noesd_io[36]
  analog_noesd_io[37]
  analog_noesd_io[38]
  analog_noesd_io[39]
  analog_noesd_io[3]
  analog_noesd_io[40]
  analog_noesd_io[41]
  analog_noesd_io[42]
  analog_noesd_io[43]
  analog_noesd_io[4]
  analog_noesd_io[5]
  analog_noesd_io[6]
  analog_noesd_io[7]
  analog_noesd_io[8]
  analog_noesd_io[9]
  gpio_analog_en[0]
  gpio_analog_en[10]
  gpio_analog_en[11]
  gpio_analog_en[12]
  gpio_analog_en[13]
  gpio_analog_en[14]
  gpio_analog_en[15]
  gpio_analog_en[16]
  gpio_analog_en[17]
  gpio_analog_en[18]
  gpio_analog_en[19]
  gpio_analog_en[1]
  gpio_analog_en[20]
  gpio_analog_en[21]
  gpio_analog_en[22]
  gpio_analog_en[23]
  gpio_analog_en[24]
  gpio_analog_en[25]
  gpio_analog_en[26]
  gpio_analog_en[27]
  gpio_analog_en[28]
  gpio_analog_en[29]
  gpio_analog_en[2]
  gpio_analog_en[30]
  gpio_analog_en[31]
  gpio_analog_en[32]
  gpio_analog_en[33]
  gpio_analog_en[34]
  gpio_analog_en[35]
  gpio_analog_en[36]
  gpio_analog_en[37]
  gpio_analog_en[38]
  gpio_analog_en[39]
  gpio_analog_en[3]
  gpio_analog_en[40]
  gpio_analog_en[41]
  gpio_analog_en[42]
  gpio_analog_en[43]
  gpio_analog_en[4]
  gpio_analog_en[5]
  gpio_analog_en[6]
  gpio_analog_en[7]
  gpio_analog_en[8]
  gpio_analog_en[9]
  gpio_analog_pol[0]
  gpio_analog_pol[10]
  gpio_analog_pol[11]
  gpio_analog_pol[12]
  gpio_analog_pol[13]
  gpio_analog_pol[14]
  gpio_analog_pol[15]
  gpio_analog_pol[16]
  gpio_analog_pol[17]
  gpio_analog_pol[18]
  gpio_analog_pol[19]
  gpio_analog_pol[1]
  gpio_analog_pol[20]
  gpio_analog_pol[21]
  gpio_analog_pol[22]
  gpio_analog_pol[23]
  gpio_analog_pol[24]
  gpio_analog_pol[25]
  gpio_analog_pol[26]
  gpio_analog_pol[27]
  gpio_analog_pol[28]
  gpio_analog_pol[29]
  gpio_analog_pol[2]
  gpio_analog_pol[30]
  gpio_analog_pol[31]
  gpio_analog_pol[32]
  gpio_analog_pol[33]
  gpio_analog_pol[34]
  gpio_analog_pol[35]
  gpio_analog_pol[36]
  gpio_analog_pol[37]
  gpio_analog_pol[38]
  gpio_analog_pol[39]
  gpio_analog_pol[3]
  gpio_analog_pol[40]
  gpio_analog_pol[41]
  gpio_analog_pol[42]
  gpio_analog_pol[43]
  gpio_analog_pol[4]
  gpio_analog_pol[5]
  gpio_analog_pol[6]
  gpio_analog_pol[7]
  gpio_analog_pol[8]
  gpio_analog_pol[9]
  gpio_analog_sel[0]
  gpio_analog_sel[10]
  gpio_analog_sel[11]
  gpio_analog_sel[12]
  gpio_analog_sel[13]
  gpio_analog_sel[14]
  gpio_analog_sel[15]
  gpio_analog_sel[16]
  gpio_analog_sel[17]
  gpio_analog_sel[18]
  gpio_analog_sel[19]
  gpio_analog_sel[1]
  gpio_analog_sel[20]
  gpio_analog_sel[21]
  gpio_analog_sel[22]
  gpio_analog_sel[23]
  gpio_analog_sel[24]
  gpio_analog_sel[25]
  gpio_analog_sel[26]
  gpio_analog_sel[27]
  gpio_analog_sel[28]
  gpio_analog_sel[29]
  gpio_analog_sel[2]
  gpio_analog_sel[30]
  gpio_analog_sel[31]
  gpio_analog_sel[32]
  gpio_analog_sel[33]
  gpio_analog_sel[34]
  gpio_analog_sel[35]
  gpio_analog_sel[36]
  gpio_analog_sel[37]
  gpio_analog_sel[38]
  gpio_analog_sel[39]
  gpio_analog_sel[3]
  gpio_analog_sel[40]
  gpio_analog_sel[41]
  gpio_analog_sel[42]
  gpio_analog_sel[43]
  gpio_analog_sel[4]
  gpio_analog_sel[5]
  gpio_analog_sel[6]
  gpio_analog_sel[7]
  gpio_analog_sel[8]
  gpio_analog_sel[9]
  gpio_dm0[0]
  gpio_dm0[10]
  gpio_dm0[11]
  gpio_dm0[12]
  gpio_dm0[13]
  gpio_dm0[14]
  gpio_dm0[15]
  gpio_dm0[16]
  gpio_dm0[17]
  gpio_dm0[18]
  gpio_dm0[19]
  gpio_dm0[1]
  gpio_dm0[20]
  gpio_dm0[21]
  gpio_dm0[22]
  gpio_dm0[23]
  gpio_dm0[24]
  gpio_dm0[25]
  gpio_dm0[26]
  gpio_dm0[27]
  gpio_dm0[28]
  gpio_dm0[29]
  gpio_dm0[2]
  gpio_dm0[30]
  gpio_dm0[31]
  gpio_dm0[32]
  gpio_dm0[33]
  gpio_dm0[34]
  gpio_dm0[35]
  gpio_dm0[36]
  gpio_dm0[37]
  gpio_dm0[38]
  gpio_dm0[39]
  gpio_dm0[3]
  gpio_dm0[40]
  gpio_dm0[41]
  gpio_dm0[42]
  gpio_dm0[43]
  gpio_dm0[4]
  gpio_dm0[5]
  gpio_dm0[6]
  gpio_dm0[7]
  gpio_dm0[8]
  gpio_dm0[9]
  gpio_dm1[0]
  gpio_dm1[10]
  gpio_dm1[11]
  gpio_dm1[12]
  gpio_dm1[13]
  gpio_dm1[14]
  gpio_dm1[15]
  gpio_dm1[16]
  gpio_dm1[17]
  gpio_dm1[18]
  gpio_dm1[19]
  gpio_dm1[1]
  gpio_dm1[20]
  gpio_dm1[21]
  gpio_dm1[22]
  gpio_dm1[23]
  gpio_dm1[24]
  gpio_dm1[25]
  gpio_dm1[26]
  gpio_dm1[27]
  gpio_dm1[28]
  gpio_dm1[29]
  gpio_dm1[2]
  gpio_dm1[30]
  gpio_dm1[31]
  gpio_dm1[32]
  gpio_dm1[33]
  gpio_dm1[34]
  gpio_dm1[35]
  gpio_dm1[36]
  gpio_dm1[37]
  gpio_dm1[38]
  gpio_dm1[39]
  gpio_dm1[3]
  gpio_dm1[40]
  gpio_dm1[41]
  gpio_dm1[42]
  gpio_dm1[43]
  gpio_dm1[4]
  gpio_dm1[5]
  gpio_dm1[6]
  gpio_dm1[7]
  gpio_dm1[8]
  gpio_dm1[9]
  gpio_dm2[0]
  gpio_dm2[10]
  gpio_dm2[11]
  gpio_dm2[12]
  gpio_dm2[13]
  gpio_dm2[14]
  gpio_dm2[15]
  gpio_dm2[16]
  gpio_dm2[17]
  gpio_dm2[18]
  gpio_dm2[19]
  gpio_dm2[1]
  gpio_dm2[20]
  gpio_dm2[21]
  gpio_dm2[22]
  gpio_dm2[23]
  gpio_dm2[24]
  gpio_dm2[25]
  gpio_dm2[26]
  gpio_dm2[27]
  gpio_dm2[28]
  gpio_dm2[29]
  gpio_dm2[2]
  gpio_dm2[30]
  gpio_dm2[31]
  gpio_dm2[32]
  gpio_dm2[33]
  gpio_dm2[34]
  gpio_dm2[35]
  gpio_dm2[36]
  gpio_dm2[37]
  gpio_dm2[38]
  gpio_dm2[39]
  gpio_dm2[3]
  gpio_dm2[40]
  gpio_dm2[41]
  gpio_dm2[42]
  gpio_dm2[43]
  gpio_dm2[4]
  gpio_dm2[5]
  gpio_dm2[6]
  gpio_dm2[7]
  gpio_dm2[8]
  gpio_dm2[9]
  gpio_holdover[0]
  gpio_holdover[10]
  gpio_holdover[11]
  gpio_holdover[12]
  gpio_holdover[13]
  gpio_holdover[14]
  gpio_holdover[15]
  gpio_holdover[16]
  gpio_holdover[17]
  gpio_holdover[18]
  gpio_holdover[19]
  gpio_holdover[1]
  gpio_holdover[20]
  gpio_holdover[21]
  gpio_holdover[22]
  gpio_holdover[23]
  gpio_holdover[24]
  gpio_holdover[25]
  gpio_holdover[26]
  gpio_holdover[27]
  gpio_holdover[28]
  gpio_holdover[29]
  gpio_holdover[2]
  gpio_holdover[30]
  gpio_holdover[31]
  gpio_holdover[32]
  gpio_holdover[33]
  gpio_holdover[34]
  gpio_holdover[35]
  gpio_holdover[36]
  gpio_holdover[37]
  gpio_holdover[38]
  gpio_holdover[39]
  gpio_holdover[3]
  gpio_holdover[40]
  gpio_holdover[41]
  gpio_holdover[42]
  gpio_holdover[43]
  gpio_holdover[4]
  gpio_holdover[5]
  gpio_holdover[6]
  gpio_holdover[7]
  gpio_holdover[8]
  gpio_holdover[9]
  gpio_ib_mode_sel[0]
  gpio_ib_mode_sel[10]
  gpio_ib_mode_sel[11]
  gpio_ib_mode_sel[12]
  gpio_ib_mode_sel[13]
  gpio_ib_mode_sel[14]
  gpio_ib_mode_sel[15]
  gpio_ib_mode_sel[16]
  gpio_ib_mode_sel[17]
  gpio_ib_mode_sel[18]
  gpio_ib_mode_sel[19]
  gpio_ib_mode_sel[1]
  gpio_ib_mode_sel[20]
  gpio_ib_mode_sel[21]
  gpio_ib_mode_sel[22]
  gpio_ib_mode_sel[23]
  gpio_ib_mode_sel[24]
  gpio_ib_mode_sel[25]
  gpio_ib_mode_sel[26]
  gpio_ib_mode_sel[27]
  gpio_ib_mode_sel[28]
  gpio_ib_mode_sel[29]
  gpio_ib_mode_sel[2]
  gpio_ib_mode_sel[30]
  gpio_ib_mode_sel[31]
  gpio_ib_mode_sel[32]
  gpio_ib_mode_sel[33]
  gpio_ib_mode_sel[34]
  gpio_ib_mode_sel[35]
  gpio_ib_mode_sel[36]
  gpio_ib_mode_sel[37]
  gpio_ib_mode_sel[38]
  gpio_ib_mode_sel[39]
  gpio_ib_mode_sel[3]
  gpio_ib_mode_sel[40]
  gpio_ib_mode_sel[41]
  gpio_ib_mode_sel[42]
  gpio_ib_mode_sel[43]
  gpio_ib_mode_sel[4]
  gpio_ib_mode_sel[5]
  gpio_ib_mode_sel[6]
  gpio_ib_mode_sel[7]
  gpio_ib_mode_sel[8]
  gpio_ib_mode_sel[9]
  gpio_inp_dis[0]
  gpio_inp_dis[10]
  gpio_inp_dis[11]
  gpio_inp_dis[12]
  gpio_inp_dis[13]
  gpio_inp_dis[14]
  gpio_inp_dis[15]
  gpio_inp_dis[16]
  gpio_inp_dis[17]
  gpio_inp_dis[18]
  gpio_inp_dis[19]
  gpio_inp_dis[1]
  gpio_inp_dis[20]
  gpio_inp_dis[21]
  gpio_inp_dis[22]
  gpio_inp_dis[23]
  gpio_inp_dis[24]
  gpio_inp_dis[25]
  gpio_inp_dis[26]
  gpio_inp_dis[27]
  gpio_inp_dis[28]
  gpio_inp_dis[29]
  gpio_inp_dis[2]
  gpio_inp_dis[30]
  gpio_inp_dis[31]
  gpio_inp_dis[32]
  gpio_inp_dis[33]
  gpio_inp_dis[34]
  gpio_inp_dis[35]
  gpio_inp_dis[36]
  gpio_inp_dis[37]
  gpio_inp_dis[38]
  gpio_inp_dis[39]
  gpio_inp_dis[3]
  gpio_inp_dis[40]
  gpio_inp_dis[41]
  gpio_inp_dis[42]
  gpio_inp_dis[43]
  gpio_inp_dis[4]
  gpio_inp_dis[5]
  gpio_inp_dis[6]
  gpio_inp_dis[7]
  gpio_inp_dis[8]
  gpio_inp_dis[9]
  gpio_oeb[0]
  gpio_oeb[10]
  gpio_oeb[11]
  gpio_oeb[12]
  gpio_oeb[13]
  gpio_oeb[14]
  gpio_oeb[15]
  gpio_oeb[16]
  gpio_oeb[17]
  gpio_oeb[18]
  gpio_oeb[19]
  gpio_oeb[1]
  gpio_oeb[20]
  gpio_oeb[21]
  gpio_oeb[22]
  gpio_oeb[23]
  gpio_oeb[24]
  gpio_oeb[25]
  gpio_oeb[26]
  gpio_oeb[27]
  gpio_oeb[28]
  gpio_oeb[29]
  gpio_oeb[2]
  gpio_oeb[30]
  gpio_oeb[31]
  gpio_oeb[32]
  gpio_oeb[33]
  gpio_oeb[34]
  gpio_oeb[35]
  gpio_oeb[36]
  gpio_oeb[37]
  gpio_oeb[38]
  gpio_oeb[39]
  gpio_oeb[3]
  gpio_oeb[40]
  gpio_oeb[41]
  gpio_oeb[42]
  gpio_oeb[43]
  gpio_oeb[4]
  gpio_oeb[5]
  gpio_oeb[6]
  gpio_oeb[7]
  gpio_oeb[8]
  gpio_oeb[9]
  gpio_out[0]
  gpio_out[10]
  gpio_out[11]
  gpio_out[12]
  gpio_out[13]
  gpio_out[14]
  gpio_out[15]
  gpio_out[16]
  gpio_out[17]
  gpio_out[18]
  gpio_out[19]
  gpio_out[1]
  gpio_out[20]
  gpio_out[21]
  gpio_out[22]
  gpio_out[23]
  gpio_out[24]
  gpio_out[25]
  gpio_out[26]
  gpio_out[27]
  gpio_out[28]
  gpio_out[29]
  gpio_out[2]
  gpio_out[30]
  gpio_out[31]
  gpio_out[32]
  gpio_out[33]
  gpio_out[34]
  gpio_out[35]
  gpio_out[36]
  gpio_out[37]
  gpio_out[38]
  gpio_out[39]
  gpio_out[3]
  gpio_out[40]
  gpio_out[41]
  gpio_out[42]
  gpio_out[43]
  gpio_out[4]
  gpio_out[5]
  gpio_out[6]
  gpio_out[7]
  gpio_out[8]
  gpio_out[9]
  gpio_slow_sel[0]
  gpio_slow_sel[10]
  gpio_slow_sel[11]
  gpio_slow_sel[12]
  gpio_slow_sel[13]
  gpio_slow_sel[14]
  gpio_slow_sel[15]
  gpio_slow_sel[16]
  gpio_slow_sel[17]
  gpio_slow_sel[18]
  gpio_slow_sel[19]
  gpio_slow_sel[1]
  gpio_slow_sel[20]
  gpio_slow_sel[21]
  gpio_slow_sel[22]
  gpio_slow_sel[23]
  gpio_slow_sel[24]
  gpio_slow_sel[25]
  gpio_slow_sel[26]
  gpio_slow_sel[27]
  gpio_slow_sel[28]
  gpio_slow_sel[29]
  gpio_slow_sel[2]
  gpio_slow_sel[30]
  gpio_slow_sel[31]
  gpio_slow_sel[32]
  gpio_slow_sel[33]
  gpio_slow_sel[34]
  gpio_slow_sel[35]
  gpio_slow_sel[36]
  gpio_slow_sel[37]
  gpio_slow_sel[38]
  gpio_slow_sel[39]
  gpio_slow_sel[3]
  gpio_slow_sel[40]
  gpio_slow_sel[41]
  gpio_slow_sel[42]
  gpio_slow_sel[43]
  gpio_slow_sel[4]
  gpio_slow_sel[5]
  gpio_slow_sel[6]
  gpio_slow_sel[7]
  gpio_slow_sel[8]
  gpio_slow_sel[9]
  gpio_vtrip_sel[0]
  gpio_vtrip_sel[10]
  gpio_vtrip_sel[11]
  gpio_vtrip_sel[12]
  gpio_vtrip_sel[13]
  gpio_vtrip_sel[14]
  gpio_vtrip_sel[15]
  gpio_vtrip_sel[16]
  gpio_vtrip_sel[17]
  gpio_vtrip_sel[18]
  gpio_vtrip_sel[19]
  gpio_vtrip_sel[1]
  gpio_vtrip_sel[20]
  gpio_vtrip_sel[21]
  gpio_vtrip_sel[22]
  gpio_vtrip_sel[23]
  gpio_vtrip_sel[24]
  gpio_vtrip_sel[25]
  gpio_vtrip_sel[26]
  gpio_vtrip_sel[27]
  gpio_vtrip_sel[28]
  gpio_vtrip_sel[29]
  gpio_vtrip_sel[2]
  gpio_vtrip_sel[30]
  gpio_vtrip_sel[31]
  gpio_vtrip_sel[32]
  gpio_vtrip_sel[33]
  gpio_vtrip_sel[34]
  gpio_vtrip_sel[35]
  gpio_vtrip_sel[36]
  gpio_vtrip_sel[37]
  gpio_vtrip_sel[38]
  gpio_vtrip_sel[39]
  gpio_vtrip_sel[3]
  gpio_vtrip_sel[40]
  gpio_vtrip_sel[41]
  gpio_vtrip_sel[42]
  gpio_vtrip_sel[43]
  gpio_vtrip_sel[4]
  gpio_vtrip_sel[5]
  gpio_vtrip_sel[6]
  gpio_vtrip_sel[7]
  gpio_vtrip_sel[8]
  gpio_vtrip_sel[9]
  _3207_/D
  _3208_/D
  _3209_/D
  _3210_/D
  _3211_/D
  _3212_/D
  _3213_/D
  _4013_/D
  _4014_/D
  _4015_/D
  _4019_/D
  _4021_/D
  _4022_/D
  _4025_/D
  _4026_/D
  _4027_/D
  _4028_/D
  _4029_/D
  _4030_/D
  _4031_/D
  _4032_/D
  _4033_/D
  _4034_/D
  _4035_/D
  _4036_/D
  _4037_/D
  _4038_/D
  _4039_/D
  _4040_/D
  _4041_/D
  _4042_/D
  _4043_/D
  _4044_/D
  _4045_/D
  _4046_/D
  _4047_/D
  _4048_/D
  _4049_/D
  _4050_/D
  _4051_/D
  _4052_/D
  _4053_/D
  _4054_/D
  _4055_/D
  _4056_/D
  _4057_/D
  _4058_/D
  _4059_/D
  _4060_/D
  _4061_/D
  _4062_/D
  _4063_/D
  _4064_/D
  _4065_/D
  _4066_/D
  _4067_/D
  _4068_/D
Warning: There is 1 combinational loop in the design.
  fanout1113/A
  fanout1113/X
  u_owire.u_ip.osc_i0/A
  u_owire.u_ip.osc_i0/Y
  u_owire.u_ip.osc_i1/A
  u_owire.u_ip.osc_i1/Y
  u_owire.u_ip.osc_i2/A
  u_owire.u_ip.osc_i2/Y
  fanout1115/A
  fanout1115/X
  | loop cut point
  fanout1113/A
  --------------------------------
