
===========================================================================
report_checks -unconstrained
===========================================================================
======================= nom_ff_n40C_1v95 Corner ===================================

Startpoint: _4021_ (rising edge-triggered flip-flop clocked by clk)
Endpoint: _3668_ (recovery check against rising-edge clock clk)
Path Group: asynchronous
Path Type: max

Fanout         Cap        Slew       Delay        Time   Description
---------------------------------------------------------------------------------------------
                                  0.000000    0.000000   clock clk (rise edge)
                                  0.000000    0.000000   clock source latency
     5    0.312344    1.190000    0.000000    0.000000 ^ gpio_in[38] (in)
                                                         gpio_in[38] (net)
                      1.839831    0.341161    0.341161 ^ clkbuf_0_gpio_in[38]/A (sky130_fd_sc_hd__clkbuf_16)
     5    0.095061    0.120593    0.155579    0.496740 ^ clkbuf_0_gpio_in[38]/X (sky130_fd_sc_hd__clkbuf_16)
                                                         clknet_0_gpio_in[38] (net)
                      0.128117    0.024336    0.521076 ^ clkbuf_1_1_0_gpio_in[38]/A (sky130_fd_sc_hd__clkbuf_8)
     3    0.292696    0.378787    0.332981    0.854058 ^ clkbuf_1_1_0_gpio_in[38]/X (sky130_fd_sc_hd__clkbuf_8)
                                                         clknet_1_1_0_gpio_in[38] (net)
                      0.410779    0.089808    0.943866 ^ clkbuf_1_1_1_gpio_in[38]/A (sky130_fd_sc_hd__clkbuf_8)
     5    0.069089    0.103241    0.188577    1.132443 ^ clkbuf_1_1_1_gpio_in[38]/X (sky130_fd_sc_hd__clkbuf_8)
                                                         clknet_1_1_1_gpio_in[38] (net)
                      0.107095    0.016362    1.148805 ^ clkbuf_2_2_0_gpio_in[38]/A (sky130_fd_sc_hd__clkbuf_8)
     5    0.069864    0.099397    0.150550    1.299355 ^ clkbuf_2_2_0_gpio_in[38]/X (sky130_fd_sc_hd__clkbuf_8)
                                                         clknet_2_2_0_gpio_in[38] (net)
                      0.105282    0.019608    1.318963 ^ clkbuf_3_4_0_gpio_in[38]/A (sky130_fd_sc_hd__clkbuf_8)
     3    0.098697    0.133636    0.184942    1.503904 ^ clkbuf_3_4_0_gpio_in[38]/X (sky130_fd_sc_hd__clkbuf_8)
                                                         clknet_3_4_0_gpio_in[38] (net)
                      0.134148    0.007036    1.510940 ^ clkbuf_3_4_1_gpio_in[38]/A (sky130_fd_sc_hd__clkbuf_8)
    33    0.327660    0.411039    0.332184    1.843123 ^ clkbuf_3_4_1_gpio_in[38]/X (sky130_fd_sc_hd__clkbuf_8)
                                                         clknet_3_4_1_gpio_in[38] (net)
                      0.412445    0.022948    1.866072 ^ clkbuf_leaf_35_gpio_in[38]/A (sky130_fd_sc_hd__clkbuf_8)
    12    0.053395    0.083552    0.180985    2.047056 ^ clkbuf_leaf_35_gpio_in[38]/X (sky130_fd_sc_hd__clkbuf_8)
                                                         clknet_leaf_35_gpio_in[38] (net)
                      0.083568    0.001215    2.048272 ^ _4021_/CLK (sky130_fd_sc_hd__dfxtp_4)
     7    0.061931    0.073719    0.284322    2.332593 v _4021_/Q (sky130_fd_sc_hd__dfxtp_4)
                                                         u_chip_core.fpga_select_sync[1] (net)
                      0.074944    0.007802    2.340396 v _1483_/A (sky130_fd_sc_hd__nor2_4)
     9    0.116586    0.513012    0.421449    2.761845 ^ _1483_/Y (sky130_fd_sc_hd__nor2_4)
                                                         _0868_ (net)
                      0.513028    0.002589    2.764434 ^ max_cap1304/A (sky130_fd_sc_hd__buf_6)
     1    0.026006    0.053344    0.095962    2.860396 ^ max_cap1304/X (sky130_fd_sc_hd__buf_6)
                                                         net1304 (net)
                      0.053531    0.002527    2.862924 ^ wire1302/A (sky130_fd_sc_hd__buf_8)
     3    0.500247    0.222141    0.141051    3.003974 ^ wire1302/X (sky130_fd_sc_hd__buf_8)
                                                         net1302 (net)
                      1.649266    0.856089    3.860064 ^ wire1301/A (sky130_fd_sc_hd__buf_12)
     3    0.460799    0.182067    0.067641    3.927705 ^ wire1301/X (sky130_fd_sc_hd__buf_12)
                                                         net1301 (net)
                      1.165932    0.598569    4.526274 ^ wire1300/A (sky130_fd_sc_hd__buf_12)
     1    0.019966    0.048865    0.018343    4.544617 ^ wire1300/X (sky130_fd_sc_hd__buf_12)
                                                         net1300 (net)
                      0.048878    0.001576    4.546193 ^ fanout1299/A (sky130_fd_sc_hd__buf_12)
    11    0.505084    0.140567    0.129457    4.675649 ^ fanout1299/X (sky130_fd_sc_hd__buf_12)
                                                         net1299 (net)
                      1.295742    0.675157    5.350806 ^ _1484_/B (sky130_fd_sc_hd__and2_4)
     5    0.089446    0.201377    0.208396    5.559202 ^ _1484_/X (sky130_fd_sc_hd__and2_4)
                                                         u_chip_core.fabric_config_large.rst_ni (net)
                      0.201402    0.002085    5.561286 ^ max_cap1130/A (sky130_fd_sc_hd__buf_8)
     3    0.129325    0.158356    0.159399    5.720685 ^ max_cap1130/X (sky130_fd_sc_hd__buf_8)
                                                         net1130 (net)
                      0.179956    0.046617    5.767302 ^ fanout1126/A (sky130_fd_sc_hd__buf_12)
    19    0.675795    0.191063    0.181217    5.948519 ^ fanout1126/X (sky130_fd_sc_hd__buf_12)
                                                         net1126 (net)
                      0.193306    0.012623    5.961142 ^ fanout1125/A (sky130_fd_sc_hd__buf_8)
    11    0.178916    0.214186    0.185367    6.146509 ^ fanout1125/X (sky130_fd_sc_hd__buf_8)
                                                         net1125 (net)
                      0.248273    0.067701    6.214210 ^ fanout1121/A (sky130_fd_sc_hd__buf_8)
    15    0.278477    0.312046    0.216884    6.431095 ^ fanout1121/X (sky130_fd_sc_hd__buf_8)
                                                         net1121 (net)
                      0.322550    0.046859    6.477953 ^ fanout1120/A (sky130_fd_sc_hd__buf_8)
    21    0.245833    0.288022    0.212946    6.690899 ^ fanout1120/X (sky130_fd_sc_hd__buf_8)
                                                         net1120 (net)
                      0.307490    0.059009    6.749908 ^ _3668_/RESET_B (sky130_fd_sc_hd__dfrtp_4)
                                              6.749908   data arrival time

                                 40.000000   40.000000   clock clk (rise edge)
                                  0.000000   40.000000   clock source latency
     5    0.312344    1.000000    0.000000   40.000000 ^ gpio_in[38] (in)
                                                         gpio_in[38] (net)
                      1.649831    0.308670   40.308670 ^ clkbuf_0_gpio_in[38]/A (sky130_fd_sc_hd__clkbuf_16)
     5    0.095061    0.116861    0.145324   40.453995 ^ clkbuf_0_gpio_in[38]/X (sky130_fd_sc_hd__clkbuf_16)
                                                         clknet_0_gpio_in[38] (net)
                      0.118381    0.009660   40.463654 ^ clkbuf_1_0_0_gpio_in[38]/A (sky130_fd_sc_hd__clkbuf_8)
     3    0.030591    0.050532    0.115008   40.578663 ^ clkbuf_1_0_0_gpio_in[38]/X (sky130_fd_sc_hd__clkbuf_8)
                                                         clknet_1_0_0_gpio_in[38] (net)
                      0.051075    0.003840   40.582504 ^ clkbuf_1_0_1_gpio_in[38]/A (sky130_fd_sc_hd__clkbuf_8)
     5    0.080696    0.112758    0.131102   40.713608 ^ clkbuf_1_0_1_gpio_in[38]/X (sky130_fd_sc_hd__clkbuf_8)
                                                         clknet_1_0_1_gpio_in[38] (net)
                      0.118463    0.018758   40.732365 ^ clkbuf_2_0_0_gpio_in[38]/A (sky130_fd_sc_hd__clkbuf_8)
     5    0.064210    0.092114    0.137504   40.869869 ^ clkbuf_2_0_0_gpio_in[38]/X (sky130_fd_sc_hd__clkbuf_8)
                                                         clknet_2_0_0_gpio_in[38] (net)
                      0.096692    0.015120   40.884991 ^ clkbuf_3_1_0_gpio_in[38]/A (sky130_fd_sc_hd__clkbuf_8)
     3    0.083358    0.116214    0.144500   41.029488 ^ clkbuf_3_1_0_gpio_in[38]/X (sky130_fd_sc_hd__clkbuf_8)
                                                         clknet_3_1_0_gpio_in[38] (net)
                      0.122735    0.020322   41.049809 ^ clkbuf_3_1_1_gpio_in[38]/A (sky130_fd_sc_hd__clkbuf_8)
    31    0.261457    0.340559    0.289326   41.339134 ^ clkbuf_3_1_1_gpio_in[38]/X (sky130_fd_sc_hd__clkbuf_8)
                                                         clknet_3_1_1_gpio_in[38] (net)
                      0.340822    0.007734   41.346870 ^ _3668_/CLK (sky130_fd_sc_hd__dfrtp_4)
                                 -0.100000   41.246872   clock uncertainty
                                  0.042747   41.289619   clock reconvergence pessimism
                                  0.095591   41.385212   library recovery time
                                             41.385212   data required time
---------------------------------------------------------------------------------------------
                                             41.385212   data required time
                                             -6.749908   data arrival time
---------------------------------------------------------------------------------------------
                                             34.635303   slack (MET)


Startpoint: _4017_ (rising edge-triggered flip-flop clocked by clk)
Endpoint: _3203_ (rising edge-triggered flip-flop clocked by clk)
Path Group: clk
Path Type: max

Fanout         Cap        Slew       Delay        Time   Description
---------------------------------------------------------------------------------------------
                                  0.000000    0.000000   clock clk (rise edge)
                                  0.000000    0.000000   clock source latency
     5    0.312344    1.190000    0.000000    0.000000 ^ gpio_in[38] (in)
                                                         gpio_in[38] (net)
                      1.839831    0.341161    0.341161 ^ clkbuf_0_gpio_in[38]/A (sky130_fd_sc_hd__clkbuf_16)
     5    0.095061    0.120593    0.155579    0.496740 ^ clkbuf_0_gpio_in[38]/X (sky130_fd_sc_hd__clkbuf_16)
                                                         clknet_0_gpio_in[38] (net)
                      0.122062    0.010684    0.507424 ^ clkbuf_1_0_0_gpio_in[38]/A (sky130_fd_sc_hd__clkbuf_8)
     3    0.030591    0.050572    0.128166    0.635590 ^ clkbuf_1_0_0_gpio_in[38]/X (sky130_fd_sc_hd__clkbuf_8)
                                                         clknet_1_0_0_gpio_in[38] (net)
                      0.051115    0.004243    0.639833 ^ clkbuf_1_0_1_gpio_in[38]/A (sky130_fd_sc_hd__clkbuf_8)
     5    0.080696    0.112758    0.144915    0.784748 ^ clkbuf_1_0_1_gpio_in[38]/X (sky130_fd_sc_hd__clkbuf_8)
                                                         clknet_1_0_1_gpio_in[38] (net)
                      0.118218    0.020293    0.805041 ^ clkbuf_2_1_0_gpio_in[38]/A (sky130_fd_sc_hd__clkbuf_8)
     5    0.066487    0.094938    0.151419    0.956460 ^ clkbuf_2_1_0_gpio_in[38]/X (sky130_fd_sc_hd__clkbuf_8)
                                                         clknet_2_1_0_gpio_in[38] (net)
                      0.101073    0.019493    0.975953 ^ clkbuf_3_2_0_gpio_in[38]/A (sky130_fd_sc_hd__clkbuf_8)
     3    0.056104    0.081782    0.140051    1.116004 ^ clkbuf_3_2_0_gpio_in[38]/X (sky130_fd_sc_hd__clkbuf_8)
                                                         clknet_3_2_0_gpio_in[38] (net)
                      0.086220    0.015397    1.131401 ^ clkbuf_3_2_1_gpio_in[38]/A (sky130_fd_sc_hd__clkbuf_8)
    37    0.538676    0.655355    0.425774    1.557175 ^ clkbuf_3_2_1_gpio_in[38]/X (sky130_fd_sc_hd__clkbuf_8)
                                                         clknet_3_2_1_gpio_in[38] (net)
                      0.910553    0.341179    1.898354 ^ clkbuf_leaf_57_gpio_in[38]/A (sky130_fd_sc_hd__clkbuf_8)
     3    0.040324    0.079714    0.173353    2.071707 ^ clkbuf_leaf_57_gpio_in[38]/X (sky130_fd_sc_hd__clkbuf_8)
                                                         clknet_leaf_57_gpio_in[38] (net)
                      0.079738    0.001289    2.072996 ^ _4017_/CLK (sky130_fd_sc_hd__dfrtp_4)
     3    0.013466    0.050153    0.287981    2.360978 ^ _4017_/Q (sky130_fd_sc_hd__dfrtp_4)
                                                         u_chip_core.fabric_spi_controller.rst_ni (net)
                      0.050200    0.000820    2.361797 ^ hold1666/A (sky130_fd_sc_hd__dlygate4sd3_1)
     1    0.016509    0.132821    0.470191    2.831989 ^ hold1666/X (sky130_fd_sc_hd__dlygate4sd3_1)
                                                         net3142 (net)
                      0.132828    0.001161    2.833150 ^ wire1340/A (sky130_fd_sc_hd__buf_8)
     5    0.104645    0.130393    0.142637    2.975787 ^ wire1340/X (sky130_fd_sc_hd__buf_8)
                                                         net1340 (net)
                      0.134484    0.018957    2.994744 ^ fanout1335/A (sky130_fd_sc_hd__buf_12)
    13    0.436533    0.309018    0.159922    3.154665 ^ fanout1335/X (sky130_fd_sc_hd__buf_12)
                                                         net1335 (net)
                      0.599515    0.273668    3.428334 ^ fanout1333/A (sky130_fd_sc_hd__buf_8)
    11    0.159586    0.194836    0.162852    3.591186 ^ fanout1333/X (sky130_fd_sc_hd__buf_8)
                                                         net1333 (net)
                      0.212576    0.046473    3.637659 ^ fanout1332/A (sky130_fd_sc_hd__clkbuf_16)
    19    0.274129    0.187451    0.187385    3.825043 ^ fanout1332/X (sky130_fd_sc_hd__clkbuf_16)
                                                         net1332 (net)
                      0.187488    0.003687    3.828730 ^ fanout1331/A (sky130_fd_sc_hd__buf_6)
    13    0.144802    0.216469    0.202034    4.030764 ^ fanout1331/X (sky130_fd_sc_hd__buf_6)
                                                         net1331 (net)
                      0.216482    0.001547    4.032311 ^ fanout1330/A (sky130_fd_sc_hd__clkbuf_8)
    19    0.122206    0.164376    0.218954    4.251266 ^ fanout1330/X (sky130_fd_sc_hd__clkbuf_8)
                                                         net1330 (net)
                      0.166444    0.015532    4.266797 ^ fanout1329/A (sky130_fd_sc_hd__buf_4)
    17    0.092010    0.192866    0.211497    4.478294 ^ fanout1329/X (sky130_fd_sc_hd__buf_4)
                                                         net1329 (net)
                      0.192904    0.002462    4.480757 ^ fanout1328/A (sky130_fd_sc_hd__clkbuf_4)
    21    0.073981    0.170670    0.232282    4.713038 ^ fanout1328/X (sky130_fd_sc_hd__clkbuf_4)
                                                         net1328 (net)
                      0.170693    0.001756    4.714795 ^ fanout1327/A (sky130_fd_sc_hd__clkbuf_4)
    17    0.066730    0.153876    0.218331    4.933126 ^ fanout1327/X (sky130_fd_sc_hd__clkbuf_4)
                                                         net1327 (net)
                      0.153891    0.001332    4.934458 ^ fanout1322/A (sky130_fd_sc_hd__buf_2)
    10    0.042570    0.157574    0.191584    5.126042 ^ fanout1322/X (sky130_fd_sc_hd__buf_2)
                                                         net1322 (net)
                      0.157630    0.002595    5.128637 ^ _1946_/A (sky130_fd_sc_hd__and2_1)
     1    0.016129    0.124105    0.163357    5.291994 ^ _1946_/X (sky130_fd_sc_hd__and2_1)
                                                         _0916_ (net)
                      0.124158    0.001038    5.293032 ^ fanout1276/A (sky130_fd_sc_hd__buf_12)
    13    0.793417    0.586402    0.332714    5.625747 ^ fanout1276/X (sky130_fd_sc_hd__buf_12)
                                                         net1276 (net)
                      0.586515    0.009635    5.635382 ^ fanout1274/A (sky130_fd_sc_hd__buf_12)
    21    0.534911    0.429726    0.244242    5.879624 ^ fanout1274/X (sky130_fd_sc_hd__buf_12)
                                                         net1274 (net)
                      0.430533    0.020557    5.900181 ^ _1948_/B (sky130_fd_sc_hd__and3_1)
     1    0.005200    0.056214    0.140262    6.040442 ^ _1948_/X (sky130_fd_sc_hd__and3_1)
                                                         _0918_ (net)
                      0.056214    0.000236    6.040679 ^ _1954_/A (sky130_fd_sc_hd__and4_1)
     1    0.010262    0.083458    0.145966    6.186645 ^ _1954_/X (sky130_fd_sc_hd__and4_1)
                                                         _0924_ (net)
                      0.083462    0.000721    6.187366 ^ _1955_/D_N (sky130_fd_sc_hd__or4b_4)
     7    0.074550    0.129733    0.389259    6.576625 v _1955_/X (sky130_fd_sc_hd__or4b_4)
                                                         _0925_ (net)
                      0.131380    0.011618    6.588243 v hold1566/A (sky130_fd_sc_hd__dlygate4sd3_1)
     3    0.038202    0.144064    0.536724    7.124967 v hold1566/X (sky130_fd_sc_hd__dlygate4sd3_1)
                                                         net3042 (net)
                      0.144329    0.005719    7.130686 v _1956_/B (sky130_fd_sc_hd__nand2b_2)
     5    0.023909    0.111303    0.149126    7.279813 ^ _1956_/Y (sky130_fd_sc_hd__nand2b_2)
                                                         _0926_ (net)
                      0.111328    0.001391    7.281204 ^ hold1567/A (sky130_fd_sc_hd__dlygate4sd3_1)
     1    0.008582    0.076668    0.437752    7.718956 ^ hold1567/X (sky130_fd_sc_hd__dlygate4sd3_1)
                                                         net3043 (net)
                      0.076669    0.000452    7.719408 ^ _1961_/B1 (sky130_fd_sc_hd__o211a_1)
     1    0.006032    0.048197    0.093054    7.812462 ^ _1961_/X (sky130_fd_sc_hd__o211a_1)
                                                         _0004_ (net)
                      0.048197    0.000247    7.812709 ^ hold1568/A (sky130_fd_sc_hd__dlygate4sd3_1)
     1    0.004998    0.052135    0.406609    8.219317 ^ hold1568/X (sky130_fd_sc_hd__dlygate4sd3_1)
                                                         net3044 (net)
                      0.052135    0.000209    8.219526 ^ _3203_/D (sky130_fd_sc_hd__dfrtp_4)
                                              8.219526   data arrival time

                                 40.000000   40.000000   clock clk (rise edge)
                                  0.000000   40.000000   clock source latency
     5    0.312344    1.000000    0.000000   40.000000 ^ gpio_in[38] (in)
                                                         gpio_in[38] (net)
                      1.649831    0.308670   40.308670 ^ clkbuf_0_gpio_in[38]/A (sky130_fd_sc_hd__clkbuf_16)
     5    0.095061    0.116861    0.145324   40.453995 ^ clkbuf_0_gpio_in[38]/X (sky130_fd_sc_hd__clkbuf_16)
                                                         clknet_0_gpio_in[38] (net)
                      0.118381    0.009660   40.463654 ^ clkbuf_1_0_0_gpio_in[38]/A (sky130_fd_sc_hd__clkbuf_8)
     3    0.030591    0.050532    0.115008   40.578663 ^ clkbuf_1_0_0_gpio_in[38]/X (sky130_fd_sc_hd__clkbuf_8)
                                                         clknet_1_0_0_gpio_in[38] (net)
                      0.051075    0.003840   40.582504 ^ clkbuf_1_0_1_gpio_in[38]/A (sky130_fd_sc_hd__clkbuf_8)
     5    0.080696    0.112758    0.131102   40.713608 ^ clkbuf_1_0_1_gpio_in[38]/X (sky130_fd_sc_hd__clkbuf_8)
                                                         clknet_1_0_1_gpio_in[38] (net)
                      0.118218    0.018360   40.731968 ^ clkbuf_2_1_0_gpio_in[38]/A (sky130_fd_sc_hd__clkbuf_8)
     5    0.066487    0.094938    0.136996   40.868961 ^ clkbuf_2_1_0_gpio_in[38]/X (sky130_fd_sc_hd__clkbuf_8)
                                                         clknet_2_1_0_gpio_in[38] (net)
                      0.101116    0.017700   40.886662 ^ clkbuf_3_3_0_gpio_in[38]/A (sky130_fd_sc_hd__clkbuf_8)
     3    0.078457    0.109603    0.136268   41.022930 ^ clkbuf_3_3_0_gpio_in[38]/X (sky130_fd_sc_hd__clkbuf_8)
                                                         clknet_3_3_0_gpio_in[38] (net)
                      0.120627    0.025082   41.048012 ^ clkbuf_3_3_1_gpio_in[38]/A (sky130_fd_sc_hd__clkbuf_8)
    23    0.169740    0.223042    0.217238   41.265251 ^ clkbuf_3_3_1_gpio_in[38]/X (sky130_fd_sc_hd__clkbuf_8)
                                                         clknet_3_3_1_gpio_in[38] (net)
                      0.223193    0.004857   41.270107 ^ clkbuf_leaf_92_gpio_in[38]/A (sky130_fd_sc_hd__clkbuf_8)
     3    0.033225    0.056304    0.133017   41.403126 ^ clkbuf_leaf_92_gpio_in[38]/X (sky130_fd_sc_hd__clkbuf_8)
                                                         clknet_leaf_92_gpio_in[38] (net)
                      0.056311    0.000615   41.403740 ^ _3203_/CLK (sky130_fd_sc_hd__dfrtp_4)
                                 -0.100000   41.303741   clock uncertainty
                                  0.087496   41.391235   clock reconvergence pessimism
                                 -0.038659   41.352577   library setup time
                                             41.352577   data required time
---------------------------------------------------------------------------------------------
                                             41.352577   data required time
                                             -8.219526   data arrival time
---------------------------------------------------------------------------------------------
                                             33.133049   slack (MET)




===========================================================================
report_checks --slack_max -0.01
============================================================================
======================= nom_ff_n40C_1v95 Corner ===================================

No paths found.


===========================================================================
 report_check_types -max_slew -max_cap -max_fanout -violators
============================================================================
======================= nom_ff_n40C_1v95 Corner ===================================

max slew

Pin                                        Limit        Slew       Slack
------------------------------------------------------------------------
wire913/A                               1.500000   13.054191  -11.554191 (VIOLATED)
ANTENNA_wire913_A/DIODE                 1.500000   13.054116  -11.554116 (VIOLATED)
wire904/A                               1.500000   11.210335   -9.710335 (VIOLATED)
ANTENNA_wire904_A/DIODE                 1.500000   11.210257   -9.710256 (VIOLATED)
wire985/A                               1.500000    6.718718   -5.218718 (VIOLATED)
ANTENNA_wire985_A/DIODE                 1.500000    6.718425   -5.218425 (VIOLATED)
_1498_/B                                1.500000    6.007318   -4.507318 (VIOLATED)
ANTENNA__1498__B/DIODE                  1.500000    6.007281   -4.507282 (VIOLATED)
_1477_/A                                1.500000    4.843043   -3.343043 (VIOLATED)
ANTENNA__1477__A/DIODE                  1.500000    4.843029   -3.343029 (VIOLATED)
ANTENNA__1497__B/DIODE                  1.500000    4.407896   -2.907896 (VIOLATED)
_1497_/B                                1.500000    4.407898   -2.907898 (VIOLATED)
wire986/A                               1.500000    4.391253   -2.891253 (VIOLATED)
ANTENNA_6/DIODE                         1.500000    4.391166   -2.891166 (VIOLATED)
ANTENNA_wire986_A/DIODE                 1.500000    4.391042   -2.891042 (VIOLATED)
ANTENNA_5/DIODE                         1.500000    4.391027   -2.891027 (VIOLATED)
ANTENNA_7/DIODE                         1.500000    4.391009   -2.891010 (VIOLATED)
ANTENNA_8/DIODE                         1.500000    4.390992   -2.890992 (VIOLATED)
ANTENNA_9/DIODE                         1.500000    4.390955   -2.890955 (VIOLATED)
ANTENNA_10/DIODE                        1.500000    4.390935   -2.890935 (VIOLATED)
ANTENNA__1503__B/DIODE                  1.500000    4.268212   -2.768212 (VIOLATED)
_1503_/B                                1.500000    4.264637   -2.764638 (VIOLATED)
_1478_/A                                1.500000    4.227034   -2.727034 (VIOLATED)
ANTENNA__1478__A/DIODE                  1.500000    4.227019   -2.727019 (VIOLATED)
wire983/A                               1.500000    4.067118   -2.567118 (VIOLATED)
ANTENNA_wire983_A/DIODE                 1.500000    4.066988   -2.566988 (VIOLATED)
ANTENNA__1495__B/DIODE                  1.500000    3.983769   -2.483769 (VIOLATED)
_1495_/B                                1.500000    3.983737   -2.483737 (VIOLATED)
ANTENNA_349/DIODE                       1.500000    3.983610   -2.483610 (VIOLATED)
ANTENNA_wire914_X/DIODE                 1.500000    3.967114   -2.467114 (VIOLATED)
wire914/X                               1.500000    3.966947   -2.466947 (VIOLATED)
_1504_/B                                1.500000    3.725571   -2.225571 (VIOLATED)
ANTENNA__1504__B/DIODE                  1.500000    3.725527   -2.225527 (VIOLATED)
wire976/A                               1.500000    3.407375   -1.907375 (VIOLATED)
ANTENNA_wire976_A/DIODE                 1.500000    3.407239   -1.907239 (VIOLATED)
ANTENNA__1500__B/DIODE                  1.500000    3.401331   -1.901332 (VIOLATED)
_1500_/B                                1.500000    3.401324   -1.901324 (VIOLATED)
ANTENNA_304/DIODE                       1.500000    3.310008   -1.810008 (VIOLATED)
ANTENNA_303/DIODE                       1.500000    3.309325   -1.809325 (VIOLATED)
ANTENNA_302/DIODE                       1.500000    3.308640   -1.808640 (VIOLATED)
_1469_/A                                1.500000    3.308284   -1.808284 (VIOLATED)
ANTENNA__1469__A/DIODE                  1.500000    3.305467   -1.805467 (VIOLATED)
ANTENNA_308/DIODE                       1.500000    3.304776   -1.804776 (VIOLATED)
ANTENNA_309/DIODE                       1.500000    3.304084   -1.804084 (VIOLATED)
ANTENNA_310/DIODE                       1.500000    3.303390   -1.803390 (VIOLATED)
wire1453/A                              1.500000    2.638586   -1.138586 (VIOLATED)
ANTENNA_wire1453_A/DIODE                1.500000    2.638499   -1.138499 (VIOLATED)
_2499_/A1                               1.500000    2.627105   -1.127106 (VIOLATED)
ANTENNA__2499__A1/DIODE                 1.500000    2.627030   -1.127030 (VIOLATED)
wire882/A                               1.500000    2.590647   -1.090647 (VIOLATED)
ANTENNA_wire882_A/DIODE                 1.500000    2.590635   -1.090635 (VIOLATED)
_1570_/Y                                1.498726    2.471988   -0.973262 (VIOLATED)
ANTENNA__1570__Y/DIODE                  1.500000    2.472056   -0.972056 (VIOLATED)
fanout1317/A                            1.500000    2.361070   -0.861070 (VIOLATED)
ANTENNA_fanout1317_A/DIODE              1.500000    2.360912   -0.860912 (VIOLATED)
wire921/A                               1.500000    2.356513   -0.856513 (VIOLATED)
ANTENNA_171/DIODE                       1.500000    2.356503   -0.856503 (VIOLATED)
ANTENNA_170/DIODE                       1.500000    2.356501   -0.856501 (VIOLATED)
ANTENNA_wire921_A/DIODE                 1.500000    2.356491   -0.856491 (VIOLATED)
ANTENNA_172/DIODE                       1.500000    2.356486   -0.856486 (VIOLATED)
ANTENNA_173/DIODE                       1.500000    2.356480   -0.856480 (VIOLATED)
ANTENNA_174/DIODE                       1.500000    2.356474   -0.856474 (VIOLATED)
ANTENNA_175/DIODE                       1.500000    2.356467   -0.856466 (VIOLATED)
_1499_/B                                1.500000    2.351309   -0.851309 (VIOLATED)
ANTENNA__1499__B/DIODE                  1.500000    2.351292   -0.851292 (VIOLATED)
_2479_/A1                               1.500000    2.294802   -0.794802 (VIOLATED)
ANTENNA__2479__A1/DIODE                 1.500000    2.294762   -0.794762 (VIOLATED)
_2500_/A1                               1.500000    2.251143   -0.751144 (VIOLATED)
ANTENNA__2500__A1/DIODE                 1.500000    2.251111   -0.751111 (VIOLATED)
ANTENNA_wire922_X/DIODE                 1.500000    2.060581   -0.560581 (VIOLATED)
wire922/X                               1.500000    2.060540   -0.560540 (VIOLATED)
ANTENNA__2501__A1/DIODE                 1.500000    2.056247   -0.556248 (VIOLATED)
_2501_/A1                               1.500000    2.056242   -0.556242 (VIOLATED)
fanout759/A                             1.500000    2.046073   -0.546073 (VIOLATED)
ANTENNA_fanout759_A/DIODE               1.500000    2.046057   -0.546057 (VIOLATED)
_2484_/S                                1.500000    2.045984   -0.545984 (VIOLATED)
ANTENNA__2484__S/DIODE                  1.500000    2.045977   -0.545977 (VIOLATED)
ANTENNA__2480__S/DIODE                  1.500000    2.045507   -0.545507 (VIOLATED)
_2480_/S                                1.500000    2.045454   -0.545454 (VIOLATED)
fanout757/A                             1.500000    2.044933   -0.544933 (VIOLATED)
ANTENNA_fanout757_A/DIODE               1.500000    2.044925   -0.544925 (VIOLATED)
_2477_/A1                               1.500000    2.026289   -0.526289 (VIOLATED)
ANTENNA__2477__A1/DIODE                 1.500000    2.026241   -0.526241 (VIOLATED)
ANTENNA__2474__A1/DIODE                 1.500000    2.025347   -0.525348 (VIOLATED)
_2474_/A1                               1.500000    2.025321   -0.525321 (VIOLATED)
ANTENNA_252/DIODE                       1.500000    2.025289   -0.525289 (VIOLATED)
_1566_/B1                               1.500000    1.999372   -0.499372 (VIOLATED)
ANTENNA__1566__B1/DIODE                 1.500000    1.999367   -0.499367 (VIOLATED)
ANTENNA__1531__B1/DIODE                 1.500000    1.999005   -0.499006 (VIOLATED)
_1531_/B1                               1.500000    1.998782   -0.498782 (VIOLATED)
ANTENNA__1530__B1/DIODE                 1.500000    1.992807   -0.492807 (VIOLATED)
_1530_/B1                               1.500000    1.992550   -0.492550 (VIOLATED)
_1565_/B1                               1.500000    1.992113   -0.492113 (VIOLATED)
ANTENNA__1565__B1/DIODE                 1.500000    1.991315   -0.491315 (VIOLATED)
ANTENNA__1529__B1/DIODE                 1.500000    1.990932   -0.490932 (VIOLATED)
_1529_/B1                               1.500000    1.990394   -0.490394 (VIOLATED)
_1564_/B1                               1.500000    1.987909   -0.487909 (VIOLATED)
ANTENNA__1564__B1/DIODE                 1.500000    1.986388   -0.486388 (VIOLATED)
ANTENNA__1529__X/DIODE                  1.500000    1.976343   -0.476343 (VIOLATED)
_1529_/X                                1.500000    1.976109   -0.476109 (VIOLATED)
fanout1173/A                            1.500000    1.973925   -0.473925 (VIOLATED)
ANTENNA_fanout1173_A/DIODE              1.500000    1.973828   -0.473829 (VIOLATED)
fanout1312/A                            1.500000    1.953345   -0.453345 (VIOLATED)
ANTENNA_fanout1312_A/DIODE              1.500000    1.953205   -0.453205 (VIOLATED)
_2473_/A1                               1.500000    1.951259   -0.451259 (VIOLATED)
ANTENNA__2473__A1/DIODE                 1.500000    1.951247   -0.451247 (VIOLATED)
_2492_/A1                               1.500000    1.920093   -0.420093 (VIOLATED)
ANTENNA__2492__A1/DIODE                 1.500000    1.920062   -0.420062 (VIOLATED)
ANTENNA_338/DIODE                       1.500000    1.919990   -0.419990 (VIOLATED)
ANTENNA_337/DIODE                       1.500000    1.919962   -0.419962 (VIOLATED)
_2484_/A1                               1.500000    1.880847   -0.380847 (VIOLATED)
ANTENNA__2484__A1/DIODE                 1.500000    1.880783   -0.380783 (VIOLATED)
_2483_/A1                               1.500000    1.865156   -0.365156 (VIOLATED)
ANTENNA__2483__A1/DIODE                 1.500000    1.865117   -0.365117 (VIOLATED)
clkbuf_0_gpio_in[38]/A                  1.500000    1.839831   -0.339831 (VIOLATED)
ANTENNA_314/DIODE                       1.500000    1.839647   -0.339647 (VIOLATED)
ANTENNA_clkbuf_0_gpio_in[38]_A/DIODE    1.500000    1.839612   -0.339612 (VIOLATED)
ANTENNA_313/DIODE                       1.500000    1.839573   -0.339574 (VIOLATED)
ANTENNA_315/DIODE                       1.500000    1.839530   -0.339530 (VIOLATED)
_2488_/A1                               1.500000    1.829177   -0.329177 (VIOLATED)
ANTENNA__2488__A1/DIODE                 1.500000    1.829137   -0.329137 (VIOLATED)
fanout1170/A                            1.500000    1.813942   -0.313942 (VIOLATED)
ANTENNA_fanout1170_A/DIODE              1.500000    1.813674   -0.313674 (VIOLATED)
wire861/A                               1.500000    1.735474   -0.235474 (VIOLATED)
ANTENNA_wire861_A/DIODE                 1.500000    1.735381   -0.235381 (VIOLATED)
_2476_/A1                               1.500000    1.723065   -0.223065 (VIOLATED)
ANTENNA__2476__A1/DIODE                 1.500000    1.723035   -0.223035 (VIOLATED)
fanout1251/A                            1.500000    1.699659   -0.199659 (VIOLATED)
ANTENNA_fanout1251_A/DIODE              1.500000    1.699262   -0.199262 (VIOLATED)
_4500_/A                                1.500000    1.659315   -0.159316 (VIOLATED)
ANTENNA__4500__A/DIODE                  1.500000    1.659165   -0.159165 (VIOLATED)
wire1301/A                              1.500000    1.649266   -0.149266 (VIOLATED)
ANTENNA_wire1301_A/DIODE                1.500000    1.649129   -0.149129 (VIOLATED)
fanout1167/A                            1.500000    1.643982   -0.143982 (VIOLATED)
ANTENNA_fanout1167_A/DIODE              1.500000    1.643917   -0.143917 (VIOLATED)
wire969/A                               1.500000    1.632316   -0.132316 (VIOLATED)
ANTENNA_wire969_A/DIODE                 1.500000    1.632303   -0.132303 (VIOLATED)
fanout1257/A                            1.500000    1.629312   -0.129312 (VIOLATED)
ANTENNA__1541__X/DIODE                  1.500000    1.628353   -0.128353 (VIOLATED)
_1541_/X                                1.500000    1.628345   -0.128345 (VIOLATED)
ANTENNA_fanout1257_A/DIODE              1.500000    1.617959   -0.117959 (VIOLATED)
_2485_/A1                               1.500000    1.613184   -0.113184 (VIOLATED)
ANTENNA__2485__A1/DIODE                 1.500000    1.613174   -0.113174 (VIOLATED)
wire1062/A                              1.500000    1.563799   -0.063799 (VIOLATED)
ANTENNA_wire1062_A/DIODE                1.500000    1.563576   -0.063576 (VIOLATED)
_2475_/A1                               1.500000    1.563169   -0.063169 (VIOLATED)
ANTENNA__2475__A1/DIODE                 1.500000    1.563141   -0.063141 (VIOLATED)
fanout1313/A                            1.500000    1.531747   -0.031747 (VIOLATED)
ANTENNA_fanout1313_A/DIODE              1.500000    1.531643   -0.031643 (VIOLATED)
_1562_/A2                               1.500000    1.531543   -0.031543 (VIOLATED)
ANTENNA__1562__A2/DIODE                 1.500000    1.530859   -0.030859 (VIOLATED)
_1573_/A2                               1.500000    1.530680   -0.030680 (VIOLATED)
ANTENNA__1573__A2/DIODE                 1.500000    1.529790   -0.029790 (VIOLATED)
_1528_/A2                               1.500000    1.528290   -0.028290 (VIOLATED)
ANTENNA__1528__A2/DIODE                 1.500000    1.528110   -0.028110 (VIOLATED)
_1563_/A2                               1.500000    1.526767   -0.026767 (VIOLATED)
ANTENNA__1563__A2/DIODE                 1.500000    1.526226   -0.026226 (VIOLATED)
fanout1266/A                            1.500000    1.509766   -0.009766 (VIOLATED)
ANTENNA_fanout1266_A/DIODE              1.500000    1.509578   -0.009578 (VIOLATED)
fanout1314/A                            1.500000    1.507625   -0.007625 (VIOLATED)
ANTENNA_fanout1314_A/DIODE              1.500000    1.503510   -0.003510 (VIOLATED)

max fanout

Pin                                   Limit Fanout  Slack
---------------------------------------------------------
clkbuf_leaf_5_gpio_in[38]/X              20     41    -21 (VIOLATED)
clkbuf_3_2_1_gpio_in[38]/X               20     37    -17 (VIOLATED)
clkbuf_leaf_54_gpio_in[38]/X             20     37    -17 (VIOLATED)
clkbuf_3_4_1_gpio_in[38]/X               20     33    -13 (VIOLATED)
fanout1244/X                             20     32    -12 (VIOLATED)
clkbuf_3_1_1_gpio_in[38]/X               20     31    -11 (VIOLATED)
clkbuf_leaf_22_gpio_in[38]/X             20     31    -11 (VIOLATED)
clkbuf_leaf_38_gpio_in[38]/X             20     31    -11 (VIOLATED)
clkbuf_leaf_45_gpio_in[38]/X             20     31    -11 (VIOLATED)
clkbuf_leaf_6_gpio_in[38]/X              20     31    -11 (VIOLATED)
clkbuf_leaf_78_gpio_in[38]/X             20     31    -11 (VIOLATED)
clkbuf_leaf_79_gpio_in[38]/X             20     31    -11 (VIOLATED)
clkbuf_leaf_2_gpio_in[38]/X              20     29     -9 (VIOLATED)
clkbuf_leaf_32_gpio_in[38]/X             20     29     -9 (VIOLATED)
clkbuf_leaf_51_gpio_in[38]/X             20     29     -9 (VIOLATED)
clkbuf_leaf_10_gpio_in[38]/X             20     27     -7 (VIOLATED)
clkbuf_leaf_29_gpio_in[38]/X             20     27     -7 (VIOLATED)
clkbuf_leaf_85_gpio_in[38]/X             20     27     -7 (VIOLATED)
clkbuf_leaf_69_gpio_in[38]/X             20     25     -5 (VIOLATED)
fanout1305/X                             20     24     -4 (VIOLATED)
clkbuf_3_0_1_gpio_in[38]/X               20     23     -3 (VIOLATED)
clkbuf_3_3_1_gpio_in[38]/X               20     23     -3 (VIOLATED)
fanout1230/X                             20     23     -3 (VIOLATED)
fanout1254/X                             20     23     -3 (VIOLATED)
gpio_loopback_zero[25]                   20     22     -2 (VIOLATED)
gpio_loopback_zero[26]                   20     22     -2 (VIOLATED)
gpio_loopback_zero[30]                   20     22     -2 (VIOLATED)
gpio_loopback_zero[32]                   20     22     -2 (VIOLATED)
gpio_loopback_zero[38]                   20     22     -2 (VIOLATED)
fanout1193/X                             20     22     -2 (VIOLATED)
fanout1224/X                             20     22     -2 (VIOLATED)
fanout1236/X                             20     22     -2 (VIOLATED)
fanout1245/X                             20     22     -2 (VIOLATED)
fanout1278/X                             20     22     -2 (VIOLATED)
fanout1363/X                             20     22     -2 (VIOLATED)
_4063_/Q                                 20     21        (VIOLATED)
_4064_/Q                                 20     21        (VIOLATED)
clkbuf_3_6_1_gpio_in[38]/X               20     21        (VIOLATED)
clkbuf_leaf_1_gpio_in[38]/X              20     21        (VIOLATED)
clkbuf_leaf_33_gpio_in[38]/X             20     21        (VIOLATED)
clkbuf_leaf_62_gpio_in[38]/X             20     21        (VIOLATED)
fanout1000/X                             20     21        (VIOLATED)
fanout1001/X                             20     21        (VIOLATED)
fanout1022/X                             20     21        (VIOLATED)
fanout1023/X                             20     21        (VIOLATED)
fanout1120/X                             20     21        (VIOLATED)
fanout1122/X                             20     21        (VIOLATED)
fanout1127/X                             20     21        (VIOLATED)
fanout1128/X                             20     21        (VIOLATED)
fanout1150/X                             20     21        (VIOLATED)
fanout1155/X                             20     21        (VIOLATED)
fanout1158/X                             20     21        (VIOLATED)
fanout1166/X                             20     21        (VIOLATED)
fanout1167/X                             20     21        (VIOLATED)
fanout1169/X                             20     21        (VIOLATED)
fanout1170/X                             20     21        (VIOLATED)
fanout1172/X                             20     21        (VIOLATED)
fanout1173/X                             20     21        (VIOLATED)
fanout1175/X                             20     21        (VIOLATED)
fanout1176/X                             20     21        (VIOLATED)
fanout1181/X                             20     21        (VIOLATED)
fanout1182/X                             20     21        (VIOLATED)
fanout1187/X                             20     21        (VIOLATED)
fanout1188/X                             20     21        (VIOLATED)
fanout1194/X                             20     21        (VIOLATED)
fanout1199/X                             20     21        (VIOLATED)
fanout1200/X                             20     21        (VIOLATED)
fanout1205/X                             20     21        (VIOLATED)
fanout1206/X                             20     21        (VIOLATED)
fanout1211/X                             20     21        (VIOLATED)
fanout1212/X                             20     21        (VIOLATED)
fanout1214/X                             20     21        (VIOLATED)
fanout1215/X                             20     21        (VIOLATED)
fanout1217/X                             20     21        (VIOLATED)
fanout1218/X                             20     21        (VIOLATED)
fanout1220/X                             20     21        (VIOLATED)
fanout1221/X                             20     21        (VIOLATED)
fanout1223/X                             20     21        (VIOLATED)
fanout1226/X                             20     21        (VIOLATED)
fanout1227/X                             20     21        (VIOLATED)
fanout1229/X                             20     21        (VIOLATED)
fanout1232/X                             20     21        (VIOLATED)
fanout1233/X                             20     21        (VIOLATED)
fanout1235/X                             20     21        (VIOLATED)
fanout1238/X                             20     21        (VIOLATED)
fanout1239/X                             20     21        (VIOLATED)
fanout1241/X                             20     21        (VIOLATED)
fanout1242/X                             20     21        (VIOLATED)
fanout1247/X                             20     21        (VIOLATED)
fanout1248/X                             20     21        (VIOLATED)
fanout1250/X                             20     21        (VIOLATED)
fanout1251/X                             20     21        (VIOLATED)
fanout1253/X                             20     21        (VIOLATED)
fanout1256/X                             20     21        (VIOLATED)
fanout1257/X                             20     21        (VIOLATED)
fanout1259/X                             20     21        (VIOLATED)
fanout1260/X                             20     21        (VIOLATED)
fanout1262/X                             20     21        (VIOLATED)
fanout1263/X                             20     21        (VIOLATED)
fanout1265/X                             20     21        (VIOLATED)
fanout1266/X                             20     21        (VIOLATED)
fanout1268/X                             20     21        (VIOLATED)
fanout1269/X                             20     21        (VIOLATED)
fanout1271/X                             20     21        (VIOLATED)
fanout1272/X                             20     21        (VIOLATED)
fanout1274/X                             20     21        (VIOLATED)
fanout1275/X                             20     21        (VIOLATED)
fanout1277/X                             20     21        (VIOLATED)
fanout1288/X                             20     21        (VIOLATED)
fanout1289/X                             20     21        (VIOLATED)
fanout1290/X                             20     21        (VIOLATED)
fanout1293/X                             20     21        (VIOLATED)
fanout1295/X                             20     21        (VIOLATED)
fanout1297/X                             20     21        (VIOLATED)
fanout1306/X                             20     21        (VIOLATED)
fanout1309/X                             20     21        (VIOLATED)
fanout1313/X                             20     21        (VIOLATED)
fanout1314/X                             20     21        (VIOLATED)
fanout1315/X                             20     21        (VIOLATED)
fanout1316/X                             20     21        (VIOLATED)
fanout1326/X                             20     21        (VIOLATED)
fanout1328/X                             20     21        (VIOLATED)
fanout1334/X                             20     21        (VIOLATED)
fanout1336/X                             20     21        (VIOLATED)
fanout1351/X                             20     21        (VIOLATED)
fanout1354/X                             20     21        (VIOLATED)
fanout1357/X                             20     21        (VIOLATED)
fanout1360/X                             20     21        (VIOLATED)
fanout1366/X                             20     21        (VIOLATED)
fanout1369/X                             20     21        (VIOLATED)
fanout1372/X                             20     21        (VIOLATED)
fanout1375/X                             20     21        (VIOLATED)
fanout1378/X                             20     21        (VIOLATED)
fanout1381/X                             20     21        (VIOLATED)
fanout1384/X                             20     21        (VIOLATED)
fanout1387/X                             20     21        (VIOLATED)
fanout1390/X                             20     21        (VIOLATED)
fanout1393/X                             20     21        (VIOLATED)
fanout1396/X                             20     21        (VIOLATED)
fanout1399/X                             20     21        (VIOLATED)
fanout1402/X                             20     21        (VIOLATED)
fanout1405/X                             20     21        (VIOLATED)
fanout1408/X                             20     21        (VIOLATED)
fanout1419/X                             20     21        (VIOLATED)
fanout1420/X                             20     21        (VIOLATED)
fanout1421/X                             20     21        (VIOLATED)
fanout1422/X                             20     21        (VIOLATED)
fanout635/X                              20     21        (VIOLATED)
fanout667/X                              20     21        (VIOLATED)
fanout668/X                              20     21        (VIOLATED)
fanout697/X                              20     21        (VIOLATED)
fanout773/X                              20     21        (VIOLATED)
fanout777/X                              20     21        (VIOLATED)
fanout783/X                              20     21        (VIOLATED)
fanout786/X                              20     21        (VIOLATED)
fanout999/X                              20     21        (VIOLATED)

max capacitance

Pin                                        Limit         Cap       Slack
------------------------------------------------------------------------
wire914/X                               0.363474    1.492555   -1.129081 (VIOLATED)
wire905/X                               0.741587    1.529208   -0.787621 (VIOLATED)
_1529_/X                                0.729685    1.157254   -0.427569 (VIOLATED)
_1530_/X                                0.729685    1.111378   -0.381693 (VIOLATED)
_1570_/Y                                0.231638    0.387499   -0.155861 (VIOLATED)
wire922/X                               0.363474    0.512223   -0.148749 (VIOLATED)
_1541_/X                                0.211497    0.231819   -0.020322 (VIOLATED)



===========================================================================
report_parasitic_annotation -report_unannotated
============================================================================
Found 233 unannotated drivers.
 analog_io[0]
 analog_io[10]
 analog_io[11]
 analog_io[12]
 analog_io[13]
 analog_io[14]
 analog_io[15]
 analog_io[16]
 analog_io[17]
 analog_io[18]
 analog_io[19]
 analog_io[1]
 analog_io[20]
 analog_io[21]
 analog_io[22]
 analog_io[23]
 analog_io[24]
 analog_io[25]
 analog_io[26]
 analog_io[27]
 analog_io[28]
 analog_io[29]
 analog_io[2]
 analog_io[30]
 analog_io[31]
 analog_io[32]
 analog_io[33]
 analog_io[34]
 analog_io[35]
 analog_io[36]
 analog_io[37]
 analog_io[38]
 analog_io[39]
 analog_io[3]
 analog_io[40]
 analog_io[41]
 analog_io[42]
 analog_io[43]
 analog_io[4]
 analog_io[5]
 analog_io[6]
 analog_io[7]
 analog_io[8]
 analog_io[9]
 analog_noesd_io[0]
 analog_noesd_io[10]
 analog_noesd_io[11]
 analog_noesd_io[12]
 analog_noesd_io[13]
 analog_noesd_io[14]
 analog_noesd_io[15]
 analog_noesd_io[16]
 analog_noesd_io[17]
 analog_noesd_io[18]
 analog_noesd_io[19]
 analog_noesd_io[1]
 analog_noesd_io[20]
 analog_noesd_io[21]
 analog_noesd_io[22]
 analog_noesd_io[23]
 analog_noesd_io[24]
 analog_noesd_io[25]
 analog_noesd_io[26]
 analog_noesd_io[27]
 analog_noesd_io[28]
 analog_noesd_io[29]
 analog_noesd_io[2]
 analog_noesd_io[30]
 analog_noesd_io[31]
 analog_noesd_io[32]
 analog_noesd_io[33]
 analog_noesd_io[34]
 analog_noesd_io[35]
 analog_noesd_io[36]
 analog_noesd_io[37]
 analog_noesd_io[38]
 analog_noesd_io[39]
 analog_noesd_io[3]
 analog_noesd_io[40]
 analog_noesd_io[41]
 analog_noesd_io[42]
 analog_noesd_io[43]
 analog_noesd_io[4]
 analog_noesd_io[5]
 analog_noesd_io[6]
 analog_noesd_io[7]
 analog_noesd_io[8]
 analog_noesd_io[9]
 gpio_in[14]
 gpio_in[29]
 gpio_in_h[0]
 gpio_in_h[10]
 gpio_in_h[11]
 gpio_in_h[12]
 gpio_in_h[13]
 gpio_in_h[14]
 gpio_in_h[15]
 gpio_in_h[16]
 gpio_in_h[17]
 gpio_in_h[18]
 gpio_in_h[19]
 gpio_in_h[1]
 gpio_in_h[20]
 gpio_in_h[21]
 gpio_in_h[22]
 gpio_in_h[23]
 gpio_in_h[24]
 gpio_in_h[25]
 gpio_in_h[26]
 gpio_in_h[27]
 gpio_in_h[28]
 gpio_in_h[29]
 gpio_in_h[2]
 gpio_in_h[30]
 gpio_in_h[31]
 gpio_in_h[32]
 gpio_in_h[33]
 gpio_in_h[34]
 gpio_in_h[35]
 gpio_in_h[36]
 gpio_in_h[37]
 gpio_in_h[38]
 gpio_in_h[39]
 gpio_in_h[3]
 gpio_in_h[40]
 gpio_in_h[41]
 gpio_in_h[42]
 gpio_in_h[43]
 gpio_in_h[4]
 gpio_in_h[5]
 gpio_in_h[6]
 gpio_in_h[7]
 gpio_in_h[8]
 gpio_in_h[9]
 gpio_loopback_one[0]
 gpio_loopback_zero[0]
 por_l
 porb_h
 porb_l
 resetb_h
 _4016__1475/LO
 clkload0/X
 clkload1/X
 clkload10/Y
 clkload11/Y
 clkload12/Y
 clkload13/Y
 clkload14/Y
 clkload15/Y
 clkload16/X
 clkload17/Y
 clkload18/Y
 clkload19/Y
 clkload2/Y
 clkload20/Y
 clkload21/Y
 clkload22/Y
 clkload23/Y
 clkload24/Y
 clkload25/Y
 clkload26/Y
 clkload27/Y
 clkload28/Y
 clkload29/Y
 clkload3/Y
 clkload30/Y
 clkload31/Y
 clkload32/Y
 clkload33/Y
 clkload34/X
 clkload35/Y
 clkload36/Y
 clkload37/Y
 clkload38/Y
 clkload39/Y
 clkload4/Y
 clkload40/Y
 clkload41/Y
 clkload42/Y
 clkload43/Y
 clkload44/Y
 clkload45/Y
 clkload46/Y
 clkload47/Y
 clkload48/Y
 clkload49/Y
 clkload5/Y
 clkload50/Y
 clkload51/Y
 clkload52/Y
 clkload53/Y
 clkload54/Y
 clkload55/Y
 clkload56/Y
 clkload57/X
 clkload58/Y
 clkload59/Y
 clkload6/Y
 clkload60/Y
 clkload61/Y
 clkload62/Y
 clkload63/X
 clkload64/Y
 clkload65/Y
 clkload66/Y
 clkload67/Y
 clkload68/Y
 clkload69/Y
 clkload7/Y
 clkload70/Y
 clkload71/Y
 clkload72/Y
 clkload73/Y
 clkload74/Y
 clkload75/X
 clkload76/X
 clkload77/Y
 clkload78/X
 clkload8/X
 clkload9/Y
 openframe_project_wrapper_1463/HI
 openframe_project_wrapper_1464/HI
 openframe_project_wrapper_1465/HI
 openframe_project_wrapper_1466/HI
 openframe_project_wrapper_1467/HI
 openframe_project_wrapper_1468/HI
 openframe_project_wrapper_1469/HI
 openframe_project_wrapper_1470/HI
 openframe_project_wrapper_1471/HI
 openframe_project_wrapper_1472/HI
 openframe_project_wrapper_1473/HI
 openframe_project_wrapper_1474/HI
 openframe_project_wrapper_1476/LO
Found 0 partially unannotated drivers.

===========================================================================
max slew violation count 161
max fanout violation count 156
max cap violation count 7
============================================================================

===========================================================================
check_setup -verbose -unconstrained_endpoints -multiple_clock -no_clock -no_input_delay -loops -generated_clocks
===========================================================================
Warning: There are 300 input ports missing set_input_delay.
  analog_io[0]
  analog_io[10]
  analog_io[11]
  analog_io[12]
  analog_io[13]
  analog_io[14]
  analog_io[15]
  analog_io[16]
  analog_io[17]
  analog_io[18]
  analog_io[19]
  analog_io[1]
  analog_io[20]
  analog_io[21]
  analog_io[22]
  analog_io[23]
  analog_io[24]
  analog_io[25]
  analog_io[26]
  analog_io[27]
  analog_io[28]
  analog_io[29]
  analog_io[2]
  analog_io[30]
  analog_io[31]
  analog_io[32]
  analog_io[33]
  analog_io[34]
  analog_io[35]
  analog_io[36]
  analog_io[37]
  analog_io[38]
  analog_io[39]
  analog_io[3]
  analog_io[40]
  analog_io[41]
  analog_io[42]
  analog_io[43]
  analog_io[4]
  analog_io[5]
  analog_io[6]
  analog_io[7]
  analog_io[8]
  analog_io[9]
  analog_noesd_io[0]
  analog_noesd_io[10]
  analog_noesd_io[11]
  analog_noesd_io[12]
  analog_noesd_io[13]
  analog_noesd_io[14]
  analog_noesd_io[15]
  analog_noesd_io[16]
  analog_noesd_io[17]
  analog_noesd_io[18]
  analog_noesd_io[19]
  analog_noesd_io[1]
  analog_noesd_io[20]
  analog_noesd_io[21]
  analog_noesd_io[22]
  analog_noesd_io[23]
  analog_noesd_io[24]
  analog_noesd_io[25]
  analog_noesd_io[26]
  analog_noesd_io[27]
  analog_noesd_io[28]
  analog_noesd_io[29]
  analog_noesd_io[2]
  analog_noesd_io[30]
  analog_noesd_io[31]
  analog_noesd_io[32]
  analog_noesd_io[33]
  analog_noesd_io[34]
  analog_noesd_io[35]
  analog_noesd_io[36]
  analog_noesd_io[37]
  analog_noesd_io[38]
  analog_noesd_io[39]
  analog_noesd_io[3]
  analog_noesd_io[40]
  analog_noesd_io[41]
  analog_noesd_io[42]
  analog_noesd_io[43]
  analog_noesd_io[4]
  analog_noesd_io[5]
  analog_noesd_io[6]
  analog_noesd_io[7]
  analog_noesd_io[8]
  analog_noesd_io[9]
  gpio_in[0]
  gpio_in[10]
  gpio_in[11]
  gpio_in[12]
  gpio_in[13]
  gpio_in[14]
  gpio_in[15]
  gpio_in[16]
  gpio_in[17]
  gpio_in[18]
  gpio_in[19]
  gpio_in[1]
  gpio_in[20]
  gpio_in[21]
  gpio_in[22]
  gpio_in[23]
  gpio_in[24]
  gpio_in[25]
  gpio_in[26]
  gpio_in[27]
  gpio_in[28]
  gpio_in[29]
  gpio_in[2]
  gpio_in[30]
  gpio_in[31]
  gpio_in[32]
  gpio_in[33]
  gpio_in[34]
  gpio_in[35]
  gpio_in[36]
  gpio_in[37]
  gpio_in[39]
  gpio_in[3]
  gpio_in[40]
  gpio_in[41]
  gpio_in[42]
  gpio_in[43]
  gpio_in[4]
  gpio_in[5]
  gpio_in[6]
  gpio_in[7]
  gpio_in[8]
  gpio_in[9]
  gpio_in_h[0]
  gpio_in_h[10]
  gpio_in_h[11]
  gpio_in_h[12]
  gpio_in_h[13]
  gpio_in_h[14]
  gpio_in_h[15]
  gpio_in_h[16]
  gpio_in_h[17]
  gpio_in_h[18]
  gpio_in_h[19]
  gpio_in_h[1]
  gpio_in_h[20]
  gpio_in_h[21]
  gpio_in_h[22]
  gpio_in_h[23]
  gpio_in_h[24]
  gpio_in_h[25]
  gpio_in_h[26]
  gpio_in_h[27]
  gpio_in_h[28]
  gpio_in_h[29]
  gpio_in_h[2]
  gpio_in_h[30]
  gpio_in_h[31]
  gpio_in_h[32]
  gpio_in_h[33]
  gpio_in_h[34]
  gpio_in_h[35]
  gpio_in_h[36]
  gpio_in_h[37]
  gpio_in_h[38]
  gpio_in_h[39]
  gpio_in_h[3]
  gpio_in_h[40]
  gpio_in_h[41]
  gpio_in_h[42]
  gpio_in_h[43]
  gpio_in_h[4]
  gpio_in_h[5]
  gpio_in_h[6]
  gpio_in_h[7]
  gpio_in_h[8]
  gpio_in_h[9]
  gpio_loopback_one[0]
  gpio_loopback_one[10]
  gpio_loopback_one[11]
  gpio_loopback_one[12]
  gpio_loopback_one[13]
  gpio_loopback_one[14]
  gpio_loopback_one[15]
  gpio_loopback_one[16]
  gpio_loopback_one[17]
  gpio_loopback_one[18]
  gpio_loopback_one[19]
  gpio_loopback_one[1]
  gpio_loopback_one[20]
  gpio_loopback_one[21]
  gpio_loopback_one[22]
  gpio_loopback_one[23]
  gpio_loopback_one[24]
  gpio_loopback_one[25]
  gpio_loopback_one[26]
  gpio_loopback_one[27]
  gpio_loopback_one[28]
  gpio_loopback_one[29]
  gpio_loopback_one[2]
  gpio_loopback_one[30]
  gpio_loopback_one[31]
  gpio_loopback_one[32]
  gpio_loopback_one[33]
  gpio_loopback_one[34]
  gpio_loopback_one[35]
  gpio_loopback_one[36]
  gpio_loopback_one[37]
  gpio_loopback_one[38]
  gpio_loopback_one[39]
  gpio_loopback_one[3]
  gpio_loopback_one[40]
  gpio_loopback_one[41]
  gpio_loopback_one[42]
  gpio_loopback_one[43]
  gpio_loopback_one[4]
  gpio_loopback_one[5]
  gpio_loopback_one[6]
  gpio_loopback_one[7]
  gpio_loopback_one[8]
  gpio_loopback_one[9]
  gpio_loopback_zero[0]
  gpio_loopback_zero[10]
  gpio_loopback_zero[11]
  gpio_loopback_zero[12]
  gpio_loopback_zero[13]
  gpio_loopback_zero[14]
  gpio_loopback_zero[15]
  gpio_loopback_zero[16]
  gpio_loopback_zero[17]
  gpio_loopback_zero[18]
  gpio_loopback_zero[19]
  gpio_loopback_zero[1]
  gpio_loopback_zero[20]
  gpio_loopback_zero[21]
  gpio_loopback_zero[22]
  gpio_loopback_zero[23]
  gpio_loopback_zero[24]
  gpio_loopback_zero[25]
  gpio_loopback_zero[26]
  gpio_loopback_zero[27]
  gpio_loopback_zero[28]
  gpio_loopback_zero[29]
  gpio_loopback_zero[2]
  gpio_loopback_zero[30]
  gpio_loopback_zero[31]
  gpio_loopback_zero[32]
  gpio_loopback_zero[33]
  gpio_loopback_zero[34]
  gpio_loopback_zero[35]
  gpio_loopback_zero[36]
  gpio_loopback_zero[37]
  gpio_loopback_zero[38]
  gpio_loopback_zero[39]
  gpio_loopback_zero[3]
  gpio_loopback_zero[40]
  gpio_loopback_zero[41]
  gpio_loopback_zero[42]
  gpio_loopback_zero[43]
  gpio_loopback_zero[4]
  gpio_loopback_zero[5]
  gpio_loopback_zero[6]
  gpio_loopback_zero[7]
  gpio_loopback_zero[8]
  gpio_loopback_zero[9]
  mask_rev[0]
  mask_rev[10]
  mask_rev[11]
  mask_rev[12]
  mask_rev[13]
  mask_rev[14]
  mask_rev[15]
  mask_rev[16]
  mask_rev[17]
  mask_rev[18]
  mask_rev[19]
  mask_rev[1]
  mask_rev[20]
  mask_rev[21]
  mask_rev[22]
  mask_rev[23]
  mask_rev[24]
  mask_rev[25]
  mask_rev[26]
  mask_rev[27]
  mask_rev[28]
  mask_rev[29]
  mask_rev[2]
  mask_rev[30]
  mask_rev[31]
  mask_rev[3]
  mask_rev[4]
  mask_rev[5]
  mask_rev[6]
  mask_rev[7]
  mask_rev[8]
  mask_rev[9]
  por_l
  porb_h
  porb_l
  resetb_h
  resetb_l
Warning: There are 51 unclocked register/latch pins.
  _3204_/CLK
  _3205_/CLK
  _3206_/CLK
  _3207_/CLK
  _3208_/CLK
  _3209_/CLK
  _3210_/CLK
  _4022_/CLK
  _4023_/CLK
  _4024_/CLK
  _4025_/CLK
  _4026_/CLK
  _4027_/CLK
  _4028_/CLK
  _4029_/CLK
  _4030_/CLK
  _4031_/CLK
  _4032_/CLK
  _4033_/CLK
  _4034_/CLK
  _4035_/CLK
  _4036_/CLK
  _4037_/CLK
  _4038_/CLK
  _4039_/CLK
  _4040_/CLK
  _4041_/CLK
  _4042_/CLK
  _4043_/CLK
  _4044_/CLK
  _4045_/CLK
  _4046_/CLK
  _4047_/CLK
  _4048_/CLK
  _4049_/CLK
  _4050_/CLK
  _4051_/CLK
  _4052_/CLK
  _4053_/CLK
  _4054_/CLK
  _4055_/CLK
  _4056_/CLK
  _4057_/CLK
  _4058_/CLK
  _4059_/CLK
  _4060_/CLK
  _4061_/CLK
  _4062_/CLK
  _4063_/CLK
  _4064_/CLK
  _4065_/CLK
Warning: There are 717 unconstrained endpoints.
  analog_io[0]
  analog_io[10]
  analog_io[11]
  analog_io[12]
  analog_io[13]
  analog_io[14]
  analog_io[15]
  analog_io[16]
  analog_io[17]
  analog_io[18]
  analog_io[19]
  analog_io[1]
  analog_io[20]
  analog_io[21]
  analog_io[22]
  analog_io[23]
  analog_io[24]
  analog_io[25]
  analog_io[26]
  analog_io[27]
  analog_io[28]
  analog_io[29]
  analog_io[2]
  analog_io[30]
  analog_io[31]
  analog_io[32]
  analog_io[33]
  analog_io[34]
  analog_io[35]
  analog_io[36]
  analog_io[37]
  analog_io[38]
  analog_io[39]
  analog_io[3]
  analog_io[40]
  analog_io[41]
  analog_io[42]
  analog_io[43]
  analog_io[4]
  analog_io[5]
  analog_io[6]
  analog_io[7]
  analog_io[8]
  analog_io[9]
  analog_noesd_io[0]
  analog_noesd_io[10]
  analog_noesd_io[11]
  analog_noesd_io[12]
  analog_noesd_io[13]
  analog_noesd_io[14]
  analog_noesd_io[15]
  analog_noesd_io[16]
  analog_noesd_io[17]
  analog_noesd_io[18]
  analog_noesd_io[19]
  analog_noesd_io[1]
  analog_noesd_io[20]
  analog_noesd_io[21]
  analog_noesd_io[22]
  analog_noesd_io[23]
  analog_noesd_io[24]
  analog_noesd_io[25]
  analog_noesd_io[26]
  analog_noesd_io[27]
  analog_noesd_io[28]
  analog_noesd_io[29]
  analog_noesd_io[2]
  analog_noesd_io[30]
  analog_noesd_io[31]
  analog_noesd_io[32]
  analog_noesd_io[33]
  analog_noesd_io[34]
  analog_noesd_io[35]
  analog_noesd_io[36]
  analog_noesd_io[37]
  analog_noesd_io[38]
  analog_noesd_io[39]
  analog_noesd_io[3]
  analog_noesd_io[40]
  analog_noesd_io[41]
  analog_noesd_io[42]
  analog_noesd_io[43]
  analog_noesd_io[4]
  analog_noesd_io[5]
  analog_noesd_io[6]
  analog_noesd_io[7]
  analog_noesd_io[8]
  analog_noesd_io[9]
  gpio_analog_en[0]
  gpio_analog_en[10]
  gpio_analog_en[11]
  gpio_analog_en[12]
  gpio_analog_en[13]
  gpio_analog_en[14]
  gpio_analog_en[15]
  gpio_analog_en[16]
  gpio_analog_en[17]
  gpio_analog_en[18]
  gpio_analog_en[19]
  gpio_analog_en[1]
  gpio_analog_en[20]
  gpio_analog_en[21]
  gpio_analog_en[22]
  gpio_analog_en[23]
  gpio_analog_en[24]
  gpio_analog_en[25]
  gpio_analog_en[26]
  gpio_analog_en[27]
  gpio_analog_en[28]
  gpio_analog_en[29]
  gpio_analog_en[2]
  gpio_analog_en[30]
  gpio_analog_en[31]
  gpio_analog_en[32]
  gpio_analog_en[33]
  gpio_analog_en[34]
  gpio_analog_en[35]
  gpio_analog_en[36]
  gpio_analog_en[37]
  gpio_analog_en[38]
  gpio_analog_en[39]
  gpio_analog_en[3]
  gpio_analog_en[40]
  gpio_analog_en[41]
  gpio_analog_en[42]
  gpio_analog_en[43]
  gpio_analog_en[4]
  gpio_analog_en[5]
  gpio_analog_en[6]
  gpio_analog_en[7]
  gpio_analog_en[8]
  gpio_analog_en[9]
  gpio_analog_pol[0]
  gpio_analog_pol[10]
  gpio_analog_pol[11]
  gpio_analog_pol[12]
  gpio_analog_pol[13]
  gpio_analog_pol[14]
  gpio_analog_pol[15]
  gpio_analog_pol[16]
  gpio_analog_pol[17]
  gpio_analog_pol[18]
  gpio_analog_pol[19]
  gpio_analog_pol[1]
  gpio_analog_pol[20]
  gpio_analog_pol[21]
  gpio_analog_pol[22]
  gpio_analog_pol[23]
  gpio_analog_pol[24]
  gpio_analog_pol[25]
  gpio_analog_pol[26]
  gpio_analog_pol[27]
  gpio_analog_pol[28]
  gpio_analog_pol[29]
  gpio_analog_pol[2]
  gpio_analog_pol[30]
  gpio_analog_pol[31]
  gpio_analog_pol[32]
  gpio_analog_pol[33]
  gpio_analog_pol[34]
  gpio_analog_pol[35]
  gpio_analog_pol[36]
  gpio_analog_pol[37]
  gpio_analog_pol[38]
  gpio_analog_pol[39]
  gpio_analog_pol[3]
  gpio_analog_pol[40]
  gpio_analog_pol[41]
  gpio_analog_pol[42]
  gpio_analog_pol[43]
  gpio_analog_pol[4]
  gpio_analog_pol[5]
  gpio_analog_pol[6]
  gpio_analog_pol[7]
  gpio_analog_pol[8]
  gpio_analog_pol[9]
  gpio_analog_sel[0]
  gpio_analog_sel[10]
  gpio_analog_sel[11]
  gpio_analog_sel[12]
  gpio_analog_sel[13]
  gpio_analog_sel[14]
  gpio_analog_sel[15]
  gpio_analog_sel[16]
  gpio_analog_sel[17]
  gpio_analog_sel[18]
  gpio_analog_sel[19]
  gpio_analog_sel[1]
  gpio_analog_sel[20]
  gpio_analog_sel[21]
  gpio_analog_sel[22]
  gpio_analog_sel[23]
  gpio_analog_sel[24]
  gpio_analog_sel[25]
  gpio_analog_sel[26]
  gpio_analog_sel[27]
  gpio_analog_sel[28]
  gpio_analog_sel[29]
  gpio_analog_sel[2]
  gpio_analog_sel[30]
  gpio_analog_sel[31]
  gpio_analog_sel[32]
  gpio_analog_sel[33]
  gpio_analog_sel[34]
  gpio_analog_sel[35]
  gpio_analog_sel[36]
  gpio_analog_sel[37]
  gpio_analog_sel[38]
  gpio_analog_sel[39]
  gpio_analog_sel[3]
  gpio_analog_sel[40]
  gpio_analog_sel[41]
  gpio_analog_sel[42]
  gpio_analog_sel[43]
  gpio_analog_sel[4]
  gpio_analog_sel[5]
  gpio_analog_sel[6]
  gpio_analog_sel[7]
  gpio_analog_sel[8]
  gpio_analog_sel[9]
  gpio_dm0[0]
  gpio_dm0[10]
  gpio_dm0[11]
  gpio_dm0[12]
  gpio_dm0[13]
  gpio_dm0[14]
  gpio_dm0[15]
  gpio_dm0[16]
  gpio_dm0[17]
  gpio_dm0[18]
  gpio_dm0[19]
  gpio_dm0[1]
  gpio_dm0[20]
  gpio_dm0[21]
  gpio_dm0[22]
  gpio_dm0[23]
  gpio_dm0[24]
  gpio_dm0[25]
  gpio_dm0[26]
  gpio_dm0[27]
  gpio_dm0[28]
  gpio_dm0[29]
  gpio_dm0[2]
  gpio_dm0[30]
  gpio_dm0[31]
  gpio_dm0[32]
  gpio_dm0[33]
  gpio_dm0[34]
  gpio_dm0[35]
  gpio_dm0[36]
  gpio_dm0[37]
  gpio_dm0[38]
  gpio_dm0[39]
  gpio_dm0[3]
  gpio_dm0[40]
  gpio_dm0[41]
  gpio_dm0[42]
  gpio_dm0[43]
  gpio_dm0[4]
  gpio_dm0[5]
  gpio_dm0[6]
  gpio_dm0[7]
  gpio_dm0[8]
  gpio_dm0[9]
  gpio_dm1[0]
  gpio_dm1[10]
  gpio_dm1[11]
  gpio_dm1[12]
  gpio_dm1[13]
  gpio_dm1[14]
  gpio_dm1[15]
  gpio_dm1[16]
  gpio_dm1[17]
  gpio_dm1[18]
  gpio_dm1[19]
  gpio_dm1[1]
  gpio_dm1[20]
  gpio_dm1[21]
  gpio_dm1[22]
  gpio_dm1[23]
  gpio_dm1[24]
  gpio_dm1[25]
  gpio_dm1[26]
  gpio_dm1[27]
  gpio_dm1[28]
  gpio_dm1[29]
  gpio_dm1[2]
  gpio_dm1[30]
  gpio_dm1[31]
  gpio_dm1[32]
  gpio_dm1[33]
  gpio_dm1[34]
  gpio_dm1[35]
  gpio_dm1[36]
  gpio_dm1[37]
  gpio_dm1[38]
  gpio_dm1[39]
  gpio_dm1[3]
  gpio_dm1[40]
  gpio_dm1[41]
  gpio_dm1[42]
  gpio_dm1[43]
  gpio_dm1[4]
  gpio_dm1[5]
  gpio_dm1[6]
  gpio_dm1[7]
  gpio_dm1[8]
  gpio_dm1[9]
  gpio_dm2[0]
  gpio_dm2[10]
  gpio_dm2[11]
  gpio_dm2[12]
  gpio_dm2[13]
  gpio_dm2[14]
  gpio_dm2[15]
  gpio_dm2[16]
  gpio_dm2[17]
  gpio_dm2[18]
  gpio_dm2[19]
  gpio_dm2[1]
  gpio_dm2[20]
  gpio_dm2[21]
  gpio_dm2[22]
  gpio_dm2[23]
  gpio_dm2[24]
  gpio_dm2[25]
  gpio_dm2[26]
  gpio_dm2[27]
  gpio_dm2[28]
  gpio_dm2[29]
  gpio_dm2[2]
  gpio_dm2[30]
  gpio_dm2[31]
  gpio_dm2[32]
  gpio_dm2[33]
  gpio_dm2[34]
  gpio_dm2[35]
  gpio_dm2[36]
  gpio_dm2[37]
  gpio_dm2[38]
  gpio_dm2[39]
  gpio_dm2[3]
  gpio_dm2[40]
  gpio_dm2[41]
  gpio_dm2[42]
  gpio_dm2[43]
  gpio_dm2[4]
  gpio_dm2[5]
  gpio_dm2[6]
  gpio_dm2[7]
  gpio_dm2[8]
  gpio_dm2[9]
  gpio_holdover[0]
  gpio_holdover[10]
  gpio_holdover[11]
  gpio_holdover[12]
  gpio_holdover[13]
  gpio_holdover[14]
  gpio_holdover[15]
  gpio_holdover[16]
  gpio_holdover[17]
  gpio_holdover[18]
  gpio_holdover[19]
  gpio_holdover[1]
  gpio_holdover[20]
  gpio_holdover[21]
  gpio_holdover[22]
  gpio_holdover[23]
  gpio_holdover[24]
  gpio_holdover[25]
  gpio_holdover[26]
  gpio_holdover[27]
  gpio_holdover[28]
  gpio_holdover[29]
  gpio_holdover[2]
  gpio_holdover[30]
  gpio_holdover[31]
  gpio_holdover[32]
  gpio_holdover[33]
  gpio_holdover[34]
  gpio_holdover[35]
  gpio_holdover[36]
  gpio_holdover[37]
  gpio_holdover[38]
  gpio_holdover[39]
  gpio_holdover[3]
  gpio_holdover[40]
  gpio_holdover[41]
  gpio_holdover[42]
  gpio_holdover[43]
  gpio_holdover[4]
  gpio_holdover[5]
  gpio_holdover[6]
  gpio_holdover[7]
  gpio_holdover[8]
  gpio_holdover[9]
  gpio_ib_mode_sel[0]
  gpio_ib_mode_sel[10]
  gpio_ib_mode_sel[11]
  gpio_ib_mode_sel[12]
  gpio_ib_mode_sel[13]
  gpio_ib_mode_sel[14]
  gpio_ib_mode_sel[15]
  gpio_ib_mode_sel[16]
  gpio_ib_mode_sel[17]
  gpio_ib_mode_sel[18]
  gpio_ib_mode_sel[19]
  gpio_ib_mode_sel[1]
  gpio_ib_mode_sel[20]
  gpio_ib_mode_sel[21]
  gpio_ib_mode_sel[22]
  gpio_ib_mode_sel[23]
  gpio_ib_mode_sel[24]
  gpio_ib_mode_sel[25]
  gpio_ib_mode_sel[26]
  gpio_ib_mode_sel[27]
  gpio_ib_mode_sel[28]
  gpio_ib_mode_sel[29]
  gpio_ib_mode_sel[2]
  gpio_ib_mode_sel[30]
  gpio_ib_mode_sel[31]
  gpio_ib_mode_sel[32]
  gpio_ib_mode_sel[33]
  gpio_ib_mode_sel[34]
  gpio_ib_mode_sel[35]
  gpio_ib_mode_sel[36]
  gpio_ib_mode_sel[37]
  gpio_ib_mode_sel[38]
  gpio_ib_mode_sel[39]
  gpio_ib_mode_sel[3]
  gpio_ib_mode_sel[40]
  gpio_ib_mode_sel[41]
  gpio_ib_mode_sel[42]
  gpio_ib_mode_sel[43]
  gpio_ib_mode_sel[4]
  gpio_ib_mode_sel[5]
  gpio_ib_mode_sel[6]
  gpio_ib_mode_sel[7]
  gpio_ib_mode_sel[8]
  gpio_ib_mode_sel[9]
  gpio_inp_dis[0]
  gpio_inp_dis[10]
  gpio_inp_dis[11]
  gpio_inp_dis[12]
  gpio_inp_dis[13]
  gpio_inp_dis[14]
  gpio_inp_dis[15]
  gpio_inp_dis[16]
  gpio_inp_dis[17]
  gpio_inp_dis[18]
  gpio_inp_dis[19]
  gpio_inp_dis[1]
  gpio_inp_dis[20]
  gpio_inp_dis[21]
  gpio_inp_dis[22]
  gpio_inp_dis[23]
  gpio_inp_dis[24]
  gpio_inp_dis[25]
  gpio_inp_dis[26]
  gpio_inp_dis[27]
  gpio_inp_dis[28]
  gpio_inp_dis[29]
  gpio_inp_dis[2]
  gpio_inp_dis[30]
  gpio_inp_dis[31]
  gpio_inp_dis[32]
  gpio_inp_dis[33]
  gpio_inp_dis[34]
  gpio_inp_dis[35]
  gpio_inp_dis[36]
  gpio_inp_dis[37]
  gpio_inp_dis[38]
  gpio_inp_dis[39]
  gpio_inp_dis[3]
  gpio_inp_dis[40]
  gpio_inp_dis[41]
  gpio_inp_dis[42]
  gpio_inp_dis[43]
  gpio_inp_dis[4]
  gpio_inp_dis[5]
  gpio_inp_dis[6]
  gpio_inp_dis[7]
  gpio_inp_dis[8]
  gpio_inp_dis[9]
  gpio_oeb[0]
  gpio_oeb[10]
  gpio_oeb[11]
  gpio_oeb[12]
  gpio_oeb[13]
  gpio_oeb[14]
  gpio_oeb[15]
  gpio_oeb[16]
  gpio_oeb[17]
  gpio_oeb[18]
  gpio_oeb[19]
  gpio_oeb[1]
  gpio_oeb[20]
  gpio_oeb[21]
  gpio_oeb[22]
  gpio_oeb[23]
  gpio_oeb[24]
  gpio_oeb[25]
  gpio_oeb[26]
  gpio_oeb[27]
  gpio_oeb[28]
  gpio_oeb[29]
  gpio_oeb[2]
  gpio_oeb[30]
  gpio_oeb[31]
  gpio_oeb[32]
  gpio_oeb[33]
  gpio_oeb[34]
  gpio_oeb[35]
  gpio_oeb[36]
  gpio_oeb[37]
  gpio_oeb[38]
  gpio_oeb[39]
  gpio_oeb[3]
  gpio_oeb[40]
  gpio_oeb[41]
  gpio_oeb[42]
  gpio_oeb[43]
  gpio_oeb[4]
  gpio_oeb[5]
  gpio_oeb[6]
  gpio_oeb[7]
  gpio_oeb[8]
  gpio_oeb[9]
  gpio_out[0]
  gpio_out[10]
  gpio_out[11]
  gpio_out[12]
  gpio_out[13]
  gpio_out[14]
  gpio_out[15]
  gpio_out[16]
  gpio_out[17]
  gpio_out[18]
  gpio_out[19]
  gpio_out[1]
  gpio_out[20]
  gpio_out[21]
  gpio_out[22]
  gpio_out[23]
  gpio_out[24]
  gpio_out[25]
  gpio_out[26]
  gpio_out[27]
  gpio_out[28]
  gpio_out[29]
  gpio_out[2]
  gpio_out[30]
  gpio_out[31]
  gpio_out[32]
  gpio_out[33]
  gpio_out[34]
  gpio_out[35]
  gpio_out[36]
  gpio_out[37]
  gpio_out[38]
  gpio_out[39]
  gpio_out[3]
  gpio_out[40]
  gpio_out[41]
  gpio_out[42]
  gpio_out[43]
  gpio_out[4]
  gpio_out[5]
  gpio_out[6]
  gpio_out[7]
  gpio_out[8]
  gpio_out[9]
  gpio_slow_sel[0]
  gpio_slow_sel[10]
  gpio_slow_sel[11]
  gpio_slow_sel[12]
  gpio_slow_sel[13]
  gpio_slow_sel[14]
  gpio_slow_sel[15]
  gpio_slow_sel[16]
  gpio_slow_sel[17]
  gpio_slow_sel[18]
  gpio_slow_sel[19]
  gpio_slow_sel[1]
  gpio_slow_sel[20]
  gpio_slow_sel[21]
  gpio_slow_sel[22]
  gpio_slow_sel[23]
  gpio_slow_sel[24]
  gpio_slow_sel[25]
  gpio_slow_sel[26]
  gpio_slow_sel[27]
  gpio_slow_sel[28]
  gpio_slow_sel[29]
  gpio_slow_sel[2]
  gpio_slow_sel[30]
  gpio_slow_sel[31]
  gpio_slow_sel[32]
  gpio_slow_sel[33]
  gpio_slow_sel[34]
  gpio_slow_sel[35]
  gpio_slow_sel[36]
  gpio_slow_sel[37]
  gpio_slow_sel[38]
  gpio_slow_sel[39]
  gpio_slow_sel[3]
  gpio_slow_sel[40]
  gpio_slow_sel[41]
  gpio_slow_sel[42]
  gpio_slow_sel[43]
  gpio_slow_sel[4]
  gpio_slow_sel[5]
  gpio_slow_sel[6]
  gpio_slow_sel[7]
  gpio_slow_sel[8]
  gpio_slow_sel[9]
  gpio_vtrip_sel[0]
  gpio_vtrip_sel[10]
  gpio_vtrip_sel[11]
  gpio_vtrip_sel[12]
  gpio_vtrip_sel[13]
  gpio_vtrip_sel[14]
  gpio_vtrip_sel[15]
  gpio_vtrip_sel[16]
  gpio_vtrip_sel[17]
  gpio_vtrip_sel[18]
  gpio_vtrip_sel[19]
  gpio_vtrip_sel[1]
  gpio_vtrip_sel[20]
  gpio_vtrip_sel[21]
  gpio_vtrip_sel[22]
  gpio_vtrip_sel[23]
  gpio_vtrip_sel[24]
  gpio_vtrip_sel[25]
  gpio_vtrip_sel[26]
  gpio_vtrip_sel[27]
  gpio_vtrip_sel[28]
  gpio_vtrip_sel[29]
  gpio_vtrip_sel[2]
  gpio_vtrip_sel[30]
  gpio_vtrip_sel[31]
  gpio_vtrip_sel[32]
  gpio_vtrip_sel[33]
  gpio_vtrip_sel[34]
  gpio_vtrip_sel[35]
  gpio_vtrip_sel[36]
  gpio_vtrip_sel[37]
  gpio_vtrip_sel[38]
  gpio_vtrip_sel[39]
  gpio_vtrip_sel[3]
  gpio_vtrip_sel[40]
  gpio_vtrip_sel[41]
  gpio_vtrip_sel[42]
  gpio_vtrip_sel[43]
  gpio_vtrip_sel[4]
  gpio_vtrip_sel[5]
  gpio_vtrip_sel[6]
  gpio_vtrip_sel[7]
  gpio_vtrip_sel[8]
  gpio_vtrip_sel[9]
  _3204_/D
  _3205_/D
  _3206_/D
  _3207_/D
  _3208_/D
  _3209_/D
  _3210_/D
  _3689_/D
  _3690_/D
  _3691_/D
  _4016_/D
  _4018_/D
  _4019_/D
  _4022_/D
  _4023_/D
  _4024_/D
  _4025_/D
  _4026_/D
  _4027_/D
  _4028_/D
  _4029_/D
  _4030_/D
  _4031_/D
  _4032_/D
  _4033_/D
  _4034_/D
  _4035_/D
  _4036_/D
  _4037_/D
  _4038_/D
  _4039_/D
  _4040_/D
  _4041_/D
  _4042_/D
  _4043_/D
  _4044_/D
  _4045_/D
  _4046_/D
  _4047_/D
  _4048_/D
  _4049_/D
  _4050_/D
  _4051_/D
  _4052_/D
  _4053_/D
  _4054_/D
  _4055_/D
  _4056_/D
  _4057_/D
  _4058_/D
  _4059_/D
  _4060_/D
  _4061_/D
  _4062_/D
  _4063_/D
  _4064_/D
  _4065_/D
Warning: There is 1 combinational loop in the design.
  fanout1159/A
  fanout1159/X
  u_owire.u_ip.osc_i0/A
  u_owire.u_ip.osc_i0/Y
  u_owire.u_ip.osc_i1/A
  u_owire.u_ip.osc_i1/Y
  u_owire.u_ip.osc_i2/A
  u_owire.u_ip.osc_i2/Y
  fanout1160/A
  fanout1160/X
  | loop cut point
  fanout1159/A
  --------------------------------
