Clock: clk
Sources: gpio_in[38] 
Generated: no
Virtual: yes
Propagated: no
Period: 40.000000

===========================================================================
report_clock_properties
============================================================================
Clock                   Period          Waveform
----------------------------------------------------
clk                  40.000000    0.000000 20.000000

===========================================================================
report_clock_latency
============================================================================
Clock clk
rise -> rise
    min     max
0.000000 0.000000 source latency
1.014767         network latency _3916_/CLK
        1.797090 network latency _3615_/CLK
---------------
1.014767 1.797090 latency
        0.782323 skew

fall -> fall
    min     max
0.000000 0.000000 source latency
1.200499         network latency _3916_/CLK
        2.107726 network latency _3615_/CLK
---------------
1.200499 2.107726 latency
        0.907226 skew



===========================================================================
report_clock_min_period
============================================================================
clk period_min = 6.02 fmax = 166.11
