
===========================================================================
 report_power
============================================================================
======================= nom_ff_n40C_1v95 Corner ===================================

Group                    Internal    Switching      Leakage        Total
                            Power        Power        Power        Power (Watts)
------------------------------------------------------------------------
Sequential           9.537648e-04 1.033918e-06 1.431631e-08 9.548130e-04  47.1%
Combinational        2.183574e-06 2.602251e-06 1.468764e-07 4.932702e-06   0.2%
Clock                3.077482e-04 7.575381e-04 3.009897e-08 1.065316e-03  52.6%
Macro                0.000000e+00 0.000000e+00 0.000000e+00 0.000000e+00   0.0%
Pad                  0.000000e+00 0.000000e+00 0.000000e+00 0.000000e+00   0.0%
------------------------------------------------------------------------
Total                1.263697e-03 7.611744e-04 1.912987e-07 2.025063e-03 100.0%
                            62.4%        37.6%         0.0%

