
===========================================================================
report_checks -unconstrained
===========================================================================
======================= max_tt_025C_1v80 Corner ===================================

Startpoint: _4017_ (rising edge-triggered flip-flop clocked by clk)
Endpoint: _3958_ (recovery check against rising-edge clock clk)
Path Group: asynchronous
Path Type: max

Fanout         Cap        Slew       Delay        Time   Description
---------------------------------------------------------------------------------------------
                                  0.000000    0.000000   clock clk (rise edge)
                                  0.000000    0.000000   clock source latency
     5    0.346676    1.190000    0.000000    0.000000 ^ gpio_in[38] (in)
                                                         gpio_in[38] (net)
                      2.040126    0.446316    0.446316 ^ clkbuf_0_gpio_in[38]/A (sky130_fd_sc_hd__clkbuf_16)
     5    0.098753    0.158047    0.467909    0.914225 ^ clkbuf_0_gpio_in[38]/X (sky130_fd_sc_hd__clkbuf_16)
                                                         clknet_0_gpio_in[38] (net)
                      0.160410    0.016173    0.930398 ^ clkbuf_1_0_0_gpio_in[38]/A (sky130_fd_sc_hd__clkbuf_8)
     3    0.033448    0.072428    0.196822    1.127221 ^ clkbuf_1_0_0_gpio_in[38]/X (sky130_fd_sc_hd__clkbuf_8)
                                                         clknet_1_0_0_gpio_in[38] (net)
                      0.073213    0.006172    1.133393 ^ clkbuf_1_0_1_gpio_in[38]/A (sky130_fd_sc_hd__clkbuf_8)
     5    0.085147    0.154394    0.216889    1.350282 ^ clkbuf_1_0_1_gpio_in[38]/X (sky130_fd_sc_hd__clkbuf_8)
                                                         clknet_1_0_1_gpio_in[38] (net)
                      0.161942    0.027911    1.378192 ^ clkbuf_2_1_0_gpio_in[38]/A (sky130_fd_sc_hd__clkbuf_8)
     5    0.072518    0.136615    0.234193    1.612386 ^ clkbuf_2_1_0_gpio_in[38]/X (sky130_fd_sc_hd__clkbuf_8)
                                                         clknet_2_1_0_gpio_in[38] (net)
                      0.144165    0.026157    1.638543 ^ clkbuf_3_2_0_gpio_in[38]/A (sky130_fd_sc_hd__clkbuf_8)
     3    0.059818    0.115312    0.217024    1.855566 ^ clkbuf_3_2_0_gpio_in[38]/X (sky130_fd_sc_hd__clkbuf_8)
                                                         clknet_3_2_0_gpio_in[38] (net)
                      0.120588    0.020117    1.875684 ^ clkbuf_3_2_1_gpio_in[38]/A (sky130_fd_sc_hd__clkbuf_8)
    37    0.573915    0.913015    0.599832    2.475515 ^ clkbuf_3_2_1_gpio_in[38]/X (sky130_fd_sc_hd__clkbuf_8)
                                                         clknet_3_2_1_gpio_in[38] (net)
                      1.304125    0.502957    2.978473 ^ clkbuf_leaf_57_gpio_in[38]/A (sky130_fd_sc_hd__clkbuf_8)
     3    0.040891    0.107568    0.387201    3.365673 ^ clkbuf_leaf_57_gpio_in[38]/X (sky130_fd_sc_hd__clkbuf_8)
                                                         clknet_leaf_57_gpio_in[38] (net)
                      0.107669    0.003039    3.368712 ^ _4017_/CLK (sky130_fd_sc_hd__dfrtp_4)
     3    0.014341    0.076175    0.465055    3.833767 ^ _4017_/Q (sky130_fd_sc_hd__dfrtp_4)
                                                         u_chip_core.fabric_spi_controller.rst_ni (net)
                      0.076264    0.001263    3.835031 ^ hold1666/A (sky130_fd_sc_hd__dlygate4sd3_1)
     1    0.017104    0.181594    0.680018    4.515049 ^ hold1666/X (sky130_fd_sc_hd__dlygate4sd3_1)
                                                         net3142 (net)
                      0.181605    0.001691    4.516740 ^ wire1340/A (sky130_fd_sc_hd__buf_8)
     5    0.111060    0.183198    0.228189    4.744929 ^ wire1340/X (sky130_fd_sc_hd__buf_8)
                                                         net1340 (net)
                      0.199444    0.044287    4.789216 ^ wire1339/A (sky130_fd_sc_hd__clkbuf_16)
     3    0.060794    0.079910    0.213063    5.002279 ^ wire1339/X (sky130_fd_sc_hd__clkbuf_16)
                                                         net1339 (net)
                      0.087115    0.019220    5.021499 ^ fanout1338/A (sky130_fd_sc_hd__clkbuf_16)
    15    1.245767    1.163424    0.553625    5.575124 ^ fanout1338/X (sky130_fd_sc_hd__clkbuf_16)
                                                         net1338 (net)
                      1.744540    0.719429    6.294553 ^ fanout1336/A (sky130_fd_sc_hd__clkbuf_16)
    21    0.242956    0.244302    0.488013    6.782566 ^ fanout1336/X (sky130_fd_sc_hd__clkbuf_16)
                                                         net1336 (net)
                      0.402975    0.167734    6.950300 ^ _1458_/C (sky130_fd_sc_hd__and3b_4)
     1    0.024589    0.108483    0.323187    7.273488 ^ _1458_/X (sky130_fd_sc_hd__and3b_4)
                                                         u_chip_core.fabric_config_small.rst_ni (net)
                      0.108581    0.003058    7.276546 ^ hold1159/A (sky130_fd_sc_hd__dlygate4sd3_1)
     1    0.029247    0.294156    0.774755    8.051301 ^ hold1159/X (sky130_fd_sc_hd__dlygate4sd3_1)
                                                         net2635 (net)
                      0.294187    0.003300    8.054601 ^ fanout1318/A (sky130_fd_sc_hd__buf_12)
    13    1.252577    0.880350    0.375468    8.430068 ^ fanout1318/X (sky130_fd_sc_hd__buf_12)
                                                         net1318 (net)
                      1.958156    0.831010    9.261079 ^ hold1160/A (sky130_fd_sc_hd__buf_8)
     3    0.312308    0.485792    0.458896    9.719975 ^ hold1160/X (sky130_fd_sc_hd__buf_8)
                                                         net2636 (net)
                      0.610267    0.201301    9.921276 ^ fanout1308/A (sky130_fd_sc_hd__buf_12)
    13    0.240181    0.250210    0.286626   10.207902 ^ fanout1308/X (sky130_fd_sc_hd__buf_12)
                                                         net1308 (net)
                      0.250650    0.012422   10.220324 ^ fanout1307/A (sky130_fd_sc_hd__clkbuf_16)
    15    0.201484    0.197107    0.273869   10.494192 ^ fanout1307/X (sky130_fd_sc_hd__clkbuf_16)
                                                         net1307 (net)
                      0.306903    0.124472   10.618665 ^ fanout1305/A (sky130_fd_sc_hd__buf_4)
    24    0.100672    0.278561    0.364802   10.983467 ^ fanout1305/X (sky130_fd_sc_hd__buf_4)
                                                         net1305 (net)
                      0.278780    0.006878   10.990345 ^ _3958_/RESET_B (sky130_fd_sc_hd__dfrtp_4)
                                             10.990345   data arrival time

                                 40.000000   40.000000   clock clk (rise edge)
                                  0.000000   40.000000   clock source latency
     5    0.346676    1.000000    0.000000   40.000000 ^ gpio_in[38] (in)
                                                         gpio_in[38] (net)
                      1.850126    0.403809   40.403809 ^ clkbuf_0_gpio_in[38]/A (sky130_fd_sc_hd__clkbuf_16)
     5    0.098753    0.153873    0.406480   40.810291 ^ clkbuf_0_gpio_in[38]/X (sky130_fd_sc_hd__clkbuf_16)
                                                         clknet_0_gpio_in[38] (net)
                      0.156307    0.014627   40.824917 ^ clkbuf_1_0_0_gpio_in[38]/A (sky130_fd_sc_hd__clkbuf_8)
     3    0.033448    0.072362    0.176847   41.001762 ^ clkbuf_1_0_0_gpio_in[38]/X (sky130_fd_sc_hd__clkbuf_8)
                                                         clknet_1_0_0_gpio_in[38] (net)
                      0.073148    0.005585   41.007347 ^ clkbuf_1_0_1_gpio_in[38]/A (sky130_fd_sc_hd__clkbuf_8)
     5    0.085147    0.154394    0.196209   41.203556 ^ clkbuf_1_0_1_gpio_in[38]/X (sky130_fd_sc_hd__clkbuf_8)
                                                         clknet_1_0_1_gpio_in[38] (net)
                      0.161942    0.025253   41.228809 ^ clkbuf_2_1_0_gpio_in[38]/A (sky130_fd_sc_hd__clkbuf_8)
     5    0.072518    0.136615    0.211891   41.440701 ^ clkbuf_2_1_0_gpio_in[38]/X (sky130_fd_sc_hd__clkbuf_8)
                                                         clknet_2_1_0_gpio_in[38] (net)
                      0.144215    0.023743   41.464443 ^ clkbuf_3_3_0_gpio_in[38]/A (sky130_fd_sc_hd__clkbuf_8)
     3    0.086969    0.157258    0.214325   41.678768 ^ clkbuf_3_3_0_gpio_in[38]/X (sky130_fd_sc_hd__clkbuf_8)
                                                         clknet_3_3_0_gpio_in[38] (net)
                      0.171133    0.033893   41.712662 ^ clkbuf_3_3_1_gpio_in[38]/A (sky130_fd_sc_hd__clkbuf_8)
    23    0.181184    0.312348    0.322785   42.035446 ^ clkbuf_3_3_1_gpio_in[38]/X (sky130_fd_sc_hd__clkbuf_8)
                                                         clknet_3_3_1_gpio_in[38] (net)
                      0.329271    0.053934   42.089382 ^ clkbuf_leaf_95_gpio_in[38]/A (sky130_fd_sc_hd__clkbuf_8)
     3    0.032478    0.074086    0.222748   42.312130 ^ clkbuf_leaf_95_gpio_in[38]/X (sky130_fd_sc_hd__clkbuf_8)
                                                         clknet_leaf_95_gpio_in[38] (net)
                      0.074092    0.000785   42.312912 ^ _3958_/CLK (sky130_fd_sc_hd__dfrtp_4)
                                 -0.100000   42.212914   clock uncertainty
                                  0.171686   42.384602   clock reconvergence pessimism
                                  0.150855   42.535454   library recovery time
                                             42.535454   data required time
---------------------------------------------------------------------------------------------
                                             42.535454   data required time
                                            -10.990345   data arrival time
---------------------------------------------------------------------------------------------
                                             31.545111   slack (MET)


Startpoint: _4017_ (rising edge-triggered flip-flop clocked by clk)
Endpoint: _3203_ (rising edge-triggered flip-flop clocked by clk)
Path Group: clk
Path Type: max

Fanout         Cap        Slew       Delay        Time   Description
---------------------------------------------------------------------------------------------
                                  0.000000    0.000000   clock clk (rise edge)
                                  0.000000    0.000000   clock source latency
     5    0.346676    1.190000    0.000000    0.000000 ^ gpio_in[38] (in)
                                                         gpio_in[38] (net)
                      2.040126    0.446316    0.446316 ^ clkbuf_0_gpio_in[38]/A (sky130_fd_sc_hd__clkbuf_16)
     5    0.098753    0.158047    0.467909    0.914225 ^ clkbuf_0_gpio_in[38]/X (sky130_fd_sc_hd__clkbuf_16)
                                                         clknet_0_gpio_in[38] (net)
                      0.160410    0.016173    0.930398 ^ clkbuf_1_0_0_gpio_in[38]/A (sky130_fd_sc_hd__clkbuf_8)
     3    0.033448    0.072428    0.196822    1.127221 ^ clkbuf_1_0_0_gpio_in[38]/X (sky130_fd_sc_hd__clkbuf_8)
                                                         clknet_1_0_0_gpio_in[38] (net)
                      0.073213    0.006172    1.133393 ^ clkbuf_1_0_1_gpio_in[38]/A (sky130_fd_sc_hd__clkbuf_8)
     5    0.085147    0.154394    0.216889    1.350282 ^ clkbuf_1_0_1_gpio_in[38]/X (sky130_fd_sc_hd__clkbuf_8)
                                                         clknet_1_0_1_gpio_in[38] (net)
                      0.161942    0.027911    1.378192 ^ clkbuf_2_1_0_gpio_in[38]/A (sky130_fd_sc_hd__clkbuf_8)
     5    0.072518    0.136615    0.234193    1.612386 ^ clkbuf_2_1_0_gpio_in[38]/X (sky130_fd_sc_hd__clkbuf_8)
                                                         clknet_2_1_0_gpio_in[38] (net)
                      0.144165    0.026157    1.638543 ^ clkbuf_3_2_0_gpio_in[38]/A (sky130_fd_sc_hd__clkbuf_8)
     3    0.059818    0.115312    0.217024    1.855566 ^ clkbuf_3_2_0_gpio_in[38]/X (sky130_fd_sc_hd__clkbuf_8)
                                                         clknet_3_2_0_gpio_in[38] (net)
                      0.120588    0.020117    1.875684 ^ clkbuf_3_2_1_gpio_in[38]/A (sky130_fd_sc_hd__clkbuf_8)
    37    0.573915    0.913015    0.599832    2.475515 ^ clkbuf_3_2_1_gpio_in[38]/X (sky130_fd_sc_hd__clkbuf_8)
                                                         clknet_3_2_1_gpio_in[38] (net)
                      1.304125    0.502957    2.978473 ^ clkbuf_leaf_57_gpio_in[38]/A (sky130_fd_sc_hd__clkbuf_8)
     3    0.040891    0.107568    0.387201    3.365673 ^ clkbuf_leaf_57_gpio_in[38]/X (sky130_fd_sc_hd__clkbuf_8)
                                                         clknet_leaf_57_gpio_in[38] (net)
                      0.107669    0.003039    3.368712 ^ _4017_/CLK (sky130_fd_sc_hd__dfrtp_4)
     3    0.014341    0.076175    0.465055    3.833767 ^ _4017_/Q (sky130_fd_sc_hd__dfrtp_4)
                                                         u_chip_core.fabric_spi_controller.rst_ni (net)
                      0.076264    0.001263    3.835031 ^ hold1666/A (sky130_fd_sc_hd__dlygate4sd3_1)
     1    0.017104    0.181594    0.680018    4.515049 ^ hold1666/X (sky130_fd_sc_hd__dlygate4sd3_1)
                                                         net3142 (net)
                      0.181605    0.001691    4.516740 ^ wire1340/A (sky130_fd_sc_hd__buf_8)
     5    0.111060    0.183198    0.228189    4.744929 ^ wire1340/X (sky130_fd_sc_hd__buf_8)
                                                         net1340 (net)
                      0.188230    0.025123    4.770053 ^ fanout1335/A (sky130_fd_sc_hd__buf_12)
    13    0.480516    0.471001    0.265023    5.035076 ^ fanout1335/X (sky130_fd_sc_hd__buf_12)
                                                         net1335 (net)
                      0.832240    0.370095    5.405170 ^ fanout1333/A (sky130_fd_sc_hd__buf_8)
    11    0.167819    0.272055    0.328838    5.734008 ^ fanout1333/X (sky130_fd_sc_hd__buf_8)
                                                         net1333 (net)
                      0.294113    0.061713    5.795721 ^ fanout1332/A (sky130_fd_sc_hd__clkbuf_16)
    19    0.294900    0.259836    0.297780    6.093501 ^ fanout1332/X (sky130_fd_sc_hd__clkbuf_16)
                                                         net1332 (net)
                      0.259985    0.008416    6.101917 ^ fanout1331/A (sky130_fd_sc_hd__buf_6)
    13    0.153273    0.303867    0.325288    6.427205 ^ fanout1331/X (sky130_fd_sc_hd__buf_6)
                                                         net1331 (net)
                      0.303927    0.004013    6.431218 ^ fanout1330/A (sky130_fd_sc_hd__clkbuf_8)
    19    0.127889    0.226373    0.342562    6.773779 ^ fanout1330/X (sky130_fd_sc_hd__clkbuf_8)
                                                         net1330 (net)
                      0.230964    0.026996    6.800775 ^ fanout1329/A (sky130_fd_sc_hd__buf_4)
    17    0.097806    0.272365    0.330005    7.130781 ^ fanout1329/X (sky130_fd_sc_hd__buf_4)
                                                         net1329 (net)
                      0.272540    0.006278    7.137059 ^ fanout1328/A (sky130_fd_sc_hd__clkbuf_4)
    21    0.078168    0.236491    0.364383    7.501441 ^ fanout1328/X (sky130_fd_sc_hd__clkbuf_4)
                                                         net1328 (net)
                      0.236581    0.004062    7.505503 ^ fanout1327/A (sky130_fd_sc_hd__clkbuf_4)
    17    0.071188    0.216548    0.339814    7.845317 ^ fanout1327/X (sky130_fd_sc_hd__clkbuf_4)
                                                         net1327 (net)
                      0.216595    0.002808    7.848126 ^ fanout1322/A (sky130_fd_sc_hd__buf_2)
    10    0.043820    0.215783    0.294699    8.142825 ^ fanout1322/X (sky130_fd_sc_hd__buf_2)
                                                         net1322 (net)
                      0.215987    0.005751    8.148577 ^ _1946_/A (sky130_fd_sc_hd__and2_1)
     1    0.016859    0.173198    0.265027    8.413604 ^ _1946_/X (sky130_fd_sc_hd__and2_1)
                                                         _0916_ (net)
                      0.173217    0.001998    8.415601 ^ fanout1276/A (sky130_fd_sc_hd__buf_12)
    13    0.841115    0.837499    0.487855    8.903456 ^ fanout1276/X (sky130_fd_sc_hd__buf_12)
                                                         net1276 (net)
                      0.837942    0.022686    8.926142 ^ fanout1274/A (sky130_fd_sc_hd__buf_12)
    21    0.579695    0.619555    0.447661    9.373802 ^ fanout1274/X (sky130_fd_sc_hd__buf_12)
                                                         net1274 (net)
                      0.623068    0.047766    9.421569 ^ _1948_/B (sky130_fd_sc_hd__and3_1)
     1    0.005486    0.079697    0.285868    9.707437 ^ _1948_/X (sky130_fd_sc_hd__and3_1)
                                                         _0918_ (net)
                      0.079699    0.000537    9.707974 ^ _1954_/A (sky130_fd_sc_hd__and4_1)
     1    0.011265    0.125540    0.245366    9.953340 ^ _1954_/X (sky130_fd_sc_hd__and4_1)
                                                         _0924_ (net)
                      0.125550    0.001291    9.954631 ^ _1955_/D_N (sky130_fd_sc_hd__or4b_4)
     7    0.079839    0.193137    0.657704   10.612335 v _1955_/X (sky130_fd_sc_hd__or4b_4)
                                                         _0925_ (net)
                      0.195372    0.016991   10.629326 v hold1566/A (sky130_fd_sc_hd__dlygate4sd3_1)
     3    0.040639    0.217623    0.822730   11.452057 v hold1566/X (sky130_fd_sc_hd__dlygate4sd3_1)
                                                         net3042 (net)
                      0.218008    0.008472   11.460528 v _1956_/B (sky130_fd_sc_hd__nand2b_2)
     5    0.025585    0.156837    0.226215   11.686745 ^ _1956_/Y (sky130_fd_sc_hd__nand2b_2)
                                                         _0926_ (net)
                      0.156891    0.002458   11.689203 ^ hold1567/A (sky130_fd_sc_hd__dlygate4sd3_1)
     1    0.009157    0.107973    0.644836   12.334039 ^ hold1567/X (sky130_fd_sc_hd__dlygate4sd3_1)
                                                         net3043 (net)
                      0.108076    0.000790   12.334829 ^ _1961_/B1 (sky130_fd_sc_hd__o211a_1)
     1    0.006407    0.069748    0.186119   12.520948 ^ _1961_/X (sky130_fd_sc_hd__o211a_1)
                                                         _0004_ (net)
                      0.069750    0.000504   12.521453 ^ hold1568/A (sky130_fd_sc_hd__dlygate4sd3_1)
     1    0.005286    0.074596    0.590400   13.111853 ^ hold1568/X (sky130_fd_sc_hd__dlygate4sd3_1)
                                                         net3044 (net)
                      0.074596    0.000420   13.112272 ^ _3203_/D (sky130_fd_sc_hd__dfrtp_4)
                                             13.112272   data arrival time

                                 40.000000   40.000000   clock clk (rise edge)
                                  0.000000   40.000000   clock source latency
     5    0.346676    1.000000    0.000000   40.000000 ^ gpio_in[38] (in)
                                                         gpio_in[38] (net)
                      1.850126    0.403809   40.403809 ^ clkbuf_0_gpio_in[38]/A (sky130_fd_sc_hd__clkbuf_16)
     5    0.098753    0.153873    0.406480   40.810291 ^ clkbuf_0_gpio_in[38]/X (sky130_fd_sc_hd__clkbuf_16)
                                                         clknet_0_gpio_in[38] (net)
                      0.156307    0.014627   40.824917 ^ clkbuf_1_0_0_gpio_in[38]/A (sky130_fd_sc_hd__clkbuf_8)
     3    0.033448    0.072362    0.176847   41.001762 ^ clkbuf_1_0_0_gpio_in[38]/X (sky130_fd_sc_hd__clkbuf_8)
                                                         clknet_1_0_0_gpio_in[38] (net)
                      0.073148    0.005585   41.007347 ^ clkbuf_1_0_1_gpio_in[38]/A (sky130_fd_sc_hd__clkbuf_8)
     5    0.085147    0.154394    0.196209   41.203556 ^ clkbuf_1_0_1_gpio_in[38]/X (sky130_fd_sc_hd__clkbuf_8)
                                                         clknet_1_0_1_gpio_in[38] (net)
                      0.161942    0.025253   41.228809 ^ clkbuf_2_1_0_gpio_in[38]/A (sky130_fd_sc_hd__clkbuf_8)
     5    0.072518    0.136615    0.211891   41.440701 ^ clkbuf_2_1_0_gpio_in[38]/X (sky130_fd_sc_hd__clkbuf_8)
                                                         clknet_2_1_0_gpio_in[38] (net)
                      0.144215    0.023743   41.464443 ^ clkbuf_3_3_0_gpio_in[38]/A (sky130_fd_sc_hd__clkbuf_8)
     3    0.086969    0.157258    0.214325   41.678768 ^ clkbuf_3_3_0_gpio_in[38]/X (sky130_fd_sc_hd__clkbuf_8)
                                                         clknet_3_3_0_gpio_in[38] (net)
                      0.171133    0.033893   41.712662 ^ clkbuf_3_3_1_gpio_in[38]/A (sky130_fd_sc_hd__clkbuf_8)
    23    0.181184    0.312348    0.322785   42.035446 ^ clkbuf_3_3_1_gpio_in[38]/X (sky130_fd_sc_hd__clkbuf_8)
                                                         clknet_3_3_1_gpio_in[38] (net)
                      0.312701    0.008768   42.044216 ^ clkbuf_leaf_92_gpio_in[38]/A (sky130_fd_sc_hd__clkbuf_8)
     3    0.033129    0.074674    0.220474   42.264690 ^ clkbuf_leaf_92_gpio_in[38]/X (sky130_fd_sc_hd__clkbuf_8)
                                                         clknet_leaf_92_gpio_in[38] (net)
                      0.074707    0.001439   42.266129 ^ _3203_/CLK (sky130_fd_sc_hd__dfrtp_4)
                                 -0.100000   42.166130   clock uncertainty
                                  0.171686   42.337814   clock reconvergence pessimism
                                 -0.065836   42.271980   library setup time
                                             42.271980   data required time
---------------------------------------------------------------------------------------------
                                             42.271980   data required time
                                            -13.112272   data arrival time
---------------------------------------------------------------------------------------------
                                             29.159706   slack (MET)




===========================================================================
report_checks --slack_max -0.01
============================================================================
======================= max_tt_025C_1v80 Corner ===================================

No paths found.


===========================================================================
 report_check_types -max_slew -max_cap -max_fanout -violators
============================================================================
======================= max_tt_025C_1v80 Corner ===================================

max slew

Pin                                        Limit        Slew       Slack
------------------------------------------------------------------------
wire913/A                               1.500000   17.731762  -16.231762 (VIOLATED)
ANTENNA_wire913_A/DIODE                 1.500000   17.731579  -16.231579 (VIOLATED)
wire904/A                               1.500000   15.428045  -13.928045 (VIOLATED)
ANTENNA_wire904_A/DIODE                 1.500000   15.427852  -13.927852 (VIOLATED)
wire985/A                               1.500000    9.005789   -7.505789 (VIOLATED)
ANTENNA_wire985_A/DIODE                 1.500000    9.005045   -7.505045 (VIOLATED)
_1498_/B                                1.500000    7.790974   -6.290974 (VIOLATED)
ANTENNA__1498__B/DIODE                  1.500000    7.790910   -6.290910 (VIOLATED)
_1477_/A                                1.500000    7.219878   -5.719878 (VIOLATED)
ANTENNA__1477__A/DIODE                  1.500000    7.219853   -5.719853 (VIOLATED)
wire986/A                               1.500000    6.769999   -5.269999 (VIOLATED)
ANTENNA_6/DIODE                         1.500000    6.769789   -5.269789 (VIOLATED)
ANTENNA_wire986_A/DIODE                 1.500000    6.769612   -5.269611 (VIOLATED)
ANTENNA_5/DIODE                         1.500000    6.769593   -5.269593 (VIOLATED)
ANTENNA_7/DIODE                         1.500000    6.769573   -5.269572 (VIOLATED)
ANTENNA_8/DIODE                         1.500000    6.769550   -5.269550 (VIOLATED)
ANTENNA_9/DIODE                         1.500000    6.769506   -5.269506 (VIOLATED)
ANTENNA_10/DIODE                        1.500000    6.769481   -5.269481 (VIOLATED)
ANTENNA__1503__B/DIODE                  1.500000    6.394526   -4.894526 (VIOLATED)
_1503_/B                                1.500000    6.384958   -4.884957 (VIOLATED)
_1478_/A                                1.500000    6.361155   -4.861155 (VIOLATED)
ANTENNA__1478__A/DIODE                  1.500000    6.361130   -4.861129 (VIOLATED)
ANTENNA__1497__B/DIODE                  1.500000    5.904737   -4.404736 (VIOLATED)
_1497_/B                                1.500000    5.904739   -4.404740 (VIOLATED)
ANTENNA_wire914_X/DIODE                 1.500000    5.837105   -4.337105 (VIOLATED)
wire914/X                               1.500000    5.836164   -4.336164 (VIOLATED)
_1504_/B                                1.500000    5.605898   -4.105899 (VIOLATED)
ANTENNA__1504__B/DIODE                  1.500000    5.605816   -4.105816 (VIOLATED)
wire983/A                               1.500000    5.454940   -3.954940 (VIOLATED)
ANTENNA_wire983_A/DIODE                 1.500000    5.454648   -3.954648 (VIOLATED)
ANTENNA__1495__B/DIODE                  1.500000    5.309815   -3.809815 (VIOLATED)
_1495_/B                                1.500000    5.309755   -3.809755 (VIOLATED)
ANTENNA_349/DIODE                       1.500000    5.309426   -3.809427 (VIOLATED)
wire882/A                               1.500000    4.852043   -3.352043 (VIOLATED)
ANTENNA_wire882_A/DIODE                 1.500000    4.852026   -3.352026 (VIOLATED)
ANTENNA__1570__Y/DIODE                  1.500000    4.745835   -3.245836 (VIOLATED)
_1570_/Y                                1.500000    4.745560   -3.245560 (VIOLATED)
ANTENNA__1500__B/DIODE                  1.500000    4.585735   -3.085736 (VIOLATED)
_1500_/B                                1.500000    4.585721   -3.085721 (VIOLATED)
wire976/A                               1.500000    4.517814   -3.017814 (VIOLATED)
ANTENNA_wire976_A/DIODE                 1.500000    4.517513   -3.017513 (VIOLATED)
ANTENNA_304/DIODE                       1.500000    4.352526   -2.852526 (VIOLATED)
ANTENNA_303/DIODE                       1.500000    4.351676   -2.851676 (VIOLATED)
ANTENNA_302/DIODE                       1.500000    4.350825   -2.850825 (VIOLATED)
_1469_/A                                1.500000    4.350427   -2.850427 (VIOLATED)
ANTENNA__1469__A/DIODE                  1.500000    4.346882   -2.846883 (VIOLATED)
ANTENNA_308/DIODE                       1.500000    4.346024   -2.846024 (VIOLATED)
ANTENNA_309/DIODE                       1.500000    4.345163   -2.845164 (VIOLATED)
ANTENNA_310/DIODE                       1.500000    4.344302   -2.844301 (VIOLATED)
_2499_/A1                               1.500000    3.819966   -2.319966 (VIOLATED)
ANTENNA__2499__A1/DIODE                 1.500000    3.819841   -2.319841 (VIOLATED)
wire1453/A                              1.500000    3.768896   -2.268897 (VIOLATED)
ANTENNA_wire1453_A/DIODE                1.500000    3.768709   -2.268709 (VIOLATED)
fanout1317/A                            1.500000    3.447555   -1.947555 (VIOLATED)
ANTENNA_fanout1317_A/DIODE              1.500000    3.447223   -1.947223 (VIOLATED)
_2479_/A1                               1.500000    3.429466   -1.929466 (VIOLATED)
ANTENNA__2479__A1/DIODE                 1.500000    3.429392   -1.929392 (VIOLATED)
wire921/A                               1.500000    3.244809   -1.744810 (VIOLATED)
ANTENNA_171/DIODE                       1.500000    3.244785   -1.744785 (VIOLATED)
ANTENNA_170/DIODE                       1.500000    3.244781   -1.744781 (VIOLATED)
ANTENNA_wire921_A/DIODE                 1.500000    3.244768   -1.744768 (VIOLATED)
ANTENNA_172/DIODE                       1.500000    3.244762   -1.744762 (VIOLATED)
ANTENNA_173/DIODE                       1.500000    3.244756   -1.744756 (VIOLATED)
ANTENNA_174/DIODE                       1.500000    3.244748   -1.744748 (VIOLATED)
ANTENNA_175/DIODE                       1.500000    3.244740   -1.744740 (VIOLATED)
_1499_/B                                1.500000    3.181134   -1.681135 (VIOLATED)
ANTENNA__1499__B/DIODE                  1.500000    3.181103   -1.681103 (VIOLATED)
_2500_/A1                               1.500000    3.140878   -1.640879 (VIOLATED)
ANTENNA__2500__A1/DIODE                 1.500000    3.140808   -1.640808 (VIOLATED)
_2477_/A1                               1.500000    3.026596   -1.526596 (VIOLATED)
ANTENNA__2477__A1/DIODE                 1.500000    3.026495   -1.526495 (VIOLATED)
ANTENNA__2474__A1/DIODE                 1.500000    3.021042   -1.521042 (VIOLATED)
_2474_/A1                               1.500000    3.020986   -1.520986 (VIOLATED)
ANTENNA_252/DIODE                       1.500000    3.020933   -1.520933 (VIOLATED)
fanout759/A                             1.500000    2.982087   -1.482087 (VIOLATED)
ANTENNA_fanout759_A/DIODE               1.500000    2.982053   -1.482053 (VIOLATED)
_2484_/S                                1.500000    2.982007   -1.482007 (VIOLATED)
ANTENNA__2484__S/DIODE                  1.500000    2.981981   -1.481981 (VIOLATED)
ANTENNA__2480__S/DIODE                  1.500000    2.981008   -1.481008 (VIOLATED)
_2480_/S                                1.500000    2.980988   -1.480988 (VIOLATED)
fanout757/A                             1.500000    2.980339   -1.480339 (VIOLATED)
ANTENNA_fanout757_A/DIODE               1.500000    2.980317   -1.480317 (VIOLATED)
_2473_/A1                               1.500000    2.946376   -1.446376 (VIOLATED)
ANTENNA__2473__A1/DIODE                 1.500000    2.946351   -1.446351 (VIOLATED)
_1566_/B1                               1.500000    2.933919   -1.433919 (VIOLATED)
ANTENNA__1566__B1/DIODE                 1.500000    2.933897   -1.433897 (VIOLATED)
ANTENNA__1531__B1/DIODE                 1.500000    2.933177   -1.433177 (VIOLATED)
_1531_/B1                               1.500000    2.932601   -1.432601 (VIOLATED)
ANTENNA__1530__B1/DIODE                 1.500000    2.923218   -1.423218 (VIOLATED)
_1530_/B1                               1.500000    2.922420   -1.422420 (VIOLATED)
ANTENNA__2501__A1/DIODE                 1.500000    2.921378   -1.421378 (VIOLATED)
_2501_/A1                               1.500000    2.921371   -1.421371 (VIOLATED)
_1565_/B1                               1.500000    2.921227   -1.421227 (VIOLATED)
ANTENNA__1565__B1/DIODE                 1.500000    2.919351   -1.419351 (VIOLATED)
ANTENNA__1529__B1/DIODE                 1.500000    2.918875   -1.418875 (VIOLATED)
_1529_/B1                               1.500000    2.917426   -1.417426 (VIOLATED)
_1564_/B1                               1.500000    2.912816   -1.412816 (VIOLATED)
ANTENNA__1564__B1/DIODE                 1.500000    2.909627   -1.409627 (VIOLATED)
fanout1173/A                            1.500000    2.880956   -1.380957 (VIOLATED)
ANTENNA_fanout1173_A/DIODE              1.500000    2.880620   -1.380620 (VIOLATED)
ANTENNA_wire922_X/DIODE                 1.500000    2.876614   -1.376614 (VIOLATED)
wire922/X                               1.500000    2.876405   -1.376405 (VIOLATED)
fanout1312/A                            1.500000    2.856777   -1.356777 (VIOLATED)
ANTENNA_fanout1312_A/DIODE              1.500000    2.856467   -1.356467 (VIOLATED)
_2484_/A1                               1.500000    2.708160   -1.208160 (VIOLATED)
ANTENNA__2484__A1/DIODE                 1.500000    2.708052   -1.208052 (VIOLATED)
_2492_/A1                               1.500000    2.703168   -1.203168 (VIOLATED)
ANTENNA__2492__A1/DIODE                 1.500000    2.703111   -1.203111 (VIOLATED)
ANTENNA_338/DIODE                       1.500000    2.702914   -1.202914 (VIOLATED)
ANTENNA_337/DIODE                       1.500000    2.702880   -1.202881 (VIOLATED)
ANTENNA__1529__X/DIODE                  1.500000    2.655248   -1.155248 (VIOLATED)
_1529_/X                                1.500000    2.653275   -1.153275 (VIOLATED)
_2488_/A1                               1.500000    2.615647   -1.115647 (VIOLATED)
ANTENNA__2488__A1/DIODE                 1.500000    2.615561   -1.115561 (VIOLATED)
_2483_/A1                               1.500000    2.599900   -1.099900 (VIOLATED)
ANTENNA__2483__A1/DIODE                 1.500000    2.599812   -1.099812 (VIOLATED)
fanout1251/A                            1.500000    2.579318   -1.079318 (VIOLATED)
ANTENNA_fanout1251_A/DIODE              1.500000    2.578424   -1.078424 (VIOLATED)
fanout1170/A                            1.500000    2.573899   -1.073899 (VIOLATED)
ANTENNA_fanout1170_A/DIODE              1.500000    2.573182   -1.073182 (VIOLATED)
_2485_/A1                               1.500000    2.488860   -0.988860 (VIOLATED)
ANTENNA__2485__A1/DIODE                 1.500000    2.488839   -0.988839 (VIOLATED)
fanout1257/A                            1.500000    2.438612   -0.938612 (VIOLATED)
ANTENNA_fanout1257_A/DIODE              1.500000    2.412684   -0.912684 (VIOLATED)
ANTENNA_wire846_A/DIODE                 1.500000    2.390158   -0.890158 (VIOLATED)
wire846/A                               1.500000    2.390142   -0.890142 (VIOLATED)
fanout1167/A                            1.500000    2.365404   -0.865404 (VIOLATED)
ANTENNA_fanout1167_A/DIODE              1.500000    2.365228   -0.865228 (VIOLATED)
_2476_/A1                               1.500000    2.343191   -0.843191 (VIOLATED)
ANTENNA__2476__A1/DIODE                 1.500000    2.343136   -0.843136 (VIOLATED)
fanout1313/A                            1.500000    2.337023   -0.837023 (VIOLATED)
ANTENNA_fanout1313_A/DIODE              1.500000    2.336821   -0.836821 (VIOLATED)
_1562_/A2                               1.500000    2.336800   -0.836800 (VIOLATED)
ANTENNA__1562__A2/DIODE                 1.500000    2.335241   -0.835241 (VIOLATED)
_1573_/A2                               1.500000    2.335213   -0.835213 (VIOLATED)
ANTENNA__1573__A2/DIODE                 1.500000    2.333105   -0.833105 (VIOLATED)
_1528_/A2                               1.500000    2.330363   -0.830363 (VIOLATED)
ANTENNA__1528__A2/DIODE                 1.500000    2.330083   -0.830083 (VIOLATED)
_1563_/A2                               1.500000    2.328102   -0.828102 (VIOLATED)
ANTENNA__1563__A2/DIODE                 1.500000    2.326899   -0.826899 (VIOLATED)
wire969/A                               1.500000    2.324310   -0.824310 (VIOLATED)
ANTENNA_wire969_A/DIODE                 1.500000    2.324281   -0.824280 (VIOLATED)
ANTENNA__1541__X/DIODE                  1.500000    2.317187   -0.817187 (VIOLATED)
_1541_/X                                1.500000    2.317133   -0.817133 (VIOLATED)
fanout1314/A                            1.500000    2.303312   -0.803312 (VIOLATED)
ANTENNA_fanout1314_A/DIODE              1.500000    2.295489   -0.795489 (VIOLATED)
ANTENNA__1574__Y/DIODE                  1.500000    2.276613   -0.776613 (VIOLATED)
_1574_/Y                                1.500000    2.276580   -0.776580 (VIOLATED)
fanout1266/A                            1.500000    2.230051   -0.730051 (VIOLATED)
ANTENNA_fanout1266_A/DIODE              1.500000    2.229676   -0.729676 (VIOLATED)
_2475_/A1                               1.500000    2.203432   -0.703432 (VIOLATED)
ANTENNA__2475__A1/DIODE                 1.500000    2.203381   -0.703381 (VIOLATED)
fanout1269/A                            1.500000    2.197382   -0.697382 (VIOLATED)
ANTENNA_fanout1269_A/DIODE              1.500000    2.196841   -0.696841 (VIOLATED)
wire861/A                               1.500000    2.153548   -0.653548 (VIOLATED)
ANTENNA_wire861_A/DIODE                 1.500000    2.153337   -0.653337 (VIOLATED)
_4500_/A                                1.500000    2.143964   -0.643964 (VIOLATED)
ANTENNA__4500__A/DIODE                  1.500000    2.143674   -0.643674 (VIOLATED)
fanout1224/A                            1.500000    2.061465   -0.561465 (VIOLATED)
ANTENNA_fanout1224_A/DIODE              1.500000    2.061274   -0.561274 (VIOLATED)
_2490_/A1                               1.500000    2.055093   -0.555093 (VIOLATED)
ANTENNA__2490__A1/DIODE                 1.500000    2.055072   -0.555072 (VIOLATED)
_2487_/A1                               1.500000    2.047827   -0.547827 (VIOLATED)
wire1301/A                              1.500000    2.047648   -0.547648 (VIOLATED)
ANTENNA__2487__A1/DIODE                 1.500000    2.047604   -0.547604 (VIOLATED)
ANTENNA_wire1301_A/DIODE                1.500000    2.047346   -0.547346 (VIOLATED)
fanout1212/A                            1.500000    2.042292   -0.542292 (VIOLATED)
ANTENNA_fanout1212_A/DIODE              1.500000    2.041745   -0.541745 (VIOLATED)
clkbuf_0_gpio_in[38]/A                  1.500000    2.040126   -0.540126 (VIOLATED)
ANTENNA_314/DIODE                       1.500000    2.039685   -0.539685 (VIOLATED)
ANTENNA_clkbuf_0_gpio_in[38]_A/DIODE    1.500000    2.039644   -0.539645 (VIOLATED)
ANTENNA_313/DIODE                       1.500000    2.039598   -0.539598 (VIOLATED)
ANTENNA_315/DIODE                       1.500000    2.039546   -0.539546 (VIOLATED)
_2480_/A1                               1.500000    2.036735   -0.536735 (VIOLATED)
ANTENNA__2480__A1/DIODE                 1.500000    2.036626   -0.536626 (VIOLATED)
ANTENNA_hold1160_A/DIODE                1.500000    1.994323   -0.494323 (VIOLATED)
wire1062/A                              1.500000    1.993144   -0.493144 (VIOLATED)
ANTENNA_wire1062_A/DIODE                1.500000    1.992727   -0.492727 (VIOLATED)
_2482_/A1                               1.500000    1.987247   -0.487247 (VIOLATED)
ANTENNA__2482__A1/DIODE                 1.500000    1.987050   -0.487050 (VIOLATED)
wire980/A                               1.500000    1.985129   -0.485129 (VIOLATED)
ANTENNA_wire980_A/DIODE                 1.500000    1.984724   -0.484724 (VIOLATED)
hold1160/A                              1.500000    1.958156   -0.458156 (VIOLATED)
wire1063/A                              1.500000    1.946936   -0.446936 (VIOLATED)
ANTENNA_wire1063_A/DIODE                1.500000    1.946305   -0.446305 (VIOLATED)
wire974/A                               1.500000    1.926515   -0.426515 (VIOLATED)
ANTENNA_wire974_A/DIODE                 1.500000    1.925810   -0.425810 (VIOLATED)
_2481_/A1                               1.500000    1.908066   -0.408066 (VIOLATED)
ANTENNA__2481__A1/DIODE                 1.500000    1.907956   -0.407956 (VIOLATED)
_2478_/A1                               1.500000    1.904760   -0.404760 (VIOLATED)
ANTENNA__2478__A1/DIODE                 1.500000    1.904739   -0.404739 (VIOLATED)
fanout1337/A                            1.500000    1.901595   -0.401595 (VIOLATED)
ANTENNA_fanout1337_A/DIODE              1.500000    1.901535   -0.401535 (VIOLATED)
fanout1239/A                            1.500000    1.890840   -0.390840 (VIOLATED)
ANTENNA_fanout1239_A/DIODE              1.500000    1.889970   -0.389970 (VIOLATED)
wire973/A                               1.500000    1.882677   -0.382677 (VIOLATED)
ANTENNA_wire973_A/DIODE                 1.500000    1.882472   -0.382472 (VIOLATED)
_4499_/A                                1.500000    1.874271   -0.374271 (VIOLATED)
ANTENNA__4499__A/DIODE                  1.500000    1.874211   -0.374211 (VIOLATED)
wire1432/A                              1.500000    1.867517   -0.367517 (VIOLATED)
ANTENNA_wire1432_A/DIODE                1.500000    1.867216   -0.367216 (VIOLATED)
wire1416/A                              1.500000    1.839828   -0.339828 (VIOLATED)
ANTENNA_wire1416_A/DIODE                1.500000    1.839349   -0.339349 (VIOLATED)
fanout1169/A                            1.500000    1.818089   -0.318089 (VIOLATED)
ANTENNA_fanout1169_A/DIODE              1.500000    1.817768   -0.317768 (VIOLATED)
_2844_/A1                               1.500000    1.799746   -0.299746 (VIOLATED)
ANTENNA__2844__A1/DIODE                 1.500000    1.799604   -0.299604 (VIOLATED)
_2845_/A1                               1.500000    1.799570   -0.299570 (VIOLATED)
ANTENNA__2845__A1/DIODE                 1.500000    1.799387   -0.299387 (VIOLATED)
wire1081/A                              1.500000    1.799309   -0.299309 (VIOLATED)
ANTENNA_wire1081_A/DIODE                1.500000    1.798580   -0.298580 (VIOLATED)
_1487_/B                                1.500000    1.790606   -0.290606 (VIOLATED)
ANTENNA__1487__B/DIODE                  1.500000    1.790580   -0.290580 (VIOLATED)
_2563_/A1                               1.500000    1.768904   -0.268904 (VIOLATED)
ANTENNA__2563__A1/DIODE                 1.500000    1.768753   -0.268753 (VIOLATED)
_2449_/A0                               1.500000    1.768372   -0.268372 (VIOLATED)
ANTENNA__2449__A0/DIODE                 1.500000    1.768367   -0.268367 (VIOLATED)
ANTENNA__2562__A1/DIODE                 1.500000    1.765117   -0.265117 (VIOLATED)
_2562_/A1                               1.500000    1.764680   -0.264680 (VIOLATED)
_2416_/A0                               1.500000    1.763304   -0.263304 (VIOLATED)
ANTENNA__2416__A0/DIODE                 1.500000    1.763293   -0.263293 (VIOLATED)
_2846_/A1                               1.500000    1.762947   -0.262947 (VIOLATED)
ANTENNA__2846__A1/DIODE                 1.500000    1.762715   -0.262715 (VIOLATED)
fanout1233/A                            1.500000    1.756893   -0.256893 (VIOLATED)
ANTENNA_fanout1233_A/DIODE              1.500000    1.756038   -0.256038 (VIOLATED)
_2842_/A1                               1.500000    1.755718   -0.255718 (VIOLATED)
ANTENNA__2842__A1/DIODE                 1.500000    1.755529   -0.255529 (VIOLATED)
ANTENNA__2383__A0/DIODE                 1.500000    1.750300   -0.250300 (VIOLATED)
_2383_/A0                               1.500000    1.750222   -0.250222 (VIOLATED)
ANTENNA_236/DIODE                       1.500000    1.750183   -0.250183 (VIOLATED)
_2514_/B2                               1.500000    1.749173   -0.249173 (VIOLATED)
ANTENNA__2514__B2/DIODE                 1.500000    1.749169   -0.249169 (VIOLATED)
fanout1172/A                            1.500000    1.748212   -0.248212 (VIOLATED)
fanout1336/A                            1.500000    1.744540   -0.244540 (VIOLATED)
_1521_/B2                               1.500000    1.744136   -0.244136 (VIOLATED)
ANTENNA__1521__B2/DIODE                 1.500000    1.743948   -0.243948 (VIOLATED)
ANTENNA_fanout1336_A/DIODE              1.500000    1.738836   -0.238836 (VIOLATED)
_2596_/A1                               1.500000    1.737217   -0.237217 (VIOLATED)
ANTENNA__2596__A1/DIODE                 1.500000    1.737173   -0.237173 (VIOLATED)
_2513_/Y                                1.496376    1.732816   -0.236440 (VIOLATED)
_2595_/A1                               1.500000    1.735070   -0.235070 (VIOLATED)
ANTENNA__2595__A1/DIODE                 1.500000    1.735016   -0.235016 (VIOLATED)
ANTENNA__2513__Y/DIODE                  1.500000    1.732928   -0.232928 (VIOLATED)
ANTENNA__2349__A1/DIODE                 1.500000    1.719463   -0.219463 (VIOLATED)
_2349_/A1                               1.500000    1.719411   -0.219411 (VIOLATED)
_2560_/A1                               1.500000    1.717103   -0.217104 (VIOLATED)
ANTENNA__2560__A1/DIODE                 1.500000    1.717056   -0.217056 (VIOLATED)
_2564_/A1                               1.500000    1.712656   -0.212656 (VIOLATED)
ANTENNA__2564__A1/DIODE                 1.500000    1.712597   -0.212597 (VIOLATED)
_2835_/A1                               1.500000    1.711976   -0.211976 (VIOLATED)
ANTENNA__2835__A1/DIODE                 1.500000    1.711764   -0.211764 (VIOLATED)
ANTENNA_fanout1172_A/DIODE              1.500000    1.705448   -0.205448 (VIOLATED)
_2593_/A1                               1.500000    1.704540   -0.204540 (VIOLATED)
ANTENNA__2593__A1/DIODE                 1.500000    1.704255   -0.204255 (VIOLATED)
_2847_/A1                               1.500000    1.703450   -0.203450 (VIOLATED)
ANTENNA__2847__A1/DIODE                 1.500000    1.703425   -0.203425 (VIOLATED)
_1461_/A                                1.500000    1.702745   -0.202745 (VIOLATED)
ANTENNA__1461__A/DIODE                  1.500000    1.702741   -0.202741 (VIOLATED)
wire826/A                               1.500000    1.702214   -0.202214 (VIOLATED)
ANTENNA_wire826_A/DIODE                 1.500000    1.702168   -0.202168 (VIOLATED)
_2629_/A1                               1.500000    1.699395   -0.199396 (VIOLATED)
_2628_/A1                               1.500000    1.699375   -0.199375 (VIOLATED)
ANTENNA__2629__A1/DIODE                 1.500000    1.699372   -0.199372 (VIOLATED)
ANTENNA__2628__A1/DIODE                 1.500000    1.699354   -0.199354 (VIOLATED)
_2597_/A1                               1.500000    1.694541   -0.194541 (VIOLATED)
ANTENNA__2597__A1/DIODE                 1.500000    1.694474   -0.194474 (VIOLATED)
wire1451/A                              1.500000    1.686285   -0.186285 (VIOLATED)
ANTENNA_wire1451_A/DIODE                1.500000    1.684938   -0.184938 (VIOLATED)
ANTENNA__2553__A1/DIODE                 1.500000    1.683195   -0.183195 (VIOLATED)
_2553_/A1                               1.500000    1.683019   -0.183019 (VIOLATED)
_2565_/A1                               1.500000    1.679705   -0.179705 (VIOLATED)
ANTENNA__2565__A1/DIODE                 1.500000    1.679240   -0.179241 (VIOLATED)
wire1065/A                              1.500000    1.676990   -0.176990 (VIOLATED)
_2586_/A1                               1.500000    1.676761   -0.176761 (VIOLATED)
ANTENNA__2586__A1/DIODE                 1.500000    1.676740   -0.176740 (VIOLATED)
ANTENNA_wire1065_A/DIODE                1.500000    1.676722   -0.176722 (VIOLATED)
ANTENNA__1539__X/DIODE                  1.500000    1.674973   -0.174973 (VIOLATED)
_1539_/X                                1.500000    1.674792   -0.174792 (VIOLATED)
_2619_/A1                               1.500000    1.668412   -0.168412 (VIOLATED)
ANTENNA__2619__A1/DIODE                 1.500000    1.668391   -0.168391 (VIOLATED)
fanout1166/A                            1.500000    1.668069   -0.168069 (VIOLATED)
_2598_/A1                               1.500000    1.665938   -0.165938 (VIOLATED)
ANTENNA__2598__A1/DIODE                 1.500000    1.665928   -0.165928 (VIOLATED)
ANTENNA__2316__A1/DIODE                 1.500000    1.664391   -0.164391 (VIOLATED)
_2316_/A1                               1.500000    1.664374   -0.164374 (VIOLATED)
fanout1236/A                            1.500000    1.662620   -0.162620 (VIOLATED)
ANTENNA_fanout1236_A/DIODE              1.500000    1.661795   -0.161795 (VIOLATED)
fanout1260/A                            1.500000    1.659101   -0.159101 (VIOLATED)
ANTENNA_fanout1260_A/DIODE              1.500000    1.658080   -0.158080 (VIOLATED)
ANTENNA__2630__A1/DIODE                 1.500000    1.657563   -0.157563 (VIOLATED)
_2630_/A1                               1.500000    1.656974   -0.156974 (VIOLATED)
_2626_/A1                               1.500000    1.654612   -0.154612 (VIOLATED)
ANTENNA__2626__A1/DIODE                 1.500000    1.654587   -0.154587 (VIOLATED)
ANTENNA__2491__A1/DIODE                 1.500000    1.653426   -0.153426 (VIOLATED)
_2491_/A1                               1.500000    1.653426   -0.153426 (VIOLATED)
ANTENNA__1484__B/DIODE                  1.500000    1.652777   -0.152777 (VIOLATED)
_1484_/B                                1.500000    1.652767   -0.152767 (VIOLATED)
ANTENNA__1492__B/DIODE                  1.500000    1.650329   -0.150329 (VIOLATED)
_1492_/B                                1.500000    1.650311   -0.150311 (VIOLATED)
ANTENNA_fanout1166_A/DIODE              1.500000    1.648828   -0.148828 (VIOLATED)
_2661_/A1                               1.500000    1.646908   -0.146908 (VIOLATED)
ANTENNA__2661__A1/DIODE                 1.500000    1.646781   -0.146781 (VIOLATED)
_2662_/A1                               1.500000    1.641706   -0.141706 (VIOLATED)
ANTENNA__2662__A1/DIODE                 1.500000    1.641691   -0.141691 (VIOLATED)
_4535_/A                                1.500000    1.638909   -0.138909 (VIOLATED)
ANTENNA_180/DIODE                       1.500000    1.638904   -0.138904 (VIOLATED)
ANTENNA_179/DIODE                       1.500000    1.638900   -0.138900 (VIOLATED)
ANTENNA__4535__A/DIODE                  1.500000    1.638897   -0.138897 (VIOLATED)
ANTENNA_177/DIODE                       1.500000    1.638892   -0.138892 (VIOLATED)
ANTENNA_178/DIODE                       1.500000    1.638860   -0.138860 (VIOLATED)
_2843_/A1                               1.500000    1.635084   -0.135084 (VIOLATED)
ANTENNA__2843__A1/DIODE                 1.500000    1.634932   -0.134932 (VIOLATED)
wire805/A                               1.500000    1.634205   -0.134205 (VIOLATED)
ANTENNA_wire805_A/DIODE                 1.500000    1.633720   -0.133720 (VIOLATED)
ANTENNA__2631__A1/DIODE                 1.500000    1.630407   -0.130407 (VIOLATED)
_2631_/A1                               1.500000    1.630121   -0.130121 (VIOLATED)
ANTENNA__1493__B/DIODE                  1.500000    1.627997   -0.127997 (VIOLATED)
_1493_/B                                1.500000    1.627982   -0.127982 (VIOLATED)
_2839_/A1                               1.500000    1.626214   -0.126214 (VIOLATED)
ANTENNA__2839__A1/DIODE                 1.500000    1.626090   -0.126090 (VIOLATED)
_2652_/A1                               1.500000    1.623002   -0.123002 (VIOLATED)
ANTENNA__2652__A1/DIODE                 1.500000    1.622985   -0.122985 (VIOLATED)
_2557_/A1                               1.500000    1.620059   -0.120059 (VIOLATED)
ANTENNA__2557__A1/DIODE                 1.500000    1.620037   -0.120037 (VIOLATED)
wire1042/A                              1.500000    1.618000   -0.118000 (VIOLATED)
_2590_/A1                               1.500000    1.617754   -0.117754 (VIOLATED)
ANTENNA__2590__A1/DIODE                 1.500000    1.617730   -0.117730 (VIOLATED)
ANTENNA_wire1042_A/DIODE                1.500000    1.617710   -0.117710 (VIOLATED)
_1544_/A                                1.500000    1.617057   -0.117057 (VIOLATED)
ANTENNA__1544__A/DIODE                  1.500000    1.616889   -0.116889 (VIOLATED)
_1545_/A                                1.500000    1.615870   -0.115870 (VIOLATED)
ANTENNA__1545__A/DIODE                  1.500000    1.615867   -0.115867 (VIOLATED)
_1470_/A                                1.500000    1.607743   -0.107743 (VIOLATED)
ANTENNA__1470__A/DIODE                  1.500000    1.607677   -0.107677 (VIOLATED)
_2623_/A1                               1.500000    1.606077   -0.106077 (VIOLATED)
ANTENNA__2623__A1/DIODE                 1.500000    1.605158   -0.105159 (VIOLATED)
_2834_/A1                               1.500000    1.602240   -0.102240 (VIOLATED)
ANTENNA__2834__A1/DIODE                 1.500000    1.601787   -0.101787 (VIOLATED)
_2561_/A1                               1.500000    1.598800   -0.098800 (VIOLATED)
ANTENNA__2561__A1/DIODE                 1.500000    1.598526   -0.098526 (VIOLATED)
ANTENNA__2663__A1/DIODE                 1.500000    1.598304   -0.098304 (VIOLATED)
_2659_/A1                               1.500000    1.597403   -0.097403 (VIOLATED)
ANTENNA__2659__A1/DIODE                 1.500000    1.597391   -0.097391 (VIOLATED)
_2663_/A1                               1.500000    1.593414   -0.093414 (VIOLATED)
_2840_/A1                               1.500000    1.591607   -0.091607 (VIOLATED)
ANTENNA__2840__A1/DIODE                 1.500000    1.591605   -0.091605 (VIOLATED)
_2486_/A1                               1.500000    1.588903   -0.088903 (VIOLATED)
ANTENNA__2486__A1/DIODE                 1.500000    1.588881   -0.088881 (VIOLATED)
_1523_/B2                               1.500000    1.588348   -0.088348 (VIOLATED)
ANTENNA__1523__B2/DIODE                 1.500000    1.588283   -0.088283 (VIOLATED)
fanout1297/A                            1.500000    1.587958   -0.087958 (VIOLATED)
ANTENNA_fanout1297_A/DIODE              1.500000    1.585288   -0.085288 (VIOLATED)
_2558_/A1                               1.500000    1.584352   -0.084352 (VIOLATED)
ANTENNA__2558__A1/DIODE                 1.500000    1.584329   -0.084329 (VIOLATED)
wire872/A                               1.500000    1.584132   -0.084132 (VIOLATED)
ANTENNA_wire872_A/DIODE                 1.500000    1.583951   -0.083951 (VIOLATED)
ANTENNA_wire827_X/DIODE                 1.500000    1.583495   -0.083495 (VIOLATED)
wire827/X                               1.500000    1.582655   -0.082655 (VIOLATED)
ANTENNA__2833__A1/DIODE                 1.500000    1.580011   -0.080011 (VIOLATED)
_2833_/A1                               1.500000    1.579967   -0.079967 (VIOLATED)
_2591_/A1                               1.500000    1.579473   -0.079473 (VIOLATED)
ANTENNA__2591__A1/DIODE                 1.500000    1.579412   -0.079412 (VIOLATED)
_2664_/A1                               1.500000    1.579202   -0.079202 (VIOLATED)
ANTENNA__2664__A1/DIODE                 1.500000    1.579188   -0.079189 (VIOLATED)
_2594_/A1                               1.500000    1.576470   -0.076470 (VIOLATED)
ANTENNA__2594__A1/DIODE                 1.500000    1.576354   -0.076354 (VIOLATED)
ANTENNA__2283__A1/DIODE                 1.500000    1.575261   -0.075261 (VIOLATED)
_2283_/A1                               1.500000    1.575222   -0.075222 (VIOLATED)
ANTENNA_339/DIODE                       1.500000    1.575178   -0.075178 (VIOLATED)
fanout1223/A                            1.500000    1.573971   -0.073971 (VIOLATED)
_2696_/A0                               1.500000    1.573937   -0.073937 (VIOLATED)
ANTENNA__2696__A0/DIODE                 1.500000    1.573911   -0.073911 (VIOLATED)
ANTENNA__2489__A1/DIODE                 1.500000    1.573453   -0.073453 (VIOLATED)
_2489_/A1                               1.500000    1.573439   -0.073439 (VIOLATED)
_1551_/A                                1.500000    1.571964   -0.071964 (VIOLATED)
_2552_/A1                               1.500000    1.571106   -0.071106 (VIOLATED)
_2458_/A0                               1.500000    1.571061   -0.071061 (VIOLATED)
ANTENNA__2552__A1/DIODE                 1.500000    1.571056   -0.071056 (VIOLATED)
ANTENNA__2458__A0/DIODE                 1.500000    1.570970   -0.070970 (VIOLATED)
_2519_/B1                               1.500000    1.570916   -0.070916 (VIOLATED)
ANTENNA__2519__B1/DIODE                 1.500000    1.570891   -0.070891 (VIOLATED)
ANTENNA__1551__A/DIODE                  1.500000    1.567415   -0.067415 (VIOLATED)
_2695_/A0                               1.500000    1.566849   -0.066849 (VIOLATED)
_2836_/A1                               1.500000    1.566429   -0.066430 (VIOLATED)
ANTENNA__2836__A1/DIODE                 1.500000    1.566366   -0.066366 (VIOLATED)
_2551_/A1                               1.500000    1.565899   -0.065899 (VIOLATED)
ANTENNA__2551__A1/DIODE                 1.500000    1.565879   -0.065879 (VIOLATED)
_2841_/A1                               1.500000    1.563870   -0.063870 (VIOLATED)
wire978/A                               1.500000    1.563822   -0.063822 (VIOLATED)
ANTENNA__2841__A1/DIODE                 1.500000    1.563647   -0.063647 (VIOLATED)
ANTENNA_wire978_A/DIODE                 1.500000    1.563608   -0.063608 (VIOLATED)
_2518_/Y                                1.496376    1.559712   -0.063336 (VIOLATED)
ANTENNA__2686__A0/DIODE                 1.500000    1.561981   -0.061981 (VIOLATED)
_2686_/A0                               1.500000    1.561939   -0.061939 (VIOLATED)
_2837_/A1                               1.500000    1.561280   -0.061280 (VIOLATED)
ANTENNA__2695__A0/DIODE                 1.500000    1.561198   -0.061198 (VIOLATED)
ANTENNA__2837__A1/DIODE                 1.500000    1.561168   -0.061168 (VIOLATED)
_1572_/A2                               1.500000    1.560075   -0.060075 (VIOLATED)
ANTENNA__1572__A2/DIODE                 1.500000    1.559788   -0.059788 (VIOLATED)
ANTENNA__2518__Y/DIODE                  1.500000    1.559726   -0.059726 (VIOLATED)
_2554_/A1                               1.500000    1.559573   -0.059573 (VIOLATED)
ANTENNA__2554__A1/DIODE                 1.500000    1.559550   -0.059550 (VIOLATED)
_1537_/A2                               1.500000    1.559509   -0.059509 (VIOLATED)
_2585_/A1                               1.500000    1.559264   -0.059264 (VIOLATED)
_2425_/A0                               1.500000    1.559224   -0.059224 (VIOLATED)
ANTENNA__2425__A0/DIODE                 1.500000    1.559221   -0.059221 (VIOLATED)
ANTENNA__2585__A1/DIODE                 1.500000    1.559205   -0.059205 (VIOLATED)
ANTENNA__1537__A2/DIODE                 1.500000    1.559103   -0.059103 (VIOLATED)
_2584_/A1                               1.500000    1.558284   -0.058284 (VIOLATED)
ANTENNA__2584__A1/DIODE                 1.500000    1.558133   -0.058133 (VIOLATED)
_2838_/A1                               1.500000    1.554754   -0.054754 (VIOLATED)
ANTENNA__2838__A1/DIODE                 1.500000    1.554523   -0.054523 (VIOLATED)
_2555_/A1                               1.500000    1.554481   -0.054481 (VIOLATED)
ANTENNA__2555__A1/DIODE                 1.500000    1.554442   -0.054442 (VIOLATED)
_2559_/A1                               1.500000    1.551386   -0.051386 (VIOLATED)
ANTENNA__2559__A1/DIODE                 1.500000    1.551362   -0.051362 (VIOLATED)
_2656_/A1                               1.500000    1.549978   -0.049979 (VIOLATED)
ANTENNA__2656__A1/DIODE                 1.500000    1.549949   -0.049949 (VIOLATED)
_2587_/A1                               1.500000    1.549407   -0.049407 (VIOLATED)
ANTENNA__2587__A1/DIODE                 1.500000    1.549209   -0.049209 (VIOLATED)
_2556_/A1                               1.500000    1.546943   -0.046943 (VIOLATED)
ANTENNA__2556__A1/DIODE                 1.500000    1.546923   -0.046923 (VIOLATED)
_1516_/A                                1.500000    1.545441   -0.045441 (VIOLATED)
ANTENNA__1516__A/DIODE                  1.500000    1.545438   -0.045438 (VIOLATED)
_1557_/B2                               1.500000    1.544858   -0.044858 (VIOLATED)
ANTENNA__1557__B2/DIODE                 1.500000    1.544703   -0.044703 (VIOLATED)
_2618_/A1                               1.500000    1.544572   -0.044572 (VIOLATED)
ANTENNA__2618__A1/DIODE                 1.500000    1.543866   -0.043866 (VIOLATED)
_1536_/A2                               1.500000    1.542921   -0.042921 (VIOLATED)
wire836/A                               1.500000    1.541997   -0.041998 (VIOLATED)
ANTENNA_wire836_A/DIODE                 1.500000    1.541899   -0.041899 (VIOLATED)
ANTENNA__1536__A2/DIODE                 1.500000    1.540768   -0.040768 (VIOLATED)
_2624_/A1                               1.500000    1.540347   -0.040348 (VIOLATED)
ANTENNA__2624__A1/DIODE                 1.500000    1.540224   -0.040224 (VIOLATED)
_2627_/A1                               1.500000    1.536488   -0.036488 (VIOLATED)
ANTENNA__2627__A1/DIODE                 1.500000    1.536459   -0.036460 (VIOLATED)
_2588_/A1                               1.500000    1.536366   -0.036366 (VIOLATED)
ANTENNA__2588__A1/DIODE                 1.500000    1.536105   -0.036105 (VIOLATED)
_2592_/A1                               1.500000    1.532659   -0.032659 (VIOLATED)
_2620_/A1                               1.500000    1.532645   -0.032645 (VIOLATED)
_2589_/A1                               1.500000    1.532495   -0.032495 (VIOLATED)
ANTENNA__2589__A1/DIODE                 1.500000    1.532445   -0.032445 (VIOLATED)
_2392_/A0                               1.500000    1.532275   -0.032275 (VIOLATED)
ANTENNA__2392__A0/DIODE                 1.500000    1.532196   -0.032196 (VIOLATED)
ANTENNA__2592__A1/DIODE                 1.500000    1.532159   -0.032159 (VIOLATED)
ANTENNA__2620__A1/DIODE                 1.500000    1.532051   -0.032051 (VIOLATED)
ANTENNA_fanout1223_A/DIODE              1.500000    1.531181   -0.031181 (VIOLATED)
_1535_/A2                               1.500000    1.529866   -0.029866 (VIOLATED)
ANTENNA__1535__A2/DIODE                 1.500000    1.526199   -0.026199 (VIOLATED)
_2697_/A0                               1.500000    1.525116   -0.025116 (VIOLATED)
ANTENNA__2697__A0/DIODE                 1.500000    1.525106   -0.025106 (VIOLATED)
_2617_/A1                               1.500000    1.518924   -0.018924 (VIOLATED)
ANTENNA__2617__A1/DIODE                 1.500000    1.518900   -0.018900 (VIOLATED)
_2693_/A0                               1.500000    1.517535   -0.017535 (VIOLATED)
ANTENNA__2693__A0/DIODE                 1.500000    1.517525   -0.017525 (VIOLATED)
_2698_/A0                               1.500000    1.514035   -0.014035 (VIOLATED)
ANTENNA__2698__A0/DIODE                 1.500000    1.514024   -0.014024 (VIOLATED)
_2621_/A1                               1.500000    1.505359   -0.005359 (VIOLATED)
ANTENNA__2621__A1/DIODE                 1.500000    1.505337   -0.005337 (VIOLATED)
wire1300/A                              1.500000    1.504920   -0.004920 (VIOLATED)
ANTENNA_wire1300_A/DIODE                1.500000    1.504377   -0.004377 (VIOLATED)
ANTENNA__2622__A1/DIODE                 1.500000    1.502335   -0.002335 (VIOLATED)
_2622_/A1                               1.500000    1.502010   -0.002010 (VIOLATED)

max fanout

Pin                                   Limit Fanout  Slack
---------------------------------------------------------
clkbuf_leaf_5_gpio_in[38]/X              20     41    -21 (VIOLATED)
clkbuf_3_2_1_gpio_in[38]/X               20     37    -17 (VIOLATED)
clkbuf_leaf_54_gpio_in[38]/X             20     37    -17 (VIOLATED)
clkbuf_3_4_1_gpio_in[38]/X               20     33    -13 (VIOLATED)
fanout1244/X                             20     32    -12 (VIOLATED)
clkbuf_3_1_1_gpio_in[38]/X               20     31    -11 (VIOLATED)
clkbuf_leaf_22_gpio_in[38]/X             20     31    -11 (VIOLATED)
clkbuf_leaf_38_gpio_in[38]/X             20     31    -11 (VIOLATED)
clkbuf_leaf_45_gpio_in[38]/X             20     31    -11 (VIOLATED)
clkbuf_leaf_6_gpio_in[38]/X              20     31    -11 (VIOLATED)
clkbuf_leaf_78_gpio_in[38]/X             20     31    -11 (VIOLATED)
clkbuf_leaf_79_gpio_in[38]/X             20     31    -11 (VIOLATED)
clkbuf_leaf_2_gpio_in[38]/X              20     29     -9 (VIOLATED)
clkbuf_leaf_32_gpio_in[38]/X             20     29     -9 (VIOLATED)
clkbuf_leaf_51_gpio_in[38]/X             20     29     -9 (VIOLATED)
clkbuf_leaf_10_gpio_in[38]/X             20     27     -7 (VIOLATED)
clkbuf_leaf_29_gpio_in[38]/X             20     27     -7 (VIOLATED)
clkbuf_leaf_85_gpio_in[38]/X             20     27     -7 (VIOLATED)
clkbuf_leaf_69_gpio_in[38]/X             20     25     -5 (VIOLATED)
fanout1305/X                             20     24     -4 (VIOLATED)
clkbuf_3_0_1_gpio_in[38]/X               20     23     -3 (VIOLATED)
clkbuf_3_3_1_gpio_in[38]/X               20     23     -3 (VIOLATED)
fanout1230/X                             20     23     -3 (VIOLATED)
fanout1254/X                             20     23     -3 (VIOLATED)
gpio_loopback_zero[25]                   20     22     -2 (VIOLATED)
gpio_loopback_zero[26]                   20     22     -2 (VIOLATED)
gpio_loopback_zero[30]                   20     22     -2 (VIOLATED)
gpio_loopback_zero[32]                   20     22     -2 (VIOLATED)
gpio_loopback_zero[38]                   20     22     -2 (VIOLATED)
fanout1193/X                             20     22     -2 (VIOLATED)
fanout1224/X                             20     22     -2 (VIOLATED)
fanout1236/X                             20     22     -2 (VIOLATED)
fanout1245/X                             20     22     -2 (VIOLATED)
fanout1278/X                             20     22     -2 (VIOLATED)
fanout1363/X                             20     22     -2 (VIOLATED)
_4063_/Q                                 20     21        (VIOLATED)
_4064_/Q                                 20     21        (VIOLATED)
clkbuf_3_6_1_gpio_in[38]/X               20     21        (VIOLATED)
clkbuf_leaf_1_gpio_in[38]/X              20     21        (VIOLATED)
clkbuf_leaf_33_gpio_in[38]/X             20     21        (VIOLATED)
clkbuf_leaf_62_gpio_in[38]/X             20     21        (VIOLATED)
fanout1000/X                             20     21        (VIOLATED)
fanout1001/X                             20     21        (VIOLATED)
fanout1022/X                             20     21        (VIOLATED)
fanout1023/X                             20     21        (VIOLATED)
fanout1120/X                             20     21        (VIOLATED)
fanout1122/X                             20     21        (VIOLATED)
fanout1127/X                             20     21        (VIOLATED)
fanout1128/X                             20     21        (VIOLATED)
fanout1150/X                             20     21        (VIOLATED)
fanout1155/X                             20     21        (VIOLATED)
fanout1158/X                             20     21        (VIOLATED)
fanout1166/X                             20     21        (VIOLATED)
fanout1167/X                             20     21        (VIOLATED)
fanout1169/X                             20     21        (VIOLATED)
fanout1170/X                             20     21        (VIOLATED)
fanout1172/X                             20     21        (VIOLATED)
fanout1173/X                             20     21        (VIOLATED)
fanout1175/X                             20     21        (VIOLATED)
fanout1176/X                             20     21        (VIOLATED)
fanout1181/X                             20     21        (VIOLATED)
fanout1182/X                             20     21        (VIOLATED)
fanout1187/X                             20     21        (VIOLATED)
fanout1188/X                             20     21        (VIOLATED)
fanout1194/X                             20     21        (VIOLATED)
fanout1199/X                             20     21        (VIOLATED)
fanout1200/X                             20     21        (VIOLATED)
fanout1205/X                             20     21        (VIOLATED)
fanout1206/X                             20     21        (VIOLATED)
fanout1211/X                             20     21        (VIOLATED)
fanout1212/X                             20     21        (VIOLATED)
fanout1214/X                             20     21        (VIOLATED)
fanout1215/X                             20     21        (VIOLATED)
fanout1217/X                             20     21        (VIOLATED)
fanout1218/X                             20     21        (VIOLATED)
fanout1220/X                             20     21        (VIOLATED)
fanout1221/X                             20     21        (VIOLATED)
fanout1223/X                             20     21        (VIOLATED)
fanout1226/X                             20     21        (VIOLATED)
fanout1227/X                             20     21        (VIOLATED)
fanout1229/X                             20     21        (VIOLATED)
fanout1232/X                             20     21        (VIOLATED)
fanout1233/X                             20     21        (VIOLATED)
fanout1235/X                             20     21        (VIOLATED)
fanout1238/X                             20     21        (VIOLATED)
fanout1239/X                             20     21        (VIOLATED)
fanout1241/X                             20     21        (VIOLATED)
fanout1242/X                             20     21        (VIOLATED)
fanout1247/X                             20     21        (VIOLATED)
fanout1248/X                             20     21        (VIOLATED)
fanout1250/X                             20     21        (VIOLATED)
fanout1251/X                             20     21        (VIOLATED)
fanout1253/X                             20     21        (VIOLATED)
fanout1256/X                             20     21        (VIOLATED)
fanout1257/X                             20     21        (VIOLATED)
fanout1259/X                             20     21        (VIOLATED)
fanout1260/X                             20     21        (VIOLATED)
fanout1262/X                             20     21        (VIOLATED)
fanout1263/X                             20     21        (VIOLATED)
fanout1265/X                             20     21        (VIOLATED)
fanout1266/X                             20     21        (VIOLATED)
fanout1268/X                             20     21        (VIOLATED)
fanout1269/X                             20     21        (VIOLATED)
fanout1271/X                             20     21        (VIOLATED)
fanout1272/X                             20     21        (VIOLATED)
fanout1274/X                             20     21        (VIOLATED)
fanout1275/X                             20     21        (VIOLATED)
fanout1277/X                             20     21        (VIOLATED)
fanout1288/X                             20     21        (VIOLATED)
fanout1289/X                             20     21        (VIOLATED)
fanout1290/X                             20     21        (VIOLATED)
fanout1293/X                             20     21        (VIOLATED)
fanout1295/X                             20     21        (VIOLATED)
fanout1297/X                             20     21        (VIOLATED)
fanout1306/X                             20     21        (VIOLATED)
fanout1309/X                             20     21        (VIOLATED)
fanout1313/X                             20     21        (VIOLATED)
fanout1314/X                             20     21        (VIOLATED)
fanout1315/X                             20     21        (VIOLATED)
fanout1316/X                             20     21        (VIOLATED)
fanout1326/X                             20     21        (VIOLATED)
fanout1328/X                             20     21        (VIOLATED)
fanout1334/X                             20     21        (VIOLATED)
fanout1336/X                             20     21        (VIOLATED)
fanout1351/X                             20     21        (VIOLATED)
fanout1354/X                             20     21        (VIOLATED)
fanout1357/X                             20     21        (VIOLATED)
fanout1360/X                             20     21        (VIOLATED)
fanout1366/X                             20     21        (VIOLATED)
fanout1369/X                             20     21        (VIOLATED)
fanout1372/X                             20     21        (VIOLATED)
fanout1375/X                             20     21        (VIOLATED)
fanout1378/X                             20     21        (VIOLATED)
fanout1381/X                             20     21        (VIOLATED)
fanout1384/X                             20     21        (VIOLATED)
fanout1387/X                             20     21        (VIOLATED)
fanout1390/X                             20     21        (VIOLATED)
fanout1393/X                             20     21        (VIOLATED)
fanout1396/X                             20     21        (VIOLATED)
fanout1399/X                             20     21        (VIOLATED)
fanout1402/X                             20     21        (VIOLATED)
fanout1405/X                             20     21        (VIOLATED)
fanout1408/X                             20     21        (VIOLATED)
fanout1419/X                             20     21        (VIOLATED)
fanout1420/X                             20     21        (VIOLATED)
fanout1421/X                             20     21        (VIOLATED)
fanout1422/X                             20     21        (VIOLATED)
fanout635/X                              20     21        (VIOLATED)
fanout667/X                              20     21        (VIOLATED)
fanout668/X                              20     21        (VIOLATED)
fanout697/X                              20     21        (VIOLATED)
fanout773/X                              20     21        (VIOLATED)
fanout777/X                              20     21        (VIOLATED)
fanout783/X                              20     21        (VIOLATED)
fanout786/X                              20     21        (VIOLATED)
fanout999/X                              20     21        (VIOLATED)

max capacitance

Pin                                        Limit         Cap       Slack
------------------------------------------------------------------------
wire914/X                               0.281077    1.592335   -1.311258 (VIOLATED)
wire905/X                               0.561228    1.626901   -1.065673 (VIOLATED)
_1529_/X                                0.556650    1.250650   -0.694000 (VIOLATED)
_1530_/X                                0.556650    1.188991   -0.632341 (VIOLATED)
wire922/X                               0.281077    0.547540   -0.266463 (VIOLATED)
_1570_/Y                                0.170298    0.417237   -0.246939 (VIOLATED)
_1541_/X                                0.159312    0.246324   -0.087012 (VIOLATED)
_1574_/Y                                0.293894    0.343130   -0.049236 (VIOLATED)
_1539_/X                                0.301218    0.336237   -0.035019 (VIOLATED)
_2513_/Y                                0.166636    0.196067   -0.029431 (VIOLATED)
_1535_/X                                0.556650    0.580111   -0.023461 (VIOLATED)
wire827/X                               0.281077    0.296670   -0.015593 (VIOLATED)
_2518_/Y                                0.166636    0.176288   -0.009652 (VIOLATED)



===========================================================================
report_parasitic_annotation -report_unannotated
============================================================================
Found 233 unannotated drivers.
 analog_io[0]
 analog_io[10]
 analog_io[11]
 analog_io[12]
 analog_io[13]
 analog_io[14]
 analog_io[15]
 analog_io[16]
 analog_io[17]
 analog_io[18]
 analog_io[19]
 analog_io[1]
 analog_io[20]
 analog_io[21]
 analog_io[22]
 analog_io[23]
 analog_io[24]
 analog_io[25]
 analog_io[26]
 analog_io[27]
 analog_io[28]
 analog_io[29]
 analog_io[2]
 analog_io[30]
 analog_io[31]
 analog_io[32]
 analog_io[33]
 analog_io[34]
 analog_io[35]
 analog_io[36]
 analog_io[37]
 analog_io[38]
 analog_io[39]
 analog_io[3]
 analog_io[40]
 analog_io[41]
 analog_io[42]
 analog_io[43]
 analog_io[4]
 analog_io[5]
 analog_io[6]
 analog_io[7]
 analog_io[8]
 analog_io[9]
 analog_noesd_io[0]
 analog_noesd_io[10]
 analog_noesd_io[11]
 analog_noesd_io[12]
 analog_noesd_io[13]
 analog_noesd_io[14]
 analog_noesd_io[15]
 analog_noesd_io[16]
 analog_noesd_io[17]
 analog_noesd_io[18]
 analog_noesd_io[19]
 analog_noesd_io[1]
 analog_noesd_io[20]
 analog_noesd_io[21]
 analog_noesd_io[22]
 analog_noesd_io[23]
 analog_noesd_io[24]
 analog_noesd_io[25]
 analog_noesd_io[26]
 analog_noesd_io[27]
 analog_noesd_io[28]
 analog_noesd_io[29]
 analog_noesd_io[2]
 analog_noesd_io[30]
 analog_noesd_io[31]
 analog_noesd_io[32]
 analog_noesd_io[33]
 analog_noesd_io[34]
 analog_noesd_io[35]
 analog_noesd_io[36]
 analog_noesd_io[37]
 analog_noesd_io[38]
 analog_noesd_io[39]
 analog_noesd_io[3]
 analog_noesd_io[40]
 analog_noesd_io[41]
 analog_noesd_io[42]
 analog_noesd_io[43]
 analog_noesd_io[4]
 analog_noesd_io[5]
 analog_noesd_io[6]
 analog_noesd_io[7]
 analog_noesd_io[8]
 analog_noesd_io[9]
 gpio_in[14]
 gpio_in[29]
 gpio_in_h[0]
 gpio_in_h[10]
 gpio_in_h[11]
 gpio_in_h[12]
 gpio_in_h[13]
 gpio_in_h[14]
 gpio_in_h[15]
 gpio_in_h[16]
 gpio_in_h[17]
 gpio_in_h[18]
 gpio_in_h[19]
 gpio_in_h[1]
 gpio_in_h[20]
 gpio_in_h[21]
 gpio_in_h[22]
 gpio_in_h[23]
 gpio_in_h[24]
 gpio_in_h[25]
 gpio_in_h[26]
 gpio_in_h[27]
 gpio_in_h[28]
 gpio_in_h[29]
 gpio_in_h[2]
 gpio_in_h[30]
 gpio_in_h[31]
 gpio_in_h[32]
 gpio_in_h[33]
 gpio_in_h[34]
 gpio_in_h[35]
 gpio_in_h[36]
 gpio_in_h[37]
 gpio_in_h[38]
 gpio_in_h[39]
 gpio_in_h[3]
 gpio_in_h[40]
 gpio_in_h[41]
 gpio_in_h[42]
 gpio_in_h[43]
 gpio_in_h[4]
 gpio_in_h[5]
 gpio_in_h[6]
 gpio_in_h[7]
 gpio_in_h[8]
 gpio_in_h[9]
 gpio_loopback_one[0]
 gpio_loopback_zero[0]
 por_l
 porb_h
 porb_l
 resetb_h
 _4016__1475/LO
 clkload0/X
 clkload1/X
 clkload10/Y
 clkload11/Y
 clkload12/Y
 clkload13/Y
 clkload14/Y
 clkload15/Y
 clkload16/X
 clkload17/Y
 clkload18/Y
 clkload19/Y
 clkload2/Y
 clkload20/Y
 clkload21/Y
 clkload22/Y
 clkload23/Y
 clkload24/Y
 clkload25/Y
 clkload26/Y
 clkload27/Y
 clkload28/Y
 clkload29/Y
 clkload3/Y
 clkload30/Y
 clkload31/Y
 clkload32/Y
 clkload33/Y
 clkload34/X
 clkload35/Y
 clkload36/Y
 clkload37/Y
 clkload38/Y
 clkload39/Y
 clkload4/Y
 clkload40/Y
 clkload41/Y
 clkload42/Y
 clkload43/Y
 clkload44/Y
 clkload45/Y
 clkload46/Y
 clkload47/Y
 clkload48/Y
 clkload49/Y
 clkload5/Y
 clkload50/Y
 clkload51/Y
 clkload52/Y
 clkload53/Y
 clkload54/Y
 clkload55/Y
 clkload56/Y
 clkload57/X
 clkload58/Y
 clkload59/Y
 clkload6/Y
 clkload60/Y
 clkload61/Y
 clkload62/Y
 clkload63/X
 clkload64/Y
 clkload65/Y
 clkload66/Y
 clkload67/Y
 clkload68/Y
 clkload69/Y
 clkload7/Y
 clkload70/Y
 clkload71/Y
 clkload72/Y
 clkload73/Y
 clkload74/Y
 clkload75/X
 clkload76/X
 clkload77/Y
 clkload78/X
 clkload8/X
 clkload9/Y
 openframe_project_wrapper_1463/HI
 openframe_project_wrapper_1464/HI
 openframe_project_wrapper_1465/HI
 openframe_project_wrapper_1466/HI
 openframe_project_wrapper_1467/HI
 openframe_project_wrapper_1468/HI
 openframe_project_wrapper_1469/HI
 openframe_project_wrapper_1470/HI
 openframe_project_wrapper_1471/HI
 openframe_project_wrapper_1472/HI
 openframe_project_wrapper_1473/HI
 openframe_project_wrapper_1474/HI
 openframe_project_wrapper_1476/LO
Found 0 partially unannotated drivers.

===========================================================================
max slew violation count 463
max fanout violation count 156
max cap violation count 13
============================================================================

===========================================================================
check_setup -verbose -unconstrained_endpoints -multiple_clock -no_clock -no_input_delay -loops -generated_clocks
===========================================================================
Warning: There are 300 input ports missing set_input_delay.
  analog_io[0]
  analog_io[10]
  analog_io[11]
  analog_io[12]
  analog_io[13]
  analog_io[14]
  analog_io[15]
  analog_io[16]
  analog_io[17]
  analog_io[18]
  analog_io[19]
  analog_io[1]
  analog_io[20]
  analog_io[21]
  analog_io[22]
  analog_io[23]
  analog_io[24]
  analog_io[25]
  analog_io[26]
  analog_io[27]
  analog_io[28]
  analog_io[29]
  analog_io[2]
  analog_io[30]
  analog_io[31]
  analog_io[32]
  analog_io[33]
  analog_io[34]
  analog_io[35]
  analog_io[36]
  analog_io[37]
  analog_io[38]
  analog_io[39]
  analog_io[3]
  analog_io[40]
  analog_io[41]
  analog_io[42]
  analog_io[43]
  analog_io[4]
  analog_io[5]
  analog_io[6]
  analog_io[7]
  analog_io[8]
  analog_io[9]
  analog_noesd_io[0]
  analog_noesd_io[10]
  analog_noesd_io[11]
  analog_noesd_io[12]
  analog_noesd_io[13]
  analog_noesd_io[14]
  analog_noesd_io[15]
  analog_noesd_io[16]
  analog_noesd_io[17]
  analog_noesd_io[18]
  analog_noesd_io[19]
  analog_noesd_io[1]
  analog_noesd_io[20]
  analog_noesd_io[21]
  analog_noesd_io[22]
  analog_noesd_io[23]
  analog_noesd_io[24]
  analog_noesd_io[25]
  analog_noesd_io[26]
  analog_noesd_io[27]
  analog_noesd_io[28]
  analog_noesd_io[29]
  analog_noesd_io[2]
  analog_noesd_io[30]
  analog_noesd_io[31]
  analog_noesd_io[32]
  analog_noesd_io[33]
  analog_noesd_io[34]
  analog_noesd_io[35]
  analog_noesd_io[36]
  analog_noesd_io[37]
  analog_noesd_io[38]
  analog_noesd_io[39]
  analog_noesd_io[3]
  analog_noesd_io[40]
  analog_noesd_io[41]
  analog_noesd_io[42]
  analog_noesd_io[43]
  analog_noesd_io[4]
  analog_noesd_io[5]
  analog_noesd_io[6]
  analog_noesd_io[7]
  analog_noesd_io[8]
  analog_noesd_io[9]
  gpio_in[0]
  gpio_in[10]
  gpio_in[11]
  gpio_in[12]
  gpio_in[13]
  gpio_in[14]
  gpio_in[15]
  gpio_in[16]
  gpio_in[17]
  gpio_in[18]
  gpio_in[19]
  gpio_in[1]
  gpio_in[20]
  gpio_in[21]
  gpio_in[22]
  gpio_in[23]
  gpio_in[24]
  gpio_in[25]
  gpio_in[26]
  gpio_in[27]
  gpio_in[28]
  gpio_in[29]
  gpio_in[2]
  gpio_in[30]
  gpio_in[31]
  gpio_in[32]
  gpio_in[33]
  gpio_in[34]
  gpio_in[35]
  gpio_in[36]
  gpio_in[37]
  gpio_in[39]
  gpio_in[3]
  gpio_in[40]
  gpio_in[41]
  gpio_in[42]
  gpio_in[43]
  gpio_in[4]
  gpio_in[5]
  gpio_in[6]
  gpio_in[7]
  gpio_in[8]
  gpio_in[9]
  gpio_in_h[0]
  gpio_in_h[10]
  gpio_in_h[11]
  gpio_in_h[12]
  gpio_in_h[13]
  gpio_in_h[14]
  gpio_in_h[15]
  gpio_in_h[16]
  gpio_in_h[17]
  gpio_in_h[18]
  gpio_in_h[19]
  gpio_in_h[1]
  gpio_in_h[20]
  gpio_in_h[21]
  gpio_in_h[22]
  gpio_in_h[23]
  gpio_in_h[24]
  gpio_in_h[25]
  gpio_in_h[26]
  gpio_in_h[27]
  gpio_in_h[28]
  gpio_in_h[29]
  gpio_in_h[2]
  gpio_in_h[30]
  gpio_in_h[31]
  gpio_in_h[32]
  gpio_in_h[33]
  gpio_in_h[34]
  gpio_in_h[35]
  gpio_in_h[36]
  gpio_in_h[37]
  gpio_in_h[38]
  gpio_in_h[39]
  gpio_in_h[3]
  gpio_in_h[40]
  gpio_in_h[41]
  gpio_in_h[42]
  gpio_in_h[43]
  gpio_in_h[4]
  gpio_in_h[5]
  gpio_in_h[6]
  gpio_in_h[7]
  gpio_in_h[8]
  gpio_in_h[9]
  gpio_loopback_one[0]
  gpio_loopback_one[10]
  gpio_loopback_one[11]
  gpio_loopback_one[12]
  gpio_loopback_one[13]
  gpio_loopback_one[14]
  gpio_loopback_one[15]
  gpio_loopback_one[16]
  gpio_loopback_one[17]
  gpio_loopback_one[18]
  gpio_loopback_one[19]
  gpio_loopback_one[1]
  gpio_loopback_one[20]
  gpio_loopback_one[21]
  gpio_loopback_one[22]
  gpio_loopback_one[23]
  gpio_loopback_one[24]
  gpio_loopback_one[25]
  gpio_loopback_one[26]
  gpio_loopback_one[27]
  gpio_loopback_one[28]
  gpio_loopback_one[29]
  gpio_loopback_one[2]
  gpio_loopback_one[30]
  gpio_loopback_one[31]
  gpio_loopback_one[32]
  gpio_loopback_one[33]
  gpio_loopback_one[34]
  gpio_loopback_one[35]
  gpio_loopback_one[36]
  gpio_loopback_one[37]
  gpio_loopback_one[38]
  gpio_loopback_one[39]
  gpio_loopback_one[3]
  gpio_loopback_one[40]
  gpio_loopback_one[41]
  gpio_loopback_one[42]
  gpio_loopback_one[43]
  gpio_loopback_one[4]
  gpio_loopback_one[5]
  gpio_loopback_one[6]
  gpio_loopback_one[7]
  gpio_loopback_one[8]
  gpio_loopback_one[9]
  gpio_loopback_zero[0]
  gpio_loopback_zero[10]
  gpio_loopback_zero[11]
  gpio_loopback_zero[12]
  gpio_loopback_zero[13]
  gpio_loopback_zero[14]
  gpio_loopback_zero[15]
  gpio_loopback_zero[16]
  gpio_loopback_zero[17]
  gpio_loopback_zero[18]
  gpio_loopback_zero[19]
  gpio_loopback_zero[1]
  gpio_loopback_zero[20]
  gpio_loopback_zero[21]
  gpio_loopback_zero[22]
  gpio_loopback_zero[23]
  gpio_loopback_zero[24]
  gpio_loopback_zero[25]
  gpio_loopback_zero[26]
  gpio_loopback_zero[27]
  gpio_loopback_zero[28]
  gpio_loopback_zero[29]
  gpio_loopback_zero[2]
  gpio_loopback_zero[30]
  gpio_loopback_zero[31]
  gpio_loopback_zero[32]
  gpio_loopback_zero[33]
  gpio_loopback_zero[34]
  gpio_loopback_zero[35]
  gpio_loopback_zero[36]
  gpio_loopback_zero[37]
  gpio_loopback_zero[38]
  gpio_loopback_zero[39]
  gpio_loopback_zero[3]
  gpio_loopback_zero[40]
  gpio_loopback_zero[41]
  gpio_loopback_zero[42]
  gpio_loopback_zero[43]
  gpio_loopback_zero[4]
  gpio_loopback_zero[5]
  gpio_loopback_zero[6]
  gpio_loopback_zero[7]
  gpio_loopback_zero[8]
  gpio_loopback_zero[9]
  mask_rev[0]
  mask_rev[10]
  mask_rev[11]
  mask_rev[12]
  mask_rev[13]
  mask_rev[14]
  mask_rev[15]
  mask_rev[16]
  mask_rev[17]
  mask_rev[18]
  mask_rev[19]
  mask_rev[1]
  mask_rev[20]
  mask_rev[21]
  mask_rev[22]
  mask_rev[23]
  mask_rev[24]
  mask_rev[25]
  mask_rev[26]
  mask_rev[27]
  mask_rev[28]
  mask_rev[29]
  mask_rev[2]
  mask_rev[30]
  mask_rev[31]
  mask_rev[3]
  mask_rev[4]
  mask_rev[5]
  mask_rev[6]
  mask_rev[7]
  mask_rev[8]
  mask_rev[9]
  por_l
  porb_h
  porb_l
  resetb_h
  resetb_l
Warning: There are 51 unclocked register/latch pins.
  _3204_/CLK
  _3205_/CLK
  _3206_/CLK
  _3207_/CLK
  _3208_/CLK
  _3209_/CLK
  _3210_/CLK
  _4022_/CLK
  _4023_/CLK
  _4024_/CLK
  _4025_/CLK
  _4026_/CLK
  _4027_/CLK
  _4028_/CLK
  _4029_/CLK
  _4030_/CLK
  _4031_/CLK
  _4032_/CLK
  _4033_/CLK
  _4034_/CLK
  _4035_/CLK
  _4036_/CLK
  _4037_/CLK
  _4038_/CLK
  _4039_/CLK
  _4040_/CLK
  _4041_/CLK
  _4042_/CLK
  _4043_/CLK
  _4044_/CLK
  _4045_/CLK
  _4046_/CLK
  _4047_/CLK
  _4048_/CLK
  _4049_/CLK
  _4050_/CLK
  _4051_/CLK
  _4052_/CLK
  _4053_/CLK
  _4054_/CLK
  _4055_/CLK
  _4056_/CLK
  _4057_/CLK
  _4058_/CLK
  _4059_/CLK
  _4060_/CLK
  _4061_/CLK
  _4062_/CLK
  _4063_/CLK
  _4064_/CLK
  _4065_/CLK
Warning: There are 717 unconstrained endpoints.
  analog_io[0]
  analog_io[10]
  analog_io[11]
  analog_io[12]
  analog_io[13]
  analog_io[14]
  analog_io[15]
  analog_io[16]
  analog_io[17]
  analog_io[18]
  analog_io[19]
  analog_io[1]
  analog_io[20]
  analog_io[21]
  analog_io[22]
  analog_io[23]
  analog_io[24]
  analog_io[25]
  analog_io[26]
  analog_io[27]
  analog_io[28]
  analog_io[29]
  analog_io[2]
  analog_io[30]
  analog_io[31]
  analog_io[32]
  analog_io[33]
  analog_io[34]
  analog_io[35]
  analog_io[36]
  analog_io[37]
  analog_io[38]
  analog_io[39]
  analog_io[3]
  analog_io[40]
  analog_io[41]
  analog_io[42]
  analog_io[43]
  analog_io[4]
  analog_io[5]
  analog_io[6]
  analog_io[7]
  analog_io[8]
  analog_io[9]
  analog_noesd_io[0]
  analog_noesd_io[10]
  analog_noesd_io[11]
  analog_noesd_io[12]
  analog_noesd_io[13]
  analog_noesd_io[14]
  analog_noesd_io[15]
  analog_noesd_io[16]
  analog_noesd_io[17]
  analog_noesd_io[18]
  analog_noesd_io[19]
  analog_noesd_io[1]
  analog_noesd_io[20]
  analog_noesd_io[21]
  analog_noesd_io[22]
  analog_noesd_io[23]
  analog_noesd_io[24]
  analog_noesd_io[25]
  analog_noesd_io[26]
  analog_noesd_io[27]
  analog_noesd_io[28]
  analog_noesd_io[29]
  analog_noesd_io[2]
  analog_noesd_io[30]
  analog_noesd_io[31]
  analog_noesd_io[32]
  analog_noesd_io[33]
  analog_noesd_io[34]
  analog_noesd_io[35]
  analog_noesd_io[36]
  analog_noesd_io[37]
  analog_noesd_io[38]
  analog_noesd_io[39]
  analog_noesd_io[3]
  analog_noesd_io[40]
  analog_noesd_io[41]
  analog_noesd_io[42]
  analog_noesd_io[43]
  analog_noesd_io[4]
  analog_noesd_io[5]
  analog_noesd_io[6]
  analog_noesd_io[7]
  analog_noesd_io[8]
  analog_noesd_io[9]
  gpio_analog_en[0]
  gpio_analog_en[10]
  gpio_analog_en[11]
  gpio_analog_en[12]
  gpio_analog_en[13]
  gpio_analog_en[14]
  gpio_analog_en[15]
  gpio_analog_en[16]
  gpio_analog_en[17]
  gpio_analog_en[18]
  gpio_analog_en[19]
  gpio_analog_en[1]
  gpio_analog_en[20]
  gpio_analog_en[21]
  gpio_analog_en[22]
  gpio_analog_en[23]
  gpio_analog_en[24]
  gpio_analog_en[25]
  gpio_analog_en[26]
  gpio_analog_en[27]
  gpio_analog_en[28]
  gpio_analog_en[29]
  gpio_analog_en[2]
  gpio_analog_en[30]
  gpio_analog_en[31]
  gpio_analog_en[32]
  gpio_analog_en[33]
  gpio_analog_en[34]
  gpio_analog_en[35]
  gpio_analog_en[36]
  gpio_analog_en[37]
  gpio_analog_en[38]
  gpio_analog_en[39]
  gpio_analog_en[3]
  gpio_analog_en[40]
  gpio_analog_en[41]
  gpio_analog_en[42]
  gpio_analog_en[43]
  gpio_analog_en[4]
  gpio_analog_en[5]
  gpio_analog_en[6]
  gpio_analog_en[7]
  gpio_analog_en[8]
  gpio_analog_en[9]
  gpio_analog_pol[0]
  gpio_analog_pol[10]
  gpio_analog_pol[11]
  gpio_analog_pol[12]
  gpio_analog_pol[13]
  gpio_analog_pol[14]
  gpio_analog_pol[15]
  gpio_analog_pol[16]
  gpio_analog_pol[17]
  gpio_analog_pol[18]
  gpio_analog_pol[19]
  gpio_analog_pol[1]
  gpio_analog_pol[20]
  gpio_analog_pol[21]
  gpio_analog_pol[22]
  gpio_analog_pol[23]
  gpio_analog_pol[24]
  gpio_analog_pol[25]
  gpio_analog_pol[26]
  gpio_analog_pol[27]
  gpio_analog_pol[28]
  gpio_analog_pol[29]
  gpio_analog_pol[2]
  gpio_analog_pol[30]
  gpio_analog_pol[31]
  gpio_analog_pol[32]
  gpio_analog_pol[33]
  gpio_analog_pol[34]
  gpio_analog_pol[35]
  gpio_analog_pol[36]
  gpio_analog_pol[37]
  gpio_analog_pol[38]
  gpio_analog_pol[39]
  gpio_analog_pol[3]
  gpio_analog_pol[40]
  gpio_analog_pol[41]
  gpio_analog_pol[42]
  gpio_analog_pol[43]
  gpio_analog_pol[4]
  gpio_analog_pol[5]
  gpio_analog_pol[6]
  gpio_analog_pol[7]
  gpio_analog_pol[8]
  gpio_analog_pol[9]
  gpio_analog_sel[0]
  gpio_analog_sel[10]
  gpio_analog_sel[11]
  gpio_analog_sel[12]
  gpio_analog_sel[13]
  gpio_analog_sel[14]
  gpio_analog_sel[15]
  gpio_analog_sel[16]
  gpio_analog_sel[17]
  gpio_analog_sel[18]
  gpio_analog_sel[19]
  gpio_analog_sel[1]
  gpio_analog_sel[20]
  gpio_analog_sel[21]
  gpio_analog_sel[22]
  gpio_analog_sel[23]
  gpio_analog_sel[24]
  gpio_analog_sel[25]
  gpio_analog_sel[26]
  gpio_analog_sel[27]
  gpio_analog_sel[28]
  gpio_analog_sel[29]
  gpio_analog_sel[2]
  gpio_analog_sel[30]
  gpio_analog_sel[31]
  gpio_analog_sel[32]
  gpio_analog_sel[33]
  gpio_analog_sel[34]
  gpio_analog_sel[35]
  gpio_analog_sel[36]
  gpio_analog_sel[37]
  gpio_analog_sel[38]
  gpio_analog_sel[39]
  gpio_analog_sel[3]
  gpio_analog_sel[40]
  gpio_analog_sel[41]
  gpio_analog_sel[42]
  gpio_analog_sel[43]
  gpio_analog_sel[4]
  gpio_analog_sel[5]
  gpio_analog_sel[6]
  gpio_analog_sel[7]
  gpio_analog_sel[8]
  gpio_analog_sel[9]
  gpio_dm0[0]
  gpio_dm0[10]
  gpio_dm0[11]
  gpio_dm0[12]
  gpio_dm0[13]
  gpio_dm0[14]
  gpio_dm0[15]
  gpio_dm0[16]
  gpio_dm0[17]
  gpio_dm0[18]
  gpio_dm0[19]
  gpio_dm0[1]
  gpio_dm0[20]
  gpio_dm0[21]
  gpio_dm0[22]
  gpio_dm0[23]
  gpio_dm0[24]
  gpio_dm0[25]
  gpio_dm0[26]
  gpio_dm0[27]
  gpio_dm0[28]
  gpio_dm0[29]
  gpio_dm0[2]
  gpio_dm0[30]
  gpio_dm0[31]
  gpio_dm0[32]
  gpio_dm0[33]
  gpio_dm0[34]
  gpio_dm0[35]
  gpio_dm0[36]
  gpio_dm0[37]
  gpio_dm0[38]
  gpio_dm0[39]
  gpio_dm0[3]
  gpio_dm0[40]
  gpio_dm0[41]
  gpio_dm0[42]
  gpio_dm0[43]
  gpio_dm0[4]
  gpio_dm0[5]
  gpio_dm0[6]
  gpio_dm0[7]
  gpio_dm0[8]
  gpio_dm0[9]
  gpio_dm1[0]
  gpio_dm1[10]
  gpio_dm1[11]
  gpio_dm1[12]
  gpio_dm1[13]
  gpio_dm1[14]
  gpio_dm1[15]
  gpio_dm1[16]
  gpio_dm1[17]
  gpio_dm1[18]
  gpio_dm1[19]
  gpio_dm1[1]
  gpio_dm1[20]
  gpio_dm1[21]
  gpio_dm1[22]
  gpio_dm1[23]
  gpio_dm1[24]
  gpio_dm1[25]
  gpio_dm1[26]
  gpio_dm1[27]
  gpio_dm1[28]
  gpio_dm1[29]
  gpio_dm1[2]
  gpio_dm1[30]
  gpio_dm1[31]
  gpio_dm1[32]
  gpio_dm1[33]
  gpio_dm1[34]
  gpio_dm1[35]
  gpio_dm1[36]
  gpio_dm1[37]
  gpio_dm1[38]
  gpio_dm1[39]
  gpio_dm1[3]
  gpio_dm1[40]
  gpio_dm1[41]
  gpio_dm1[42]
  gpio_dm1[43]
  gpio_dm1[4]
  gpio_dm1[5]
  gpio_dm1[6]
  gpio_dm1[7]
  gpio_dm1[8]
  gpio_dm1[9]
  gpio_dm2[0]
  gpio_dm2[10]
  gpio_dm2[11]
  gpio_dm2[12]
  gpio_dm2[13]
  gpio_dm2[14]
  gpio_dm2[15]
  gpio_dm2[16]
  gpio_dm2[17]
  gpio_dm2[18]
  gpio_dm2[19]
  gpio_dm2[1]
  gpio_dm2[20]
  gpio_dm2[21]
  gpio_dm2[22]
  gpio_dm2[23]
  gpio_dm2[24]
  gpio_dm2[25]
  gpio_dm2[26]
  gpio_dm2[27]
  gpio_dm2[28]
  gpio_dm2[29]
  gpio_dm2[2]
  gpio_dm2[30]
  gpio_dm2[31]
  gpio_dm2[32]
  gpio_dm2[33]
  gpio_dm2[34]
  gpio_dm2[35]
  gpio_dm2[36]
  gpio_dm2[37]
  gpio_dm2[38]
  gpio_dm2[39]
  gpio_dm2[3]
  gpio_dm2[40]
  gpio_dm2[41]
  gpio_dm2[42]
  gpio_dm2[43]
  gpio_dm2[4]
  gpio_dm2[5]
  gpio_dm2[6]
  gpio_dm2[7]
  gpio_dm2[8]
  gpio_dm2[9]
  gpio_holdover[0]
  gpio_holdover[10]
  gpio_holdover[11]
  gpio_holdover[12]
  gpio_holdover[13]
  gpio_holdover[14]
  gpio_holdover[15]
  gpio_holdover[16]
  gpio_holdover[17]
  gpio_holdover[18]
  gpio_holdover[19]
  gpio_holdover[1]
  gpio_holdover[20]
  gpio_holdover[21]
  gpio_holdover[22]
  gpio_holdover[23]
  gpio_holdover[24]
  gpio_holdover[25]
  gpio_holdover[26]
  gpio_holdover[27]
  gpio_holdover[28]
  gpio_holdover[29]
  gpio_holdover[2]
  gpio_holdover[30]
  gpio_holdover[31]
  gpio_holdover[32]
  gpio_holdover[33]
  gpio_holdover[34]
  gpio_holdover[35]
  gpio_holdover[36]
  gpio_holdover[37]
  gpio_holdover[38]
  gpio_holdover[39]
  gpio_holdover[3]
  gpio_holdover[40]
  gpio_holdover[41]
  gpio_holdover[42]
  gpio_holdover[43]
  gpio_holdover[4]
  gpio_holdover[5]
  gpio_holdover[6]
  gpio_holdover[7]
  gpio_holdover[8]
  gpio_holdover[9]
  gpio_ib_mode_sel[0]
  gpio_ib_mode_sel[10]
  gpio_ib_mode_sel[11]
  gpio_ib_mode_sel[12]
  gpio_ib_mode_sel[13]
  gpio_ib_mode_sel[14]
  gpio_ib_mode_sel[15]
  gpio_ib_mode_sel[16]
  gpio_ib_mode_sel[17]
  gpio_ib_mode_sel[18]
  gpio_ib_mode_sel[19]
  gpio_ib_mode_sel[1]
  gpio_ib_mode_sel[20]
  gpio_ib_mode_sel[21]
  gpio_ib_mode_sel[22]
  gpio_ib_mode_sel[23]
  gpio_ib_mode_sel[24]
  gpio_ib_mode_sel[25]
  gpio_ib_mode_sel[26]
  gpio_ib_mode_sel[27]
  gpio_ib_mode_sel[28]
  gpio_ib_mode_sel[29]
  gpio_ib_mode_sel[2]
  gpio_ib_mode_sel[30]
  gpio_ib_mode_sel[31]
  gpio_ib_mode_sel[32]
  gpio_ib_mode_sel[33]
  gpio_ib_mode_sel[34]
  gpio_ib_mode_sel[35]
  gpio_ib_mode_sel[36]
  gpio_ib_mode_sel[37]
  gpio_ib_mode_sel[38]
  gpio_ib_mode_sel[39]
  gpio_ib_mode_sel[3]
  gpio_ib_mode_sel[40]
  gpio_ib_mode_sel[41]
  gpio_ib_mode_sel[42]
  gpio_ib_mode_sel[43]
  gpio_ib_mode_sel[4]
  gpio_ib_mode_sel[5]
  gpio_ib_mode_sel[6]
  gpio_ib_mode_sel[7]
  gpio_ib_mode_sel[8]
  gpio_ib_mode_sel[9]
  gpio_inp_dis[0]
  gpio_inp_dis[10]
  gpio_inp_dis[11]
  gpio_inp_dis[12]
  gpio_inp_dis[13]
  gpio_inp_dis[14]
  gpio_inp_dis[15]
  gpio_inp_dis[16]
  gpio_inp_dis[17]
  gpio_inp_dis[18]
  gpio_inp_dis[19]
  gpio_inp_dis[1]
  gpio_inp_dis[20]
  gpio_inp_dis[21]
  gpio_inp_dis[22]
  gpio_inp_dis[23]
  gpio_inp_dis[24]
  gpio_inp_dis[25]
  gpio_inp_dis[26]
  gpio_inp_dis[27]
  gpio_inp_dis[28]
  gpio_inp_dis[29]
  gpio_inp_dis[2]
  gpio_inp_dis[30]
  gpio_inp_dis[31]
  gpio_inp_dis[32]
  gpio_inp_dis[33]
  gpio_inp_dis[34]
  gpio_inp_dis[35]
  gpio_inp_dis[36]
  gpio_inp_dis[37]
  gpio_inp_dis[38]
  gpio_inp_dis[39]
  gpio_inp_dis[3]
  gpio_inp_dis[40]
  gpio_inp_dis[41]
  gpio_inp_dis[42]
  gpio_inp_dis[43]
  gpio_inp_dis[4]
  gpio_inp_dis[5]
  gpio_inp_dis[6]
  gpio_inp_dis[7]
  gpio_inp_dis[8]
  gpio_inp_dis[9]
  gpio_oeb[0]
  gpio_oeb[10]
  gpio_oeb[11]
  gpio_oeb[12]
  gpio_oeb[13]
  gpio_oeb[14]
  gpio_oeb[15]
  gpio_oeb[16]
  gpio_oeb[17]
  gpio_oeb[18]
  gpio_oeb[19]
  gpio_oeb[1]
  gpio_oeb[20]
  gpio_oeb[21]
  gpio_oeb[22]
  gpio_oeb[23]
  gpio_oeb[24]
  gpio_oeb[25]
  gpio_oeb[26]
  gpio_oeb[27]
  gpio_oeb[28]
  gpio_oeb[29]
  gpio_oeb[2]
  gpio_oeb[30]
  gpio_oeb[31]
  gpio_oeb[32]
  gpio_oeb[33]
  gpio_oeb[34]
  gpio_oeb[35]
  gpio_oeb[36]
  gpio_oeb[37]
  gpio_oeb[38]
  gpio_oeb[39]
  gpio_oeb[3]
  gpio_oeb[40]
  gpio_oeb[41]
  gpio_oeb[42]
  gpio_oeb[43]
  gpio_oeb[4]
  gpio_oeb[5]
  gpio_oeb[6]
  gpio_oeb[7]
  gpio_oeb[8]
  gpio_oeb[9]
  gpio_out[0]
  gpio_out[10]
  gpio_out[11]
  gpio_out[12]
  gpio_out[13]
  gpio_out[14]
  gpio_out[15]
  gpio_out[16]
  gpio_out[17]
  gpio_out[18]
  gpio_out[19]
  gpio_out[1]
  gpio_out[20]
  gpio_out[21]
  gpio_out[22]
  gpio_out[23]
  gpio_out[24]
  gpio_out[25]
  gpio_out[26]
  gpio_out[27]
  gpio_out[28]
  gpio_out[29]
  gpio_out[2]
  gpio_out[30]
  gpio_out[31]
  gpio_out[32]
  gpio_out[33]
  gpio_out[34]
  gpio_out[35]
  gpio_out[36]
  gpio_out[37]
  gpio_out[38]
  gpio_out[39]
  gpio_out[3]
  gpio_out[40]
  gpio_out[41]
  gpio_out[42]
  gpio_out[43]
  gpio_out[4]
  gpio_out[5]
  gpio_out[6]
  gpio_out[7]
  gpio_out[8]
  gpio_out[9]
  gpio_slow_sel[0]
  gpio_slow_sel[10]
  gpio_slow_sel[11]
  gpio_slow_sel[12]
  gpio_slow_sel[13]
  gpio_slow_sel[14]
  gpio_slow_sel[15]
  gpio_slow_sel[16]
  gpio_slow_sel[17]
  gpio_slow_sel[18]
  gpio_slow_sel[19]
  gpio_slow_sel[1]
  gpio_slow_sel[20]
  gpio_slow_sel[21]
  gpio_slow_sel[22]
  gpio_slow_sel[23]
  gpio_slow_sel[24]
  gpio_slow_sel[25]
  gpio_slow_sel[26]
  gpio_slow_sel[27]
  gpio_slow_sel[28]
  gpio_slow_sel[29]
  gpio_slow_sel[2]
  gpio_slow_sel[30]
  gpio_slow_sel[31]
  gpio_slow_sel[32]
  gpio_slow_sel[33]
  gpio_slow_sel[34]
  gpio_slow_sel[35]
  gpio_slow_sel[36]
  gpio_slow_sel[37]
  gpio_slow_sel[38]
  gpio_slow_sel[39]
  gpio_slow_sel[3]
  gpio_slow_sel[40]
  gpio_slow_sel[41]
  gpio_slow_sel[42]
  gpio_slow_sel[43]
  gpio_slow_sel[4]
  gpio_slow_sel[5]
  gpio_slow_sel[6]
  gpio_slow_sel[7]
  gpio_slow_sel[8]
  gpio_slow_sel[9]
  gpio_vtrip_sel[0]
  gpio_vtrip_sel[10]
  gpio_vtrip_sel[11]
  gpio_vtrip_sel[12]
  gpio_vtrip_sel[13]
  gpio_vtrip_sel[14]
  gpio_vtrip_sel[15]
  gpio_vtrip_sel[16]
  gpio_vtrip_sel[17]
  gpio_vtrip_sel[18]
  gpio_vtrip_sel[19]
  gpio_vtrip_sel[1]
  gpio_vtrip_sel[20]
  gpio_vtrip_sel[21]
  gpio_vtrip_sel[22]
  gpio_vtrip_sel[23]
  gpio_vtrip_sel[24]
  gpio_vtrip_sel[25]
  gpio_vtrip_sel[26]
  gpio_vtrip_sel[27]
  gpio_vtrip_sel[28]
  gpio_vtrip_sel[29]
  gpio_vtrip_sel[2]
  gpio_vtrip_sel[30]
  gpio_vtrip_sel[31]
  gpio_vtrip_sel[32]
  gpio_vtrip_sel[33]
  gpio_vtrip_sel[34]
  gpio_vtrip_sel[35]
  gpio_vtrip_sel[36]
  gpio_vtrip_sel[37]
  gpio_vtrip_sel[38]
  gpio_vtrip_sel[39]
  gpio_vtrip_sel[3]
  gpio_vtrip_sel[40]
  gpio_vtrip_sel[41]
  gpio_vtrip_sel[42]
  gpio_vtrip_sel[43]
  gpio_vtrip_sel[4]
  gpio_vtrip_sel[5]
  gpio_vtrip_sel[6]
  gpio_vtrip_sel[7]
  gpio_vtrip_sel[8]
  gpio_vtrip_sel[9]
  _3204_/D
  _3205_/D
  _3206_/D
  _3207_/D
  _3208_/D
  _3209_/D
  _3210_/D
  _3689_/D
  _3690_/D
  _3691_/D
  _4016_/D
  _4018_/D
  _4019_/D
  _4022_/D
  _4023_/D
  _4024_/D
  _4025_/D
  _4026_/D
  _4027_/D
  _4028_/D
  _4029_/D
  _4030_/D
  _4031_/D
  _4032_/D
  _4033_/D
  _4034_/D
  _4035_/D
  _4036_/D
  _4037_/D
  _4038_/D
  _4039_/D
  _4040_/D
  _4041_/D
  _4042_/D
  _4043_/D
  _4044_/D
  _4045_/D
  _4046_/D
  _4047_/D
  _4048_/D
  _4049_/D
  _4050_/D
  _4051_/D
  _4052_/D
  _4053_/D
  _4054_/D
  _4055_/D
  _4056_/D
  _4057_/D
  _4058_/D
  _4059_/D
  _4060_/D
  _4061_/D
  _4062_/D
  _4063_/D
  _4064_/D
  _4065_/D
Warning: There is 1 combinational loop in the design.
  fanout1159/A
  fanout1159/X
  u_owire.u_ip.osc_i0/A
  u_owire.u_ip.osc_i0/Y
  u_owire.u_ip.osc_i1/A
  u_owire.u_ip.osc_i1/Y
  u_owire.u_ip.osc_i2/A
  u_owire.u_ip.osc_i2/Y
  fanout1160/A
  fanout1160/X
  | loop cut point
  fanout1159/A
  --------------------------------
