Clock: clk
Sources: gpio_in[38] 
Generated: no
Virtual: yes
Propagated: no
Period: 40.000000

===========================================================================
report_clock_properties
============================================================================
Clock                   Period          Waveform
----------------------------------------------------
clk                  40.000000    0.000000 20.000000

===========================================================================
report_clock_latency
============================================================================
Clock clk
rise -> rise
    min     max
0.000000 0.000000 source latency
1.624696         network latency _3916_/CLK
        2.923888 network latency _3615_/CLK
---------------
1.624696 2.923888 latency
        1.299192 skew

fall -> fall
    min     max
0.000000 0.000000 source latency
1.681961         network latency _3916_/CLK
        3.017002 network latency _3615_/CLK
---------------
1.681961 3.017002 latency
        1.335041 skew



===========================================================================
report_clock_min_period
============================================================================
clk period_min = 9.10 fmax = 109.92
