Clock: clk
Sources: gpio_in[38] 
Generated: no
Virtual: yes
Propagated: no
Period: 40.000000

===========================================================================
report_clock_properties
============================================================================
Clock                   Period          Waveform
----------------------------------------------------
clk                  40.000000    0.000000 20.000000

===========================================================================
report_clock_latency
============================================================================
Clock clk
rise -> rise
    min     max
0.000000 0.000000 source latency
2.142516         network latency _3668_/CLK
        3.562911 network latency _3631_/CLK
---------------
2.142516 3.562911 latency
        1.420395 skew

fall -> fall
    min     max
0.000000 0.000000 source latency
2.287187         network latency _3668_/CLK
        3.619627 network latency _3631_/CLK
---------------
2.287187 3.619627 latency
        1.332440 skew



===========================================================================
report_clock_min_period
============================================================================
clk period_min = 10.84 fmax = 92.25
