
===========================================================================
 report_power
============================================================================
======================= max_tt_025C_1v80 Corner ===================================

Group                    Internal    Switching      Leakage        Total
                            Power        Power        Power        Power (Watts)
------------------------------------------------------------------------
Sequential           8.179102e-04 9.550844e-07 7.709402e-09 8.188729e-04  46.4%
Combinational        1.842042e-06 2.414698e-06 3.865615e-08 4.295396e-06   0.2%
Clock                2.627251e-04 6.800470e-04 2.245544e-08 9.427945e-04  53.4%
Macro                0.000000e+00 0.000000e+00 0.000000e+00 0.000000e+00   0.0%
Pad                  0.000000e+00 0.000000e+00 0.000000e+00 0.000000e+00   0.0%
------------------------------------------------------------------------
Total                1.082478e-03 6.834167e-04 6.881947e-08 1.765963e-03 100.0%
                            61.3%        38.7%         0.0%

