
===========================================================================
report_checks -unconstrained
===========================================================================
======================= max_ff_n40C_1v95 Corner ===================================

Startpoint: _4017_ (rising edge-triggered flip-flop clocked by clk)
Endpoint: _3958_ (recovery check against rising-edge clock clk)
Path Group: asynchronous
Path Type: max

Fanout         Cap        Slew       Delay        Time   Description
---------------------------------------------------------------------------------------------
                                  0.000000    0.000000   clock clk (rise edge)
                                  0.000000    0.000000   clock source latency
     5    0.346365    1.190000    0.000000    0.000000 ^ gpio_in[38] (in)
                                                         gpio_in[38] (net)
                      2.039142    0.445799    0.445799 ^ clkbuf_0_gpio_in[38]/A (sky130_fd_sc_hd__clkbuf_16)
     5    0.098534    0.128432    0.148891    0.594690 ^ clkbuf_0_gpio_in[38]/X (sky130_fd_sc_hd__clkbuf_16)
                                                         clknet_0_gpio_in[38] (net)
                      0.131645    0.016105    0.610795 ^ clkbuf_1_0_0_gpio_in[38]/A (sky130_fd_sc_hd__clkbuf_8)
     3    0.033291    0.053932    0.131459    0.742254 ^ clkbuf_1_0_0_gpio_in[38]/X (sky130_fd_sc_hd__clkbuf_8)
                                                         clknet_1_0_0_gpio_in[38] (net)
                      0.054982    0.006128    0.748381 ^ clkbuf_1_0_1_gpio_in[38]/A (sky130_fd_sc_hd__clkbuf_8)
     5    0.084928    0.118293    0.145519    0.893900 ^ clkbuf_1_0_1_gpio_in[38]/X (sky130_fd_sc_hd__clkbuf_8)
                                                         clknet_1_0_1_gpio_in[38] (net)
                      0.128054    0.027380    0.921280 ^ clkbuf_2_1_0_gpio_in[38]/A (sky130_fd_sc_hd__clkbuf_8)
     5    0.072299    0.102243    0.155192    1.076472 ^ clkbuf_2_1_0_gpio_in[38]/X (sky130_fd_sc_hd__clkbuf_8)
                                                         clknet_2_1_0_gpio_in[38] (net)
                      0.112312    0.025642    1.102114 ^ clkbuf_3_2_0_gpio_in[38]/A (sky130_fd_sc_hd__clkbuf_8)
     3    0.059661    0.086071    0.144036    1.246150 ^ clkbuf_3_2_0_gpio_in[38]/X (sky130_fd_sc_hd__clkbuf_8)
                                                         clknet_3_2_0_gpio_in[38] (net)
                      0.093144    0.019795    1.265946 ^ clkbuf_3_2_1_gpio_in[38]/A (sky130_fd_sc_hd__clkbuf_8)
    37    0.572704    0.651850    0.390664    1.656610 ^ clkbuf_3_2_1_gpio_in[38]/X (sky130_fd_sc_hd__clkbuf_8)
                                                         clknet_3_2_1_gpio_in[38] (net)
                      1.133718    0.498365    2.154975 ^ clkbuf_leaf_57_gpio_in[38]/A (sky130_fd_sc_hd__clkbuf_8)
     3    0.041208    0.085048    0.168419    2.323394 ^ clkbuf_leaf_57_gpio_in[38]/X (sky130_fd_sc_hd__clkbuf_8)
                                                         clknet_leaf_57_gpio_in[38] (net)
                      0.085277    0.003066    2.326460 ^ _4017_/CLK (sky130_fd_sc_hd__dfrtp_4)
     3    0.014265    0.051720    0.291041    2.617501 ^ _4017_/Q (sky130_fd_sc_hd__dfrtp_4)
                                                         u_chip_core.fabric_spi_controller.rst_ni (net)
                      0.051790    0.001266    2.618767 ^ hold1666/A (sky130_fd_sc_hd__dlygate4sd3_1)
     1    0.017143    0.137442    0.473671    3.092438 ^ hold1666/X (sky130_fd_sc_hd__dlygate4sd3_1)
                                                         net3142 (net)
                      0.137459    0.001696    3.094134 ^ wire1340/A (sky130_fd_sc_hd__buf_8)
     5    0.110892    0.137013    0.143088    3.237221 ^ wire1340/X (sky130_fd_sc_hd__buf_8)
                                                         net1340 (net)
                      0.158132    0.043169    3.280391 ^ wire1339/A (sky130_fd_sc_hd__clkbuf_16)
     3    0.060673    0.059951    0.138892    3.419282 ^ wire1339/X (sky130_fd_sc_hd__clkbuf_16)
                                                         net1339 (net)
                      0.069271    0.018844    3.438126 ^ fanout1338/A (sky130_fd_sc_hd__clkbuf_16)
    15    1.245455    0.836291    0.333343    3.771469 ^ fanout1338/X (sky130_fd_sc_hd__clkbuf_16)
                                                         net1338 (net)
                      1.552577    0.716246    4.487715 ^ fanout1336/A (sky130_fd_sc_hd__clkbuf_16)
    21    0.242574    0.171149    0.195219    4.682934 ^ fanout1336/X (sky130_fd_sc_hd__clkbuf_16)
                                                         net1336 (net)
                      0.359783    0.163954    4.846888 ^ _1458_/C (sky130_fd_sc_hd__and3b_4)
     1    0.024703    0.080339    0.183861    5.030749 ^ _1458_/X (sky130_fd_sc_hd__and3b_4)
                                                         u_chip_core.fabric_config_small.rst_ni (net)
                      0.080570    0.003079    5.033828 ^ hold1159/A (sky130_fd_sc_hd__dlygate4sd3_1)
     1    0.029295    0.225047    0.542710    5.576539 ^ hold1159/X (sky130_fd_sc_hd__dlygate4sd3_1)
                                                         net2635 (net)
                      0.225093    0.003306    5.579844 ^ fanout1318/A (sky130_fd_sc_hd__buf_12)
    13    1.252056    0.383450    0.221938    5.801782 ^ fanout1318/X (sky130_fd_sc_hd__buf_12)
                                                         net1318 (net)
                      1.733424    0.788157    6.589939 ^ hold1160/A (sky130_fd_sc_hd__buf_8)
     3    0.312166    0.360273    0.132272    6.722210 ^ hold1160/X (sky130_fd_sc_hd__buf_8)
                                                         net2636 (net)
                      0.514988    0.199251    6.921461 ^ fanout1308/A (sky130_fd_sc_hd__buf_12)
    13    0.239802    0.169326    0.132791    7.054252 ^ fanout1308/X (sky130_fd_sc_hd__buf_12)
                                                         net1308 (net)
                      0.170088    0.012397    7.066648 ^ fanout1307/A (sky130_fd_sc_hd__clkbuf_16)
    15    0.200718    0.137735    0.163437    7.230085 ^ fanout1307/X (sky130_fd_sc_hd__clkbuf_16)
                                                         net1307 (net)
                      0.271279    0.122641    7.352726 ^ fanout1305/A (sky130_fd_sc_hd__buf_4)
    24    0.099695    0.208093    0.233932    7.586658 ^ fanout1305/X (sky130_fd_sc_hd__buf_4)
                                                         net1305 (net)
                      0.208380    0.006809    7.593467 ^ _3958_/RESET_B (sky130_fd_sc_hd__dfrtp_4)
                                              7.593467   data arrival time

                                 40.000000   40.000000   clock clk (rise edge)
                                  0.000000   40.000000   clock source latency
     5    0.346365    1.000000    0.000000   40.000000 ^ gpio_in[38] (in)
                                                         gpio_in[38] (net)
                      1.849142    0.403343   40.403343 ^ clkbuf_0_gpio_in[38]/A (sky130_fd_sc_hd__clkbuf_16)
     5    0.098534    0.124572    0.139217   40.542561 ^ clkbuf_0_gpio_in[38]/X (sky130_fd_sc_hd__clkbuf_16)
                                                         clknet_0_gpio_in[38] (net)
                      0.127895    0.014563   40.557125 ^ clkbuf_1_0_0_gpio_in[38]/A (sky130_fd_sc_hd__clkbuf_8)
     3    0.033291    0.053837    0.118416   40.675537 ^ clkbuf_1_0_0_gpio_in[38]/X (sky130_fd_sc_hd__clkbuf_8)
                                                         clknet_1_0_0_gpio_in[38] (net)
                      0.054889    0.005542   40.681080 ^ clkbuf_1_0_1_gpio_in[38]/A (sky130_fd_sc_hd__clkbuf_8)
     5    0.084928    0.118292    0.131635   40.812717 ^ clkbuf_1_0_1_gpio_in[38]/X (sky130_fd_sc_hd__clkbuf_8)
                                                         clknet_1_0_1_gpio_in[38] (net)
                      0.128053    0.024773   40.837490 ^ clkbuf_2_1_0_gpio_in[38]/A (sky130_fd_sc_hd__clkbuf_8)
     5    0.072299    0.102243    0.140410   40.977901 ^ clkbuf_2_1_0_gpio_in[38]/X (sky130_fd_sc_hd__clkbuf_8)
                                                         clknet_2_1_0_gpio_in[38] (net)
                      0.112374    0.023274   41.001175 ^ clkbuf_3_3_0_gpio_in[38]/A (sky130_fd_sc_hd__clkbuf_8)
     3    0.086812    0.119342    0.140467   41.141640 ^ clkbuf_3_3_0_gpio_in[38]/X (sky130_fd_sc_hd__clkbuf_8)
                                                         clknet_3_3_0_gpio_in[38] (net)
                      0.137363    0.033115   41.174755 ^ clkbuf_3_3_1_gpio_in[38]/A (sky130_fd_sc_hd__clkbuf_8)
    23    0.180407    0.235727    0.219998   41.394753 ^ clkbuf_3_3_1_gpio_in[38]/X (sky130_fd_sc_hd__clkbuf_8)
                                                         clknet_3_3_1_gpio_in[38] (net)
                      0.257774    0.052747   41.447502 ^ clkbuf_leaf_95_gpio_in[38]/A (sky130_fd_sc_hd__clkbuf_8)
     3    0.032796    0.056769    0.136843   41.584343 ^ clkbuf_leaf_95_gpio_in[38]/X (sky130_fd_sc_hd__clkbuf_8)
                                                         clknet_leaf_95_gpio_in[38] (net)
                      0.056777    0.000789   41.585133 ^ _3958_/CLK (sky130_fd_sc_hd__dfrtp_4)
                                 -0.100000   41.485134   clock uncertainty
                                  0.098571   41.583706   clock reconvergence pessimism
                                  0.079279   41.662983   library recovery time
                                             41.662983   data required time
---------------------------------------------------------------------------------------------
                                             41.662983   data required time
                                             -7.593467   data arrival time
---------------------------------------------------------------------------------------------
                                             34.069515   slack (MET)


Startpoint: _4017_ (rising edge-triggered flip-flop clocked by clk)
Endpoint: _3506_ (rising edge-triggered flip-flop clocked by clk)
Path Group: clk
Path Type: max

Fanout         Cap        Slew       Delay        Time   Description
---------------------------------------------------------------------------------------------
                                  0.000000    0.000000   clock clk (rise edge)
                                  0.000000    0.000000   clock source latency
     5    0.346365    1.190000    0.000000    0.000000 ^ gpio_in[38] (in)
                                                         gpio_in[38] (net)
                      2.039142    0.445799    0.445799 ^ clkbuf_0_gpio_in[38]/A (sky130_fd_sc_hd__clkbuf_16)
     5    0.098534    0.128432    0.148891    0.594690 ^ clkbuf_0_gpio_in[38]/X (sky130_fd_sc_hd__clkbuf_16)
                                                         clknet_0_gpio_in[38] (net)
                      0.131645    0.016105    0.610795 ^ clkbuf_1_0_0_gpio_in[38]/A (sky130_fd_sc_hd__clkbuf_8)
     3    0.033291    0.053932    0.131459    0.742254 ^ clkbuf_1_0_0_gpio_in[38]/X (sky130_fd_sc_hd__clkbuf_8)
                                                         clknet_1_0_0_gpio_in[38] (net)
                      0.054982    0.006128    0.748381 ^ clkbuf_1_0_1_gpio_in[38]/A (sky130_fd_sc_hd__clkbuf_8)
     5    0.084928    0.118293    0.145519    0.893900 ^ clkbuf_1_0_1_gpio_in[38]/X (sky130_fd_sc_hd__clkbuf_8)
                                                         clknet_1_0_1_gpio_in[38] (net)
                      0.128054    0.027380    0.921280 ^ clkbuf_2_1_0_gpio_in[38]/A (sky130_fd_sc_hd__clkbuf_8)
     5    0.072299    0.102243    0.155192    1.076472 ^ clkbuf_2_1_0_gpio_in[38]/X (sky130_fd_sc_hd__clkbuf_8)
                                                         clknet_2_1_0_gpio_in[38] (net)
                      0.112312    0.025642    1.102114 ^ clkbuf_3_2_0_gpio_in[38]/A (sky130_fd_sc_hd__clkbuf_8)
     3    0.059661    0.086071    0.144036    1.246150 ^ clkbuf_3_2_0_gpio_in[38]/X (sky130_fd_sc_hd__clkbuf_8)
                                                         clknet_3_2_0_gpio_in[38] (net)
                      0.093144    0.019795    1.265946 ^ clkbuf_3_2_1_gpio_in[38]/A (sky130_fd_sc_hd__clkbuf_8)
    37    0.572704    0.651850    0.390664    1.656610 ^ clkbuf_3_2_1_gpio_in[38]/X (sky130_fd_sc_hd__clkbuf_8)
                                                         clknet_3_2_1_gpio_in[38] (net)
                      1.133718    0.498365    2.154975 ^ clkbuf_leaf_57_gpio_in[38]/A (sky130_fd_sc_hd__clkbuf_8)
     3    0.041208    0.085048    0.168419    2.323394 ^ clkbuf_leaf_57_gpio_in[38]/X (sky130_fd_sc_hd__clkbuf_8)
                                                         clknet_leaf_57_gpio_in[38] (net)
                      0.085277    0.003066    2.326460 ^ _4017_/CLK (sky130_fd_sc_hd__dfrtp_4)
     3    0.014029    0.051346    0.333083    2.659543 v _4017_/Q (sky130_fd_sc_hd__dfrtp_4)
                                                         u_chip_core.fabric_spi_controller.rst_ni (net)
                      0.051395    0.001231    2.660774 v hold1666/A (sky130_fd_sc_hd__dlygate4sd3_1)
     1    0.016476    0.081372    0.441062    3.101836 v hold1666/X (sky130_fd_sc_hd__dlygate4sd3_1)
                                                         net3142 (net)
                      0.081403    0.001602    3.103438 v wire1340/A (sky130_fd_sc_hd__buf_8)
     5    0.108943    0.059105    0.130529    3.233967 v wire1340/X (sky130_fd_sc_hd__buf_8)
                                                         net1340 (net)
                      0.075210    0.022885    3.256852 v fanout1335/A (sky130_fd_sc_hd__buf_12)
    13    0.478183    0.044469    0.126789    3.383642 v fanout1335/X (sky130_fd_sc_hd__buf_12)
                                                         net1335 (net)
                      0.599933    0.309920    3.693562 v fanout1333/A (sky130_fd_sc_hd__buf_8)
    11    0.165730    0.093857    0.308491    4.002053 v fanout1333/X (sky130_fd_sc_hd__buf_8)
                                                         net1333 (net)
                      0.149197    0.056921    4.058974 v fanout1332/A (sky130_fd_sc_hd__clkbuf_16)
    19    0.293190    0.063067    0.183151    4.242125 v fanout1332/X (sky130_fd_sc_hd__clkbuf_16)
                                                         net1332 (net)
                      0.067245    0.008352    4.250477 v fanout1331/A (sky130_fd_sc_hd__buf_6)
    13    0.151550    0.093825    0.138910    4.389387 v fanout1331/X (sky130_fd_sc_hd__buf_6)
                                                         net1331 (net)
                      0.093950    0.003922    4.393309 v fanout1330/A (sky130_fd_sc_hd__clkbuf_8)
    19    0.125033    0.097679    0.175838    4.569147 v fanout1330/X (sky130_fd_sc_hd__clkbuf_8)
                                                         net1330 (net)
                      0.108230    0.025320    4.594467 v fanout1329/A (sky130_fd_sc_hd__buf_4)
    17    0.096326    0.090527    0.177335    4.771802 v fanout1329/X (sky130_fd_sc_hd__buf_4)
                                                         net1329 (net)
                      0.090973    0.006135    4.777936 v fanout1328/A (sky130_fd_sc_hd__clkbuf_4)
    21    0.076427    0.108586    0.193745    4.971682 v fanout1328/X (sky130_fd_sc_hd__clkbuf_4)
                                                         net1328 (net)
                      0.108764    0.003943    4.975625 v fanout1327/A (sky130_fd_sc_hd__clkbuf_4)
    17    0.069339    0.098600    0.197713    5.173337 v fanout1327/X (sky130_fd_sc_hd__clkbuf_4)
                                                         net1327 (net)
                      0.099930    0.009642    5.182979 v fanout1326/A (sky130_fd_sc_hd__clkbuf_4)
    21    0.070195    0.100347    0.193659    5.376637 v fanout1326/X (sky130_fd_sc_hd__clkbuf_4)
                                                         net1326 (net)
                      0.100498    0.003444    5.380082 v fanout1325/A (sky130_fd_sc_hd__buf_2)
    10    0.037217    0.068538    0.153884    5.533966 v fanout1325/X (sky130_fd_sc_hd__buf_2)
                                                         net1325 (net)
                      0.069315    0.006048    5.540013 v _2018_/A (sky130_fd_sc_hd__and2_2)
     3    0.035035    0.076002    0.176462    5.716476 v _2018_/X (sky130_fd_sc_hd__and2_2)
                                                         _0972_ (net)
                      0.076733    0.006100    5.722576 v fanout1252/A (sky130_fd_sc_hd__buf_12)
    13    0.918433    0.093805    0.176358    5.898934 v fanout1252/X (sky130_fd_sc_hd__buf_12)
                                                         net1252 (net)
                      2.192574    1.144113    7.043047 v fanout1251/A (sky130_fd_sc_hd__buf_12)
    21    0.473669    0.100849    0.669439    7.712486 v fanout1251/X (sky130_fd_sc_hd__buf_12)
                                                         net1251 (net)
                      1.058981    0.554013    8.266499 v _2342_/A1 (sky130_fd_sc_hd__mux2_1)
     1    0.002768    0.056439    0.471848    8.738347 v _2342_/X (sky130_fd_sc_hd__mux2_1)
                                                         _0307_ (net)
                      0.056439    0.000180    8.738527 v hold311/A (sky130_fd_sc_hd__dlygate4sd3_1)
     1    0.003659    0.041877    0.393543    9.132071 v hold311/X (sky130_fd_sc_hd__dlygate4sd3_1)
                                                         net1787 (net)
                      0.041877    0.000231    9.132301 v _3506_/D (sky130_fd_sc_hd__dfxtp_1)
                                              9.132301   data arrival time

                                 40.000000   40.000000   clock clk (rise edge)
                                  0.000000   40.000000   clock source latency
     5    0.346365    1.000000    0.000000   40.000000 ^ gpio_in[38] (in)
                                                         gpio_in[38] (net)
                      1.849142    0.403343   40.403343 ^ clkbuf_0_gpio_in[38]/A (sky130_fd_sc_hd__clkbuf_16)
     5    0.098534    0.124572    0.139217   40.542561 ^ clkbuf_0_gpio_in[38]/X (sky130_fd_sc_hd__clkbuf_16)
                                                         clknet_0_gpio_in[38] (net)
                      0.137354    0.028951   40.571510 ^ clkbuf_1_1_0_gpio_in[38]/A (sky130_fd_sc_hd__clkbuf_8)
     3    0.310693    0.399611    0.299529   40.871040 ^ clkbuf_1_1_0_gpio_in[38]/X (sky130_fd_sc_hd__clkbuf_8)
                                                         clknet_1_1_0_gpio_in[38] (net)
                      0.461593    0.115325   40.986366 ^ clkbuf_1_1_1_gpio_in[38]/A (sky130_fd_sc_hd__clkbuf_8)
     5    0.075265    0.111808    0.174786   41.161152 ^ clkbuf_1_1_1_gpio_in[38]/X (sky130_fd_sc_hd__clkbuf_8)
                                                         clknet_1_1_1_gpio_in[38] (net)
                      0.118792    0.020560   41.181713 ^ clkbuf_2_2_0_gpio_in[38]/A (sky130_fd_sc_hd__clkbuf_8)
     5    0.078477    0.110281    0.142428   41.324139 ^ clkbuf_2_2_0_gpio_in[38]/X (sky130_fd_sc_hd__clkbuf_8)
                                                         clknet_2_2_0_gpio_in[38] (net)
                      0.120201    0.023974   41.348114 ^ clkbuf_3_5_0_gpio_in[38]/A (sky130_fd_sc_hd__clkbuf_8)
     3    0.083322    0.115821    0.143217   41.491329 ^ clkbuf_3_5_0_gpio_in[38]/X (sky130_fd_sc_hd__clkbuf_8)
                                                         clknet_3_5_0_gpio_in[38] (net)
                      0.129095    0.028209   41.519539 ^ clkbuf_3_5_1_gpio_in[38]/A (sky130_fd_sc_hd__clkbuf_8)
    19    0.217313    0.277918    0.210239   41.729778 ^ clkbuf_3_5_1_gpio_in[38]/X (sky130_fd_sc_hd__clkbuf_8)
                                                         clknet_3_5_1_gpio_in[38] (net)
                      0.307950    0.064585   41.794361 ^ clkbuf_leaf_41_gpio_in[38]/A (sky130_fd_sc_hd__clkbuf_8)
     9    0.041282    0.067761    0.148404   41.942768 ^ clkbuf_leaf_41_gpio_in[38]/X (sky130_fd_sc_hd__clkbuf_8)
                                                         clknet_leaf_41_gpio_in[38] (net)
                      0.067929    0.002167   41.944935 ^ _3506_/CLK (sky130_fd_sc_hd__dfxtp_1)
                                 -0.100000   41.844936   clock uncertainty
                                  0.052131   41.897068   clock reconvergence pessimism
                                 -0.070068   41.827003   library setup time
                                             41.827003   data required time
---------------------------------------------------------------------------------------------
                                             41.827003   data required time
                                             -9.132301   data arrival time
---------------------------------------------------------------------------------------------
                                             32.694702   slack (MET)




===========================================================================
report_checks --slack_max -0.01
============================================================================
======================= max_ff_n40C_1v95 Corner ===================================

No paths found.


===========================================================================
 report_check_types -max_slew -max_cap -max_fanout -violators
============================================================================
======================= max_ff_n40C_1v95 Corner ===================================

max slew

Pin                                        Limit        Slew       Slack
------------------------------------------------------------------------
wire913/A                               1.500000   16.545601  -15.045601 (VIOLATED)
ANTENNA_wire913_A/DIODE                 1.500000   16.545408  -15.045409 (VIOLATED)
wire904/A                               1.500000   14.770990  -13.270990 (VIOLATED)
ANTENNA_wire904_A/DIODE                 1.500000   14.770789  -13.270789 (VIOLATED)
wire985/A                               1.500000    8.547711   -7.047711 (VIOLATED)
ANTENNA_wire985_A/DIODE                 1.500000    8.546954   -7.046954 (VIOLATED)
_1498_/B                                1.500000    7.597414   -6.097414 (VIOLATED)
ANTENNA__1498__B/DIODE                  1.500000    7.597345   -6.097345 (VIOLATED)
_1477_/A                                1.500000    7.075222   -5.575222 (VIOLATED)
ANTENNA__1477__A/DIODE                  1.500000    7.075190   -5.575190 (VIOLATED)
ANTENNA__1503__B/DIODE                  1.500000    6.248392   -4.748392 (VIOLATED)
wire986/A                               1.500000    6.248002   -4.748001 (VIOLATED)
ANTENNA_6/DIODE                         1.500000    6.247780   -4.747780 (VIOLATED)
ANTENNA_wire986_A/DIODE                 1.500000    6.247604   -4.747604 (VIOLATED)
ANTENNA_5/DIODE                         1.500000    6.247585   -4.747585 (VIOLATED)
ANTENNA_7/DIODE                         1.500000    6.247564   -4.747564 (VIOLATED)
ANTENNA_8/DIODE                         1.500000    6.247542   -4.747542 (VIOLATED)
ANTENNA_9/DIODE                         1.500000    6.247498   -4.747499 (VIOLATED)
ANTENNA_10/DIODE                        1.500000    6.247473   -4.747474 (VIOLATED)
_1503_/B                                1.500000    6.238822   -4.738822 (VIOLATED)
_1478_/A                                1.500000    6.177647   -4.677647 (VIOLATED)
ANTENNA__1478__A/DIODE                  1.500000    6.177616   -4.677616 (VIOLATED)
_1497_/B                                1.500000    5.673947   -4.173947 (VIOLATED)
ANTENNA__1497__B/DIODE                  1.500000    5.673937   -4.173938 (VIOLATED)
_1504_/B                                1.500000    5.419783   -3.919783 (VIOLATED)
ANTENNA__1504__B/DIODE                  1.500000    5.419695   -3.919695 (VIOLATED)
wire983/A                               1.500000    5.268992   -3.768992 (VIOLATED)
ANTENNA_wire983_A/DIODE                 1.500000    5.268694   -3.768694 (VIOLATED)
ANTENNA__1495__B/DIODE                  1.500000    5.082060   -3.582060 (VIOLATED)
_1495_/B                                1.500000    5.082009   -3.582009 (VIOLATED)
ANTENNA_349/DIODE                       1.500000    5.081676   -3.581677 (VIOLATED)
ANTENNA__1500__B/DIODE                  1.500000    4.399841   -2.899841 (VIOLATED)
_1500_/B                                1.500000    4.399833   -2.899833 (VIOLATED)
wire976/A                               1.500000    4.288988   -2.788988 (VIOLATED)
ANTENNA_wire976_A/DIODE                 1.500000    4.288679   -2.788679 (VIOLATED)
ANTENNA_304/DIODE                       1.500000    4.120586   -2.620586 (VIOLATED)
ANTENNA_303/DIODE                       1.500000    4.119734   -2.619735 (VIOLATED)
ANTENNA_302/DIODE                       1.500000    4.118881   -2.618881 (VIOLATED)
_1469_/A                                1.500000    4.118493   -2.618493 (VIOLATED)
ANTENNA__1469__A/DIODE                  1.500000    4.114930   -2.614930 (VIOLATED)
ANTENNA_308/DIODE                       1.500000    4.114069   -2.614070 (VIOLATED)
ANTENNA_309/DIODE                       1.500000    4.113208   -2.613208 (VIOLATED)
ANTENNA_310/DIODE                       1.500000    4.112344   -2.612344 (VIOLATED)
_2499_/A1                               1.500000    3.689217   -2.189217 (VIOLATED)
ANTENNA__2499__A1/DIODE                 1.500000    3.689083   -2.189083 (VIOLATED)
wire1453/A                              1.500000    3.609649   -2.109649 (VIOLATED)
ANTENNA_wire1453_A/DIODE                1.500000    3.609451   -2.109451 (VIOLATED)
_2479_/A1                               1.500000    3.290486   -1.790486 (VIOLATED)
ANTENNA__2479__A1/DIODE                 1.500000    3.290405   -1.790405 (VIOLATED)
fanout1317/A                            1.500000    3.241676   -1.741676 (VIOLATED)
ANTENNA_fanout1317_A/DIODE              1.500000    3.241335   -1.741335 (VIOLATED)
ANTENNA_wire914_X/DIODE                 1.500000    3.116879   -1.616879 (VIOLATED)
wire914/X                               1.500000    3.113948   -1.613948 (VIOLATED)
_2500_/A1                               1.500000    3.018502   -1.518502 (VIOLATED)
ANTENNA__2500__A1/DIODE                 1.500000    3.018420   -1.518420 (VIOLATED)
_1499_/B                                1.500000    3.002821   -1.502821 (VIOLATED)
ANTENNA__1499__B/DIODE                  1.500000    3.002783   -1.502783 (VIOLATED)
_2477_/A1                               1.500000    2.895245   -1.395245 (VIOLATED)
ANTENNA__2477__A1/DIODE                 1.500000    2.895132   -1.395132 (VIOLATED)
ANTENNA__2474__A1/DIODE                 1.500000    2.891942   -1.391942 (VIOLATED)
_2474_/A1                               1.500000    2.891896   -1.391896 (VIOLATED)
ANTENNA_252/DIODE                       1.500000    2.891836   -1.391836 (VIOLATED)
fanout759/A                             1.500000    2.865694   -1.365694 (VIOLATED)
ANTENNA_fanout759_A/DIODE               1.500000    2.865651   -1.365651 (VIOLATED)
_2484_/S                                1.500000    2.865619   -1.365619 (VIOLATED)
ANTENNA__2484__S/DIODE                  1.500000    2.865583   -1.365583 (VIOLATED)
ANTENNA__2480__S/DIODE                  1.500000    2.864599   -1.364599 (VIOLATED)
_2480_/S                                1.500000    2.864593   -1.364593 (VIOLATED)
fanout757/A                             1.500000    2.863928   -1.363928 (VIOLATED)
ANTENNA_fanout757_A/DIODE               1.500000    2.863902   -1.363902 (VIOLATED)
wire882/A                               1.500000    2.847698   -1.347698 (VIOLATED)
ANTENNA_wire882_A/DIODE                 1.500000    2.847667   -1.347667 (VIOLATED)
_1566_/B1                               1.500000    2.819609   -1.319609 (VIOLATED)
ANTENNA__1566__B1/DIODE                 1.500000    2.819578   -1.319578 (VIOLATED)
_2473_/A1                               1.500000    2.819458   -1.319459 (VIOLATED)
ANTENNA__2473__A1/DIODE                 1.500000    2.819427   -1.319427 (VIOLATED)
ANTENNA__1531__B1/DIODE                 1.500000    2.818860   -1.318860 (VIOLATED)
_1531_/B1                               1.500000    2.818292   -1.318292 (VIOLATED)
ANTENNA__1530__B1/DIODE                 1.500000    2.808862   -1.308862 (VIOLATED)
_1530_/B1                               1.500000    2.808071   -1.308071 (VIOLATED)
_1565_/B1                               1.500000    2.806871   -1.306871 (VIOLATED)
ANTENNA__1565__B1/DIODE                 1.500000    2.804974   -1.304974 (VIOLATED)
ANTENNA__2501__A1/DIODE                 1.500000    2.804855   -1.304855 (VIOLATED)
_2501_/A1                               1.500000    2.804855   -1.304855 (VIOLATED)
ANTENNA__1529__B1/DIODE                 1.500000    2.804496   -1.304496 (VIOLATED)
_1529_/B1                               1.500000    2.803049   -1.303049 (VIOLATED)
_1564_/B1                               1.500000    2.798417   -1.298417 (VIOLATED)
ANTENNA__1564__B1/DIODE                 1.500000    2.795198   -1.295198 (VIOLATED)
fanout1173/A                            1.500000    2.747918   -1.247918 (VIOLATED)
ANTENNA_fanout1173_A/DIODE              1.500000    2.747569   -1.247569 (VIOLATED)
_1570_/Y                                1.498726    2.654890   -1.156164 (VIOLATED)
ANTENNA__1570__Y/DIODE                  1.500000    2.655351   -1.155351 (VIOLATED)
wire921/A                               1.500000    2.646593   -1.146593 (VIOLATED)
ANTENNA_171/DIODE                       1.500000    2.646560   -1.146560 (VIOLATED)
ANTENNA_170/DIODE                       1.500000    2.646555   -1.146556 (VIOLATED)
ANTENNA_wire921_A/DIODE                 1.500000    2.646541   -1.146541 (VIOLATED)
ANTENNA_172/DIODE                       1.500000    2.646535   -1.146535 (VIOLATED)
ANTENNA_173/DIODE                       1.500000    2.646527   -1.146527 (VIOLATED)
ANTENNA_174/DIODE                       1.500000    2.646518   -1.146518 (VIOLATED)
ANTENNA_175/DIODE                       1.500000    2.646509   -1.146509 (VIOLATED)
fanout1312/A                            1.500000    2.643378   -1.143378 (VIOLATED)
ANTENNA_fanout1312_A/DIODE              1.500000    2.643059   -1.143059 (VIOLATED)
_2484_/A1                               1.500000    2.577051   -1.077051 (VIOLATED)
ANTENNA__2484__A1/DIODE                 1.500000    2.576934   -1.076934 (VIOLATED)
_2492_/A1                               1.500000    2.575831   -1.075831 (VIOLATED)
ANTENNA__2492__A1/DIODE                 1.500000    2.575767   -1.075767 (VIOLATED)
ANTENNA_338/DIODE                       1.500000    2.575568   -1.075568 (VIOLATED)
ANTENNA_337/DIODE                       1.500000    2.575534   -1.075534 (VIOLATED)
_2488_/A1                               1.500000    2.484723   -0.984723 (VIOLATED)
ANTENNA__2488__A1/DIODE                 1.500000    2.484626   -0.984626 (VIOLATED)
_2483_/A1                               1.500000    2.474453   -0.974453 (VIOLATED)
ANTENNA__2483__A1/DIODE                 1.500000    2.474354   -0.974354 (VIOLATED)
fanout1170/A                            1.500000    2.448857   -0.948857 (VIOLATED)
ANTENNA_fanout1170_A/DIODE              1.500000    2.448131   -0.948131 (VIOLATED)
fanout1251/A                            1.500000    2.436213   -0.936213 (VIOLATED)
ANTENNA_fanout1251_A/DIODE              1.500000    2.435311   -0.935311 (VIOLATED)
_2485_/A1                               1.500000    2.367644   -0.867644 (VIOLATED)
ANTENNA__2485__A1/DIODE                 1.500000    2.367616   -0.867616 (VIOLATED)
fanout1257/A                            1.500000    2.304049   -0.804049 (VIOLATED)
ANTENNA_fanout1257_A/DIODE              1.500000    2.278018   -0.778019 (VIOLATED)
fanout1167/A                            1.500000    2.245640   -0.745640 (VIOLATED)
ANTENNA_fanout1167_A/DIODE              1.500000    2.245454   -0.745454 (VIOLATED)
fanout1313/A                            1.500000    2.228030   -0.728030 (VIOLATED)
ANTENNA_fanout1313_A/DIODE              1.500000    2.227817   -0.727817 (VIOLATED)
_1562_/A2                               1.500000    2.227804   -0.727804 (VIOLATED)
ANTENNA__1562__A2/DIODE                 1.500000    2.226236   -0.726236 (VIOLATED)
_1573_/A2                               1.500000    2.226213   -0.726213 (VIOLATED)
ANTENNA__1573__A2/DIODE                 1.500000    2.224100   -0.724100 (VIOLATED)
_2476_/A1                               1.500000    2.223638   -0.723638 (VIOLATED)
ANTENNA__2476__A1/DIODE                 1.500000    2.223575   -0.723575 (VIOLATED)
_1528_/A2                               1.500000    2.221364   -0.721365 (VIOLATED)
ANTENNA__1528__A2/DIODE                 1.500000    2.221081   -0.721081 (VIOLATED)
_1563_/A2                               1.500000    2.219107   -0.719107 (VIOLATED)
ANTENNA__1563__A2/DIODE                 1.500000    2.217897   -0.717897 (VIOLATED)
fanout1314/A                            1.500000    2.194243   -0.694243 (VIOLATED)
ANTENNA_fanout1314_A/DIODE              1.500000    2.186380   -0.686380 (VIOLATED)
ANTENNA_wire922_X/DIODE                 1.500000    2.173371   -0.673371 (VIOLATED)
wire922/X                               1.500000    2.173121   -0.673121 (VIOLATED)
fanout1266/A                            1.500000    2.096413   -0.596413 (VIOLATED)
ANTENNA_fanout1266_A/DIODE              1.500000    2.096032   -0.596032 (VIOLATED)
_2475_/A1                               1.500000    2.081504   -0.581504 (VIOLATED)
ANTENNA__2475__A1/DIODE                 1.500000    2.081445   -0.581445 (VIOLATED)
fanout1269/A                            1.500000    2.065419   -0.565419 (VIOLATED)
ANTENNA_fanout1269_A/DIODE              1.500000    2.064868   -0.564868 (VIOLATED)
_4500_/A                                1.500000    2.049676   -0.549676 (VIOLATED)
ANTENNA__4500__A/DIODE                  1.500000    2.049378   -0.549378 (VIOLATED)
clkbuf_0_gpio_in[38]/A                  1.500000    2.039142   -0.539142 (VIOLATED)
ANTENNA_314/DIODE                       1.500000    2.038692   -0.538692 (VIOLATED)
ANTENNA_clkbuf_0_gpio_in[38]_A/DIODE    1.500000    2.038652   -0.538652 (VIOLATED)
ANTENNA_313/DIODE                       1.500000    2.038606   -0.538606 (VIOLATED)
ANTENNA_315/DIODE                       1.500000    2.038554   -0.538555 (VIOLATED)
wire861/A                               1.500000    2.017041   -0.517042 (VIOLATED)
ANTENNA_wire861_A/DIODE                 1.500000    2.016824   -0.516824 (VIOLATED)
_2487_/A1                               1.500000    1.937155   -0.437155 (VIOLATED)
ANTENNA__2487__A1/DIODE                 1.500000    1.936917   -0.436917 (VIOLATED)
_2490_/A1                               1.500000    1.929471   -0.429471 (VIOLATED)
ANTENNA__2490__A1/DIODE                 1.500000    1.929443   -0.429443 (VIOLATED)
wire1301/A                              1.500000    1.927733   -0.427733 (VIOLATED)
ANTENNA_wire1301_A/DIODE                1.500000    1.927423   -0.427423 (VIOLATED)
fanout1224/A                            1.500000    1.925732   -0.425732 (VIOLATED)
ANTENNA_fanout1224_A/DIODE              1.500000    1.925530   -0.425530 (VIOLATED)
_2480_/A1                               1.500000    1.917876   -0.417876 (VIOLATED)
ANTENNA__2480__A1/DIODE                 1.500000    1.917758   -0.417758 (VIOLATED)
fanout1212/A                            1.500000    1.910641   -0.410641 (VIOLATED)
ANTENNA_fanout1212_A/DIODE              1.500000    1.910083   -0.410083 (VIOLATED)
wire1062/A                              1.500000    1.900838   -0.400838 (VIOLATED)
ANTENNA_wire1062_A/DIODE                1.500000    1.900414   -0.400414 (VIOLATED)
_2482_/A1                               1.500000    1.863705   -0.363705 (VIOLATED)
ANTENNA__2482__A1/DIODE                 1.500000    1.863491   -0.363491 (VIOLATED)
_4499_/A                                1.500000    1.788571   -0.288571 (VIOLATED)
ANTENNA__4499__A/DIODE                  1.500000    1.788507   -0.288507 (VIOLATED)
_2478_/A1                               1.500000    1.786168   -0.286168 (VIOLATED)
ANTENNA__2478__A1/DIODE                 1.500000    1.786140   -0.286140 (VIOLATED)
wire1432/A                              1.500000    1.783029   -0.283029 (VIOLATED)
ANTENNA_wire1432_A/DIODE                1.500000    1.782722   -0.282722 (VIOLATED)
_2481_/A1                               1.500000    1.780532   -0.280532 (VIOLATED)
ANTENNA__2481__A1/DIODE                 1.500000    1.780409   -0.280409 (VIOLATED)
ANTENNA_hold1160_A/DIODE                1.500000    1.770120   -0.270120 (VIOLATED)
wire974/A                               1.500000    1.762637   -0.262637 (VIOLATED)
ANTENNA_wire974_A/DIODE                 1.500000    1.761906   -0.261906 (VIOLATED)
wire1416/A                              1.500000    1.760732   -0.260732 (VIOLATED)
ANTENNA_wire1416_A/DIODE                1.500000    1.760243   -0.260243 (VIOLATED)
fanout1239/A                            1.500000    1.759735   -0.259735 (VIOLATED)
ANTENNA_fanout1239_A/DIODE              1.500000    1.758852   -0.258852 (VIOLATED)
wire969/A                               1.500000    1.750866   -0.250866 (VIOLATED)
ANTENNA_wire969_A/DIODE                 1.500000    1.750826   -0.250826 (VIOLATED)
ANTENNA__1541__X/DIODE                  1.500000    1.741283   -0.241283 (VIOLATED)
_1541_/X                                1.500000    1.741212   -0.241212 (VIOLATED)
hold1160/A                              1.500000    1.733424   -0.233424 (VIOLATED)
wire1063/A                              1.500000    1.731190   -0.231190 (VIOLATED)
ANTENNA_wire1063_A/DIODE                1.500000    1.730519   -0.230519 (VIOLATED)
fanout1337/A                            1.500000    1.719262   -0.219262 (VIOLATED)
ANTENNA_fanout1337_A/DIODE              1.500000    1.719192   -0.219192 (VIOLATED)
wire1081/A                              1.500000    1.710990   -0.210990 (VIOLATED)
ANTENNA_wire1081_A/DIODE                1.500000    1.710249   -0.210249 (VIOLATED)
_2844_/A1                               1.500000    1.705023   -0.205023 (VIOLATED)
ANTENNA__2844__A1/DIODE                 1.500000    1.704872   -0.204872 (VIOLATED)
_1487_/B                                1.500000    1.699651   -0.199651 (VIOLATED)
ANTENNA__1487__B/DIODE                  1.500000    1.699620   -0.199620 (VIOLATED)
fanout1169/A                            1.500000    1.693719   -0.193719 (VIOLATED)
ANTENNA_fanout1169_A/DIODE              1.500000    1.693395   -0.193395 (VIOLATED)
_2845_/A1                               1.500000    1.693316   -0.193316 (VIOLATED)
ANTENNA__2845__A1/DIODE                 1.500000    1.693123   -0.193123 (VIOLATED)
wire980/A                               1.500000    1.689794   -0.189794 (VIOLATED)
ANTENNA_wire980_A/DIODE                 1.500000    1.689334   -0.189334 (VIOLATED)
_2449_/A0                               1.500000    1.683291   -0.183291 (VIOLATED)
ANTENNA__2449__A0/DIODE                 1.500000    1.683280   -0.183280 (VIOLATED)
_2416_/A0                               1.500000    1.678187   -0.178187 (VIOLATED)
ANTENNA__2416__A0/DIODE                 1.500000    1.678169   -0.178169 (VIOLATED)
ANTENNA__2562__A1/DIODE                 1.500000    1.670024   -0.170024 (VIOLATED)
_2562_/A1                               1.500000    1.669589   -0.169589 (VIOLATED)
ANTENNA__2383__A0/DIODE                 1.500000    1.665077   -0.165077 (VIOLATED)
_2383_/A0                               1.500000    1.665009   -0.165009 (VIOLATED)
ANTENNA_236/DIODE                       1.500000    1.664964   -0.164964 (VIOLATED)
_2846_/A1                               1.500000    1.664321   -0.164321 (VIOLATED)
ANTENNA__2846__A1/DIODE                 1.500000    1.664079   -0.164079 (VIOLATED)
_2563_/A1                               1.500000    1.662256   -0.162256 (VIOLATED)
ANTENNA__2563__A1/DIODE                 1.500000    1.662091   -0.162091 (VIOLATED)
_1521_/B2                               1.500000    1.658411   -0.158411 (VIOLATED)
ANTENNA__1521__B2/DIODE                 1.500000    1.658217   -0.158217 (VIOLATED)
_2842_/A1                               1.500000    1.656430   -0.156430 (VIOLATED)
ANTENNA__2842__A1/DIODE                 1.500000    1.656232   -0.156232 (VIOLATED)
_2595_/A1                               1.500000    1.639661   -0.139661 (VIOLATED)
ANTENNA__2595__A1/DIODE                 1.500000    1.639599   -0.139599 (VIOLATED)
ANTENNA__2349__A1/DIODE                 1.500000    1.634063   -0.134063 (VIOLATED)
_2349_/A1                               1.500000    1.634022   -0.134022 (VIOLATED)
_2596_/A1                               1.500000    1.630122   -0.130122 (VIOLATED)
ANTENNA__2596__A1/DIODE                 1.500000    1.630071   -0.130071 (VIOLATED)
fanout1233/A                            1.500000    1.625845   -0.125845 (VIOLATED)
ANTENNA_fanout1233_A/DIODE              1.500000    1.624970   -0.124970 (VIOLATED)
fanout1172/A                            1.500000    1.622215   -0.122215 (VIOLATED)
_2560_/A1                               1.500000    1.617346   -0.117346 (VIOLATED)
ANTENNA__2560__A1/DIODE                 1.500000    1.617291   -0.117291 (VIOLATED)
_2564_/A1                               1.500000    1.613437   -0.113437 (VIOLATED)
ANTENNA__2564__A1/DIODE                 1.500000    1.613370   -0.113370 (VIOLATED)
_1461_/A                                1.500000    1.611048   -0.111048 (VIOLATED)
ANTENNA__1461__A/DIODE                  1.500000    1.611037   -0.111037 (VIOLATED)
_2593_/A1                               1.500000    1.604620   -0.104620 (VIOLATED)
ANTENNA__2593__A1/DIODE                 1.500000    1.604325   -0.104325 (VIOLATED)
_2835_/A1                               1.500000    1.603876   -0.103876 (VIOLATED)
ANTENNA__2835__A1/DIODE                 1.500000    1.603654   -0.103654 (VIOLATED)
_2628_/A1                               1.500000    1.603571   -0.103571 (VIOLATED)
ANTENNA__2628__A1/DIODE                 1.500000    1.603543   -0.103543 (VIOLATED)
_2847_/A1                               1.500000    1.595722   -0.095722 (VIOLATED)
ANTENNA__2847__A1/DIODE                 1.500000    1.595689   -0.095689 (VIOLATED)
_2597_/A1                               1.500000    1.595099   -0.095099 (VIOLATED)
ANTENNA__2597__A1/DIODE                 1.500000    1.595024   -0.095024 (VIOLATED)
wire1451/A                              1.500000    1.592429   -0.092429 (VIOLATED)
_2629_/A1                               1.500000    1.591770   -0.091770 (VIOLATED)
ANTENNA__2629__A1/DIODE                 1.500000    1.591740   -0.091740 (VIOLATED)
ANTENNA_wire1451_A/DIODE                1.500000    1.591058   -0.091058 (VIOLATED)
ANTENNA__1529__X/DIODE                  1.500000    1.581522   -0.081522 (VIOLATED)
ANTENNA_fanout1172_A/DIODE              1.500000    1.580199   -0.080200 (VIOLATED)
ANTENNA__2316__A1/DIODE                 1.500000    1.578654   -0.078654 (VIOLATED)
_2316_/A1                               1.500000    1.578647   -0.078647 (VIOLATED)
_1529_/X                                1.500000    1.575941   -0.075941 (VIOLATED)
ANTENNA__2553__A1/DIODE                 1.500000    1.574625   -0.074625 (VIOLATED)
_2553_/A1                               1.500000    1.574453   -0.074453 (VIOLATED)
_2565_/A1                               1.500000    1.571620   -0.071620 (VIOLATED)
ANTENNA__2565__A1/DIODE                 1.500000    1.571141   -0.071141 (VIOLATED)
_2586_/A1                               1.500000    1.568088   -0.068088 (VIOLATED)
ANTENNA__2586__A1/DIODE                 1.500000    1.568060   -0.068060 (VIOLATED)
ANTENNA__1484__B/DIODE                  1.500000    1.562708   -0.062708 (VIOLATED)
_1484_/B                                1.500000    1.562706   -0.062706 (VIOLATED)
_2619_/A1                               1.500000    1.559595   -0.059595 (VIOLATED)
ANTENNA__2619__A1/DIODE                 1.500000    1.559567   -0.059567 (VIOLATED)
_4535_/A                                1.500000    1.559364   -0.059364 (VIOLATED)
ANTENNA_180/DIODE                       1.500000    1.559352   -0.059352 (VIOLATED)
ANTENNA_179/DIODE                       1.500000    1.559348   -0.059348 (VIOLATED)
ANTENNA__4535__A/DIODE                  1.500000    1.559345   -0.059345 (VIOLATED)
ANTENNA_177/DIODE                       1.500000    1.559341   -0.059341 (VIOLATED)
ANTENNA_178/DIODE                       1.500000    1.559311   -0.059311 (VIOLATED)
ANTENNA__2630__A1/DIODE                 1.500000    1.557653   -0.057653 (VIOLATED)
_2598_/A1                               1.500000    1.557634   -0.057634 (VIOLATED)
ANTENNA__2598__A1/DIODE                 1.500000    1.557616   -0.057616 (VIOLATED)
ANTENNA__1492__B/DIODE                  1.500000    1.557557   -0.057557 (VIOLATED)
_1492_/B                                1.500000    1.557548   -0.057548 (VIOLATED)
_2630_/A1                               1.500000    1.557063   -0.057063 (VIOLATED)
_2626_/A1                               1.500000    1.554033   -0.054033 (VIOLATED)
ANTENNA__2626__A1/DIODE                 1.500000    1.554002   -0.054002 (VIOLATED)
fanout1336/A                            1.500000    1.552577   -0.052577 (VIOLATED)
_2661_/A1                               1.500000    1.550540   -0.050540 (VIOLATED)
ANTENNA__2661__A1/DIODE                 1.500000    1.550400   -0.050400 (VIOLATED)
fanout1166/A                            1.500000    1.547894   -0.047894 (VIOLATED)
ANTENNA_fanout1336_A/DIODE              1.500000    1.546414   -0.046414 (VIOLATED)
_2491_/A1                               1.500000    1.539926   -0.039926 (VIOLATED)
ANTENNA__2491__A1/DIODE                 1.500000    1.539915   -0.039915 (VIOLATED)
_2843_/A1                               1.500000    1.539236   -0.039236 (VIOLATED)
ANTENNA__2843__A1/DIODE                 1.500000    1.539071   -0.039071 (VIOLATED)
_1470_/A                                1.500000    1.538682   -0.038682 (VIOLATED)
ANTENNA__1470__A/DIODE                  1.500000    1.538611   -0.038611 (VIOLATED)
_2662_/A1                               1.500000    1.533251   -0.033251 (VIOLATED)
ANTENNA__2662__A1/DIODE                 1.500000    1.533229   -0.033229 (VIOLATED)
fanout1260/A                            1.500000    1.532328   -0.032328 (VIOLATED)
ANTENNA_fanout1260_A/DIODE              1.500000    1.531287   -0.031287 (VIOLATED)
ANTENNA_fanout1166_A/DIODE              1.500000    1.528703   -0.028703 (VIOLATED)
ANTENNA__1493__B/DIODE                  1.500000    1.524780   -0.024780 (VIOLATED)
_1493_/B                                1.500000    1.524773   -0.024773 (VIOLATED)
_2839_/A1                               1.500000    1.522810   -0.022810 (VIOLATED)
ANTENNA__2839__A1/DIODE                 1.500000    1.522673   -0.022673 (VIOLATED)
ANTENNA__2631__A1/DIODE                 1.500000    1.521516   -0.021516 (VIOLATED)
_2631_/A1                               1.500000    1.521232   -0.021232 (VIOLATED)
wire805/A                               1.500000    1.520211   -0.020211 (VIOLATED)
ANTENNA_wire805_A/DIODE                 1.500000    1.519705   -0.019705 (VIOLATED)
fanout1236/A                            1.500000    1.519609   -0.019609 (VIOLATED)
wire1042/A                              1.500000    1.518810   -0.018810 (VIOLATED)
ANTENNA_fanout1236_A/DIODE              1.500000    1.518765   -0.018766 (VIOLATED)
ANTENNA_wire1042_A/DIODE                1.500000    1.518511   -0.018512 (VIOLATED)
_2557_/A1                               1.500000    1.516560   -0.016560 (VIOLATED)
ANTENNA__2557__A1/DIODE                 1.500000    1.516531   -0.016531 (VIOLATED)
wire973/A                               1.500000    1.514879   -0.014879 (VIOLATED)
ANTENNA_wire973_A/DIODE                 1.500000    1.514626   -0.014626 (VIOLATED)
_2590_/A1                               1.500000    1.514218   -0.014218 (VIOLATED)
ANTENNA__2590__A1/DIODE                 1.500000    1.514187   -0.014187 (VIOLATED)
_2652_/A1                               1.500000    1.513382   -0.013382 (VIOLATED)
ANTENNA__2652__A1/DIODE                 1.500000    1.513358   -0.013358 (VIOLATED)
_2834_/A1                               1.500000    1.509773   -0.009774 (VIOLATED)
ANTENNA__2834__A1/DIODE                 1.500000    1.509307   -0.009307 (VIOLATED)
_1523_/B2                               1.500000    1.504797   -0.004797 (VIOLATED)
ANTENNA__1523__B2/DIODE                 1.500000    1.504728   -0.004728 (VIOLATED)
_2561_/A1                               1.500000    1.502435   -0.002435 (VIOLATED)
_2623_/A1                               1.500000    1.502349   -0.002349 (VIOLATED)
ANTENNA__2561__A1/DIODE                 1.500000    1.502151   -0.002151 (VIOLATED)
ANTENNA__2623__A1/DIODE                 1.500000    1.501409   -0.001409 (VIOLATED)

max fanout

Pin                                   Limit Fanout  Slack
---------------------------------------------------------
clkbuf_leaf_5_gpio_in[38]/X              20     41    -21 (VIOLATED)
clkbuf_3_2_1_gpio_in[38]/X               20     37    -17 (VIOLATED)
clkbuf_leaf_54_gpio_in[38]/X             20     37    -17 (VIOLATED)
clkbuf_3_4_1_gpio_in[38]/X               20     33    -13 (VIOLATED)
fanout1244/X                             20     32    -12 (VIOLATED)
clkbuf_3_1_1_gpio_in[38]/X               20     31    -11 (VIOLATED)
clkbuf_leaf_22_gpio_in[38]/X             20     31    -11 (VIOLATED)
clkbuf_leaf_38_gpio_in[38]/X             20     31    -11 (VIOLATED)
clkbuf_leaf_45_gpio_in[38]/X             20     31    -11 (VIOLATED)
clkbuf_leaf_6_gpio_in[38]/X              20     31    -11 (VIOLATED)
clkbuf_leaf_78_gpio_in[38]/X             20     31    -11 (VIOLATED)
clkbuf_leaf_79_gpio_in[38]/X             20     31    -11 (VIOLATED)
clkbuf_leaf_2_gpio_in[38]/X              20     29     -9 (VIOLATED)
clkbuf_leaf_32_gpio_in[38]/X             20     29     -9 (VIOLATED)
clkbuf_leaf_51_gpio_in[38]/X             20     29     -9 (VIOLATED)
clkbuf_leaf_10_gpio_in[38]/X             20     27     -7 (VIOLATED)
clkbuf_leaf_29_gpio_in[38]/X             20     27     -7 (VIOLATED)
clkbuf_leaf_85_gpio_in[38]/X             20     27     -7 (VIOLATED)
clkbuf_leaf_69_gpio_in[38]/X             20     25     -5 (VIOLATED)
fanout1305/X                             20     24     -4 (VIOLATED)
clkbuf_3_0_1_gpio_in[38]/X               20     23     -3 (VIOLATED)
clkbuf_3_3_1_gpio_in[38]/X               20     23     -3 (VIOLATED)
fanout1230/X                             20     23     -3 (VIOLATED)
fanout1254/X                             20     23     -3 (VIOLATED)
gpio_loopback_zero[25]                   20     22     -2 (VIOLATED)
gpio_loopback_zero[26]                   20     22     -2 (VIOLATED)
gpio_loopback_zero[30]                   20     22     -2 (VIOLATED)
gpio_loopback_zero[32]                   20     22     -2 (VIOLATED)
gpio_loopback_zero[38]                   20     22     -2 (VIOLATED)
fanout1193/X                             20     22     -2 (VIOLATED)
fanout1224/X                             20     22     -2 (VIOLATED)
fanout1236/X                             20     22     -2 (VIOLATED)
fanout1245/X                             20     22     -2 (VIOLATED)
fanout1278/X                             20     22     -2 (VIOLATED)
fanout1363/X                             20     22     -2 (VIOLATED)
_4063_/Q                                 20     21        (VIOLATED)
_4064_/Q                                 20     21        (VIOLATED)
clkbuf_3_6_1_gpio_in[38]/X               20     21        (VIOLATED)
clkbuf_leaf_1_gpio_in[38]/X              20     21        (VIOLATED)
clkbuf_leaf_33_gpio_in[38]/X             20     21        (VIOLATED)
clkbuf_leaf_62_gpio_in[38]/X             20     21        (VIOLATED)
fanout1000/X                             20     21        (VIOLATED)
fanout1001/X                             20     21        (VIOLATED)
fanout1022/X                             20     21        (VIOLATED)
fanout1023/X                             20     21        (VIOLATED)
fanout1120/X                             20     21        (VIOLATED)
fanout1122/X                             20     21        (VIOLATED)
fanout1127/X                             20     21        (VIOLATED)
fanout1128/X                             20     21        (VIOLATED)
fanout1150/X                             20     21        (VIOLATED)
fanout1155/X                             20     21        (VIOLATED)
fanout1158/X                             20     21        (VIOLATED)
fanout1166/X                             20     21        (VIOLATED)
fanout1167/X                             20     21        (VIOLATED)
fanout1169/X                             20     21        (VIOLATED)
fanout1170/X                             20     21        (VIOLATED)
fanout1172/X                             20     21        (VIOLATED)
fanout1173/X                             20     21        (VIOLATED)
fanout1175/X                             20     21        (VIOLATED)
fanout1176/X                             20     21        (VIOLATED)
fanout1181/X                             20     21        (VIOLATED)
fanout1182/X                             20     21        (VIOLATED)
fanout1187/X                             20     21        (VIOLATED)
fanout1188/X                             20     21        (VIOLATED)
fanout1194/X                             20     21        (VIOLATED)
fanout1199/X                             20     21        (VIOLATED)
fanout1200/X                             20     21        (VIOLATED)
fanout1205/X                             20     21        (VIOLATED)
fanout1206/X                             20     21        (VIOLATED)
fanout1211/X                             20     21        (VIOLATED)
fanout1212/X                             20     21        (VIOLATED)
fanout1214/X                             20     21        (VIOLATED)
fanout1215/X                             20     21        (VIOLATED)
fanout1217/X                             20     21        (VIOLATED)
fanout1218/X                             20     21        (VIOLATED)
fanout1220/X                             20     21        (VIOLATED)
fanout1221/X                             20     21        (VIOLATED)
fanout1223/X                             20     21        (VIOLATED)
fanout1226/X                             20     21        (VIOLATED)
fanout1227/X                             20     21        (VIOLATED)
fanout1229/X                             20     21        (VIOLATED)
fanout1232/X                             20     21        (VIOLATED)
fanout1233/X                             20     21        (VIOLATED)
fanout1235/X                             20     21        (VIOLATED)
fanout1238/X                             20     21        (VIOLATED)
fanout1239/X                             20     21        (VIOLATED)
fanout1241/X                             20     21        (VIOLATED)
fanout1242/X                             20     21        (VIOLATED)
fanout1247/X                             20     21        (VIOLATED)
fanout1248/X                             20     21        (VIOLATED)
fanout1250/X                             20     21        (VIOLATED)
fanout1251/X                             20     21        (VIOLATED)
fanout1253/X                             20     21        (VIOLATED)
fanout1256/X                             20     21        (VIOLATED)
fanout1257/X                             20     21        (VIOLATED)
fanout1259/X                             20     21        (VIOLATED)
fanout1260/X                             20     21        (VIOLATED)
fanout1262/X                             20     21        (VIOLATED)
fanout1263/X                             20     21        (VIOLATED)
fanout1265/X                             20     21        (VIOLATED)
fanout1266/X                             20     21        (VIOLATED)
fanout1268/X                             20     21        (VIOLATED)
fanout1269/X                             20     21        (VIOLATED)
fanout1271/X                             20     21        (VIOLATED)
fanout1272/X                             20     21        (VIOLATED)
fanout1274/X                             20     21        (VIOLATED)
fanout1275/X                             20     21        (VIOLATED)
fanout1277/X                             20     21        (VIOLATED)
fanout1288/X                             20     21        (VIOLATED)
fanout1289/X                             20     21        (VIOLATED)
fanout1290/X                             20     21        (VIOLATED)
fanout1293/X                             20     21        (VIOLATED)
fanout1295/X                             20     21        (VIOLATED)
fanout1297/X                             20     21        (VIOLATED)
fanout1306/X                             20     21        (VIOLATED)
fanout1309/X                             20     21        (VIOLATED)
fanout1313/X                             20     21        (VIOLATED)
fanout1314/X                             20     21        (VIOLATED)
fanout1315/X                             20     21        (VIOLATED)
fanout1316/X                             20     21        (VIOLATED)
fanout1326/X                             20     21        (VIOLATED)
fanout1328/X                             20     21        (VIOLATED)
fanout1334/X                             20     21        (VIOLATED)
fanout1336/X                             20     21        (VIOLATED)
fanout1351/X                             20     21        (VIOLATED)
fanout1354/X                             20     21        (VIOLATED)
fanout1357/X                             20     21        (VIOLATED)
fanout1360/X                             20     21        (VIOLATED)
fanout1366/X                             20     21        (VIOLATED)
fanout1369/X                             20     21        (VIOLATED)
fanout1372/X                             20     21        (VIOLATED)
fanout1375/X                             20     21        (VIOLATED)
fanout1378/X                             20     21        (VIOLATED)
fanout1381/X                             20     21        (VIOLATED)
fanout1384/X                             20     21        (VIOLATED)
fanout1387/X                             20     21        (VIOLATED)
fanout1390/X                             20     21        (VIOLATED)
fanout1393/X                             20     21        (VIOLATED)
fanout1396/X                             20     21        (VIOLATED)
fanout1399/X                             20     21        (VIOLATED)
fanout1402/X                             20     21        (VIOLATED)
fanout1405/X                             20     21        (VIOLATED)
fanout1408/X                             20     21        (VIOLATED)
fanout1419/X                             20     21        (VIOLATED)
fanout1420/X                             20     21        (VIOLATED)
fanout1421/X                             20     21        (VIOLATED)
fanout1422/X                             20     21        (VIOLATED)
fanout635/X                              20     21        (VIOLATED)
fanout667/X                              20     21        (VIOLATED)
fanout668/X                              20     21        (VIOLATED)
fanout697/X                              20     21        (VIOLATED)
fanout773/X                              20     21        (VIOLATED)
fanout777/X                              20     21        (VIOLATED)
fanout783/X                              20     21        (VIOLATED)
fanout786/X                              20     21        (VIOLATED)
fanout999/X                              20     21        (VIOLATED)

max capacitance

Pin                                        Limit         Cap       Slack
------------------------------------------------------------------------
wire914/X                               0.363474    1.592178   -1.228704 (VIOLATED)
wire905/X                               0.741587    1.625699   -0.884112 (VIOLATED)
_1529_/X                                0.729685    1.249938   -0.520253 (VIOLATED)
_1530_/X                                0.729685    1.188849   -0.459164 (VIOLATED)
_1570_/Y                                0.231638    0.417084   -0.185446 (VIOLATED)
wire922/X                               0.363474    0.546818   -0.183344 (VIOLATED)
_1541_/X                                0.211497    0.246173   -0.034676 (VIOLATED)



===========================================================================
report_parasitic_annotation -report_unannotated
============================================================================
Found 233 unannotated drivers.
 analog_io[0]
 analog_io[10]
 analog_io[11]
 analog_io[12]
 analog_io[13]
 analog_io[14]
 analog_io[15]
 analog_io[16]
 analog_io[17]
 analog_io[18]
 analog_io[19]
 analog_io[1]
 analog_io[20]
 analog_io[21]
 analog_io[22]
 analog_io[23]
 analog_io[24]
 analog_io[25]
 analog_io[26]
 analog_io[27]
 analog_io[28]
 analog_io[29]
 analog_io[2]
 analog_io[30]
 analog_io[31]
 analog_io[32]
 analog_io[33]
 analog_io[34]
 analog_io[35]
 analog_io[36]
 analog_io[37]
 analog_io[38]
 analog_io[39]
 analog_io[3]
 analog_io[40]
 analog_io[41]
 analog_io[42]
 analog_io[43]
 analog_io[4]
 analog_io[5]
 analog_io[6]
 analog_io[7]
 analog_io[8]
 analog_io[9]
 analog_noesd_io[0]
 analog_noesd_io[10]
 analog_noesd_io[11]
 analog_noesd_io[12]
 analog_noesd_io[13]
 analog_noesd_io[14]
 analog_noesd_io[15]
 analog_noesd_io[16]
 analog_noesd_io[17]
 analog_noesd_io[18]
 analog_noesd_io[19]
 analog_noesd_io[1]
 analog_noesd_io[20]
 analog_noesd_io[21]
 analog_noesd_io[22]
 analog_noesd_io[23]
 analog_noesd_io[24]
 analog_noesd_io[25]
 analog_noesd_io[26]
 analog_noesd_io[27]
 analog_noesd_io[28]
 analog_noesd_io[29]
 analog_noesd_io[2]
 analog_noesd_io[30]
 analog_noesd_io[31]
 analog_noesd_io[32]
 analog_noesd_io[33]
 analog_noesd_io[34]
 analog_noesd_io[35]
 analog_noesd_io[36]
 analog_noesd_io[37]
 analog_noesd_io[38]
 analog_noesd_io[39]
 analog_noesd_io[3]
 analog_noesd_io[40]
 analog_noesd_io[41]
 analog_noesd_io[42]
 analog_noesd_io[43]
 analog_noesd_io[4]
 analog_noesd_io[5]
 analog_noesd_io[6]
 analog_noesd_io[7]
 analog_noesd_io[8]
 analog_noesd_io[9]
 gpio_in[14]
 gpio_in[29]
 gpio_in_h[0]
 gpio_in_h[10]
 gpio_in_h[11]
 gpio_in_h[12]
 gpio_in_h[13]
 gpio_in_h[14]
 gpio_in_h[15]
 gpio_in_h[16]
 gpio_in_h[17]
 gpio_in_h[18]
 gpio_in_h[19]
 gpio_in_h[1]
 gpio_in_h[20]
 gpio_in_h[21]
 gpio_in_h[22]
 gpio_in_h[23]
 gpio_in_h[24]
 gpio_in_h[25]
 gpio_in_h[26]
 gpio_in_h[27]
 gpio_in_h[28]
 gpio_in_h[29]
 gpio_in_h[2]
 gpio_in_h[30]
 gpio_in_h[31]
 gpio_in_h[32]
 gpio_in_h[33]
 gpio_in_h[34]
 gpio_in_h[35]
 gpio_in_h[36]
 gpio_in_h[37]
 gpio_in_h[38]
 gpio_in_h[39]
 gpio_in_h[3]
 gpio_in_h[40]
 gpio_in_h[41]
 gpio_in_h[42]
 gpio_in_h[43]
 gpio_in_h[4]
 gpio_in_h[5]
 gpio_in_h[6]
 gpio_in_h[7]
 gpio_in_h[8]
 gpio_in_h[9]
 gpio_loopback_one[0]
 gpio_loopback_zero[0]
 por_l
 porb_h
 porb_l
 resetb_h
 _4016__1475/LO
 clkload0/X
 clkload1/X
 clkload10/Y
 clkload11/Y
 clkload12/Y
 clkload13/Y
 clkload14/Y
 clkload15/Y
 clkload16/X
 clkload17/Y
 clkload18/Y
 clkload19/Y
 clkload2/Y
 clkload20/Y
 clkload21/Y
 clkload22/Y
 clkload23/Y
 clkload24/Y
 clkload25/Y
 clkload26/Y
 clkload27/Y
 clkload28/Y
 clkload29/Y
 clkload3/Y
 clkload30/Y
 clkload31/Y
 clkload32/Y
 clkload33/Y
 clkload34/X
 clkload35/Y
 clkload36/Y
 clkload37/Y
 clkload38/Y
 clkload39/Y
 clkload4/Y
 clkload40/Y
 clkload41/Y
 clkload42/Y
 clkload43/Y
 clkload44/Y
 clkload45/Y
 clkload46/Y
 clkload47/Y
 clkload48/Y
 clkload49/Y
 clkload5/Y
 clkload50/Y
 clkload51/Y
 clkload52/Y
 clkload53/Y
 clkload54/Y
 clkload55/Y
 clkload56/Y
 clkload57/X
 clkload58/Y
 clkload59/Y
 clkload6/Y
 clkload60/Y
 clkload61/Y
 clkload62/Y
 clkload63/X
 clkload64/Y
 clkload65/Y
 clkload66/Y
 clkload67/Y
 clkload68/Y
 clkload69/Y
 clkload7/Y
 clkload70/Y
 clkload71/Y
 clkload72/Y
 clkload73/Y
 clkload74/Y
 clkload75/X
 clkload76/X
 clkload77/Y
 clkload78/X
 clkload8/X
 clkload9/Y
 openframe_project_wrapper_1463/HI
 openframe_project_wrapper_1464/HI
 openframe_project_wrapper_1465/HI
 openframe_project_wrapper_1466/HI
 openframe_project_wrapper_1467/HI
 openframe_project_wrapper_1468/HI
 openframe_project_wrapper_1469/HI
 openframe_project_wrapper_1470/HI
 openframe_project_wrapper_1471/HI
 openframe_project_wrapper_1472/HI
 openframe_project_wrapper_1473/HI
 openframe_project_wrapper_1474/HI
 openframe_project_wrapper_1476/LO
Found 0 partially unannotated drivers.

===========================================================================
max slew violation count 324
max fanout violation count 156
max cap violation count 7
============================================================================

===========================================================================
check_setup -verbose -unconstrained_endpoints -multiple_clock -no_clock -no_input_delay -loops -generated_clocks
===========================================================================
Warning: There are 300 input ports missing set_input_delay.
  analog_io[0]
  analog_io[10]
  analog_io[11]
  analog_io[12]
  analog_io[13]
  analog_io[14]
  analog_io[15]
  analog_io[16]
  analog_io[17]
  analog_io[18]
  analog_io[19]
  analog_io[1]
  analog_io[20]
  analog_io[21]
  analog_io[22]
  analog_io[23]
  analog_io[24]
  analog_io[25]
  analog_io[26]
  analog_io[27]
  analog_io[28]
  analog_io[29]
  analog_io[2]
  analog_io[30]
  analog_io[31]
  analog_io[32]
  analog_io[33]
  analog_io[34]
  analog_io[35]
  analog_io[36]
  analog_io[37]
  analog_io[38]
  analog_io[39]
  analog_io[3]
  analog_io[40]
  analog_io[41]
  analog_io[42]
  analog_io[43]
  analog_io[4]
  analog_io[5]
  analog_io[6]
  analog_io[7]
  analog_io[8]
  analog_io[9]
  analog_noesd_io[0]
  analog_noesd_io[10]
  analog_noesd_io[11]
  analog_noesd_io[12]
  analog_noesd_io[13]
  analog_noesd_io[14]
  analog_noesd_io[15]
  analog_noesd_io[16]
  analog_noesd_io[17]
  analog_noesd_io[18]
  analog_noesd_io[19]
  analog_noesd_io[1]
  analog_noesd_io[20]
  analog_noesd_io[21]
  analog_noesd_io[22]
  analog_noesd_io[23]
  analog_noesd_io[24]
  analog_noesd_io[25]
  analog_noesd_io[26]
  analog_noesd_io[27]
  analog_noesd_io[28]
  analog_noesd_io[29]
  analog_noesd_io[2]
  analog_noesd_io[30]
  analog_noesd_io[31]
  analog_noesd_io[32]
  analog_noesd_io[33]
  analog_noesd_io[34]
  analog_noesd_io[35]
  analog_noesd_io[36]
  analog_noesd_io[37]
  analog_noesd_io[38]
  analog_noesd_io[39]
  analog_noesd_io[3]
  analog_noesd_io[40]
  analog_noesd_io[41]
  analog_noesd_io[42]
  analog_noesd_io[43]
  analog_noesd_io[4]
  analog_noesd_io[5]
  analog_noesd_io[6]
  analog_noesd_io[7]
  analog_noesd_io[8]
  analog_noesd_io[9]
  gpio_in[0]
  gpio_in[10]
  gpio_in[11]
  gpio_in[12]
  gpio_in[13]
  gpio_in[14]
  gpio_in[15]
  gpio_in[16]
  gpio_in[17]
  gpio_in[18]
  gpio_in[19]
  gpio_in[1]
  gpio_in[20]
  gpio_in[21]
  gpio_in[22]
  gpio_in[23]
  gpio_in[24]
  gpio_in[25]
  gpio_in[26]
  gpio_in[27]
  gpio_in[28]
  gpio_in[29]
  gpio_in[2]
  gpio_in[30]
  gpio_in[31]
  gpio_in[32]
  gpio_in[33]
  gpio_in[34]
  gpio_in[35]
  gpio_in[36]
  gpio_in[37]
  gpio_in[39]
  gpio_in[3]
  gpio_in[40]
  gpio_in[41]
  gpio_in[42]
  gpio_in[43]
  gpio_in[4]
  gpio_in[5]
  gpio_in[6]
  gpio_in[7]
  gpio_in[8]
  gpio_in[9]
  gpio_in_h[0]
  gpio_in_h[10]
  gpio_in_h[11]
  gpio_in_h[12]
  gpio_in_h[13]
  gpio_in_h[14]
  gpio_in_h[15]
  gpio_in_h[16]
  gpio_in_h[17]
  gpio_in_h[18]
  gpio_in_h[19]
  gpio_in_h[1]
  gpio_in_h[20]
  gpio_in_h[21]
  gpio_in_h[22]
  gpio_in_h[23]
  gpio_in_h[24]
  gpio_in_h[25]
  gpio_in_h[26]
  gpio_in_h[27]
  gpio_in_h[28]
  gpio_in_h[29]
  gpio_in_h[2]
  gpio_in_h[30]
  gpio_in_h[31]
  gpio_in_h[32]
  gpio_in_h[33]
  gpio_in_h[34]
  gpio_in_h[35]
  gpio_in_h[36]
  gpio_in_h[37]
  gpio_in_h[38]
  gpio_in_h[39]
  gpio_in_h[3]
  gpio_in_h[40]
  gpio_in_h[41]
  gpio_in_h[42]
  gpio_in_h[43]
  gpio_in_h[4]
  gpio_in_h[5]
  gpio_in_h[6]
  gpio_in_h[7]
  gpio_in_h[8]
  gpio_in_h[9]
  gpio_loopback_one[0]
  gpio_loopback_one[10]
  gpio_loopback_one[11]
  gpio_loopback_one[12]
  gpio_loopback_one[13]
  gpio_loopback_one[14]
  gpio_loopback_one[15]
  gpio_loopback_one[16]
  gpio_loopback_one[17]
  gpio_loopback_one[18]
  gpio_loopback_one[19]
  gpio_loopback_one[1]
  gpio_loopback_one[20]
  gpio_loopback_one[21]
  gpio_loopback_one[22]
  gpio_loopback_one[23]
  gpio_loopback_one[24]
  gpio_loopback_one[25]
  gpio_loopback_one[26]
  gpio_loopback_one[27]
  gpio_loopback_one[28]
  gpio_loopback_one[29]
  gpio_loopback_one[2]
  gpio_loopback_one[30]
  gpio_loopback_one[31]
  gpio_loopback_one[32]
  gpio_loopback_one[33]
  gpio_loopback_one[34]
  gpio_loopback_one[35]
  gpio_loopback_one[36]
  gpio_loopback_one[37]
  gpio_loopback_one[38]
  gpio_loopback_one[39]
  gpio_loopback_one[3]
  gpio_loopback_one[40]
  gpio_loopback_one[41]
  gpio_loopback_one[42]
  gpio_loopback_one[43]
  gpio_loopback_one[4]
  gpio_loopback_one[5]
  gpio_loopback_one[6]
  gpio_loopback_one[7]
  gpio_loopback_one[8]
  gpio_loopback_one[9]
  gpio_loopback_zero[0]
  gpio_loopback_zero[10]
  gpio_loopback_zero[11]
  gpio_loopback_zero[12]
  gpio_loopback_zero[13]
  gpio_loopback_zero[14]
  gpio_loopback_zero[15]
  gpio_loopback_zero[16]
  gpio_loopback_zero[17]
  gpio_loopback_zero[18]
  gpio_loopback_zero[19]
  gpio_loopback_zero[1]
  gpio_loopback_zero[20]
  gpio_loopback_zero[21]
  gpio_loopback_zero[22]
  gpio_loopback_zero[23]
  gpio_loopback_zero[24]
  gpio_loopback_zero[25]
  gpio_loopback_zero[26]
  gpio_loopback_zero[27]
  gpio_loopback_zero[28]
  gpio_loopback_zero[29]
  gpio_loopback_zero[2]
  gpio_loopback_zero[30]
  gpio_loopback_zero[31]
  gpio_loopback_zero[32]
  gpio_loopback_zero[33]
  gpio_loopback_zero[34]
  gpio_loopback_zero[35]
  gpio_loopback_zero[36]
  gpio_loopback_zero[37]
  gpio_loopback_zero[38]
  gpio_loopback_zero[39]
  gpio_loopback_zero[3]
  gpio_loopback_zero[40]
  gpio_loopback_zero[41]
  gpio_loopback_zero[42]
  gpio_loopback_zero[43]
  gpio_loopback_zero[4]
  gpio_loopback_zero[5]
  gpio_loopback_zero[6]
  gpio_loopback_zero[7]
  gpio_loopback_zero[8]
  gpio_loopback_zero[9]
  mask_rev[0]
  mask_rev[10]
  mask_rev[11]
  mask_rev[12]
  mask_rev[13]
  mask_rev[14]
  mask_rev[15]
  mask_rev[16]
  mask_rev[17]
  mask_rev[18]
  mask_rev[19]
  mask_rev[1]
  mask_rev[20]
  mask_rev[21]
  mask_rev[22]
  mask_rev[23]
  mask_rev[24]
  mask_rev[25]
  mask_rev[26]
  mask_rev[27]
  mask_rev[28]
  mask_rev[29]
  mask_rev[2]
  mask_rev[30]
  mask_rev[31]
  mask_rev[3]
  mask_rev[4]
  mask_rev[5]
  mask_rev[6]
  mask_rev[7]
  mask_rev[8]
  mask_rev[9]
  por_l
  porb_h
  porb_l
  resetb_h
  resetb_l
Warning: There are 51 unclocked register/latch pins.
  _3204_/CLK
  _3205_/CLK
  _3206_/CLK
  _3207_/CLK
  _3208_/CLK
  _3209_/CLK
  _3210_/CLK
  _4022_/CLK
  _4023_/CLK
  _4024_/CLK
  _4025_/CLK
  _4026_/CLK
  _4027_/CLK
  _4028_/CLK
  _4029_/CLK
  _4030_/CLK
  _4031_/CLK
  _4032_/CLK
  _4033_/CLK
  _4034_/CLK
  _4035_/CLK
  _4036_/CLK
  _4037_/CLK
  _4038_/CLK
  _4039_/CLK
  _4040_/CLK
  _4041_/CLK
  _4042_/CLK
  _4043_/CLK
  _4044_/CLK
  _4045_/CLK
  _4046_/CLK
  _4047_/CLK
  _4048_/CLK
  _4049_/CLK
  _4050_/CLK
  _4051_/CLK
  _4052_/CLK
  _4053_/CLK
  _4054_/CLK
  _4055_/CLK
  _4056_/CLK
  _4057_/CLK
  _4058_/CLK
  _4059_/CLK
  _4060_/CLK
  _4061_/CLK
  _4062_/CLK
  _4063_/CLK
  _4064_/CLK
  _4065_/CLK
Warning: There are 717 unconstrained endpoints.
  analog_io[0]
  analog_io[10]
  analog_io[11]
  analog_io[12]
  analog_io[13]
  analog_io[14]
  analog_io[15]
  analog_io[16]
  analog_io[17]
  analog_io[18]
  analog_io[19]
  analog_io[1]
  analog_io[20]
  analog_io[21]
  analog_io[22]
  analog_io[23]
  analog_io[24]
  analog_io[25]
  analog_io[26]
  analog_io[27]
  analog_io[28]
  analog_io[29]
  analog_io[2]
  analog_io[30]
  analog_io[31]
  analog_io[32]
  analog_io[33]
  analog_io[34]
  analog_io[35]
  analog_io[36]
  analog_io[37]
  analog_io[38]
  analog_io[39]
  analog_io[3]
  analog_io[40]
  analog_io[41]
  analog_io[42]
  analog_io[43]
  analog_io[4]
  analog_io[5]
  analog_io[6]
  analog_io[7]
  analog_io[8]
  analog_io[9]
  analog_noesd_io[0]
  analog_noesd_io[10]
  analog_noesd_io[11]
  analog_noesd_io[12]
  analog_noesd_io[13]
  analog_noesd_io[14]
  analog_noesd_io[15]
  analog_noesd_io[16]
  analog_noesd_io[17]
  analog_noesd_io[18]
  analog_noesd_io[19]
  analog_noesd_io[1]
  analog_noesd_io[20]
  analog_noesd_io[21]
  analog_noesd_io[22]
  analog_noesd_io[23]
  analog_noesd_io[24]
  analog_noesd_io[25]
  analog_noesd_io[26]
  analog_noesd_io[27]
  analog_noesd_io[28]
  analog_noesd_io[29]
  analog_noesd_io[2]
  analog_noesd_io[30]
  analog_noesd_io[31]
  analog_noesd_io[32]
  analog_noesd_io[33]
  analog_noesd_io[34]
  analog_noesd_io[35]
  analog_noesd_io[36]
  analog_noesd_io[37]
  analog_noesd_io[38]
  analog_noesd_io[39]
  analog_noesd_io[3]
  analog_noesd_io[40]
  analog_noesd_io[41]
  analog_noesd_io[42]
  analog_noesd_io[43]
  analog_noesd_io[4]
  analog_noesd_io[5]
  analog_noesd_io[6]
  analog_noesd_io[7]
  analog_noesd_io[8]
  analog_noesd_io[9]
  gpio_analog_en[0]
  gpio_analog_en[10]
  gpio_analog_en[11]
  gpio_analog_en[12]
  gpio_analog_en[13]
  gpio_analog_en[14]
  gpio_analog_en[15]
  gpio_analog_en[16]
  gpio_analog_en[17]
  gpio_analog_en[18]
  gpio_analog_en[19]
  gpio_analog_en[1]
  gpio_analog_en[20]
  gpio_analog_en[21]
  gpio_analog_en[22]
  gpio_analog_en[23]
  gpio_analog_en[24]
  gpio_analog_en[25]
  gpio_analog_en[26]
  gpio_analog_en[27]
  gpio_analog_en[28]
  gpio_analog_en[29]
  gpio_analog_en[2]
  gpio_analog_en[30]
  gpio_analog_en[31]
  gpio_analog_en[32]
  gpio_analog_en[33]
  gpio_analog_en[34]
  gpio_analog_en[35]
  gpio_analog_en[36]
  gpio_analog_en[37]
  gpio_analog_en[38]
  gpio_analog_en[39]
  gpio_analog_en[3]
  gpio_analog_en[40]
  gpio_analog_en[41]
  gpio_analog_en[42]
  gpio_analog_en[43]
  gpio_analog_en[4]
  gpio_analog_en[5]
  gpio_analog_en[6]
  gpio_analog_en[7]
  gpio_analog_en[8]
  gpio_analog_en[9]
  gpio_analog_pol[0]
  gpio_analog_pol[10]
  gpio_analog_pol[11]
  gpio_analog_pol[12]
  gpio_analog_pol[13]
  gpio_analog_pol[14]
  gpio_analog_pol[15]
  gpio_analog_pol[16]
  gpio_analog_pol[17]
  gpio_analog_pol[18]
  gpio_analog_pol[19]
  gpio_analog_pol[1]
  gpio_analog_pol[20]
  gpio_analog_pol[21]
  gpio_analog_pol[22]
  gpio_analog_pol[23]
  gpio_analog_pol[24]
  gpio_analog_pol[25]
  gpio_analog_pol[26]
  gpio_analog_pol[27]
  gpio_analog_pol[28]
  gpio_analog_pol[29]
  gpio_analog_pol[2]
  gpio_analog_pol[30]
  gpio_analog_pol[31]
  gpio_analog_pol[32]
  gpio_analog_pol[33]
  gpio_analog_pol[34]
  gpio_analog_pol[35]
  gpio_analog_pol[36]
  gpio_analog_pol[37]
  gpio_analog_pol[38]
  gpio_analog_pol[39]
  gpio_analog_pol[3]
  gpio_analog_pol[40]
  gpio_analog_pol[41]
  gpio_analog_pol[42]
  gpio_analog_pol[43]
  gpio_analog_pol[4]
  gpio_analog_pol[5]
  gpio_analog_pol[6]
  gpio_analog_pol[7]
  gpio_analog_pol[8]
  gpio_analog_pol[9]
  gpio_analog_sel[0]
  gpio_analog_sel[10]
  gpio_analog_sel[11]
  gpio_analog_sel[12]
  gpio_analog_sel[13]
  gpio_analog_sel[14]
  gpio_analog_sel[15]
  gpio_analog_sel[16]
  gpio_analog_sel[17]
  gpio_analog_sel[18]
  gpio_analog_sel[19]
  gpio_analog_sel[1]
  gpio_analog_sel[20]
  gpio_analog_sel[21]
  gpio_analog_sel[22]
  gpio_analog_sel[23]
  gpio_analog_sel[24]
  gpio_analog_sel[25]
  gpio_analog_sel[26]
  gpio_analog_sel[27]
  gpio_analog_sel[28]
  gpio_analog_sel[29]
  gpio_analog_sel[2]
  gpio_analog_sel[30]
  gpio_analog_sel[31]
  gpio_analog_sel[32]
  gpio_analog_sel[33]
  gpio_analog_sel[34]
  gpio_analog_sel[35]
  gpio_analog_sel[36]
  gpio_analog_sel[37]
  gpio_analog_sel[38]
  gpio_analog_sel[39]
  gpio_analog_sel[3]
  gpio_analog_sel[40]
  gpio_analog_sel[41]
  gpio_analog_sel[42]
  gpio_analog_sel[43]
  gpio_analog_sel[4]
  gpio_analog_sel[5]
  gpio_analog_sel[6]
  gpio_analog_sel[7]
  gpio_analog_sel[8]
  gpio_analog_sel[9]
  gpio_dm0[0]
  gpio_dm0[10]
  gpio_dm0[11]
  gpio_dm0[12]
  gpio_dm0[13]
  gpio_dm0[14]
  gpio_dm0[15]
  gpio_dm0[16]
  gpio_dm0[17]
  gpio_dm0[18]
  gpio_dm0[19]
  gpio_dm0[1]
  gpio_dm0[20]
  gpio_dm0[21]
  gpio_dm0[22]
  gpio_dm0[23]
  gpio_dm0[24]
  gpio_dm0[25]
  gpio_dm0[26]
  gpio_dm0[27]
  gpio_dm0[28]
  gpio_dm0[29]
  gpio_dm0[2]
  gpio_dm0[30]
  gpio_dm0[31]
  gpio_dm0[32]
  gpio_dm0[33]
  gpio_dm0[34]
  gpio_dm0[35]
  gpio_dm0[36]
  gpio_dm0[37]
  gpio_dm0[38]
  gpio_dm0[39]
  gpio_dm0[3]
  gpio_dm0[40]
  gpio_dm0[41]
  gpio_dm0[42]
  gpio_dm0[43]
  gpio_dm0[4]
  gpio_dm0[5]
  gpio_dm0[6]
  gpio_dm0[7]
  gpio_dm0[8]
  gpio_dm0[9]
  gpio_dm1[0]
  gpio_dm1[10]
  gpio_dm1[11]
  gpio_dm1[12]
  gpio_dm1[13]
  gpio_dm1[14]
  gpio_dm1[15]
  gpio_dm1[16]
  gpio_dm1[17]
  gpio_dm1[18]
  gpio_dm1[19]
  gpio_dm1[1]
  gpio_dm1[20]
  gpio_dm1[21]
  gpio_dm1[22]
  gpio_dm1[23]
  gpio_dm1[24]
  gpio_dm1[25]
  gpio_dm1[26]
  gpio_dm1[27]
  gpio_dm1[28]
  gpio_dm1[29]
  gpio_dm1[2]
  gpio_dm1[30]
  gpio_dm1[31]
  gpio_dm1[32]
  gpio_dm1[33]
  gpio_dm1[34]
  gpio_dm1[35]
  gpio_dm1[36]
  gpio_dm1[37]
  gpio_dm1[38]
  gpio_dm1[39]
  gpio_dm1[3]
  gpio_dm1[40]
  gpio_dm1[41]
  gpio_dm1[42]
  gpio_dm1[43]
  gpio_dm1[4]
  gpio_dm1[5]
  gpio_dm1[6]
  gpio_dm1[7]
  gpio_dm1[8]
  gpio_dm1[9]
  gpio_dm2[0]
  gpio_dm2[10]
  gpio_dm2[11]
  gpio_dm2[12]
  gpio_dm2[13]
  gpio_dm2[14]
  gpio_dm2[15]
  gpio_dm2[16]
  gpio_dm2[17]
  gpio_dm2[18]
  gpio_dm2[19]
  gpio_dm2[1]
  gpio_dm2[20]
  gpio_dm2[21]
  gpio_dm2[22]
  gpio_dm2[23]
  gpio_dm2[24]
  gpio_dm2[25]
  gpio_dm2[26]
  gpio_dm2[27]
  gpio_dm2[28]
  gpio_dm2[29]
  gpio_dm2[2]
  gpio_dm2[30]
  gpio_dm2[31]
  gpio_dm2[32]
  gpio_dm2[33]
  gpio_dm2[34]
  gpio_dm2[35]
  gpio_dm2[36]
  gpio_dm2[37]
  gpio_dm2[38]
  gpio_dm2[39]
  gpio_dm2[3]
  gpio_dm2[40]
  gpio_dm2[41]
  gpio_dm2[42]
  gpio_dm2[43]
  gpio_dm2[4]
  gpio_dm2[5]
  gpio_dm2[6]
  gpio_dm2[7]
  gpio_dm2[8]
  gpio_dm2[9]
  gpio_holdover[0]
  gpio_holdover[10]
  gpio_holdover[11]
  gpio_holdover[12]
  gpio_holdover[13]
  gpio_holdover[14]
  gpio_holdover[15]
  gpio_holdover[16]
  gpio_holdover[17]
  gpio_holdover[18]
  gpio_holdover[19]
  gpio_holdover[1]
  gpio_holdover[20]
  gpio_holdover[21]
  gpio_holdover[22]
  gpio_holdover[23]
  gpio_holdover[24]
  gpio_holdover[25]
  gpio_holdover[26]
  gpio_holdover[27]
  gpio_holdover[28]
  gpio_holdover[29]
  gpio_holdover[2]
  gpio_holdover[30]
  gpio_holdover[31]
  gpio_holdover[32]
  gpio_holdover[33]
  gpio_holdover[34]
  gpio_holdover[35]
  gpio_holdover[36]
  gpio_holdover[37]
  gpio_holdover[38]
  gpio_holdover[39]
  gpio_holdover[3]
  gpio_holdover[40]
  gpio_holdover[41]
  gpio_holdover[42]
  gpio_holdover[43]
  gpio_holdover[4]
  gpio_holdover[5]
  gpio_holdover[6]
  gpio_holdover[7]
  gpio_holdover[8]
  gpio_holdover[9]
  gpio_ib_mode_sel[0]
  gpio_ib_mode_sel[10]
  gpio_ib_mode_sel[11]
  gpio_ib_mode_sel[12]
  gpio_ib_mode_sel[13]
  gpio_ib_mode_sel[14]
  gpio_ib_mode_sel[15]
  gpio_ib_mode_sel[16]
  gpio_ib_mode_sel[17]
  gpio_ib_mode_sel[18]
  gpio_ib_mode_sel[19]
  gpio_ib_mode_sel[1]
  gpio_ib_mode_sel[20]
  gpio_ib_mode_sel[21]
  gpio_ib_mode_sel[22]
  gpio_ib_mode_sel[23]
  gpio_ib_mode_sel[24]
  gpio_ib_mode_sel[25]
  gpio_ib_mode_sel[26]
  gpio_ib_mode_sel[27]
  gpio_ib_mode_sel[28]
  gpio_ib_mode_sel[29]
  gpio_ib_mode_sel[2]
  gpio_ib_mode_sel[30]
  gpio_ib_mode_sel[31]
  gpio_ib_mode_sel[32]
  gpio_ib_mode_sel[33]
  gpio_ib_mode_sel[34]
  gpio_ib_mode_sel[35]
  gpio_ib_mode_sel[36]
  gpio_ib_mode_sel[37]
  gpio_ib_mode_sel[38]
  gpio_ib_mode_sel[39]
  gpio_ib_mode_sel[3]
  gpio_ib_mode_sel[40]
  gpio_ib_mode_sel[41]
  gpio_ib_mode_sel[42]
  gpio_ib_mode_sel[43]
  gpio_ib_mode_sel[4]
  gpio_ib_mode_sel[5]
  gpio_ib_mode_sel[6]
  gpio_ib_mode_sel[7]
  gpio_ib_mode_sel[8]
  gpio_ib_mode_sel[9]
  gpio_inp_dis[0]
  gpio_inp_dis[10]
  gpio_inp_dis[11]
  gpio_inp_dis[12]
  gpio_inp_dis[13]
  gpio_inp_dis[14]
  gpio_inp_dis[15]
  gpio_inp_dis[16]
  gpio_inp_dis[17]
  gpio_inp_dis[18]
  gpio_inp_dis[19]
  gpio_inp_dis[1]
  gpio_inp_dis[20]
  gpio_inp_dis[21]
  gpio_inp_dis[22]
  gpio_inp_dis[23]
  gpio_inp_dis[24]
  gpio_inp_dis[25]
  gpio_inp_dis[26]
  gpio_inp_dis[27]
  gpio_inp_dis[28]
  gpio_inp_dis[29]
  gpio_inp_dis[2]
  gpio_inp_dis[30]
  gpio_inp_dis[31]
  gpio_inp_dis[32]
  gpio_inp_dis[33]
  gpio_inp_dis[34]
  gpio_inp_dis[35]
  gpio_inp_dis[36]
  gpio_inp_dis[37]
  gpio_inp_dis[38]
  gpio_inp_dis[39]
  gpio_inp_dis[3]
  gpio_inp_dis[40]
  gpio_inp_dis[41]
  gpio_inp_dis[42]
  gpio_inp_dis[43]
  gpio_inp_dis[4]
  gpio_inp_dis[5]
  gpio_inp_dis[6]
  gpio_inp_dis[7]
  gpio_inp_dis[8]
  gpio_inp_dis[9]
  gpio_oeb[0]
  gpio_oeb[10]
  gpio_oeb[11]
  gpio_oeb[12]
  gpio_oeb[13]
  gpio_oeb[14]
  gpio_oeb[15]
  gpio_oeb[16]
  gpio_oeb[17]
  gpio_oeb[18]
  gpio_oeb[19]
  gpio_oeb[1]
  gpio_oeb[20]
  gpio_oeb[21]
  gpio_oeb[22]
  gpio_oeb[23]
  gpio_oeb[24]
  gpio_oeb[25]
  gpio_oeb[26]
  gpio_oeb[27]
  gpio_oeb[28]
  gpio_oeb[29]
  gpio_oeb[2]
  gpio_oeb[30]
  gpio_oeb[31]
  gpio_oeb[32]
  gpio_oeb[33]
  gpio_oeb[34]
  gpio_oeb[35]
  gpio_oeb[36]
  gpio_oeb[37]
  gpio_oeb[38]
  gpio_oeb[39]
  gpio_oeb[3]
  gpio_oeb[40]
  gpio_oeb[41]
  gpio_oeb[42]
  gpio_oeb[43]
  gpio_oeb[4]
  gpio_oeb[5]
  gpio_oeb[6]
  gpio_oeb[7]
  gpio_oeb[8]
  gpio_oeb[9]
  gpio_out[0]
  gpio_out[10]
  gpio_out[11]
  gpio_out[12]
  gpio_out[13]
  gpio_out[14]
  gpio_out[15]
  gpio_out[16]
  gpio_out[17]
  gpio_out[18]
  gpio_out[19]
  gpio_out[1]
  gpio_out[20]
  gpio_out[21]
  gpio_out[22]
  gpio_out[23]
  gpio_out[24]
  gpio_out[25]
  gpio_out[26]
  gpio_out[27]
  gpio_out[28]
  gpio_out[29]
  gpio_out[2]
  gpio_out[30]
  gpio_out[31]
  gpio_out[32]
  gpio_out[33]
  gpio_out[34]
  gpio_out[35]
  gpio_out[36]
  gpio_out[37]
  gpio_out[38]
  gpio_out[39]
  gpio_out[3]
  gpio_out[40]
  gpio_out[41]
  gpio_out[42]
  gpio_out[43]
  gpio_out[4]
  gpio_out[5]
  gpio_out[6]
  gpio_out[7]
  gpio_out[8]
  gpio_out[9]
  gpio_slow_sel[0]
  gpio_slow_sel[10]
  gpio_slow_sel[11]
  gpio_slow_sel[12]
  gpio_slow_sel[13]
  gpio_slow_sel[14]
  gpio_slow_sel[15]
  gpio_slow_sel[16]
  gpio_slow_sel[17]
  gpio_slow_sel[18]
  gpio_slow_sel[19]
  gpio_slow_sel[1]
  gpio_slow_sel[20]
  gpio_slow_sel[21]
  gpio_slow_sel[22]
  gpio_slow_sel[23]
  gpio_slow_sel[24]
  gpio_slow_sel[25]
  gpio_slow_sel[26]
  gpio_slow_sel[27]
  gpio_slow_sel[28]
  gpio_slow_sel[29]
  gpio_slow_sel[2]
  gpio_slow_sel[30]
  gpio_slow_sel[31]
  gpio_slow_sel[32]
  gpio_slow_sel[33]
  gpio_slow_sel[34]
  gpio_slow_sel[35]
  gpio_slow_sel[36]
  gpio_slow_sel[37]
  gpio_slow_sel[38]
  gpio_slow_sel[39]
  gpio_slow_sel[3]
  gpio_slow_sel[40]
  gpio_slow_sel[41]
  gpio_slow_sel[42]
  gpio_slow_sel[43]
  gpio_slow_sel[4]
  gpio_slow_sel[5]
  gpio_slow_sel[6]
  gpio_slow_sel[7]
  gpio_slow_sel[8]
  gpio_slow_sel[9]
  gpio_vtrip_sel[0]
  gpio_vtrip_sel[10]
  gpio_vtrip_sel[11]
  gpio_vtrip_sel[12]
  gpio_vtrip_sel[13]
  gpio_vtrip_sel[14]
  gpio_vtrip_sel[15]
  gpio_vtrip_sel[16]
  gpio_vtrip_sel[17]
  gpio_vtrip_sel[18]
  gpio_vtrip_sel[19]
  gpio_vtrip_sel[1]
  gpio_vtrip_sel[20]
  gpio_vtrip_sel[21]
  gpio_vtrip_sel[22]
  gpio_vtrip_sel[23]
  gpio_vtrip_sel[24]
  gpio_vtrip_sel[25]
  gpio_vtrip_sel[26]
  gpio_vtrip_sel[27]
  gpio_vtrip_sel[28]
  gpio_vtrip_sel[29]
  gpio_vtrip_sel[2]
  gpio_vtrip_sel[30]
  gpio_vtrip_sel[31]
  gpio_vtrip_sel[32]
  gpio_vtrip_sel[33]
  gpio_vtrip_sel[34]
  gpio_vtrip_sel[35]
  gpio_vtrip_sel[36]
  gpio_vtrip_sel[37]
  gpio_vtrip_sel[38]
  gpio_vtrip_sel[39]
  gpio_vtrip_sel[3]
  gpio_vtrip_sel[40]
  gpio_vtrip_sel[41]
  gpio_vtrip_sel[42]
  gpio_vtrip_sel[43]
  gpio_vtrip_sel[4]
  gpio_vtrip_sel[5]
  gpio_vtrip_sel[6]
  gpio_vtrip_sel[7]
  gpio_vtrip_sel[8]
  gpio_vtrip_sel[9]
  _3204_/D
  _3205_/D
  _3206_/D
  _3207_/D
  _3208_/D
  _3209_/D
  _3210_/D
  _3689_/D
  _3690_/D
  _3691_/D
  _4016_/D
  _4018_/D
  _4019_/D
  _4022_/D
  _4023_/D
  _4024_/D
  _4025_/D
  _4026_/D
  _4027_/D
  _4028_/D
  _4029_/D
  _4030_/D
  _4031_/D
  _4032_/D
  _4033_/D
  _4034_/D
  _4035_/D
  _4036_/D
  _4037_/D
  _4038_/D
  _4039_/D
  _4040_/D
  _4041_/D
  _4042_/D
  _4043_/D
  _4044_/D
  _4045_/D
  _4046_/D
  _4047_/D
  _4048_/D
  _4049_/D
  _4050_/D
  _4051_/D
  _4052_/D
  _4053_/D
  _4054_/D
  _4055_/D
  _4056_/D
  _4057_/D
  _4058_/D
  _4059_/D
  _4060_/D
  _4061_/D
  _4062_/D
  _4063_/D
  _4064_/D
  _4065_/D
Warning: There is 1 combinational loop in the design.
  fanout1159/A
  fanout1159/X
  u_owire.u_ip.osc_i0/A
  u_owire.u_ip.osc_i0/Y
  u_owire.u_ip.osc_i1/A
  u_owire.u_ip.osc_i1/Y
  u_owire.u_ip.osc_i2/A
  u_owire.u_ip.osc_i2/Y
  fanout1160/A
  fanout1160/X
  | loop cut point
  fanout1159/A
  --------------------------------
