Clock: clk
Sources: gpio_in[38] 
Generated: no
Virtual: yes
Propagated: no
Period: 40.000000

===========================================================================
report_clock_properties
============================================================================
Clock                   Period          Waveform
----------------------------------------------------
clk                  40.000000    0.000000 20.000000

===========================================================================
report_clock_latency
============================================================================
Clock clk
rise -> rise
    min     max
0.000000 0.000000 source latency
1.476873         network latency _3668_/CLK
        2.442979 network latency _3631_/CLK
---------------
1.476873 2.442979 latency
        0.966106 skew

fall -> fall
    min     max
0.000000 0.000000 source latency
1.779702         network latency _3668_/CLK
        2.839373 network latency _4016_/CLK
---------------
1.779702 2.839373 latency
        1.059672 skew



===========================================================================
report_clock_min_period
============================================================================
clk period_min = 7.31 fmax = 136.89
