
===========================================================================
 report_power
============================================================================
======================= max_ff_n40C_1v95 Corner ===================================

Group                    Internal    Switching      Leakage        Total
                            Power        Power        Power        Power (Watts)
------------------------------------------------------------------------
Sequential           9.492264e-04 1.305451e-06 1.436585e-08 9.505462e-04  43.5%
Combinational        9.803259e-06 2.997998e-05 1.476923e-07 3.993093e-05   1.8%
Clock                4.025422e-04 7.927284e-04 3.091259e-08 1.195302e-03  54.7%
Macro                0.000000e+00 0.000000e+00 0.000000e+00 0.000000e+00   0.0%
Pad                  0.000000e+00 0.000000e+00 0.000000e+00 0.000000e+00   0.0%
------------------------------------------------------------------------
Total                1.361572e-03 8.240140e-04 1.929784e-07 2.185779e-03 100.0%
                            62.3%        37.7%         0.0%

