Clock: clk
Sources: gpio_in[38] 
Generated: no
Virtual: yes
Propagated: no
Period: 40.000000

===========================================================================
report_clock_properties
============================================================================
Clock                   Period          Waveform
----------------------------------------------------
clk                  40.000000    0.000000 20.000000

===========================================================================
report_clock_latency
============================================================================
Clock clk
rise -> rise
    min     max
0.000000 0.000000 source latency
1.221226         network latency _3668_/CLK
        2.006756 network latency _3631_/CLK
---------------
1.221226 2.006756 latency
        0.785531 skew

fall -> fall
    min     max
0.000000 0.000000 source latency
1.464281         network latency _3668_/CLK
        2.267632 network latency _3631_/CLK
---------------
1.464281 2.267632 latency
        0.803350 skew



===========================================================================
report_clock_min_period
============================================================================
clk period_min = 6.63 fmax = 150.77
