┏━━━━━━━┳━━━━━━━━━┳━━━━━━━━━━┳━━━━━━━━━━━━━━━━━━━━━━━━━━━━━━━━━━━━━┳━━━━━━━━━━━━━━━━━━━━━━━━━━━━━━━━━━━━━━━━━━━━━━━━━━━━━━━━━━━━━━━━━━━━━━━━━━━━━━━━━┳━━━━━━━┓
┃ P / R ┃ Partial ┃ Required ┃ Net                                 ┃ Pin                                                                             ┃ Layer ┃
┡━━━━━━━╇━━━━━━━━━╇━━━━━━━━━━╇━━━━━━━━━━━━━━━━━━━━━━━━━━━━━━━━━━━━━╇━━━━━━━━━━━━━━━━━━━━━━━━━━━━━━━━━━━━━━━━━━━━━━━━━━━━━━━━━━━━━━━━━━━━━━━━━━━━━━━━━╇━━━━━━━┩
│ 3.39  │ 1355.11 │ 400.00   │ net1364                             │ _1742_/A                                                                        │ met1  │
│ 3.37  │ 1348.11 │ 400.00   │ net1376                             │ _1738_/A                                                                        │ met1  │
│ 2.84  │ 1136.00 │ 400.00   │ net1326                             │ _1861_/A                                                                        │ met1  │
│ 2.78  │ 1110.28 │ 400.00   │ net1338                             │ _1857_/A                                                                        │ met1  │
│ 2.60  │ 1041.66 │ 400.00   │ net1                                │ _4026_/D                                                                        │ met1  │
│ 2.56  │ 1023.30 │ 400.00   │ net1421                             │ _1476_/A                                                                        │ met1  │
│ 2.33  │ 933.44  │ 400.00   │ _0873_                              │ _1964_/B                                                                        │ met1  │
│ 1.71  │ 6584.61 │ 3843.08  │ net1011                             │ ANTENNA_wire1011_X/DIODE                                                        │ met3  │
│ 1.38  │ 553.93  │ 400.00   │ _0993_                              │ max_cap1141/A                                                                   │ met1  │
│ 1.38  │ 551.19  │ 400.00   │ net1126                             │ _2503_/A1                                                                       │ met1  │
│ 1.22  │ 3378.39 │ 2773.88  │ net933                              │ wire932/A                                                                       │ met2  │
│ 1.22  │ 3378.39 │ 2773.88  │ net933                              │ ANTENNA_wire932_A/DIODE                                                         │ met2  │
│ 1.22  │ 486.14  │ 400.00   │ net1188                             │ _2186_/A1                                                                       │ met1  │
│ 1.18  │ 3277.07 │ 2773.88  │ gpio_9_config.gpio_out_val          │ wire1036/A                                                                      │ met3  │
│ 1.18  │ 3277.07 │ 2773.88  │ gpio_9_config.gpio_out_val          │ ANTENNA_wire1036_A/DIODE                                                        │ met3  │
│ 1.13  │ 3138.85 │ 2773.88  │ net1174                             │ _2493_/A1                                                                       │ met2  │
│ 1.13  │ 3138.85 │ 2773.88  │ net1174                             │ ANTENNA__2493__A1/DIODE                                                         │ met2  │
│ 1.12  │ 3095.92 │ 2773.88  │ net1405                             │ _1475_/A                                                                        │ met3  │
│ 1.12  │ 3095.92 │ 2773.88  │ net1405                             │ ANTENNA__1475__A/DIODE                                                          │ met3  │
│ 1.07  │ 3256.09 │ 3055.04  │ u_chip_core.small_io_east_out_o[0\] │ ANTENNA_u_chip_core.i_classic_fabric_chipfoundry_small_Tile_X5Y1_A_IN_top/DIODE │ met3  │
│ 1.06  │ 3699.53 │ 3486.68  │ net1027                             │ ANTENNA_wire1027_X/DIODE                                                        │ met3  │
│ 1.05  │ 3394.34 │ 3228.92  │ u_chip_core.large_io_west_oe_o[16\] │ _1577_/B2                                                                       │ met5  │
│ 1.05  │ 3394.34 │ 3228.92  │ u_chip_core.large_io_west_oe_o[16\] │ ANTENNA_u_chip_core.i_classic_fabric_chipfoundry_large_Tile_X0Y9_A_EN_top/DIODE │ met5  │
│ 1.05  │ 3394.34 │ 3228.92  │ u_chip_core.large_io_west_oe_o[16\] │ ANTENNA__1577__B2/DIODE                                                         │ met5  │
│ 1.01  │ 3873.92 │ 3843.08  │ net1420                             │ ANTENNA_wire1420_X/DIODE                                                        │ met3  │
│ 1.01  │ 403.06  │ 400.00   │ net1125                             │ _2434_/A0                                                                       │ met1  │
│ 1.00  │ 2787.17 │ 2773.88  │ net840                              │ ANTENNA_wire840_X/DIODE                                                         │ met1  │
└───────┴─────────┴──────────┴─────────────────────────────────────┴─────────────────────────────────────────────────────────────────────────────────┴───────┘
