
Magic 8.3 revision 489 - Compiled on Thu Aug 22 13:45:15 UTC 2024.
Starting magic under Tcl interpreter
Using the terminal as the console.
Using NULL graphics device.
Processing system .magicrc file
Sourcing design .magicrc for technology sky130A ...
2 Magic internal units = 1 Lambda
Input style sky130(): scaleFactor=2, multiplier=2
The following types are not handled by extraction and will be treated as non-electrical types:
    ubm 
Scaled tech values by 2 / 1 to match internal grid scaling
Loading sky130A Device Generator Menu ...
Loading "/nix/store/wn1fdnkvfs0r3b197kgsf2fwavmsn82c-python3.11-librelane-2.4.6/lib/python3.11/site-packages/librelane/scripts/magic/wrapper.tcl" from command line.
Warning: Calma reading is not undoable!  I hope that's OK.
Library written using GDS-II Release 3.0
Library name: openframe_project_wrapper
Reading "sky130_ef_sc_hd__decap_40_12".
Reading "sky130_fd_sc_hd__decap_3".
Reading "sky130_fd_sc_hd__fill_1".
Reading "sky130_fd_sc_hd__tapvpwrvgnd_1".
Reading "sky130_fd_sc_hd__fill_4".
Reading "sky130_fd_sc_hd__fill_2".
Reading "sky130_fd_sc_hd__fill_8".
Reading "sky130_fd_sc_hd__buf_12".
Reading "sky130_fd_sc_hd__diode_2".
Reading "sky130_fd_sc_hd__clkbuf_16".
Reading "sky130_fd_sc_hd__buf_8".
Reading "sky130_fd_sc_hd__buf_2".
Reading "sky130_fd_sc_hd__clkbuf_2".
Reading "sky130_fd_sc_hd__dlymetal6s2s_1".
Reading "sky130_fd_sc_hd__clkbuf_1".
Reading "sky130_fd_sc_hd__buf_1".
Reading "sky130_fd_sc_hd__o22a_1".
Reading "sky130_fd_sc_hd__xnor2_2".
Reading "sky130_fd_sc_hd__xor2_1".
Reading "sky130_fd_sc_hd__xor2_2".
Reading "sky130_fd_sc_hd__xnor2_1".
Reading "sky130_fd_sc_hd__o221a_1".
Reading "sky130_fd_sc_hd__mux4_1".
Reading "sky130_fd_sc_hd__mux2_1".
Reading "sky130_fd_sc_hd__o21ba_1".
Reading "sky130_fd_sc_hd__xor2_4".
Reading "sky130_fd_sc_hd__o21ai_1".
Reading "sky130_fd_sc_hd__xnor2_4".
Reading "sky130_fd_sc_hd__nand2_1".
Reading "sky130_fd_sc_hd__and2b_1".
Reading "sky130_fd_sc_hd__nand2_2".
Reading "sky130_fd_sc_hd__nand2b_2".
Reading "sky130_fd_sc_hd__a22o_1".
Reading "sky130_fd_sc_hd__nor2_1".
Reading "sky130_fd_sc_hd__or2_2".
Reading "sky130_fd_sc_hd__clkbuf_4".
Reading "sky130_fd_sc_hd__a31o_1".
Reading "sky130_fd_sc_hd__and2_1".
Reading "sky130_fd_sc_hd__inv_6".
Reading "sky130_fd_sc_hd__dfrtp_4".
Reading "sky130_fd_sc_hd__dlygate4sd3_1".
Reading "sky130_fd_sc_hd__buf_4".
Reading "sky130_fd_sc_hd__dfrtp_2".
Reading "sky130_fd_sc_hd__and2b_2".
Reading "sky130_fd_sc_hd__clkbuf_8".
Reading "sky130_fd_sc_hd__inv_8".
Reading "sky130_fd_sc_hd__a2bb2o_1".
Reading "sky130_fd_sc_hd__a311o_1".
Reading "sky130_fd_sc_hd__inv_12".
Reading "sky130_fd_sc_hd__and2_2".
Reading "sky130_fd_sc_hd__a32o_1".
Reading "sky130_fd_sc_hd__a221o_1".
Reading "sky130_fd_sc_hd__o211a_1".
Reading "sky130_fd_sc_hd__or2_1".
Reading "sky130_fd_sc_hd__inv_2".
Reading "WY_sky130_fd_sc_hd__dlxtp_1$7".
Reading "WY_sky130_fd_sc_hd__diode_2$8".
Reading "WY_sky130_fd_sc_hd__fill_2$9".
Reading "WY_sky130_fd_sc_hd__tapvpwrvgnd_1$9".
Reading "WY_sky130_fd_sc_hd__fill_1$9".
Reading "WY_sky130_fd_sc_hd__clkdlybuf4s25_1$9".
Reading "WY_sky130_fd_sc_hd__buf_2$9".
Reading "WY_sky130_fd_sc_hd__decap_3$9".
Reading "WY_sky130_fd_sc_hd__mux4_2$5".
Reading "WY_sky130_fd_sc_hd__dlxtp_1$6".
Reading "WY_sky130_fd_sc_hd__conb_1$1".
Reading "WY_sky130_fd_sc_hd__diode_2$7".
Reading "WY_sky130_fd_sc_hd__fill_2$8".
Reading "WY_sky130_fd_sc_hd__tapvpwrvgnd_1$8".
Reading "WY_sky130_fd_sc_hd__buf_2$8".
Reading "WY_sky130_fd_sc_hd__fill_1$8".
Reading "WY_sky130_fd_sc_hd__decap_3$8".
Reading "WY_sky130_fd_sc_hd__clkdlybuf4s25_1$8".
Reading "WY_sky130_fd_sc_hd__or2_2$2".
Reading "WY_sky130_fd_sc_hd__o21ai_2$4".
Reading "WY_sky130_fd_sc_hd__o21ba_2$2".
Reading "WY_sky130_fd_sc_hd__and4bb_2$1".
Reading "WY_sky130_fd_sc_hd__a22o_2$2".
Reading "WY_sky130_fd_sc_hd__xor2_2$1".
Reading "WY_sky130_fd_sc_hd__o21bai_2$2".
Reading "WY_sky130_fd_sc_hd__nor2_2$2".
Reading "WY_sky130_fd_sc_hd__o22a_2$2".
Reading "WY_sky130_fd_sc_hd__o2bb2a_2$2".
Reading "WY_sky130_fd_sc_hd__mux4_2$4".
Reading "WY_sky130_fd_sc_hd__or4b_2$2".
Reading "WY_sky130_fd_sc_hd__or4_2$2".
Reading "WY_sky130_fd_sc_hd__mux2_1$4".
Reading "WY_sky130_fd_sc_hd__inv_2$4".
Reading "WY_sky130_fd_sc_hd__xnor2_2$1".
Reading "WY_sky130_fd_sc_hd__clkdlybuf4s25_1$7".
Reading "WY_sky130_fd_sc_hd__tapvpwrvgnd_1$7".
Reading "WY_sky130_fd_sc_hd__dlxtp_1$5".
Reading "WY_sky130_fd_sc_hd__fill_2$7".
Reading "WY_sky130_fd_sc_hd__fill_1$7".
Reading "WY_sky130_fd_sc_hd__decap_3$7".
Reading "WY_sky130_fd_sc_hd__buf_2$7".
Reading "WY_sky130_fd_sc_hd__a31o_2$3".
Reading "WY_sky130_fd_sc_hd__a21oi_2$3".
Reading "WY_sky130_fd_sc_hd__or3_2$2".
Reading "WY_sky130_fd_sc_hd__o211a_2$3".
Reading "WY_sky130_fd_sc_hd__o21ai_2$3".
Reading "WY_sky130_fd_sc_hd__or3b_2$3".
Reading "WY_sky130_fd_sc_hd__inv_2$3".
Reading "WY_sky130_fd_sc_hd__clkbuf_4$2".
Reading "WY_sky130_fd_sc_hd__mux4_2$3".
Reading "WY_sky130_fd_sc_hd__diode_2$6".
Reading "WY_sky130_fd_sc_hd__clkbuf_16$2".
Reading "WY_sky130_fd_sc_hd__dfxtp_2$3".
Reading "WY_sky130_fd_sc_hd__nor3b_2$2".
Reading "WY_sky130_fd_sc_hd__fill_1$6".
Reading "WY_sky130_fd_sc_hd__mux2_1$3".
Reading "WY_sky130_fd_sc_hd__buf_2$6".
Reading "WY_sky130_fd_sc_hd__clkdlybuf4s25_1$6".
Reading "WY_sky130_fd_sc_hd__tapvpwrvgnd_1$6".
Reading "WY_sky130_fd_sc_hd__dlxtp_1$4".
Reading "WY_sky130_fd_sc_hd__fill_2$6".
Reading "WY_sky130_fd_sc_hd__decap_3$6".
Reading "WY_sky130_fd_sc_hd__o2bb2a_2$1".
Reading "WY_sky130_fd_sc_hd__a32o_2$1".
Reading "WY_sky130_fd_sc_hd__o31a_2$1".
Reading "WY_sky130_fd_sc_hd__o31ai_2$1".
Reading "WY_sky130_fd_sc_hd__dfxtp_2$2".
Reading "WY_sky130_fd_sc_hd__o211ai_2$1".
Reading "WY_sky130_fd_sc_hd__o21bai_2$1".
Reading "WY_sky130_fd_sc_hd__or4_2$1".
Reading "WY_sky130_fd_sc_hd__or4b_2$1".
Reading "WY_sky130_fd_sc_hd__o32a_2$1".
Reading "WY_sky130_fd_sc_hd__o32ai_2$1".
Reading "WY_sky130_fd_sc_hd__o311a_2$1".
Reading "WY_sky130_fd_sc_hd__and3_2$1".
Reading "WY_sky130_fd_sc_hd__or3b_2$2".
Reading "WY_sky130_fd_sc_hd__a221o_2$1".
Reading "WY_sky130_fd_sc_hd__a311oi_2$1".
Reading "WY_sky130_fd_sc_hd__a31o_2$2".
Reading "WY_sky130_fd_sc_hd__a22oi_2$1".
Reading "WY_sky130_fd_sc_hd__and2_2$1".
Reading "WY_sky130_fd_sc_hd__o221a_2$1".
Reading "WY_sky130_fd_sc_hd__a311o_2$1".
Reading "WY_sky130_fd_sc_hd__o21ai_2$2".
Reading "WY_sky130_fd_sc_hd__a21o_2$1".
Reading "WY_sky130_fd_sc_hd__o21ba_2$1".
Reading "WY_sky130_fd_sc_hd__a211oi_2$1".
Reading "WY_sky130_fd_sc_hd__a211o_2$1".
Reading "WY_sky130_fd_sc_hd__a21boi_2$1".
Reading "WY_sky130_fd_sc_hd__nand2b_2$1".
Reading "WY_sky130_fd_sc_hd__a2bb2o_2$1".
Reading "WY_sky130_fd_sc_hd__nor2_2$1".
Reading "WY_sky130_fd_sc_hd__nand2_2$1".
Reading "WY_sky130_fd_sc_hd__o211a_2$2".
Reading "WY_sky130_fd_sc_hd__a21oi_2$2".
Reading "WY_sky130_fd_sc_hd__or2_2$1".
Reading "WY_sky130_fd_sc_hd__a21bo_2$1".
Reading "WY_sky130_fd_sc_hd__and2b_2$1".
Reading "WY_sky130_fd_sc_hd__a22o_2$1".
Reading "WY_sky130_fd_sc_hd__inv_2$2".
Reading "WY_sky130_fd_sc_hd__mux2_1$2".
Reading "WY_sky130_fd_sc_hd__diode_2$5".
Reading "WY_sky130_fd_sc_hd__fill_2$5".
Reading "WY_sky130_fd_sc_hd__buf_2$5".
Reading "WY_sky130_fd_sc_hd__o22a_2$1".
Reading "WY_sky130_fd_sc_hd__clkdlybuf4s25_1$5".
Reading "WY_sky130_fd_sc_hd__mux4_2$2".
Reading "WY_sky130_fd_sc_hd__tapvpwrvgnd_1$5".
Reading "WY_sky130_fd_sc_hd__dlxtp_1$3".
Reading "WY_sky130_fd_sc_hd__o21a_2$1".
Reading "WY_sky130_fd_sc_hd__fill_1$5".
Reading "WY_sky130_fd_sc_hd__decap_3$5".
Reading "WY_sky130_fd_sc_hd__nor3b_2$1".
Reading "WY_sky130_fd_sc_hd__a31o_2$1".
Reading "WY_sky130_fd_sc_hd__or3_2$1".
Reading "WY_sky130_fd_sc_hd__o211a_2$1".
Reading "WY_sky130_fd_sc_hd__or3b_2$1".
Reading "WY_sky130_fd_sc_hd__o21ai_2$1".
Reading "WY_sky130_fd_sc_hd__inv_2$1".
Reading "WY_sky130_fd_sc_hd__a21oi_2$1".
Reading "WY_sky130_fd_sc_hd__clkbuf_4$1".
Reading "WY_sky130_fd_sc_hd__mux4_2$1".
Reading "WY_sky130_fd_sc_hd__clkbuf_16$1".
Reading "WY_sky130_fd_sc_hd__diode_2$4".
Reading "WY_sky130_fd_sc_hd__dlxtp_1$2".
Reading "WY_sky130_fd_sc_hd__dfxtp_2$1".
Reading "WY_sky130_fd_sc_hd__fill_2$4".
Reading "WY_sky130_fd_sc_hd__buf_2$4".
Reading "WY_sky130_fd_sc_hd__tapvpwrvgnd_1$4".
Reading "WY_sky130_fd_sc_hd__mux2_1$1".
Reading "WY_sky130_fd_sc_hd__fill_1$4".
Reading "WY_sky130_fd_sc_hd__decap_3$4".
Reading "WY_sky130_fd_sc_hd__clkdlybuf4s25_1$4".
Reading "WY_sky130_fd_sc_hd__diode_2$3".
Reading "WY_sky130_fd_sc_hd__tapvpwrvgnd_1$3".
Reading "WY_sky130_fd_sc_hd__fill_2$3".
Reading "WY_sky130_fd_sc_hd__clkdlybuf4s25_1$3".
Reading "WY_sky130_fd_sc_hd__buf_2$3".
Reading "WY_sky130_fd_sc_hd__fill_1$3".
Reading "WY_sky130_fd_sc_hd__decap_3$3".
Reading "WY_sky130_fd_sc_hd__diode_2$2".
Reading "WY_sky130_fd_sc_hd__fill_2$2".
Reading "WY_sky130_fd_sc_hd__tapvpwrvgnd_1$2".
Reading "WY_sky130_fd_sc_hd__clkdlybuf4s25_1$2".
Reading "WY_sky130_fd_sc_hd__buf_2$2".
Reading "WY_sky130_fd_sc_hd__fill_1$2".
Reading "WY_sky130_fd_sc_hd__decap_3$2".
Reading "WY_sky130_fd_sc_hd__dlxtp_1$1".
Reading "WY_sky130_fd_sc_hd__buf_2$1".
Reading "WY_sky130_fd_sc_hd__diode_2$1".
Reading "WY_sky130_fd_sc_hd__fill_2$1".
Reading "WY_sky130_fd_sc_hd__tapvpwrvgnd_1$1".
Reading "WY_sky130_fd_sc_hd__fill_1$1".
Reading "WY_sky130_fd_sc_hd__clkdlybuf4s25_1$1".
Reading "WY_sky130_fd_sc_hd__decap_3$1".
Reading "WY_SE_term".
Reading "WY_E_IO2".
Reading "WY_NE_term".
Reading "WY_S_term_single".
Reading "WY_LUT4x8_ha".
    5000 uses
Reading "WY_N_term_single".
Reading "WY_SW_term".
Reading "WY_W_IO2".
Reading "WY_NW_term".
Reading "classic_fabric_chipfoundry_small".
Reading "sky130_fd_sc_hd__o21a_1".
Reading "sky130_fd_sc_hd__and3_1".
Reading "sky130_fd_sc_hd__o31a_1".
Reading "sky130_fd_sc_hd__o221a_2".
Reading "sky130_fd_sc_hd__dfrtp_1".
Reading "sky130_fd_sc_hd__a21oi_1".
Reading "sky130_fd_sc_hd__nand2b_1".
Reading "sky130_fd_sc_hd__nor3_1".
Reading "sky130_fd_sc_hd__nand3_1".
Reading "sky130_fd_sc_hd__o31a_2".
Reading "sky130_fd_sc_hd__dfxtp_1".
Reading "sky130_fd_sc_hd__o21a_2".
Reading "sky130_fd_sc_hd__and4bb_4".
Reading "sky130_fd_sc_hd__a31o_2".
Reading "sky130_fd_sc_hd__or4b_1".
Reading "sky130_fd_sc_hd__or3b_1".
Reading "sky130_fd_sc_hd__a21bo_1".
Reading "sky130_fd_sc_hd__o41ai_1".
Reading "sky130_fd_sc_hd__conb_1".
Reading "sky130_fd_sc_hd__a41o_1".
Reading "sky130_fd_sc_hd__o311a_1".
Reading "sky130_fd_sc_hd__dfxtp_2".
Reading "sky130_fd_sc_hd__nor2_2".
Reading "sky130_fd_sc_hd__nor3b_1".
Reading "sky130_fd_sc_hd__or3_1".
Reading "sky130_fd_sc_hd__or4_1".
Reading "sky130_fd_sc_hd__nand3b_2".
Reading "sky130_fd_sc_hd__and4bb_1".
Reading "sky130_fd_sc_hd__and3_2".
Reading "sky130_fd_sc_hd__or4b_4".
Reading "sky130_fd_sc_hd__a211o_1".
Reading "sky130_fd_sc_hd__a21o_1".
Reading "sky130_fd_sc_hd__or3_2".
Reading "sky130_fd_sc_hd__or4_2".
Reading "sky130_fd_sc_hd__clkinv_2".
Reading "sky130_fd_sc_hd__nor2_8".
Reading "sky130_fd_sc_hd__and4bb_2".
Reading "sky130_fd_sc_hd__o21ai_2".
Reading "sky130_fd_sc_hd__o21bai_1".
Reading "sky130_fd_sc_hd__o211ai_4".
Reading "sky130_fd_sc_hd__dfstp_1".
Reading "sky130_fd_sc_hd__o21bai_2".
Reading "sky130_fd_sc_hd__and4_1".
Reading "sky130_fd_sc_hd__and4b_4".
Reading "sky130_fd_sc_hd__and4_4".
Reading "sky130_fd_sc_hd__and4b_1".
Reading "sky130_fd_sc_hd__or3b_4".
Reading "sky130_fd_sc_hd__dfstp_2".
Reading "sky130_fd_sc_hd__and2_4".
Reading "sky130_fd_sc_hd__clkinv_4".
Reading "sky130_fd_sc_hd__buf_6".
Reading "sky130_fd_sc_hd__bufinv_16".
Reading "sky130_fd_sc_hd__a21boi_2".
Reading "sky130_fd_sc_hd__clkinv_8".
Reading "sky130_fd_sc_hd__nor2_4".
Reading "sky130_fd_sc_hd__clkinvlp_4".
Reading "sky130_fd_sc_hd__or3_4".
Reading "sky130_fd_sc_hd__o31ai_1".
Reading "sky130_fd_sc_hd__or2_4".
Reading "sky130_fd_sc_hd__a22o_4".
Reading "sky130_fd_sc_hd__a22oi_2".
Reading "sky130_fd_sc_hd__o2111ai_2".
Reading "sky130_fd_sc_hd__a22oi_4".
Reading "sky130_fd_sc_hd__nand2_4".
Reading "sky130_fd_sc_hd__a22o_2".
Reading "sky130_fd_sc_hd__a22oi_1".
Reading "sky130_fd_sc_hd__and3_4".
Reading "sky130_fd_sc_hd__nand2_8".
Reading "sky130_fd_sc_hd__a21o_2".
Reading "sky130_fd_sc_hd__nand3b_4".
Reading "sky130_fd_sc_hd__nand3_4".
Reading "sky130_fd_sc_hd__inv_4".
Reading "sky130_fd_sc_hd__o21a_4".
Reading "VF_sky130_fd_sc_hd__dlxtp_1$11".
Reading "VF_sky130_fd_sc_hd__diode_2$14".
Reading "VF_sky130_fd_sc_hd__fill_2$15".
Reading "VF_sky130_fd_sc_hd__tapvpwrvgnd_1$15".
Reading "VF_sky130_fd_sc_hd__fill_1$15".
Reading "VF_sky130_fd_sc_hd__clkdlybuf4s25_1$15".
Reading "VF_sky130_fd_sc_hd__buf_2$15".
Reading "VF_sky130_fd_sc_hd__decap_3$15".
Reading "VF_sky130_fd_sc_hd__conb_1$2".
Reading "VF_sky130_fd_sc_hd__mux4_2$9".
Reading "VF_sky130_fd_sc_hd__dlxtp_1$10".
Reading "VF_sky130_fd_sc_hd__diode_2$13".
Reading "VF_sky130_fd_sc_hd__clkdlybuf4s25_1$14".
Reading "VF_sky130_fd_sc_hd__fill_1$14".
Reading "VF_sky130_fd_sc_hd__tapvpwrvgnd_1$14".
Reading "VF_sky130_fd_sc_hd__fill_2$14".
Reading "VF_sky130_fd_sc_hd__buf_2$14".
Reading "VF_sky130_fd_sc_hd__decap_3$14".
Reading "VF_sky130_fd_sc_hd__dlxtp_1$9".
Reading "VF_sky130_fd_sc_hd__mux4_2$8".
Reading "VF_sky130_fd_sc_hd__diode_2$12".
Reading "VF_sky130_fd_sc_hd__fill_2$13".
Reading "VF_sky130_fd_sc_hd__clkdlybuf4s25_1$13".
Reading "VF_sky130_fd_sc_hd__tapvpwrvgnd_1$13".
Reading "VF_sky130_fd_sc_hd__fill_1$13".
Reading "VF_sky130_fd_sc_hd__buf_2$13".
Reading "VF_sky130_fd_sc_hd__decap_3$13".
Reading "VF_sky130_fd_sc_hd__mux4_2$7".
Reading "VF_sky130_fd_sc_hd__dlxtp_1$8".
Reading "VF_sky130_fd_sc_hd__conb_1$1".
Reading "VF_sky130_fd_sc_hd__diode_2$11".
Reading "VF_sky130_fd_sc_hd__fill_2$12".
Reading "VF_sky130_fd_sc_hd__tapvpwrvgnd_1$12".
Reading "VF_sky130_fd_sc_hd__buf_2$12".
Reading "VF_sky130_fd_sc_hd__fill_1$12".
Reading "VF_sky130_fd_sc_hd__decap_3$12".
Reading "VF_sky130_fd_sc_hd__clkdlybuf4s25_1$12".
Reading "VF_sky130_fd_sc_hd__or2_2$5".
Reading "VF_sky130_fd_sc_hd__o21ai_2$6".
Reading "VF_sky130_fd_sc_hd__o21ba_2$4".
Reading "VF_sky130_fd_sc_hd__and4bb_2$1".
Reading "VF_sky130_fd_sc_hd__a22o_2$5".
Reading "VF_sky130_fd_sc_hd__xor2_2$3".
Reading "VF_sky130_fd_sc_hd__o21bai_2$4".
Reading "VF_sky130_fd_sc_hd__nor2_2$4".
Reading "VF_sky130_fd_sc_hd__o22a_2$4".
Reading "VF_sky130_fd_sc_hd__o2bb2a_2$4".
Reading "VF_sky130_fd_sc_hd__mux4_2$6".
Reading "VF_sky130_fd_sc_hd__or4b_2$3".
Reading "VF_sky130_fd_sc_hd__or4_2$2".
Reading "VF_sky130_fd_sc_hd__mux2_1$6".
Reading "VF_sky130_fd_sc_hd__inv_2$6".
Reading "VF_sky130_fd_sc_hd__xnor2_2$2".
Reading "VF_sky130_fd_sc_hd__clkdlybuf4s25_1$11".
Reading "VF_sky130_fd_sc_hd__tapvpwrvgnd_1$11".
Reading "VF_sky130_fd_sc_hd__dlxtp_1$7".
Reading "VF_sky130_fd_sc_hd__fill_2$11".
Reading "VF_sky130_fd_sc_hd__fill_1$11".
Reading "VF_sky130_fd_sc_hd__decap_3$11".
Reading "VF_sky130_fd_sc_hd__buf_2$11".
Reading "VF_sky130_fd_sc_hd__clkbuf_4$4".
Reading "VF_sky130_fd_sc_hd__or4b_2$2".
Reading "VF_sky130_fd_sc_hd__o31a_2$2".
Reading "VF_sky130_fd_sc_hd__nand3b_2$1".
Reading "VF_sky130_fd_sc_hd__o22ai_2$2".
Reading "VF_sky130_fd_sc_hd__o311a_2$2".
Reading "VF_sky130_fd_sc_hd__o211ai_2$3".
Reading "VF_sky130_fd_sc_hd__and3b_2$2".
Reading "VF_sky130_fd_sc_hd__o2bb2ai_2$1".
Reading "VF_sky130_fd_sc_hd__or4bb_2$1".
Reading "VF_sky130_fd_sc_hd__and3_2$3".
Reading "VF_sky130_fd_sc_hd__a21boi_2$2".
Reading "VF_sky130_fd_sc_hd__nand3_2$1".
Reading "VF_sky130_fd_sc_hd__clkbuf_16$4".
Reading "VF_sky130_fd_sc_hd__xor2_2$2".
Reading "VF_sky130_fd_sc_hd__xnor2_2$1".
Reading "VF_sky130_fd_sc_hd__or3b_2$5".
Reading "VF_sky130_fd_sc_hd__o21bai_2$3".
Reading "VF_sky130_fd_sc_hd__a211oi_2$3".
Reading "VF_sky130_fd_sc_hd__a2bb2o_2$3".
Reading "VF_sky130_fd_sc_hd__nor3_2$3".
Reading "VF_sky130_fd_sc_hd__dfxtp_2$5".
Reading "VF_sky130_fd_sc_hd__a311o_2$3".
Reading "VF_sky130_fd_sc_hd__a31oi_2$2".
Reading "VF_sky130_fd_sc_hd__a32o_2$3".
Reading "VF_sky130_fd_sc_hd__or3_2$4".
Reading "VF_sky130_fd_sc_hd__a211o_2$3".
Reading "VF_sky130_fd_sc_hd__a31o_2$5".
Reading "VF_sky130_fd_sc_hd__nand2b_2$3".
Reading "VF_sky130_fd_sc_hd__o21ai_2$5".
Reading "VF_sky130_fd_sc_hd__o21ba_2$3".
Reading "VF_sky130_fd_sc_hd__o32a_2$3".
Reading "VF_sky130_fd_sc_hd__and2_2$3".
Reading "VF_sky130_fd_sc_hd__o221a_2$3".
Reading "VF_sky130_fd_sc_hd__o211a_2$5".
Reading "VF_sky130_fd_sc_hd__a221o_2$3".
Reading "VF_sky130_fd_sc_hd__nand2_2$3".
Reading "VF_sky130_fd_sc_hd__a21oi_2$5".
Reading "VF_sky130_fd_sc_hd__o21a_2$4".
Reading "VF_sky130_fd_sc_hd__o22a_2$3".
Reading "VF_sky130_fd_sc_hd__a22oi_2$2".
Reading "VF_sky130_fd_sc_hd__a21o_2$4".
Reading "VF_sky130_fd_sc_hd__o2bb2a_2$3".
Reading "VF_sky130_fd_sc_hd__a21bo_2$3".
Reading "VF_sky130_fd_sc_hd__a22o_2$4".
Reading "VF_sky130_fd_sc_hd__or2_2$4".
Reading "VF_sky130_fd_sc_hd__nor2_2$3".
Reading "VF_sky130_fd_sc_hd__diode_2$10".
Reading "VF_sky130_fd_sc_hd__buf_2$10".
Reading "VF_sky130_fd_sc_hd__and2b_2$4".
Reading "VF_sky130_fd_sc_hd__clkdlybuf4s25_1$10".
Reading "VF_sky130_fd_sc_hd__mux2_1$5".
Reading "VF_sky130_fd_sc_hd__mux4_2$5".
Reading "VF_sky130_fd_sc_hd__fill_1$10".
Reading "VF_sky130_fd_sc_hd__tapvpwrvgnd_1$10".
Reading "VF_sky130_fd_sc_hd__inv_2$5".
Reading "VF_sky130_fd_sc_hd__dlxtp_1$6".
Reading "VF_sky130_fd_sc_hd__fill_2$10".
Reading "VF_sky130_fd_sc_hd__decap_3$10".
Reading "VF_sky130_fd_sc_hd__o21a_2$3".
Reading "VF_sky130_fd_sc_hd__or2_2$3".
Reading "VF_sky130_fd_sc_hd__a22o_2$3".
Reading "VF_sky130_fd_sc_hd__inv_2$4".
Reading "VF_sky130_fd_sc_hd__a31o_2$4".
Reading "VF_sky130_fd_sc_hd__or3_2$3".
Reading "VF_sky130_fd_sc_hd__o21ai_2$4".
Reading "VF_sky130_fd_sc_hd__o211a_2$4".
Reading "VF_sky130_fd_sc_hd__or3b_2$4".
Reading "VF_sky130_fd_sc_hd__clkbuf_4$3".
Reading "VF_sky130_fd_sc_hd__diode_2$9".
Reading "VF_sky130_fd_sc_hd__clkbuf_16$3".
Reading "VF_sky130_fd_sc_hd__nor3_2$2".
Reading "VF_sky130_fd_sc_hd__dfxtp_2$4".
Reading "VF_sky130_fd_sc_hd__a21oi_2$4".
Reading "VF_sky130_fd_sc_hd__a21o_2$3".
Reading "VF_sky130_fd_sc_hd__and2b_2$3".
Reading "VF_sky130_fd_sc_hd__mux2_1$4".
Reading "VF_sky130_fd_sc_hd__mux4_2$4".
Reading "VF_sky130_fd_sc_hd__buf_2$9".
Reading "VF_sky130_fd_sc_hd__clkdlybuf4s25_1$9".
Reading "VF_sky130_fd_sc_hd__fill_1$9".
Reading "VF_sky130_fd_sc_hd__tapvpwrvgnd_1$9".
Reading "VF_sky130_fd_sc_hd__dlxtp_1$5".
Reading "VF_sky130_fd_sc_hd__fill_2$9".
Reading "VF_sky130_fd_sc_hd__decap_3$9".
Reading "VF_sky130_fd_sc_hd__and3_2$2".
Reading "VF_sky130_fd_sc_hd__a221oi_2$1".
Reading "VF_sky130_fd_sc_hd__a211oi_2$2".
Reading "VF_sky130_fd_sc_hd__a221o_2$2".
Reading "VF_sky130_fd_sc_hd__o21ba_2$2".
Reading "VF_sky130_fd_sc_hd__o32a_2$2".
Reading "VF_sky130_fd_sc_hd__clkbuf_4$2".
Reading "VF_sky130_fd_sc_hd__nor3_2$1".
Reading "VF_sky130_fd_sc_hd__or3b_2$3".
Reading "VF_sky130_fd_sc_hd__a32o_2$2".
Reading "VF_sky130_fd_sc_hd__and3b_2$1".
Reading "VF_sky130_fd_sc_hd__a21oi_2$3".
Reading "VF_sky130_fd_sc_hd__and2_2$2".
Reading "VF_sky130_fd_sc_hd__o221a_2$2".
Reading "VF_sky130_fd_sc_hd__o22ai_2$1".
Reading "VF_sky130_fd_sc_hd__a21bo_2$2".
Reading "VF_sky130_fd_sc_hd__nor3b_2$2".
Reading "VF_sky130_fd_sc_hd__or3_2$2".
Reading "VF_sky130_fd_sc_hd__a311o_2$2".
Reading "VF_sky130_fd_sc_hd__xor2_2$1".
Reading "VF_sky130_fd_sc_hd__o22a_2$2".
Reading "VF_sky130_fd_sc_hd__and2b_2$2".
Reading "VF_sky130_fd_sc_hd__a2bb2o_2$2".
Reading "VF_sky130_fd_sc_hd__a31o_2$3".
Reading "VF_sky130_fd_sc_hd__a31oi_2$1".
Reading "VF_sky130_fd_sc_hd__clkbuf_16$2".
Reading "VF_sky130_fd_sc_hd__nand2b_2$2".
Reading "VF_sky130_fd_sc_hd__clkbuf_8$1".
Reading "VF_sky130_fd_sc_hd__a211o_2$2".
Reading "VF_sky130_fd_sc_hd__o211ai_2$2".
Reading "VF_sky130_fd_sc_hd__nand2_2$2".
Reading "VF_sky130_fd_sc_hd__o211a_2$3".
Reading "VF_sky130_fd_sc_hd__mux4_2$3".
Reading "VF_sky130_fd_sc_hd__a21o_2$2".
Reading "VF_sky130_fd_sc_hd__o21ai_2$3".
Reading "VF_sky130_fd_sc_hd__nor2_2$2".
Reading "VF_sky130_fd_sc_hd__o2bb2a_2$2".
Reading "VF_sky130_fd_sc_hd__a22o_2$2".
Reading "VF_sky130_fd_sc_hd__o21a_2$2".
Reading "VF_sky130_fd_sc_hd__o21bai_2$2".
Reading "VF_sky130_fd_sc_hd__or2_2$2".
Reading "VF_sky130_fd_sc_hd__inv_2$3".
Reading "VF_sky130_fd_sc_hd__dfxtp_2$3".
Reading "VF_sky130_fd_sc_hd__mux2_1$3".
Reading "VF_sky130_fd_sc_hd__buf_2$8".
Reading "VF_sky130_fd_sc_hd__clkdlybuf4s25_1$8".
Reading "VF_sky130_fd_sc_hd__fill_2$8".
Reading "VF_sky130_fd_sc_hd__tapvpwrvgnd_1$8".
Reading "VF_sky130_fd_sc_hd__dlxtp_1$4".
Reading "VF_sky130_fd_sc_hd__diode_2$8".
Reading "VF_sky130_fd_sc_hd__fill_1$8".
Reading "VF_sky130_fd_sc_hd__decap_3$8".
Reading "VF_sky130_fd_sc_hd__o2bb2a_2$1".
Reading "VF_sky130_fd_sc_hd__a32o_2$1".
Reading "VF_sky130_fd_sc_hd__o31a_2$1".
Reading "VF_sky130_fd_sc_hd__o31ai_2$1".
Reading "VF_sky130_fd_sc_hd__dfxtp_2$2".
Reading "VF_sky130_fd_sc_hd__o211ai_2$1".
Reading "VF_sky130_fd_sc_hd__o21bai_2$1".
Reading "VF_sky130_fd_sc_hd__or4_2$1".
Reading "VF_sky130_fd_sc_hd__or4b_2$1".
Reading "VF_sky130_fd_sc_hd__o32a_2$1".
Reading "VF_sky130_fd_sc_hd__o32ai_2$1".
Reading "VF_sky130_fd_sc_hd__o311a_2$1".
Reading "VF_sky130_fd_sc_hd__and3_2$1".
Reading "VF_sky130_fd_sc_hd__or3b_2$2".
Reading "VF_sky130_fd_sc_hd__a221o_2$1".
Reading "VF_sky130_fd_sc_hd__a311oi_2$1".
Reading "VF_sky130_fd_sc_hd__a31o_2$2".
Reading "VF_sky130_fd_sc_hd__a22oi_2$1".
Reading "VF_sky130_fd_sc_hd__and2_2$1".
Reading "VF_sky130_fd_sc_hd__o221a_2$1".
Reading "VF_sky130_fd_sc_hd__a311o_2$1".
Reading "VF_sky130_fd_sc_hd__o21ai_2$2".
Reading "VF_sky130_fd_sc_hd__a21o_2$1".
Reading "VF_sky130_fd_sc_hd__o21ba_2$1".
Reading "VF_sky130_fd_sc_hd__a211oi_2$1".
Reading "VF_sky130_fd_sc_hd__a211o_2$1".
Reading "VF_sky130_fd_sc_hd__a21boi_2$1".
Reading "VF_sky130_fd_sc_hd__nand2b_2$1".
Reading "VF_sky130_fd_sc_hd__a2bb2o_2$1".
Reading "VF_sky130_fd_sc_hd__nor2_2$1".
Reading "VF_sky130_fd_sc_hd__nand2_2$1".
Reading "VF_sky130_fd_sc_hd__o211a_2$2".
Reading "VF_sky130_fd_sc_hd__a21oi_2$2".
Reading "VF_sky130_fd_sc_hd__or2_2$1".
Reading "VF_sky130_fd_sc_hd__a21bo_2$1".
Reading "VF_sky130_fd_sc_hd__and2b_2$1".
Reading "VF_sky130_fd_sc_hd__a22o_2$1".
Reading "VF_sky130_fd_sc_hd__inv_2$2".
Reading "VF_sky130_fd_sc_hd__mux2_1$2".
Reading "VF_sky130_fd_sc_hd__diode_2$7".
Reading "VF_sky130_fd_sc_hd__fill_2$7".
Reading "VF_sky130_fd_sc_hd__buf_2$7".
Reading "VF_sky130_fd_sc_hd__o22a_2$1".
Reading "VF_sky130_fd_sc_hd__clkdlybuf4s25_1$7".
Reading "VF_sky130_fd_sc_hd__mux4_2$2".
Reading "VF_sky130_fd_sc_hd__tapvpwrvgnd_1$7".
Reading "VF_sky130_fd_sc_hd__dlxtp_1$3".
Reading "VF_sky130_fd_sc_hd__o21a_2$1".
Reading "VF_sky130_fd_sc_hd__fill_1$7".
Reading "VF_sky130_fd_sc_hd__decap_3$7".
Reading "VF_sky130_fd_sc_hd__nor3b_2$1".
Reading "VF_sky130_fd_sc_hd__a31o_2$1".
Reading "VF_sky130_fd_sc_hd__or3_2$1".
Reading "VF_sky130_fd_sc_hd__o211a_2$1".
Reading "VF_sky130_fd_sc_hd__or3b_2$1".
Reading "VF_sky130_fd_sc_hd__o21ai_2$1".
Reading "VF_sky130_fd_sc_hd__inv_2$1".
Reading "VF_sky130_fd_sc_hd__a21oi_2$1".
Reading "VF_sky130_fd_sc_hd__clkbuf_4$1".
Reading "VF_sky130_fd_sc_hd__mux4_2$1".
Reading "VF_sky130_fd_sc_hd__clkbuf_16$1".
Reading "VF_sky130_fd_sc_hd__diode_2$6".
Reading "VF_sky130_fd_sc_hd__dlxtp_1$2".
Reading "VF_sky130_fd_sc_hd__dfxtp_2$1".
Reading "VF_sky130_fd_sc_hd__fill_2$6".
Reading "VF_sky130_fd_sc_hd__buf_2$6".
Reading "VF_sky130_fd_sc_hd__tapvpwrvgnd_1$6".
Reading "VF_sky130_fd_sc_hd__mux2_1$1".
Reading "VF_sky130_fd_sc_hd__fill_1$6".
Reading "VF_sky130_fd_sc_hd__decap_3$6".
Reading "VF_sky130_fd_sc_hd__clkdlybuf4s25_1$6".
Reading "VF_sky130_fd_sc_hd__diode_2$5".
Reading "VF_sky130_fd_sc_hd__tapvpwrvgnd_1$5".
Reading "VF_sky130_fd_sc_hd__fill_2$5".
Reading "VF_sky130_fd_sc_hd__clkdlybuf4s25_1$5".
Reading "VF_sky130_fd_sc_hd__buf_2$5".
Reading "VF_sky130_fd_sc_hd__fill_1$5".
Reading "VF_sky130_fd_sc_hd__decap_3$5".
Reading "VF_sky130_fd_sc_hd__diode_2$4".
Reading "VF_sky130_fd_sc_hd__clkdlybuf4s25_1$4".
Reading "VF_sky130_fd_sc_hd__buf_2$4".
Reading "VF_sky130_fd_sc_hd__fill_2$4".
Reading "VF_sky130_fd_sc_hd__tapvpwrvgnd_1$4".
Reading "VF_sky130_fd_sc_hd__fill_1$4".
Reading "VF_sky130_fd_sc_hd__decap_3$4".
Reading "VF_sky130_fd_sc_hd__diode_2$3".
Reading "VF_sky130_fd_sc_hd__tapvpwrvgnd_1$3".
Reading "VF_sky130_fd_sc_hd__fill_1$3".
Reading "VF_sky130_fd_sc_hd__clkdlybuf4s25_1$3".
Reading "VF_sky130_fd_sc_hd__buf_2$3".
Reading "VF_sky130_fd_sc_hd__fill_2$3".
Reading "VF_sky130_fd_sc_hd__decap_3$3".
Reading "VF_sky130_fd_sc_hd__diode_2$2".
Reading "VF_sky130_fd_sc_hd__fill_2$2".
Reading "VF_sky130_fd_sc_hd__tapvpwrvgnd_1$2".
Reading "VF_sky130_fd_sc_hd__clkdlybuf4s25_1$2".
Reading "VF_sky130_fd_sc_hd__buf_2$2".
Reading "VF_sky130_fd_sc_hd__fill_1$2".
Reading "VF_sky130_fd_sc_hd__decap_3$2".
Reading "VF_sky130_fd_sc_hd__dlxtp_1$1".
Reading "VF_sky130_fd_sc_hd__buf_2$1".
Reading "VF_sky130_fd_sc_hd__diode_2$1".
Reading "VF_sky130_fd_sc_hd__fill_2$1".
Reading "VF_sky130_fd_sc_hd__tapvpwrvgnd_1$1".
Reading "VF_sky130_fd_sc_hd__fill_1$1".
Reading "VF_sky130_fd_sc_hd__clkdlybuf4s25_1$1".
Reading "VF_sky130_fd_sc_hd__decap_3$1".
Reading "VF_S_term_MACC".
Reading "VF_MACC".
    5000 uses
    10000 uses
    15000 uses
Reading "VF_N_term_MACC".
Reading "VF_S_term_RegFile".
Reading "VF_RegFile".
    5000 uses
    10000 uses
Reading "VF_N_term_RegFile".
Reading "VF_SE_term".
Reading "VF_E_IO".
Reading "VF_NE_term".
Reading "VF_S_term_single".
Reading "VF_LUT4x8_ha".
    5000 uses
Reading "VF_N_term_single".
Reading "VF_SW_term".
Reading "VF_W_IO2".
Reading "VF_NW_term".
Reading "classic_fabric_chipfoundry_large".
Reading "vssd1_connection".
Reading "sky130_fd_sc_hd__and3b_4".
Reading "sky130_fd_sc_hd__and2b_4".
Reading "sky130_fd_sc_hd__nand2b_4".
Reading "sky130_fd_sc_hd__dfxtp_4".
Reading "sky130_fd_sc_hd__a31o_4".
Reading "vccd1_connection".
Reading "openframe_project_wrapper".
    5000 uses
    10000 uses
    15000 uses
    20000 uses
    25000 uses
    30000 uses
    35000 uses
    40000 uses
    45000 uses
    50000 uses
    55000 uses
    60000 uses
    65000 uses
    70000 uses
    75000 uses
    80000 uses
    85000 uses
    90000 uses
    95000 uses
    100000 uses
    105000 uses
    110000 uses
    115000 uses
    120000 uses
    125000 uses
    130000 uses
    135000 uses
    140000 uses
    145000 uses
    150000 uses
    155000 uses
    160000 uses
    165000 uses
    170000 uses
    175000 uses
    180000 uses
    185000 uses
    190000 uses
    195000 uses
    200000 uses
    205000 uses
    210000 uses
    215000 uses
    220000 uses
    225000 uses
    230000 uses
    235000 uses
    240000 uses
    245000 uses
    250000 uses
    255000 uses
    260000 uses
    265000 uses
    270000 uses
    275000 uses
    280000 uses
    285000 uses
    290000 uses
    295000 uses
    300000 uses
    305000 uses
    310000 uses
    315000 uses
    320000 uses
    325000 uses
    330000 uses
    335000 uses
    340000 uses
    345000 uses
    350000 uses
    355000 uses
    360000 uses
    365000 uses
    370000 uses
    375000 uses
    380000 uses
    385000 uses
    390000 uses
    395000 uses
    400000 uses
    405000 uses
    410000 uses
    415000 uses
    420000 uses
    425000 uses
    430000 uses
    435000 uses
    440000 uses
    445000 uses
    450000 uses
    455000 uses
    460000 uses
    465000 uses
    470000 uses
    475000 uses
    480000 uses
    485000 uses
    490000 uses
    495000 uses
    500000 uses
    505000 uses
    510000 uses
    515000 uses
    520000 uses
    525000 uses
    530000 uses
    535000 uses
    540000 uses
    545000 uses
    550000 uses
    555000 uses
[INFO] Loading openframe_project_wrapper

DRC style is now "drc(full)"
Loading DRC CIF style.
No errors found.
[INFO] COUNT: 0
[INFO] Should be divided by 3 or 4
[INFO] DRC Checking DONE (/home/ank/Desktop/WORK/T_4/CF_FPGA_testchip/openlane/openframe_project_wrapper/runs/26_06_14_15_00/63-magic-drc/reports/drc_violations.magic.rpt)
[INFO] Saving mag view with DRC errors (/home/ank/Desktop/WORK/T_4/CF_FPGA_testchip/openlane/openframe_project_wrapper/runs/26_06_14_15_00/63-magic-drc/views/openframe_project_wrapper.drc.mag)
[INFO] Saved
