
===========================================================================
report_checks -unconstrained
===========================================================================
======================= nom_tt_025C_1v80 Corner ===================================

Startpoint: _4021_ (rising edge-triggered flip-flop clocked by clk)
Endpoint: _3668_ (recovery check against rising-edge clock clk)
Path Group: asynchronous
Path Type: max

Fanout         Cap        Slew       Delay        Time   Description
---------------------------------------------------------------------------------------------
                                  0.000000    0.000000   clock clk (rise edge)
                                  0.000000    0.000000   clock source latency
     5    0.312655    1.190000    0.000000    0.000000 ^ gpio_in[38] (in)
                                                         gpio_in[38] (net)
                      1.840674    0.341604    0.341604 ^ clkbuf_0_gpio_in[38]/A (sky130_fd_sc_hd__clkbuf_16)
     5    0.095280    0.148271    0.449716    0.791320 ^ clkbuf_0_gpio_in[38]/X (sky130_fd_sc_hd__clkbuf_16)
                                                         clknet_0_gpio_in[38] (net)
                      0.154324    0.024533    0.815854 ^ clkbuf_1_1_0_gpio_in[38]/A (sky130_fd_sc_hd__clkbuf_8)
     3    0.292853    0.497612    0.476062    1.291916 ^ clkbuf_1_1_0_gpio_in[38]/X (sky130_fd_sc_hd__clkbuf_8)
                                                         clknet_1_1_0_gpio_in[38] (net)
                      0.522310    0.091419    1.383335 ^ clkbuf_1_1_1_gpio_in[38]/A (sky130_fd_sc_hd__clkbuf_8)
     5    0.069308    0.135786    0.325472    1.708807 ^ clkbuf_1_1_1_gpio_in[38]/X (sky130_fd_sc_hd__clkbuf_8)
                                                         clknet_1_1_1_gpio_in[38] (net)
                      0.138684    0.016511    1.725319 ^ clkbuf_2_2_0_gpio_in[38]/A (sky130_fd_sc_hd__clkbuf_8)
     5    0.070083    0.132488    0.226697    1.952016 ^ clkbuf_2_2_0_gpio_in[38]/X (sky130_fd_sc_hd__clkbuf_8)
                                                         clknet_2_2_0_gpio_in[38] (net)
                      0.136868    0.019884    1.971900 ^ clkbuf_3_4_0_gpio_in[38]/A (sky130_fd_sc_hd__clkbuf_8)
     3    0.098854    0.175976    0.269589    2.241489 ^ clkbuf_3_4_0_gpio_in[38]/X (sky130_fd_sc_hd__clkbuf_8)
                                                         clknet_3_4_0_gpio_in[38] (net)
                      0.176363    0.007054    2.248544 ^ clkbuf_3_4_1_gpio_in[38]/A (sky130_fd_sc_hd__clkbuf_8)
    33    0.328686    0.549270    0.490420    2.738963 ^ clkbuf_3_4_1_gpio_in[38]/X (sky130_fd_sc_hd__clkbuf_8)
                                                         clknet_3_4_1_gpio_in[38] (net)
                      0.550415    0.023075    2.762038 ^ clkbuf_leaf_35_gpio_in[38]/A (sky130_fd_sc_hd__clkbuf_8)
    12    0.052638    0.108483    0.317218    3.079256 ^ clkbuf_leaf_35_gpio_in[38]/X (sky130_fd_sc_hd__clkbuf_8)
                                                         clknet_leaf_35_gpio_in[38] (net)
                      0.108493    0.001194    3.080450 ^ _4021_/CLK (sky130_fd_sc_hd__dfxtp_4)
     7    0.062073    0.094571    0.444237    3.524687 v _4021_/Q (sky130_fd_sc_hd__dfxtp_4)
                                                         u_chip_core.fpga_select_sync[1] (net)
                      0.095688    0.007868    3.532555 v _1483_/A (sky130_fd_sc_hd__nor2_4)
     9    0.116876    0.703605    0.598845    4.131399 ^ _1483_/Y (sky130_fd_sc_hd__nor2_4)
                                                         _0868_ (net)
                      0.703616    0.002595    4.133995 ^ max_cap1304/A (sky130_fd_sc_hd__buf_6)
     1    0.025967    0.071540    0.225842    4.359836 ^ max_cap1304/X (sky130_fd_sc_hd__buf_6)
                                                         net1304 (net)
                      0.071650    0.002524    4.362360 ^ wire1302/A (sky130_fd_sc_hd__buf_8)
     3    0.500389    0.498975    0.224901    4.587261 ^ wire1302/X (sky130_fd_sc_hd__buf_8)
                                                         net1302 (net)
                      1.765467    0.897110    5.484371 ^ wire1301/A (sky130_fd_sc_hd__buf_12)
     3    0.460941    0.285691    0.357303    5.841674 ^ wire1301/X (sky130_fd_sc_hd__buf_12)
                                                         net1301 (net)
                      1.236993    0.621480    6.463154 ^ wire1300/A (sky130_fd_sc_hd__buf_12)
     1    0.019918    0.060898    0.207177    6.670331 ^ wire1300/X (sky130_fd_sc_hd__buf_12)
                                                         net1300 (net)
                      0.060900    0.001572    6.671903 ^ fanout1299/A (sky130_fd_sc_hd__buf_12)
    11    0.505489    0.316175    0.198597    6.870501 ^ fanout1299/X (sky130_fd_sc_hd__buf_12)
                                                         net1299 (net)
                      1.380775    0.706978    7.577478 ^ _1484_/B (sky130_fd_sc_hd__and2_4)
     5    0.089644    0.267338    0.498615    8.076094 ^ _1484_/X (sky130_fd_sc_hd__and2_4)
                                                         u_chip_core.fabric_config_large.rst_ni (net)
                      0.267358    0.002088    8.078182 ^ max_cap1130/A (sky130_fd_sc_hd__buf_8)
     3    0.129467    0.211806    0.261251    8.339433 ^ max_cap1130/X (sky130_fd_sc_hd__buf_8)
                                                         net1130 (net)
                      0.228233    0.047772    8.387205 ^ fanout1126/A (sky130_fd_sc_hd__buf_12)
    19    0.676023    0.346161    0.296128    8.683333 ^ fanout1126/X (sky130_fd_sc_hd__buf_12)
                                                         net1126 (net)
                      0.347029    0.012644    8.695977 ^ fanout1125/A (sky130_fd_sc_hd__buf_8)
    11    0.179387    0.287231    0.310981    9.006958 ^ fanout1125/X (sky130_fd_sc_hd__buf_8)
                                                         net1125 (net)
                      0.313133    0.069239    9.076197 ^ fanout1121/A (sky130_fd_sc_hd__buf_8)
    15    0.279197    0.428336    0.361246    9.437443 ^ fanout1121/X (sky130_fd_sc_hd__buf_8)
                                                         net1121 (net)
                      0.434933    0.047295    9.484737 ^ fanout1120/A (sky130_fd_sc_hd__buf_8)
    21    0.246383    0.386682    0.367530    9.852267 ^ fanout1120/X (sky130_fd_sc_hd__buf_8)
                                                         net1120 (net)
                      0.400246    0.060009    9.912276 ^ _3668_/RESET_B (sky130_fd_sc_hd__dfrtp_4)
                                              9.912276   data arrival time

                                 40.000000   40.000000   clock clk (rise edge)
                                  0.000000   40.000000   clock source latency
     5    0.312655    1.000000    0.000000   40.000000 ^ gpio_in[38] (in)
                                                         gpio_in[38] (net)
                      1.650674    0.309068   40.309071 ^ clkbuf_0_gpio_in[38]/A (sky130_fd_sc_hd__clkbuf_16)
     5    0.095280    0.144267    0.389957   40.699024 ^ clkbuf_0_gpio_in[38]/X (sky130_fd_sc_hd__clkbuf_16)
                                                         clknet_0_gpio_in[38] (net)
                      0.145379    0.009692   40.708717 ^ clkbuf_1_0_0_gpio_in[38]/A (sky130_fd_sc_hd__clkbuf_8)
     3    0.030748    0.067991    0.171170   40.879887 ^ clkbuf_1_0_0_gpio_in[38]/X (sky130_fd_sc_hd__clkbuf_8)
                                                         clknet_1_0_0_gpio_in[38] (net)
                      0.068397    0.003862   40.883751 ^ clkbuf_1_0_1_gpio_in[38]/A (sky130_fd_sc_hd__clkbuf_8)
     5    0.080915    0.147462    0.194063   41.077812 ^ clkbuf_1_0_1_gpio_in[38]/X (sky130_fd_sc_hd__clkbuf_8)
                                                         clknet_1_0_1_gpio_in[38] (net)
                      0.151855    0.019014   41.096828 ^ clkbuf_2_0_0_gpio_in[38]/A (sky130_fd_sc_hd__clkbuf_8)
     5    0.064429    0.122702    0.205606   41.302433 ^ clkbuf_2_0_0_gpio_in[38]/X (sky130_fd_sc_hd__clkbuf_8)
                                                         clknet_2_0_0_gpio_in[38] (net)
                      0.126120    0.015312   41.317745 ^ clkbuf_3_1_0_gpio_in[38]/A (sky130_fd_sc_hd__clkbuf_8)
     3    0.083515    0.151730    0.216478   41.534222 ^ clkbuf_3_1_0_gpio_in[38]/X (sky130_fd_sc_hd__clkbuf_8)
                                                         clknet_3_1_0_gpio_in[38] (net)
                      0.156755    0.020602   41.554825 ^ clkbuf_3_1_1_gpio_in[38]/A (sky130_fd_sc_hd__clkbuf_8)
    31    0.262339    0.446011    0.411994   41.966820 ^ clkbuf_3_1_1_gpio_in[38]/X (sky130_fd_sc_hd__clkbuf_8)
                                                         clknet_3_1_1_gpio_in[38] (net)
                      0.446215    0.007759   41.974579 ^ _3668_/CLK (sky130_fd_sc_hd__dfrtp_4)
                                 -0.100000   41.874580   clock uncertainty
                                  0.092296   41.966877   clock reconvergence pessimism
                                  0.232853   42.199726   library recovery time
                                             42.199726   data required time
---------------------------------------------------------------------------------------------
                                             42.199726   data required time
                                             -9.912276   data arrival time
---------------------------------------------------------------------------------------------
                                             32.287449   slack (MET)


Startpoint: _4017_ (rising edge-triggered flip-flop clocked by clk)
Endpoint: _3203_ (rising edge-triggered flip-flop clocked by clk)
Path Group: clk
Path Type: max

Fanout         Cap        Slew       Delay        Time   Description
---------------------------------------------------------------------------------------------
                                  0.000000    0.000000   clock clk (rise edge)
                                  0.000000    0.000000   clock source latency
     5    0.312655    1.190000    0.000000    0.000000 ^ gpio_in[38] (in)
                                                         gpio_in[38] (net)
                      1.840674    0.341604    0.341604 ^ clkbuf_0_gpio_in[38]/A (sky130_fd_sc_hd__clkbuf_16)
     5    0.095280    0.148271    0.449716    0.791320 ^ clkbuf_0_gpio_in[38]/X (sky130_fd_sc_hd__clkbuf_16)
                                                         clknet_0_gpio_in[38] (net)
                      0.149352    0.010718    0.802038 ^ clkbuf_1_0_0_gpio_in[38]/A (sky130_fd_sc_hd__clkbuf_8)
     3    0.030748    0.068058    0.190501    0.992539 ^ clkbuf_1_0_0_gpio_in[38]/X (sky130_fd_sc_hd__clkbuf_8)
                                                         clknet_1_0_0_gpio_in[38] (net)
                      0.068464    0.004268    0.996807 ^ clkbuf_1_0_1_gpio_in[38]/A (sky130_fd_sc_hd__clkbuf_8)
     5    0.080915    0.147462    0.214515    1.211322 ^ clkbuf_1_0_1_gpio_in[38]/X (sky130_fd_sc_hd__clkbuf_8)
                                                         clknet_1_0_1_gpio_in[38] (net)
                      0.151664    0.020563    1.231885 ^ clkbuf_2_1_0_gpio_in[38]/A (sky130_fd_sc_hd__clkbuf_8)
     5    0.066706    0.126830    0.227568    1.459453 ^ clkbuf_2_1_0_gpio_in[38]/X (sky130_fd_sc_hd__clkbuf_8)
                                                         clknet_2_1_0_gpio_in[38] (net)
                      0.131396    0.019783    1.479236 ^ clkbuf_3_2_0_gpio_in[38]/A (sky130_fd_sc_hd__clkbuf_8)
     3    0.056261    0.109150    0.210729    1.689965 ^ clkbuf_3_2_0_gpio_in[38]/X (sky130_fd_sc_hd__clkbuf_8)
                                                         clknet_3_2_0_gpio_in[38] (net)
                      0.112449    0.015576    1.705541 ^ clkbuf_3_2_1_gpio_in[38]/A (sky130_fd_sc_hd__clkbuf_8)
    37    0.539887    0.885619    0.633104    2.338645 ^ clkbuf_3_2_1_gpio_in[38]/X (sky130_fd_sc_hd__clkbuf_8)
                                                         clknet_3_2_1_gpio_in[38] (net)
                      1.088695    0.344430    2.683074 ^ clkbuf_leaf_57_gpio_in[38]/A (sky130_fd_sc_hd__clkbuf_8)
     3    0.040007    0.101600    0.365027    3.048101 ^ clkbuf_leaf_57_gpio_in[38]/X (sky130_fd_sc_hd__clkbuf_8)
                                                         clknet_leaf_57_gpio_in[38] (net)
                      0.101615    0.001277    3.049378 ^ _4017_/CLK (sky130_fd_sc_hd__dfrtp_4)
     3    0.013542    0.073865    0.460262    3.509640 ^ _4017_/Q (sky130_fd_sc_hd__dfrtp_4)
                                                         u_chip_core.fabric_spi_controller.rst_ni (net)
                      0.073865    0.000818    3.510458 ^ hold1666/A (sky130_fd_sc_hd__dlygate4sd3_1)
     1    0.016470    0.175646    0.675011    4.185468 ^ hold1666/X (sky130_fd_sc_hd__dlygate4sd3_1)
                                                         net3142 (net)
                      0.175649    0.001157    4.186625 ^ wire1340/A (sky130_fd_sc_hd__buf_8)
     5    0.104813    0.173441    0.224812    4.411438 ^ wire1340/X (sky130_fd_sc_hd__buf_8)
                                                         net1340 (net)
                      0.176447    0.019125    4.430562 ^ fanout1335/A (sky130_fd_sc_hd__buf_12)
    13    0.436748    0.450607    0.281168    4.711730 ^ fanout1335/X (sky130_fd_sc_hd__buf_12)
                                                         net1335 (net)
                      0.680855    0.276608    4.988339 ^ fanout1333/A (sky130_fd_sc_hd__buf_8)
    11    0.159903    0.261661    0.328154    5.316493 ^ fanout1333/X (sky130_fd_sc_hd__buf_8)
                                                         net1333 (net)
                      0.274661    0.047415    5.363909 ^ fanout1332/A (sky130_fd_sc_hd__clkbuf_16)
    19    0.274391    0.265255    0.307609    5.671518 ^ fanout1332/X (sky130_fd_sc_hd__clkbuf_16)
                                                         net1332 (net)
                      0.265291    0.003690    5.675208 ^ fanout1331/A (sky130_fd_sc_hd__buf_6)
    13    0.145147    0.288158    0.323565    5.998773 ^ fanout1331/X (sky130_fd_sc_hd__buf_6)
                                                         net1331 (net)
                      0.288168    0.001552    6.000325 ^ fanout1330/A (sky130_fd_sc_hd__clkbuf_8)
    19    0.123026    0.217109    0.341435    6.341760 ^ fanout1330/X (sky130_fd_sc_hd__clkbuf_8)
                                                         net1330 (net)
                      0.218669    0.015691    6.357451 ^ fanout1329/A (sky130_fd_sc_hd__buf_4)
    17    0.092527    0.257095    0.324609    6.682060 ^ fanout1329/X (sky130_fd_sc_hd__buf_4)
                                                         net1329 (net)
                      0.257124    0.002475    6.684535 ^ fanout1328/A (sky130_fd_sc_hd__clkbuf_4)
    21    0.074779    0.225767    0.355495    7.040030 ^ fanout1328/X (sky130_fd_sc_hd__clkbuf_4)
                                                         net1328 (net)
                      0.225785    0.001775    7.041805 ^ fanout1327/A (sky130_fd_sc_hd__clkbuf_4)
    17    0.067419    0.204773    0.330482    7.372286 ^ fanout1327/X (sky130_fd_sc_hd__clkbuf_4)
                                                         net1327 (net)
                      0.204868    0.001343    7.373630 ^ fanout1322/A (sky130_fd_sc_hd__buf_2)
    10    0.042363    0.208562    0.288313    7.661942 ^ fanout1322/X (sky130_fd_sc_hd__buf_2)
                                                         net1322 (net)
                      0.208668    0.002579    7.664522 ^ _1946_/A (sky130_fd_sc_hd__and2_1)
     1    0.016081    0.165909    0.258289    7.922811 ^ _1946_/X (sky130_fd_sc_hd__and2_1)
                                                         _0916_ (net)
                      0.165912    0.001035    7.923846 ^ fanout1276/A (sky130_fd_sc_hd__buf_12)
    13    0.793688    0.832754    0.529746    8.453592 ^ fanout1276/X (sky130_fd_sc_hd__buf_12)
                                                         net1276 (net)
                      0.832843    0.009642    8.463234 ^ fanout1274/A (sky130_fd_sc_hd__buf_12)
    21    0.534990    0.586736    0.472979    8.936213 ^ fanout1274/X (sky130_fd_sc_hd__buf_12)
                                                         net1274 (net)
                      0.587415    0.020600    8.956813 ^ _1948_/B (sky130_fd_sc_hd__and3_1)
     1    0.005093    0.075983    0.277270    9.234083 ^ _1948_/X (sky130_fd_sc_hd__and3_1)
                                                         _0918_ (net)
                      0.075983    0.000230    9.234313 ^ _1954_/A (sky130_fd_sc_hd__and4_1)
     1    0.010167    0.115935    0.236627    9.470940 ^ _1954_/X (sky130_fd_sc_hd__and4_1)
                                                         _0924_ (net)
                      0.115937    0.000711    9.471651 ^ _1955_/D_N (sky130_fd_sc_hd__or4b_4)
     7    0.074766    0.185684    0.650380   10.122031 v _1955_/X (sky130_fd_sc_hd__or4b_4)
                                                         _0925_ (net)
                      0.187130    0.011661   10.133693 v hold1566/A (sky130_fd_sc_hd__dlygate4sd3_1)
     3    0.038356    0.207343    0.811629   10.945321 v hold1566/X (sky130_fd_sc_hd__dlygate4sd3_1)
                                                         net3042 (net)
                      0.207519    0.005745   10.951066 v _1956_/B (sky130_fd_sc_hd__nand2b_2)
     5    0.023986    0.148778    0.215794   11.166860 ^ _1956_/Y (sky130_fd_sc_hd__nand2b_2)
                                                         _0926_ (net)
                      0.148858    0.001390   11.168250 ^ hold1567/A (sky130_fd_sc_hd__dlygate4sd3_1)
     1    0.008526    0.102516    0.638392   11.806642 ^ hold1567/X (sky130_fd_sc_hd__dlygate4sd3_1)
                                                         net3043 (net)
                      0.102619    0.000448   11.807089 ^ _1961_/B1 (sky130_fd_sc_hd__o211a_1)
     1    0.005918    0.065935    0.181350   11.988439 ^ _1961_/X (sky130_fd_sc_hd__o211a_1)
                                                         _0004_ (net)
                      0.065935    0.000241   11.988680 ^ hold1568/A (sky130_fd_sc_hd__dlygate4sd3_1)
     1    0.004917    0.071391    0.586362   12.575042 ^ hold1568/X (sky130_fd_sc_hd__dlygate4sd3_1)
                                                         net3044 (net)
                      0.071391    0.000205   12.575247 ^ _3203_/D (sky130_fd_sc_hd__dfrtp_4)
                                             12.575247   data arrival time

                                 40.000000   40.000000   clock clk (rise edge)
                                  0.000000   40.000000   clock source latency
     5    0.312655    1.000000    0.000000   40.000000 ^ gpio_in[38] (in)
                                                         gpio_in[38] (net)
                      1.650674    0.309068   40.309071 ^ clkbuf_0_gpio_in[38]/A (sky130_fd_sc_hd__clkbuf_16)
     5    0.095280    0.144267    0.389957   40.699024 ^ clkbuf_0_gpio_in[38]/X (sky130_fd_sc_hd__clkbuf_16)
                                                         clknet_0_gpio_in[38] (net)
                      0.145379    0.009692   40.708717 ^ clkbuf_1_0_0_gpio_in[38]/A (sky130_fd_sc_hd__clkbuf_8)
     3    0.030748    0.067991    0.171170   40.879887 ^ clkbuf_1_0_0_gpio_in[38]/X (sky130_fd_sc_hd__clkbuf_8)
                                                         clknet_1_0_0_gpio_in[38] (net)
                      0.068397    0.003862   40.883751 ^ clkbuf_1_0_1_gpio_in[38]/A (sky130_fd_sc_hd__clkbuf_8)
     5    0.080915    0.147462    0.194063   41.077812 ^ clkbuf_1_0_1_gpio_in[38]/X (sky130_fd_sc_hd__clkbuf_8)
                                                         clknet_1_0_1_gpio_in[38] (net)
                      0.151664    0.018602   41.096413 ^ clkbuf_2_1_0_gpio_in[38]/A (sky130_fd_sc_hd__clkbuf_8)
     5    0.066706    0.126830    0.205894   41.302307 ^ clkbuf_2_1_0_gpio_in[38]/X (sky130_fd_sc_hd__clkbuf_8)
                                                         clknet_2_1_0_gpio_in[38] (net)
                      0.131430    0.017966   41.320274 ^ clkbuf_3_3_0_gpio_in[38]/A (sky130_fd_sc_hd__clkbuf_8)
     3    0.078614    0.144174    0.207120   41.527393 ^ clkbuf_3_3_0_gpio_in[38]/X (sky130_fd_sc_hd__clkbuf_8)
                                                         clknet_3_3_0_gpio_in[38] (net)
                      0.152634    0.025647   41.553040 ^ clkbuf_3_3_1_gpio_in[38]/A (sky130_fd_sc_hd__clkbuf_8)
    23    0.170517    0.295130    0.314355   41.867397 ^ clkbuf_3_3_1_gpio_in[38]/X (sky130_fd_sc_hd__clkbuf_8)
                                                         clknet_3_3_1_gpio_in[38] (net)
                      0.295248    0.004878   41.872272 ^ clkbuf_leaf_92_gpio_in[38]/A (sky130_fd_sc_hd__clkbuf_8)
     3    0.032907    0.073734    0.217756   42.090031 ^ clkbuf_leaf_92_gpio_in[38]/X (sky130_fd_sc_hd__clkbuf_8)
                                                         clknet_leaf_92_gpio_in[38] (net)
                      0.073738    0.000608   42.090637 ^ _3203_/CLK (sky130_fd_sc_hd__dfrtp_4)
                                 -0.100000   41.990639   clock uncertainty
                                  0.157144   42.147785   clock reconvergence pessimism
                                 -0.065241   42.082542   library setup time
                                             42.082542   data required time
---------------------------------------------------------------------------------------------
                                             42.082542   data required time
                                            -12.575247   data arrival time
---------------------------------------------------------------------------------------------
                                             29.507296   slack (MET)




===========================================================================
report_checks --slack_max -0.01
============================================================================
======================= nom_tt_025C_1v80 Corner ===================================

No paths found.


===========================================================================
 report_check_types -max_slew -max_cap -max_fanout -violators
============================================================================
======================= nom_tt_025C_1v80 Corner ===================================

max slew

Pin                                        Limit        Slew       Slack
------------------------------------------------------------------------
wire913/A                               1.500000   14.173120  -12.673120 (VIOLATED)
ANTENNA_wire913_A/DIODE                 1.500000   14.173051  -12.673051 (VIOLATED)
wire904/A                               1.500000   11.827387  -10.327386 (VIOLATED)
ANTENNA_wire904_A/DIODE                 1.500000   11.827311  -10.327310 (VIOLATED)
wire985/A                               1.500000    7.149550   -5.649550 (VIOLATED)
ANTENNA_wire985_A/DIODE                 1.500000    7.149264   -5.649264 (VIOLATED)
ANTENNA_wire914_X/DIODE                 1.500000    6.318953   -4.818953 (VIOLATED)
wire914/X                               1.500000    6.318848   -4.818848 (VIOLATED)
_1498_/B                                1.500000    6.187790   -4.687790 (VIOLATED)
ANTENNA__1498__B/DIODE                  1.500000    6.187757   -4.687757 (VIOLATED)
_1477_/A                                1.500000    4.977582   -3.477582 (VIOLATED)
ANTENNA__1477__A/DIODE                  1.500000    4.977571   -3.477571 (VIOLATED)
wire986/A                               1.500000    4.877259   -3.377259 (VIOLATED)
ANTENNA_6/DIODE                         1.500000    4.877178   -3.377178 (VIOLATED)
ANTENNA_wire986_A/DIODE                 1.500000    4.877056   -3.377056 (VIOLATED)
ANTENNA_5/DIODE                         1.500000    4.877040   -3.377040 (VIOLATED)
ANTENNA_7/DIODE                         1.500000    4.877023   -3.377023 (VIOLATED)
ANTENNA_8/DIODE                         1.500000    4.877006   -3.377006 (VIOLATED)
ANTENNA_9/DIODE                         1.500000    4.876970   -3.376970 (VIOLATED)
ANTENNA_10/DIODE                        1.500000    4.876949   -3.376949 (VIOLATED)
ANTENNA__1497__B/DIODE                  1.500000    4.627148   -3.127148 (VIOLATED)
_1497_/B                                1.500000    4.627147   -3.127147 (VIOLATED)
wire882/A                               1.500000    4.464482   -2.964482 (VIOLATED)
ANTENNA_wire882_A/DIODE                 1.500000    4.464475   -2.964475 (VIOLATED)
ANTENNA__1503__B/DIODE                  1.500000    4.404415   -2.904415 (VIOLATED)
_1478_/A                                1.500000    4.400986   -2.900986 (VIOLATED)
ANTENNA__1478__A/DIODE                  1.500000    4.400974   -2.900974 (VIOLATED)
_1503_/B                                1.500000    4.400844   -2.900844 (VIOLATED)
ANTENNA__1570__Y/DIODE                  1.500000    4.399075   -2.899075 (VIOLATED)
_1570_/Y                                1.500000    4.399036   -2.899036 (VIOLATED)
wire983/A                               1.500000    4.240254   -2.740255 (VIOLATED)
ANTENNA_wire983_A/DIODE                 1.500000    4.240128   -2.740128 (VIOLATED)
ANTENNA__1495__B/DIODE                  1.500000    4.197594   -2.697594 (VIOLATED)
_1495_/B                                1.500000    4.197559   -2.697559 (VIOLATED)
ANTENNA_349/DIODE                       1.500000    4.197434   -2.697434 (VIOLATED)
_1504_/B                                1.500000    3.902795   -2.402795 (VIOLATED)
ANTENNA__1504__B/DIODE                  1.500000    3.902753   -2.402753 (VIOLATED)
wire976/A                               1.500000    3.619574   -2.119574 (VIOLATED)
ANTENNA_wire976_A/DIODE                 1.500000    3.619442   -2.119442 (VIOLATED)
ANTENNA__1500__B/DIODE                  1.500000    3.575870   -2.075870 (VIOLATED)
_1500_/B                                1.500000    3.575860   -2.075860 (VIOLATED)
ANTENNA_304/DIODE                       1.500000    3.528276   -2.028276 (VIOLATED)
ANTENNA_303/DIODE                       1.500000    3.527596   -2.027596 (VIOLATED)
ANTENNA_302/DIODE                       1.500000    3.526914   -2.026914 (VIOLATED)
_1469_/A                                1.500000    3.526557   -2.026557 (VIOLATED)
ANTENNA__1469__A/DIODE                  1.500000    3.523758   -2.023758 (VIOLATED)
ANTENNA_308/DIODE                       1.500000    3.523070   -2.023070 (VIOLATED)
ANTENNA_309/DIODE                       1.500000    3.522381   -2.022381 (VIOLATED)
ANTENNA_310/DIODE                       1.500000    3.521690   -2.021690 (VIOLATED)
wire921/A                               1.500000    2.936691   -1.436691 (VIOLATED)
ANTENNA_171/DIODE                       1.500000    2.936684   -1.436684 (VIOLATED)
ANTENNA_170/DIODE                       1.500000    2.936683   -1.436683 (VIOLATED)
ANTENNA_wire921_A/DIODE                 1.500000    2.936673   -1.436674 (VIOLATED)
ANTENNA_172/DIODE                       1.500000    2.936669   -1.436669 (VIOLATED)
ANTENNA_173/DIODE                       1.500000    2.936664   -1.436664 (VIOLATED)
ANTENNA_174/DIODE                       1.500000    2.936659   -1.436659 (VIOLATED)
ANTENNA_175/DIODE                       1.500000    2.936653   -1.436653 (VIOLATED)
ANTENNA__1529__X/DIODE                  1.500000    2.874416   -1.374416 (VIOLATED)
_1529_/X                                1.500000    2.874240   -1.374241 (VIOLATED)
wire1453/A                              1.500000    2.790250   -1.290250 (VIOLATED)
ANTENNA_wire1453_A/DIODE                1.500000    2.790168   -1.290168 (VIOLATED)
_2499_/A1                               1.500000    2.748805   -1.248805 (VIOLATED)
ANTENNA__2499__A1/DIODE                 1.500000    2.748734   -1.248734 (VIOLATED)
ANTENNA_wire922_X/DIODE                 1.500000    2.707569   -1.207569 (VIOLATED)
wire922/X                               1.500000    2.707535   -1.207535 (VIOLATED)
fanout1317/A                            1.500000    2.556171   -1.056171 (VIOLATED)
ANTENNA_fanout1317_A/DIODE              1.500000    2.556017   -1.056018 (VIOLATED)
_1499_/B                                1.500000    2.516106   -1.016106 (VIOLATED)
ANTENNA__1499__B/DIODE                  1.500000    2.516091   -1.016091 (VIOLATED)
_2479_/A1                               1.500000    2.424389   -0.924389 (VIOLATED)
ANTENNA__2479__A1/DIODE                 1.500000    2.424353   -0.924353 (VIOLATED)
_2500_/A1                               1.500000    2.365995   -0.865995 (VIOLATED)
ANTENNA__2500__A1/DIODE                 1.500000    2.365967   -0.865967 (VIOLATED)
wire969/A                               1.500000    2.172971   -0.672971 (VIOLATED)
ANTENNA_wire969_A/DIODE                 1.500000    2.172961   -0.672961 (VIOLATED)
ANTENNA__1541__X/DIODE                  1.500000    2.170030   -0.670030 (VIOLATED)
_1541_/X                                1.500000    2.170024   -0.670024 (VIOLATED)
ANTENNA__2501__A1/DIODE                 1.500000    2.166218   -0.666218 (VIOLATED)
_2501_/A1                               1.500000    2.166208   -0.666208 (VIOLATED)
ANTENNA_wire846_A/DIODE                 1.500000    2.164052   -0.664051 (VIOLATED)
wire846/A                               1.500000    2.164033   -0.664033 (VIOLATED)
fanout1312/A                            1.500000    2.157069   -0.657069 (VIOLATED)
ANTENNA_fanout1312_A/DIODE              1.500000    2.156933   -0.656933 (VIOLATED)
_2477_/A1                               1.500000    2.153774   -0.653774 (VIOLATED)
ANTENNA__2477__A1/DIODE                 1.500000    2.153731   -0.653731 (VIOLATED)
fanout759/A                             1.500000    2.153391   -0.653391 (VIOLATED)
ANTENNA_fanout759_A/DIODE               1.500000    2.153378   -0.653378 (VIOLATED)
_2484_/S                                1.500000    2.153300   -0.653300 (VIOLATED)
ANTENNA__2484__S/DIODE                  1.500000    2.153297   -0.653297 (VIOLATED)
ANTENNA__2480__S/DIODE                  1.500000    2.152833   -0.652834 (VIOLATED)
_2480_/S                                1.500000    2.152775   -0.652775 (VIOLATED)
fanout757/A                             1.500000    2.152264   -0.652264 (VIOLATED)
ANTENNA_fanout757_A/DIODE               1.500000    2.152257   -0.652258 (VIOLATED)
ANTENNA__2474__A1/DIODE                 1.500000    2.147070   -0.647070 (VIOLATED)
_2474_/A1                               1.500000    2.147040   -0.647040 (VIOLATED)
ANTENNA_252/DIODE                       1.500000    2.147010   -0.647010 (VIOLATED)
ANTENNA__1574__Y/DIODE                  1.500000    2.108291   -0.608291 (VIOLATED)
_1574_/Y                                1.500000    2.108286   -0.608286 (VIOLATED)
_1566_/B1                               1.500000    2.107246   -0.607246 (VIOLATED)
ANTENNA__1566__B1/DIODE                 1.500000    2.107245   -0.607245 (VIOLATED)
ANTENNA__1531__B1/DIODE                 1.500000    2.106884   -0.606884 (VIOLATED)
_1531_/B1                               1.500000    2.106658   -0.606658 (VIOLATED)
ANTENNA__1530__B1/DIODE                 1.500000    2.100727   -0.600727 (VIOLATED)
_1530_/B1                               1.500000    2.100469   -0.600469 (VIOLATED)
_1565_/B1                               1.500000    2.100035   -0.600036 (VIOLATED)
ANTENNA__1565__B1/DIODE                 1.500000    2.099248   -0.599248 (VIOLATED)
fanout1173/A                            1.500000    2.099044   -0.599044 (VIOLATED)
ANTENNA_fanout1173_A/DIODE              1.500000    2.098953   -0.598953 (VIOLATED)
ANTENNA__1529__B1/DIODE                 1.500000    2.098868   -0.598868 (VIOLATED)
_1529_/B1                               1.500000    2.098331   -0.598331 (VIOLATED)
_1564_/B1                               1.500000    2.095865   -0.595865 (VIOLATED)
ANTENNA__1564__B1/DIODE                 1.500000    2.094362   -0.594363 (VIOLATED)
_2473_/A1                               1.500000    2.072208   -0.572209 (VIOLATED)
ANTENNA__2473__A1/DIODE                 1.500000    2.072200   -0.572200 (VIOLATED)
_2492_/A1                               1.500000    2.040251   -0.540251 (VIOLATED)
ANTENNA__2492__A1/DIODE                 1.500000    2.040223   -0.540223 (VIOLATED)
ANTENNA_338/DIODE                       1.500000    2.040152   -0.540152 (VIOLATED)
ANTENNA_337/DIODE                       1.500000    2.040124   -0.540124 (VIOLATED)
_2484_/A1                               1.500000    2.005953   -0.505953 (VIOLATED)
ANTENNA__2484__A1/DIODE                 1.500000    2.005894   -0.505894 (VIOLATED)
_2483_/A1                               1.500000    1.984010   -0.484010 (VIOLATED)
ANTENNA__2483__A1/DIODE                 1.500000    1.983975   -0.483975 (VIOLATED)
_2488_/A1                               1.500000    1.953368   -0.453368 (VIOLATED)
ANTENNA__2488__A1/DIODE                 1.500000    1.953333   -0.453333 (VIOLATED)
fanout1170/A                            1.500000    1.932211   -0.432211 (VIOLATED)
ANTENNA_fanout1170_A/DIODE              1.500000    1.931947   -0.431947 (VIOLATED)
wire861/A                               1.500000    1.867211   -0.367211 (VIOLATED)
ANTENNA_wire861_A/DIODE                 1.500000    1.867121   -0.367121 (VIOLATED)
clkbuf_0_gpio_in[38]/A                  1.500000    1.840674   -0.340674 (VIOLATED)
ANTENNA_314/DIODE                       1.500000    1.840493   -0.340493 (VIOLATED)
ANTENNA_clkbuf_0_gpio_in[38]_A/DIODE    1.500000    1.840458   -0.340458 (VIOLATED)
ANTENNA_313/DIODE                       1.500000    1.840419   -0.340419 (VIOLATED)
ANTENNA_315/DIODE                       1.500000    1.840375   -0.340375 (VIOLATED)
_2476_/A1                               1.500000    1.836678   -0.336678 (VIOLATED)
ANTENNA__2476__A1/DIODE                 1.500000    1.836652   -0.336652 (VIOLATED)
fanout1251/A                            1.500000    1.835686   -0.335686 (VIOLATED)
ANTENNA_fanout1251_A/DIODE              1.500000    1.835295   -0.335295 (VIOLATED)
wire1301/A                              1.500000    1.765467   -0.265467 (VIOLATED)
ANTENNA_wire1301_A/DIODE                1.500000    1.765333   -0.265333 (VIOLATED)
fanout1257/A                            1.500000    1.761825   -0.261825 (VIOLATED)
wire980/A                               1.500000    1.759599   -0.259599 (VIOLATED)
ANTENNA_wire980_A/DIODE                 1.500000    1.759452   -0.259452 (VIOLATED)
fanout1167/A                            1.500000    1.757885   -0.257885 (VIOLATED)
ANTENNA_fanout1167_A/DIODE              1.500000    1.757825   -0.257825 (VIOLATED)
ANTENNA_fanout1257_A/DIODE              1.500000    1.750438   -0.250438 (VIOLATED)
_4500_/A                                1.500000    1.748887   -0.248887 (VIOLATED)
ANTENNA__4500__A/DIODE                  1.500000    1.748740   -0.248740 (VIOLATED)
_2485_/A1                               1.500000    1.734082   -0.234082 (VIOLATED)
ANTENNA__2485__A1/DIODE                 1.500000    1.734075   -0.234075 (VIOLATED)
wire1063/A                              1.500000    1.703113   -0.203113 (VIOLATED)
ANTENNA_wire1063_A/DIODE                1.500000    1.702899   -0.202899 (VIOLATED)
_2475_/A1                               1.500000    1.682780   -0.182780 (VIOLATED)
ANTENNA__2475__A1/DIODE                 1.500000    1.682756   -0.182756 (VIOLATED)
ANTENNA__1530__X/DIODE                  1.500000    1.673208   -0.173208 (VIOLATED)
_1530_/X                                1.500000    1.672829   -0.172829 (VIOLATED)
wire973/A                               1.500000    1.656852   -0.156852 (VIOLATED)
ANTENNA_wire973_A/DIODE                 1.500000    1.656786   -0.156786 (VIOLATED)
wire1062/A                              1.500000    1.651706   -0.151706 (VIOLATED)
ANTENNA_wire1062_A/DIODE                1.500000    1.651487   -0.151487 (VIOLATED)
fanout1266/A                            1.500000    1.637919   -0.137919 (VIOLATED)
ANTENNA_fanout1266_A/DIODE              1.500000    1.637735   -0.137736 (VIOLATED)
fanout1313/A                            1.500000    1.634168   -0.134168 (VIOLATED)
ANTENNA_fanout1313_A/DIODE              1.500000    1.634070   -0.134070 (VIOLATED)
_1562_/A2                               1.500000    1.633967   -0.133967 (VIOLATED)
ANTENNA__1562__A2/DIODE                 1.500000    1.633289   -0.133289 (VIOLATED)
_1573_/A2                               1.500000    1.633110   -0.133110 (VIOLATED)
ANTENNA__1573__A2/DIODE                 1.500000    1.632226   -0.132226 (VIOLATED)
_1528_/A2                               1.500000    1.630730   -0.130730 (VIOLATED)
ANTENNA__1528__A2/DIODE                 1.500000    1.630553   -0.130553 (VIOLATED)
_1563_/A2                               1.500000    1.629211   -0.129212 (VIOLATED)
ANTENNA__1563__A2/DIODE                 1.500000    1.628676   -0.128676 (VIOLATED)
ANTENNA_168/DIODE                       1.500000    1.612991   -0.112991 (VIOLATED)
ANTENNA_166/DIODE                       1.500000    1.612176   -0.112176 (VIOLATED)
fanout1224/A                            1.500000    1.611137   -0.111137 (VIOLATED)
ANTENNA_fanout1224_A/DIODE              1.500000    1.611068   -0.111068 (VIOLATED)
fanout1314/A                            1.500000    1.610218   -0.110218 (VIOLATED)
ANTENNA_164/DIODE                       1.500000    1.608151   -0.108151 (VIOLATED)
ANTENNA_fanout1314_A/DIODE              1.500000    1.606141   -0.106141 (VIOLATED)
ANTENNA_162/DIODE                       1.500000    1.605866   -0.105866 (VIOLATED)
ANTENNA_160/DIODE                       1.500000    1.601504   -0.101504 (VIOLATED)
ANTENNA__2514__B2/DIODE                 1.500000    1.601349   -0.101349 (VIOLATED)
_2514_/B2                               1.500000    1.601348   -0.101348 (VIOLATED)
ANTENNA_wire905_X/DIODE                 1.500000    1.600870   -0.100870 (VIOLATED)
ANTENNA_169/DIODE                       1.500000    1.600844   -0.100844 (VIOLATED)
ANTENNA_167/DIODE                       1.500000    1.600843   -0.100843 (VIOLATED)
ANTENNA_165/DIODE                       1.500000    1.600839   -0.100839 (VIOLATED)
ANTENNA_163/DIODE                       1.500000    1.600835   -0.100835 (VIOLATED)
ANTENNA_161/DIODE                       1.500000    1.600825   -0.100825 (VIOLATED)
ANTENNA_159/DIODE                       1.500000    1.600818   -0.100818 (VIOLATED)
wire905/X                               1.500000    1.600091   -0.100091 (VIOLATED)
_2513_/Y                                1.496376    1.594064   -0.097688 (VIOLATED)
ANTENNA__2513__Y/DIODE                  1.500000    1.594083   -0.094083 (VIOLATED)
wire1432/A                              1.500000    1.576324   -0.076324 (VIOLATED)
ANTENNA_wire1432_A/DIODE                1.500000    1.576193   -0.076193 (VIOLATED)
fanout1269/A                            1.500000    1.567613   -0.067613 (VIOLATED)
ANTENNA_fanout1269_A/DIODE              1.500000    1.567388   -0.067388 (VIOLATED)
_4499_/A                                1.500000    1.557614   -0.057614 (VIOLATED)
ANTENNA__4499__A/DIODE                  1.500000    1.557585   -0.057585 (VIOLATED)
fanout1212/A                            1.500000    1.556456   -0.056456 (VIOLATED)
ANTENNA_fanout1212_A/DIODE              1.500000    1.556237   -0.056237 (VIOLATED)
ANTENNA__1539__X/DIODE                  1.500000    1.555040   -0.055040 (VIOLATED)
_1539_/X                                1.500000    1.555001   -0.055001 (VIOLATED)
_2487_/A1                               1.500000    1.539269   -0.039269 (VIOLATED)
ANTENNA__2487__A1/DIODE                 1.500000    1.539158   -0.039158 (VIOLATED)
fanout1337/A                            1.500000    1.537350   -0.037350 (VIOLATED)
ANTENNA_fanout1337_A/DIODE              1.500000    1.537324   -0.037324 (VIOLATED)
wire826/A                               1.500000    1.514760   -0.014760 (VIOLATED)
ANTENNA_wire826_A/DIODE                 1.500000    1.514742   -0.014742 (VIOLATED)
_2480_/A1                               1.500000    1.510124   -0.010124 (VIOLATED)
ANTENNA__2480__A1/DIODE                 1.500000    1.510068   -0.010068 (VIOLATED)
_2490_/A1                               1.500000    1.509154   -0.009154 (VIOLATED)
ANTENNA__2490__A1/DIODE                 1.500000    1.509146   -0.009146 (VIOLATED)
ANTENNA_hold1160_A/DIODE                1.500000    1.504717   -0.004717 (VIOLATED)

max fanout

Pin                                   Limit Fanout  Slack
---------------------------------------------------------
clkbuf_leaf_5_gpio_in[38]/X              20     41    -21 (VIOLATED)
clkbuf_3_2_1_gpio_in[38]/X               20     37    -17 (VIOLATED)
clkbuf_leaf_54_gpio_in[38]/X             20     37    -17 (VIOLATED)
clkbuf_3_4_1_gpio_in[38]/X               20     33    -13 (VIOLATED)
fanout1244/X                             20     32    -12 (VIOLATED)
clkbuf_3_1_1_gpio_in[38]/X               20     31    -11 (VIOLATED)
clkbuf_leaf_22_gpio_in[38]/X             20     31    -11 (VIOLATED)
clkbuf_leaf_38_gpio_in[38]/X             20     31    -11 (VIOLATED)
clkbuf_leaf_45_gpio_in[38]/X             20     31    -11 (VIOLATED)
clkbuf_leaf_6_gpio_in[38]/X              20     31    -11 (VIOLATED)
clkbuf_leaf_78_gpio_in[38]/X             20     31    -11 (VIOLATED)
clkbuf_leaf_79_gpio_in[38]/X             20     31    -11 (VIOLATED)
clkbuf_leaf_2_gpio_in[38]/X              20     29     -9 (VIOLATED)
clkbuf_leaf_32_gpio_in[38]/X             20     29     -9 (VIOLATED)
clkbuf_leaf_51_gpio_in[38]/X             20     29     -9 (VIOLATED)
clkbuf_leaf_10_gpio_in[38]/X             20     27     -7 (VIOLATED)
clkbuf_leaf_29_gpio_in[38]/X             20     27     -7 (VIOLATED)
clkbuf_leaf_85_gpio_in[38]/X             20     27     -7 (VIOLATED)
clkbuf_leaf_69_gpio_in[38]/X             20     25     -5 (VIOLATED)
fanout1305/X                             20     24     -4 (VIOLATED)
clkbuf_3_0_1_gpio_in[38]/X               20     23     -3 (VIOLATED)
clkbuf_3_3_1_gpio_in[38]/X               20     23     -3 (VIOLATED)
fanout1230/X                             20     23     -3 (VIOLATED)
fanout1254/X                             20     23     -3 (VIOLATED)
gpio_loopback_zero[25]                   20     22     -2 (VIOLATED)
gpio_loopback_zero[26]                   20     22     -2 (VIOLATED)
gpio_loopback_zero[30]                   20     22     -2 (VIOLATED)
gpio_loopback_zero[32]                   20     22     -2 (VIOLATED)
gpio_loopback_zero[38]                   20     22     -2 (VIOLATED)
fanout1193/X                             20     22     -2 (VIOLATED)
fanout1224/X                             20     22     -2 (VIOLATED)
fanout1236/X                             20     22     -2 (VIOLATED)
fanout1245/X                             20     22     -2 (VIOLATED)
fanout1278/X                             20     22     -2 (VIOLATED)
fanout1363/X                             20     22     -2 (VIOLATED)
_4063_/Q                                 20     21        (VIOLATED)
_4064_/Q                                 20     21        (VIOLATED)
clkbuf_3_6_1_gpio_in[38]/X               20     21        (VIOLATED)
clkbuf_leaf_1_gpio_in[38]/X              20     21        (VIOLATED)
clkbuf_leaf_33_gpio_in[38]/X             20     21        (VIOLATED)
clkbuf_leaf_62_gpio_in[38]/X             20     21        (VIOLATED)
fanout1000/X                             20     21        (VIOLATED)
fanout1001/X                             20     21        (VIOLATED)
fanout1022/X                             20     21        (VIOLATED)
fanout1023/X                             20     21        (VIOLATED)
fanout1120/X                             20     21        (VIOLATED)
fanout1122/X                             20     21        (VIOLATED)
fanout1127/X                             20     21        (VIOLATED)
fanout1128/X                             20     21        (VIOLATED)
fanout1150/X                             20     21        (VIOLATED)
fanout1155/X                             20     21        (VIOLATED)
fanout1158/X                             20     21        (VIOLATED)
fanout1166/X                             20     21        (VIOLATED)
fanout1167/X                             20     21        (VIOLATED)
fanout1169/X                             20     21        (VIOLATED)
fanout1170/X                             20     21        (VIOLATED)
fanout1172/X                             20     21        (VIOLATED)
fanout1173/X                             20     21        (VIOLATED)
fanout1175/X                             20     21        (VIOLATED)
fanout1176/X                             20     21        (VIOLATED)
fanout1181/X                             20     21        (VIOLATED)
fanout1182/X                             20     21        (VIOLATED)
fanout1187/X                             20     21        (VIOLATED)
fanout1188/X                             20     21        (VIOLATED)
fanout1194/X                             20     21        (VIOLATED)
fanout1199/X                             20     21        (VIOLATED)
fanout1200/X                             20     21        (VIOLATED)
fanout1205/X                             20     21        (VIOLATED)
fanout1206/X                             20     21        (VIOLATED)
fanout1211/X                             20     21        (VIOLATED)
fanout1212/X                             20     21        (VIOLATED)
fanout1214/X                             20     21        (VIOLATED)
fanout1215/X                             20     21        (VIOLATED)
fanout1217/X                             20     21        (VIOLATED)
fanout1218/X                             20     21        (VIOLATED)
fanout1220/X                             20     21        (VIOLATED)
fanout1221/X                             20     21        (VIOLATED)
fanout1223/X                             20     21        (VIOLATED)
fanout1226/X                             20     21        (VIOLATED)
fanout1227/X                             20     21        (VIOLATED)
fanout1229/X                             20     21        (VIOLATED)
fanout1232/X                             20     21        (VIOLATED)
fanout1233/X                             20     21        (VIOLATED)
fanout1235/X                             20     21        (VIOLATED)
fanout1238/X                             20     21        (VIOLATED)
fanout1239/X                             20     21        (VIOLATED)
fanout1241/X                             20     21        (VIOLATED)
fanout1242/X                             20     21        (VIOLATED)
fanout1247/X                             20     21        (VIOLATED)
fanout1248/X                             20     21        (VIOLATED)
fanout1250/X                             20     21        (VIOLATED)
fanout1251/X                             20     21        (VIOLATED)
fanout1253/X                             20     21        (VIOLATED)
fanout1256/X                             20     21        (VIOLATED)
fanout1257/X                             20     21        (VIOLATED)
fanout1259/X                             20     21        (VIOLATED)
fanout1260/X                             20     21        (VIOLATED)
fanout1262/X                             20     21        (VIOLATED)
fanout1263/X                             20     21        (VIOLATED)
fanout1265/X                             20     21        (VIOLATED)
fanout1266/X                             20     21        (VIOLATED)
fanout1268/X                             20     21        (VIOLATED)
fanout1269/X                             20     21        (VIOLATED)
fanout1271/X                             20     21        (VIOLATED)
fanout1272/X                             20     21        (VIOLATED)
fanout1274/X                             20     21        (VIOLATED)
fanout1275/X                             20     21        (VIOLATED)
fanout1277/X                             20     21        (VIOLATED)
fanout1288/X                             20     21        (VIOLATED)
fanout1289/X                             20     21        (VIOLATED)
fanout1290/X                             20     21        (VIOLATED)
fanout1293/X                             20     21        (VIOLATED)
fanout1295/X                             20     21        (VIOLATED)
fanout1297/X                             20     21        (VIOLATED)
fanout1306/X                             20     21        (VIOLATED)
fanout1309/X                             20     21        (VIOLATED)
fanout1313/X                             20     21        (VIOLATED)
fanout1314/X                             20     21        (VIOLATED)
fanout1315/X                             20     21        (VIOLATED)
fanout1316/X                             20     21        (VIOLATED)
fanout1326/X                             20     21        (VIOLATED)
fanout1328/X                             20     21        (VIOLATED)
fanout1334/X                             20     21        (VIOLATED)
fanout1336/X                             20     21        (VIOLATED)
fanout1351/X                             20     21        (VIOLATED)
fanout1354/X                             20     21        (VIOLATED)
fanout1357/X                             20     21        (VIOLATED)
fanout1360/X                             20     21        (VIOLATED)
fanout1366/X                             20     21        (VIOLATED)
fanout1369/X                             20     21        (VIOLATED)
fanout1372/X                             20     21        (VIOLATED)
fanout1375/X                             20     21        (VIOLATED)
fanout1378/X                             20     21        (VIOLATED)
fanout1381/X                             20     21        (VIOLATED)
fanout1384/X                             20     21        (VIOLATED)
fanout1387/X                             20     21        (VIOLATED)
fanout1390/X                             20     21        (VIOLATED)
fanout1393/X                             20     21        (VIOLATED)
fanout1396/X                             20     21        (VIOLATED)
fanout1399/X                             20     21        (VIOLATED)
fanout1402/X                             20     21        (VIOLATED)
fanout1405/X                             20     21        (VIOLATED)
fanout1408/X                             20     21        (VIOLATED)
fanout1419/X                             20     21        (VIOLATED)
fanout1420/X                             20     21        (VIOLATED)
fanout1421/X                             20     21        (VIOLATED)
fanout1422/X                             20     21        (VIOLATED)
fanout635/X                              20     21        (VIOLATED)
fanout667/X                              20     21        (VIOLATED)
fanout668/X                              20     21        (VIOLATED)
fanout697/X                              20     21        (VIOLATED)
fanout773/X                              20     21        (VIOLATED)
fanout777/X                              20     21        (VIOLATED)
fanout783/X                              20     21        (VIOLATED)
fanout786/X                              20     21        (VIOLATED)
fanout999/X                              20     21        (VIOLATED)

max capacitance

Pin                                        Limit         Cap       Slack
------------------------------------------------------------------------
wire914/X                               0.281077    1.492712   -1.211635 (VIOLATED)
wire905/X                               0.561228    1.530410   -0.969182 (VIOLATED)
_1529_/X                                0.556650    1.157966   -0.601316 (VIOLATED)
_1530_/X                                0.556650    1.111520   -0.554870 (VIOLATED)
wire922/X                               0.281077    0.512945   -0.231868 (VIOLATED)
_1570_/Y                                0.170298    0.387652   -0.217354 (VIOLATED)
_1541_/X                                0.159312    0.231970   -0.072658 (VIOLATED)
_1574_/Y                                0.293894    0.317775   -0.023881 (VIOLATED)
_2513_/Y                                0.166636    0.180568   -0.013932 (VIOLATED)
_1539_/X                                0.301218    0.308926   -0.007708 (VIOLATED)



===========================================================================
report_parasitic_annotation -report_unannotated
============================================================================
Found 233 unannotated drivers.
 analog_io[0]
 analog_io[10]
 analog_io[11]
 analog_io[12]
 analog_io[13]
 analog_io[14]
 analog_io[15]
 analog_io[16]
 analog_io[17]
 analog_io[18]
 analog_io[19]
 analog_io[1]
 analog_io[20]
 analog_io[21]
 analog_io[22]
 analog_io[23]
 analog_io[24]
 analog_io[25]
 analog_io[26]
 analog_io[27]
 analog_io[28]
 analog_io[29]
 analog_io[2]
 analog_io[30]
 analog_io[31]
 analog_io[32]
 analog_io[33]
 analog_io[34]
 analog_io[35]
 analog_io[36]
 analog_io[37]
 analog_io[38]
 analog_io[39]
 analog_io[3]
 analog_io[40]
 analog_io[41]
 analog_io[42]
 analog_io[43]
 analog_io[4]
 analog_io[5]
 analog_io[6]
 analog_io[7]
 analog_io[8]
 analog_io[9]
 analog_noesd_io[0]
 analog_noesd_io[10]
 analog_noesd_io[11]
 analog_noesd_io[12]
 analog_noesd_io[13]
 analog_noesd_io[14]
 analog_noesd_io[15]
 analog_noesd_io[16]
 analog_noesd_io[17]
 analog_noesd_io[18]
 analog_noesd_io[19]
 analog_noesd_io[1]
 analog_noesd_io[20]
 analog_noesd_io[21]
 analog_noesd_io[22]
 analog_noesd_io[23]
 analog_noesd_io[24]
 analog_noesd_io[25]
 analog_noesd_io[26]
 analog_noesd_io[27]
 analog_noesd_io[28]
 analog_noesd_io[29]
 analog_noesd_io[2]
 analog_noesd_io[30]
 analog_noesd_io[31]
 analog_noesd_io[32]
 analog_noesd_io[33]
 analog_noesd_io[34]
 analog_noesd_io[35]
 analog_noesd_io[36]
 analog_noesd_io[37]
 analog_noesd_io[38]
 analog_noesd_io[39]
 analog_noesd_io[3]
 analog_noesd_io[40]
 analog_noesd_io[41]
 analog_noesd_io[42]
 analog_noesd_io[43]
 analog_noesd_io[4]
 analog_noesd_io[5]
 analog_noesd_io[6]
 analog_noesd_io[7]
 analog_noesd_io[8]
 analog_noesd_io[9]
 gpio_in[14]
 gpio_in[29]
 gpio_in_h[0]
 gpio_in_h[10]
 gpio_in_h[11]
 gpio_in_h[12]
 gpio_in_h[13]
 gpio_in_h[14]
 gpio_in_h[15]
 gpio_in_h[16]
 gpio_in_h[17]
 gpio_in_h[18]
 gpio_in_h[19]
 gpio_in_h[1]
 gpio_in_h[20]
 gpio_in_h[21]
 gpio_in_h[22]
 gpio_in_h[23]
 gpio_in_h[24]
 gpio_in_h[25]
 gpio_in_h[26]
 gpio_in_h[27]
 gpio_in_h[28]
 gpio_in_h[29]
 gpio_in_h[2]
 gpio_in_h[30]
 gpio_in_h[31]
 gpio_in_h[32]
 gpio_in_h[33]
 gpio_in_h[34]
 gpio_in_h[35]
 gpio_in_h[36]
 gpio_in_h[37]
 gpio_in_h[38]
 gpio_in_h[39]
 gpio_in_h[3]
 gpio_in_h[40]
 gpio_in_h[41]
 gpio_in_h[42]
 gpio_in_h[43]
 gpio_in_h[4]
 gpio_in_h[5]
 gpio_in_h[6]
 gpio_in_h[7]
 gpio_in_h[8]
 gpio_in_h[9]
 gpio_loopback_one[0]
 gpio_loopback_zero[0]
 por_l
 porb_h
 porb_l
 resetb_h
 _4016__1475/LO
 clkload0/X
 clkload1/X
 clkload10/Y
 clkload11/Y
 clkload12/Y
 clkload13/Y
 clkload14/Y
 clkload15/Y
 clkload16/X
 clkload17/Y
 clkload18/Y
 clkload19/Y
 clkload2/Y
 clkload20/Y
 clkload21/Y
 clkload22/Y
 clkload23/Y
 clkload24/Y
 clkload25/Y
 clkload26/Y
 clkload27/Y
 clkload28/Y
 clkload29/Y
 clkload3/Y
 clkload30/Y
 clkload31/Y
 clkload32/Y
 clkload33/Y
 clkload34/X
 clkload35/Y
 clkload36/Y
 clkload37/Y
 clkload38/Y
 clkload39/Y
 clkload4/Y
 clkload40/Y
 clkload41/Y
 clkload42/Y
 clkload43/Y
 clkload44/Y
 clkload45/Y
 clkload46/Y
 clkload47/Y
 clkload48/Y
 clkload49/Y
 clkload5/Y
 clkload50/Y
 clkload51/Y
 clkload52/Y
 clkload53/Y
 clkload54/Y
 clkload55/Y
 clkload56/Y
 clkload57/X
 clkload58/Y
 clkload59/Y
 clkload6/Y
 clkload60/Y
 clkload61/Y
 clkload62/Y
 clkload63/X
 clkload64/Y
 clkload65/Y
 clkload66/Y
 clkload67/Y
 clkload68/Y
 clkload69/Y
 clkload7/Y
 clkload70/Y
 clkload71/Y
 clkload72/Y
 clkload73/Y
 clkload74/Y
 clkload75/X
 clkload76/X
 clkload77/Y
 clkload78/X
 clkload8/X
 clkload9/Y
 openframe_project_wrapper_1463/HI
 openframe_project_wrapper_1464/HI
 openframe_project_wrapper_1465/HI
 openframe_project_wrapper_1466/HI
 openframe_project_wrapper_1467/HI
 openframe_project_wrapper_1468/HI
 openframe_project_wrapper_1469/HI
 openframe_project_wrapper_1470/HI
 openframe_project_wrapper_1471/HI
 openframe_project_wrapper_1472/HI
 openframe_project_wrapper_1473/HI
 openframe_project_wrapper_1474/HI
 openframe_project_wrapper_1476/LO
Found 0 partially unannotated drivers.

===========================================================================
max slew violation count 213
max fanout violation count 156
max cap violation count 10
============================================================================

===========================================================================
check_setup -verbose -unconstrained_endpoints -multiple_clock -no_clock -no_input_delay -loops -generated_clocks
===========================================================================
Warning: There are 300 input ports missing set_input_delay.
  analog_io[0]
  analog_io[10]
  analog_io[11]
  analog_io[12]
  analog_io[13]
  analog_io[14]
  analog_io[15]
  analog_io[16]
  analog_io[17]
  analog_io[18]
  analog_io[19]
  analog_io[1]
  analog_io[20]
  analog_io[21]
  analog_io[22]
  analog_io[23]
  analog_io[24]
  analog_io[25]
  analog_io[26]
  analog_io[27]
  analog_io[28]
  analog_io[29]
  analog_io[2]
  analog_io[30]
  analog_io[31]
  analog_io[32]
  analog_io[33]
  analog_io[34]
  analog_io[35]
  analog_io[36]
  analog_io[37]
  analog_io[38]
  analog_io[39]
  analog_io[3]
  analog_io[40]
  analog_io[41]
  analog_io[42]
  analog_io[43]
  analog_io[4]
  analog_io[5]
  analog_io[6]
  analog_io[7]
  analog_io[8]
  analog_io[9]
  analog_noesd_io[0]
  analog_noesd_io[10]
  analog_noesd_io[11]
  analog_noesd_io[12]
  analog_noesd_io[13]
  analog_noesd_io[14]
  analog_noesd_io[15]
  analog_noesd_io[16]
  analog_noesd_io[17]
  analog_noesd_io[18]
  analog_noesd_io[19]
  analog_noesd_io[1]
  analog_noesd_io[20]
  analog_noesd_io[21]
  analog_noesd_io[22]
  analog_noesd_io[23]
  analog_noesd_io[24]
  analog_noesd_io[25]
  analog_noesd_io[26]
  analog_noesd_io[27]
  analog_noesd_io[28]
  analog_noesd_io[29]
  analog_noesd_io[2]
  analog_noesd_io[30]
  analog_noesd_io[31]
  analog_noesd_io[32]
  analog_noesd_io[33]
  analog_noesd_io[34]
  analog_noesd_io[35]
  analog_noesd_io[36]
  analog_noesd_io[37]
  analog_noesd_io[38]
  analog_noesd_io[39]
  analog_noesd_io[3]
  analog_noesd_io[40]
  analog_noesd_io[41]
  analog_noesd_io[42]
  analog_noesd_io[43]
  analog_noesd_io[4]
  analog_noesd_io[5]
  analog_noesd_io[6]
  analog_noesd_io[7]
  analog_noesd_io[8]
  analog_noesd_io[9]
  gpio_in[0]
  gpio_in[10]
  gpio_in[11]
  gpio_in[12]
  gpio_in[13]
  gpio_in[14]
  gpio_in[15]
  gpio_in[16]
  gpio_in[17]
  gpio_in[18]
  gpio_in[19]
  gpio_in[1]
  gpio_in[20]
  gpio_in[21]
  gpio_in[22]
  gpio_in[23]
  gpio_in[24]
  gpio_in[25]
  gpio_in[26]
  gpio_in[27]
  gpio_in[28]
  gpio_in[29]
  gpio_in[2]
  gpio_in[30]
  gpio_in[31]
  gpio_in[32]
  gpio_in[33]
  gpio_in[34]
  gpio_in[35]
  gpio_in[36]
  gpio_in[37]
  gpio_in[39]
  gpio_in[3]
  gpio_in[40]
  gpio_in[41]
  gpio_in[42]
  gpio_in[43]
  gpio_in[4]
  gpio_in[5]
  gpio_in[6]
  gpio_in[7]
  gpio_in[8]
  gpio_in[9]
  gpio_in_h[0]
  gpio_in_h[10]
  gpio_in_h[11]
  gpio_in_h[12]
  gpio_in_h[13]
  gpio_in_h[14]
  gpio_in_h[15]
  gpio_in_h[16]
  gpio_in_h[17]
  gpio_in_h[18]
  gpio_in_h[19]
  gpio_in_h[1]
  gpio_in_h[20]
  gpio_in_h[21]
  gpio_in_h[22]
  gpio_in_h[23]
  gpio_in_h[24]
  gpio_in_h[25]
  gpio_in_h[26]
  gpio_in_h[27]
  gpio_in_h[28]
  gpio_in_h[29]
  gpio_in_h[2]
  gpio_in_h[30]
  gpio_in_h[31]
  gpio_in_h[32]
  gpio_in_h[33]
  gpio_in_h[34]
  gpio_in_h[35]
  gpio_in_h[36]
  gpio_in_h[37]
  gpio_in_h[38]
  gpio_in_h[39]
  gpio_in_h[3]
  gpio_in_h[40]
  gpio_in_h[41]
  gpio_in_h[42]
  gpio_in_h[43]
  gpio_in_h[4]
  gpio_in_h[5]
  gpio_in_h[6]
  gpio_in_h[7]
  gpio_in_h[8]
  gpio_in_h[9]
  gpio_loopback_one[0]
  gpio_loopback_one[10]
  gpio_loopback_one[11]
  gpio_loopback_one[12]
  gpio_loopback_one[13]
  gpio_loopback_one[14]
  gpio_loopback_one[15]
  gpio_loopback_one[16]
  gpio_loopback_one[17]
  gpio_loopback_one[18]
  gpio_loopback_one[19]
  gpio_loopback_one[1]
  gpio_loopback_one[20]
  gpio_loopback_one[21]
  gpio_loopback_one[22]
  gpio_loopback_one[23]
  gpio_loopback_one[24]
  gpio_loopback_one[25]
  gpio_loopback_one[26]
  gpio_loopback_one[27]
  gpio_loopback_one[28]
  gpio_loopback_one[29]
  gpio_loopback_one[2]
  gpio_loopback_one[30]
  gpio_loopback_one[31]
  gpio_loopback_one[32]
  gpio_loopback_one[33]
  gpio_loopback_one[34]
  gpio_loopback_one[35]
  gpio_loopback_one[36]
  gpio_loopback_one[37]
  gpio_loopback_one[38]
  gpio_loopback_one[39]
  gpio_loopback_one[3]
  gpio_loopback_one[40]
  gpio_loopback_one[41]
  gpio_loopback_one[42]
  gpio_loopback_one[43]
  gpio_loopback_one[4]
  gpio_loopback_one[5]
  gpio_loopback_one[6]
  gpio_loopback_one[7]
  gpio_loopback_one[8]
  gpio_loopback_one[9]
  gpio_loopback_zero[0]
  gpio_loopback_zero[10]
  gpio_loopback_zero[11]
  gpio_loopback_zero[12]
  gpio_loopback_zero[13]
  gpio_loopback_zero[14]
  gpio_loopback_zero[15]
  gpio_loopback_zero[16]
  gpio_loopback_zero[17]
  gpio_loopback_zero[18]
  gpio_loopback_zero[19]
  gpio_loopback_zero[1]
  gpio_loopback_zero[20]
  gpio_loopback_zero[21]
  gpio_loopback_zero[22]
  gpio_loopback_zero[23]
  gpio_loopback_zero[24]
  gpio_loopback_zero[25]
  gpio_loopback_zero[26]
  gpio_loopback_zero[27]
  gpio_loopback_zero[28]
  gpio_loopback_zero[29]
  gpio_loopback_zero[2]
  gpio_loopback_zero[30]
  gpio_loopback_zero[31]
  gpio_loopback_zero[32]
  gpio_loopback_zero[33]
  gpio_loopback_zero[34]
  gpio_loopback_zero[35]
  gpio_loopback_zero[36]
  gpio_loopback_zero[37]
  gpio_loopback_zero[38]
  gpio_loopback_zero[39]
  gpio_loopback_zero[3]
  gpio_loopback_zero[40]
  gpio_loopback_zero[41]
  gpio_loopback_zero[42]
  gpio_loopback_zero[43]
  gpio_loopback_zero[4]
  gpio_loopback_zero[5]
  gpio_loopback_zero[6]
  gpio_loopback_zero[7]
  gpio_loopback_zero[8]
  gpio_loopback_zero[9]
  mask_rev[0]
  mask_rev[10]
  mask_rev[11]
  mask_rev[12]
  mask_rev[13]
  mask_rev[14]
  mask_rev[15]
  mask_rev[16]
  mask_rev[17]
  mask_rev[18]
  mask_rev[19]
  mask_rev[1]
  mask_rev[20]
  mask_rev[21]
  mask_rev[22]
  mask_rev[23]
  mask_rev[24]
  mask_rev[25]
  mask_rev[26]
  mask_rev[27]
  mask_rev[28]
  mask_rev[29]
  mask_rev[2]
  mask_rev[30]
  mask_rev[31]
  mask_rev[3]
  mask_rev[4]
  mask_rev[5]
  mask_rev[6]
  mask_rev[7]
  mask_rev[8]
  mask_rev[9]
  por_l
  porb_h
  porb_l
  resetb_h
  resetb_l
Warning: There are 51 unclocked register/latch pins.
  _3204_/CLK
  _3205_/CLK
  _3206_/CLK
  _3207_/CLK
  _3208_/CLK
  _3209_/CLK
  _3210_/CLK
  _4022_/CLK
  _4023_/CLK
  _4024_/CLK
  _4025_/CLK
  _4026_/CLK
  _4027_/CLK
  _4028_/CLK
  _4029_/CLK
  _4030_/CLK
  _4031_/CLK
  _4032_/CLK
  _4033_/CLK
  _4034_/CLK
  _4035_/CLK
  _4036_/CLK
  _4037_/CLK
  _4038_/CLK
  _4039_/CLK
  _4040_/CLK
  _4041_/CLK
  _4042_/CLK
  _4043_/CLK
  _4044_/CLK
  _4045_/CLK
  _4046_/CLK
  _4047_/CLK
  _4048_/CLK
  _4049_/CLK
  _4050_/CLK
  _4051_/CLK
  _4052_/CLK
  _4053_/CLK
  _4054_/CLK
  _4055_/CLK
  _4056_/CLK
  _4057_/CLK
  _4058_/CLK
  _4059_/CLK
  _4060_/CLK
  _4061_/CLK
  _4062_/CLK
  _4063_/CLK
  _4064_/CLK
  _4065_/CLK
Warning: There are 717 unconstrained endpoints.
  analog_io[0]
  analog_io[10]
  analog_io[11]
  analog_io[12]
  analog_io[13]
  analog_io[14]
  analog_io[15]
  analog_io[16]
  analog_io[17]
  analog_io[18]
  analog_io[19]
  analog_io[1]
  analog_io[20]
  analog_io[21]
  analog_io[22]
  analog_io[23]
  analog_io[24]
  analog_io[25]
  analog_io[26]
  analog_io[27]
  analog_io[28]
  analog_io[29]
  analog_io[2]
  analog_io[30]
  analog_io[31]
  analog_io[32]
  analog_io[33]
  analog_io[34]
  analog_io[35]
  analog_io[36]
  analog_io[37]
  analog_io[38]
  analog_io[39]
  analog_io[3]
  analog_io[40]
  analog_io[41]
  analog_io[42]
  analog_io[43]
  analog_io[4]
  analog_io[5]
  analog_io[6]
  analog_io[7]
  analog_io[8]
  analog_io[9]
  analog_noesd_io[0]
  analog_noesd_io[10]
  analog_noesd_io[11]
  analog_noesd_io[12]
  analog_noesd_io[13]
  analog_noesd_io[14]
  analog_noesd_io[15]
  analog_noesd_io[16]
  analog_noesd_io[17]
  analog_noesd_io[18]
  analog_noesd_io[19]
  analog_noesd_io[1]
  analog_noesd_io[20]
  analog_noesd_io[21]
  analog_noesd_io[22]
  analog_noesd_io[23]
  analog_noesd_io[24]
  analog_noesd_io[25]
  analog_noesd_io[26]
  analog_noesd_io[27]
  analog_noesd_io[28]
  analog_noesd_io[29]
  analog_noesd_io[2]
  analog_noesd_io[30]
  analog_noesd_io[31]
  analog_noesd_io[32]
  analog_noesd_io[33]
  analog_noesd_io[34]
  analog_noesd_io[35]
  analog_noesd_io[36]
  analog_noesd_io[37]
  analog_noesd_io[38]
  analog_noesd_io[39]
  analog_noesd_io[3]
  analog_noesd_io[40]
  analog_noesd_io[41]
  analog_noesd_io[42]
  analog_noesd_io[43]
  analog_noesd_io[4]
  analog_noesd_io[5]
  analog_noesd_io[6]
  analog_noesd_io[7]
  analog_noesd_io[8]
  analog_noesd_io[9]
  gpio_analog_en[0]
  gpio_analog_en[10]
  gpio_analog_en[11]
  gpio_analog_en[12]
  gpio_analog_en[13]
  gpio_analog_en[14]
  gpio_analog_en[15]
  gpio_analog_en[16]
  gpio_analog_en[17]
  gpio_analog_en[18]
  gpio_analog_en[19]
  gpio_analog_en[1]
  gpio_analog_en[20]
  gpio_analog_en[21]
  gpio_analog_en[22]
  gpio_analog_en[23]
  gpio_analog_en[24]
  gpio_analog_en[25]
  gpio_analog_en[26]
  gpio_analog_en[27]
  gpio_analog_en[28]
  gpio_analog_en[29]
  gpio_analog_en[2]
  gpio_analog_en[30]
  gpio_analog_en[31]
  gpio_analog_en[32]
  gpio_analog_en[33]
  gpio_analog_en[34]
  gpio_analog_en[35]
  gpio_analog_en[36]
  gpio_analog_en[37]
  gpio_analog_en[38]
  gpio_analog_en[39]
  gpio_analog_en[3]
  gpio_analog_en[40]
  gpio_analog_en[41]
  gpio_analog_en[42]
  gpio_analog_en[43]
  gpio_analog_en[4]
  gpio_analog_en[5]
  gpio_analog_en[6]
  gpio_analog_en[7]
  gpio_analog_en[8]
  gpio_analog_en[9]
  gpio_analog_pol[0]
  gpio_analog_pol[10]
  gpio_analog_pol[11]
  gpio_analog_pol[12]
  gpio_analog_pol[13]
  gpio_analog_pol[14]
  gpio_analog_pol[15]
  gpio_analog_pol[16]
  gpio_analog_pol[17]
  gpio_analog_pol[18]
  gpio_analog_pol[19]
  gpio_analog_pol[1]
  gpio_analog_pol[20]
  gpio_analog_pol[21]
  gpio_analog_pol[22]
  gpio_analog_pol[23]
  gpio_analog_pol[24]
  gpio_analog_pol[25]
  gpio_analog_pol[26]
  gpio_analog_pol[27]
  gpio_analog_pol[28]
  gpio_analog_pol[29]
  gpio_analog_pol[2]
  gpio_analog_pol[30]
  gpio_analog_pol[31]
  gpio_analog_pol[32]
  gpio_analog_pol[33]
  gpio_analog_pol[34]
  gpio_analog_pol[35]
  gpio_analog_pol[36]
  gpio_analog_pol[37]
  gpio_analog_pol[38]
  gpio_analog_pol[39]
  gpio_analog_pol[3]
  gpio_analog_pol[40]
  gpio_analog_pol[41]
  gpio_analog_pol[42]
  gpio_analog_pol[43]
  gpio_analog_pol[4]
  gpio_analog_pol[5]
  gpio_analog_pol[6]
  gpio_analog_pol[7]
  gpio_analog_pol[8]
  gpio_analog_pol[9]
  gpio_analog_sel[0]
  gpio_analog_sel[10]
  gpio_analog_sel[11]
  gpio_analog_sel[12]
  gpio_analog_sel[13]
  gpio_analog_sel[14]
  gpio_analog_sel[15]
  gpio_analog_sel[16]
  gpio_analog_sel[17]
  gpio_analog_sel[18]
  gpio_analog_sel[19]
  gpio_analog_sel[1]
  gpio_analog_sel[20]
  gpio_analog_sel[21]
  gpio_analog_sel[22]
  gpio_analog_sel[23]
  gpio_analog_sel[24]
  gpio_analog_sel[25]
  gpio_analog_sel[26]
  gpio_analog_sel[27]
  gpio_analog_sel[28]
  gpio_analog_sel[29]
  gpio_analog_sel[2]
  gpio_analog_sel[30]
  gpio_analog_sel[31]
  gpio_analog_sel[32]
  gpio_analog_sel[33]
  gpio_analog_sel[34]
  gpio_analog_sel[35]
  gpio_analog_sel[36]
  gpio_analog_sel[37]
  gpio_analog_sel[38]
  gpio_analog_sel[39]
  gpio_analog_sel[3]
  gpio_analog_sel[40]
  gpio_analog_sel[41]
  gpio_analog_sel[42]
  gpio_analog_sel[43]
  gpio_analog_sel[4]
  gpio_analog_sel[5]
  gpio_analog_sel[6]
  gpio_analog_sel[7]
  gpio_analog_sel[8]
  gpio_analog_sel[9]
  gpio_dm0[0]
  gpio_dm0[10]
  gpio_dm0[11]
  gpio_dm0[12]
  gpio_dm0[13]
  gpio_dm0[14]
  gpio_dm0[15]
  gpio_dm0[16]
  gpio_dm0[17]
  gpio_dm0[18]
  gpio_dm0[19]
  gpio_dm0[1]
  gpio_dm0[20]
  gpio_dm0[21]
  gpio_dm0[22]
  gpio_dm0[23]
  gpio_dm0[24]
  gpio_dm0[25]
  gpio_dm0[26]
  gpio_dm0[27]
  gpio_dm0[28]
  gpio_dm0[29]
  gpio_dm0[2]
  gpio_dm0[30]
  gpio_dm0[31]
  gpio_dm0[32]
  gpio_dm0[33]
  gpio_dm0[34]
  gpio_dm0[35]
  gpio_dm0[36]
  gpio_dm0[37]
  gpio_dm0[38]
  gpio_dm0[39]
  gpio_dm0[3]
  gpio_dm0[40]
  gpio_dm0[41]
  gpio_dm0[42]
  gpio_dm0[43]
  gpio_dm0[4]
  gpio_dm0[5]
  gpio_dm0[6]
  gpio_dm0[7]
  gpio_dm0[8]
  gpio_dm0[9]
  gpio_dm1[0]
  gpio_dm1[10]
  gpio_dm1[11]
  gpio_dm1[12]
  gpio_dm1[13]
  gpio_dm1[14]
  gpio_dm1[15]
  gpio_dm1[16]
  gpio_dm1[17]
  gpio_dm1[18]
  gpio_dm1[19]
  gpio_dm1[1]
  gpio_dm1[20]
  gpio_dm1[21]
  gpio_dm1[22]
  gpio_dm1[23]
  gpio_dm1[24]
  gpio_dm1[25]
  gpio_dm1[26]
  gpio_dm1[27]
  gpio_dm1[28]
  gpio_dm1[29]
  gpio_dm1[2]
  gpio_dm1[30]
  gpio_dm1[31]
  gpio_dm1[32]
  gpio_dm1[33]
  gpio_dm1[34]
  gpio_dm1[35]
  gpio_dm1[36]
  gpio_dm1[37]
  gpio_dm1[38]
  gpio_dm1[39]
  gpio_dm1[3]
  gpio_dm1[40]
  gpio_dm1[41]
  gpio_dm1[42]
  gpio_dm1[43]
  gpio_dm1[4]
  gpio_dm1[5]
  gpio_dm1[6]
  gpio_dm1[7]
  gpio_dm1[8]
  gpio_dm1[9]
  gpio_dm2[0]
  gpio_dm2[10]
  gpio_dm2[11]
  gpio_dm2[12]
  gpio_dm2[13]
  gpio_dm2[14]
  gpio_dm2[15]
  gpio_dm2[16]
  gpio_dm2[17]
  gpio_dm2[18]
  gpio_dm2[19]
  gpio_dm2[1]
  gpio_dm2[20]
  gpio_dm2[21]
  gpio_dm2[22]
  gpio_dm2[23]
  gpio_dm2[24]
  gpio_dm2[25]
  gpio_dm2[26]
  gpio_dm2[27]
  gpio_dm2[28]
  gpio_dm2[29]
  gpio_dm2[2]
  gpio_dm2[30]
  gpio_dm2[31]
  gpio_dm2[32]
  gpio_dm2[33]
  gpio_dm2[34]
  gpio_dm2[35]
  gpio_dm2[36]
  gpio_dm2[37]
  gpio_dm2[38]
  gpio_dm2[39]
  gpio_dm2[3]
  gpio_dm2[40]
  gpio_dm2[41]
  gpio_dm2[42]
  gpio_dm2[43]
  gpio_dm2[4]
  gpio_dm2[5]
  gpio_dm2[6]
  gpio_dm2[7]
  gpio_dm2[8]
  gpio_dm2[9]
  gpio_holdover[0]
  gpio_holdover[10]
  gpio_holdover[11]
  gpio_holdover[12]
  gpio_holdover[13]
  gpio_holdover[14]
  gpio_holdover[15]
  gpio_holdover[16]
  gpio_holdover[17]
  gpio_holdover[18]
  gpio_holdover[19]
  gpio_holdover[1]
  gpio_holdover[20]
  gpio_holdover[21]
  gpio_holdover[22]
  gpio_holdover[23]
  gpio_holdover[24]
  gpio_holdover[25]
  gpio_holdover[26]
  gpio_holdover[27]
  gpio_holdover[28]
  gpio_holdover[29]
  gpio_holdover[2]
  gpio_holdover[30]
  gpio_holdover[31]
  gpio_holdover[32]
  gpio_holdover[33]
  gpio_holdover[34]
  gpio_holdover[35]
  gpio_holdover[36]
  gpio_holdover[37]
  gpio_holdover[38]
  gpio_holdover[39]
  gpio_holdover[3]
  gpio_holdover[40]
  gpio_holdover[41]
  gpio_holdover[42]
  gpio_holdover[43]
  gpio_holdover[4]
  gpio_holdover[5]
  gpio_holdover[6]
  gpio_holdover[7]
  gpio_holdover[8]
  gpio_holdover[9]
  gpio_ib_mode_sel[0]
  gpio_ib_mode_sel[10]
  gpio_ib_mode_sel[11]
  gpio_ib_mode_sel[12]
  gpio_ib_mode_sel[13]
  gpio_ib_mode_sel[14]
  gpio_ib_mode_sel[15]
  gpio_ib_mode_sel[16]
  gpio_ib_mode_sel[17]
  gpio_ib_mode_sel[18]
  gpio_ib_mode_sel[19]
  gpio_ib_mode_sel[1]
  gpio_ib_mode_sel[20]
  gpio_ib_mode_sel[21]
  gpio_ib_mode_sel[22]
  gpio_ib_mode_sel[23]
  gpio_ib_mode_sel[24]
  gpio_ib_mode_sel[25]
  gpio_ib_mode_sel[26]
  gpio_ib_mode_sel[27]
  gpio_ib_mode_sel[28]
  gpio_ib_mode_sel[29]
  gpio_ib_mode_sel[2]
  gpio_ib_mode_sel[30]
  gpio_ib_mode_sel[31]
  gpio_ib_mode_sel[32]
  gpio_ib_mode_sel[33]
  gpio_ib_mode_sel[34]
  gpio_ib_mode_sel[35]
  gpio_ib_mode_sel[36]
  gpio_ib_mode_sel[37]
  gpio_ib_mode_sel[38]
  gpio_ib_mode_sel[39]
  gpio_ib_mode_sel[3]
  gpio_ib_mode_sel[40]
  gpio_ib_mode_sel[41]
  gpio_ib_mode_sel[42]
  gpio_ib_mode_sel[43]
  gpio_ib_mode_sel[4]
  gpio_ib_mode_sel[5]
  gpio_ib_mode_sel[6]
  gpio_ib_mode_sel[7]
  gpio_ib_mode_sel[8]
  gpio_ib_mode_sel[9]
  gpio_inp_dis[0]
  gpio_inp_dis[10]
  gpio_inp_dis[11]
  gpio_inp_dis[12]
  gpio_inp_dis[13]
  gpio_inp_dis[14]
  gpio_inp_dis[15]
  gpio_inp_dis[16]
  gpio_inp_dis[17]
  gpio_inp_dis[18]
  gpio_inp_dis[19]
  gpio_inp_dis[1]
  gpio_inp_dis[20]
  gpio_inp_dis[21]
  gpio_inp_dis[22]
  gpio_inp_dis[23]
  gpio_inp_dis[24]
  gpio_inp_dis[25]
  gpio_inp_dis[26]
  gpio_inp_dis[27]
  gpio_inp_dis[28]
  gpio_inp_dis[29]
  gpio_inp_dis[2]
  gpio_inp_dis[30]
  gpio_inp_dis[31]
  gpio_inp_dis[32]
  gpio_inp_dis[33]
  gpio_inp_dis[34]
  gpio_inp_dis[35]
  gpio_inp_dis[36]
  gpio_inp_dis[37]
  gpio_inp_dis[38]
  gpio_inp_dis[39]
  gpio_inp_dis[3]
  gpio_inp_dis[40]
  gpio_inp_dis[41]
  gpio_inp_dis[42]
  gpio_inp_dis[43]
  gpio_inp_dis[4]
  gpio_inp_dis[5]
  gpio_inp_dis[6]
  gpio_inp_dis[7]
  gpio_inp_dis[8]
  gpio_inp_dis[9]
  gpio_oeb[0]
  gpio_oeb[10]
  gpio_oeb[11]
  gpio_oeb[12]
  gpio_oeb[13]
  gpio_oeb[14]
  gpio_oeb[15]
  gpio_oeb[16]
  gpio_oeb[17]
  gpio_oeb[18]
  gpio_oeb[19]
  gpio_oeb[1]
  gpio_oeb[20]
  gpio_oeb[21]
  gpio_oeb[22]
  gpio_oeb[23]
  gpio_oeb[24]
  gpio_oeb[25]
  gpio_oeb[26]
  gpio_oeb[27]
  gpio_oeb[28]
  gpio_oeb[29]
  gpio_oeb[2]
  gpio_oeb[30]
  gpio_oeb[31]
  gpio_oeb[32]
  gpio_oeb[33]
  gpio_oeb[34]
  gpio_oeb[35]
  gpio_oeb[36]
  gpio_oeb[37]
  gpio_oeb[38]
  gpio_oeb[39]
  gpio_oeb[3]
  gpio_oeb[40]
  gpio_oeb[41]
  gpio_oeb[42]
  gpio_oeb[43]
  gpio_oeb[4]
  gpio_oeb[5]
  gpio_oeb[6]
  gpio_oeb[7]
  gpio_oeb[8]
  gpio_oeb[9]
  gpio_out[0]
  gpio_out[10]
  gpio_out[11]
  gpio_out[12]
  gpio_out[13]
  gpio_out[14]
  gpio_out[15]
  gpio_out[16]
  gpio_out[17]
  gpio_out[18]
  gpio_out[19]
  gpio_out[1]
  gpio_out[20]
  gpio_out[21]
  gpio_out[22]
  gpio_out[23]
  gpio_out[24]
  gpio_out[25]
  gpio_out[26]
  gpio_out[27]
  gpio_out[28]
  gpio_out[29]
  gpio_out[2]
  gpio_out[30]
  gpio_out[31]
  gpio_out[32]
  gpio_out[33]
  gpio_out[34]
  gpio_out[35]
  gpio_out[36]
  gpio_out[37]
  gpio_out[38]
  gpio_out[39]
  gpio_out[3]
  gpio_out[40]
  gpio_out[41]
  gpio_out[42]
  gpio_out[43]
  gpio_out[4]
  gpio_out[5]
  gpio_out[6]
  gpio_out[7]
  gpio_out[8]
  gpio_out[9]
  gpio_slow_sel[0]
  gpio_slow_sel[10]
  gpio_slow_sel[11]
  gpio_slow_sel[12]
  gpio_slow_sel[13]
  gpio_slow_sel[14]
  gpio_slow_sel[15]
  gpio_slow_sel[16]
  gpio_slow_sel[17]
  gpio_slow_sel[18]
  gpio_slow_sel[19]
  gpio_slow_sel[1]
  gpio_slow_sel[20]
  gpio_slow_sel[21]
  gpio_slow_sel[22]
  gpio_slow_sel[23]
  gpio_slow_sel[24]
  gpio_slow_sel[25]
  gpio_slow_sel[26]
  gpio_slow_sel[27]
  gpio_slow_sel[28]
  gpio_slow_sel[29]
  gpio_slow_sel[2]
  gpio_slow_sel[30]
  gpio_slow_sel[31]
  gpio_slow_sel[32]
  gpio_slow_sel[33]
  gpio_slow_sel[34]
  gpio_slow_sel[35]
  gpio_slow_sel[36]
  gpio_slow_sel[37]
  gpio_slow_sel[38]
  gpio_slow_sel[39]
  gpio_slow_sel[3]
  gpio_slow_sel[40]
  gpio_slow_sel[41]
  gpio_slow_sel[42]
  gpio_slow_sel[43]
  gpio_slow_sel[4]
  gpio_slow_sel[5]
  gpio_slow_sel[6]
  gpio_slow_sel[7]
  gpio_slow_sel[8]
  gpio_slow_sel[9]
  gpio_vtrip_sel[0]
  gpio_vtrip_sel[10]
  gpio_vtrip_sel[11]
  gpio_vtrip_sel[12]
  gpio_vtrip_sel[13]
  gpio_vtrip_sel[14]
  gpio_vtrip_sel[15]
  gpio_vtrip_sel[16]
  gpio_vtrip_sel[17]
  gpio_vtrip_sel[18]
  gpio_vtrip_sel[19]
  gpio_vtrip_sel[1]
  gpio_vtrip_sel[20]
  gpio_vtrip_sel[21]
  gpio_vtrip_sel[22]
  gpio_vtrip_sel[23]
  gpio_vtrip_sel[24]
  gpio_vtrip_sel[25]
  gpio_vtrip_sel[26]
  gpio_vtrip_sel[27]
  gpio_vtrip_sel[28]
  gpio_vtrip_sel[29]
  gpio_vtrip_sel[2]
  gpio_vtrip_sel[30]
  gpio_vtrip_sel[31]
  gpio_vtrip_sel[32]
  gpio_vtrip_sel[33]
  gpio_vtrip_sel[34]
  gpio_vtrip_sel[35]
  gpio_vtrip_sel[36]
  gpio_vtrip_sel[37]
  gpio_vtrip_sel[38]
  gpio_vtrip_sel[39]
  gpio_vtrip_sel[3]
  gpio_vtrip_sel[40]
  gpio_vtrip_sel[41]
  gpio_vtrip_sel[42]
  gpio_vtrip_sel[43]
  gpio_vtrip_sel[4]
  gpio_vtrip_sel[5]
  gpio_vtrip_sel[6]
  gpio_vtrip_sel[7]
  gpio_vtrip_sel[8]
  gpio_vtrip_sel[9]
  _3204_/D
  _3205_/D
  _3206_/D
  _3207_/D
  _3208_/D
  _3209_/D
  _3210_/D
  _3689_/D
  _3690_/D
  _3691_/D
  _4016_/D
  _4018_/D
  _4019_/D
  _4022_/D
  _4023_/D
  _4024_/D
  _4025_/D
  _4026_/D
  _4027_/D
  _4028_/D
  _4029_/D
  _4030_/D
  _4031_/D
  _4032_/D
  _4033_/D
  _4034_/D
  _4035_/D
  _4036_/D
  _4037_/D
  _4038_/D
  _4039_/D
  _4040_/D
  _4041_/D
  _4042_/D
  _4043_/D
  _4044_/D
  _4045_/D
  _4046_/D
  _4047_/D
  _4048_/D
  _4049_/D
  _4050_/D
  _4051_/D
  _4052_/D
  _4053_/D
  _4054_/D
  _4055_/D
  _4056_/D
  _4057_/D
  _4058_/D
  _4059_/D
  _4060_/D
  _4061_/D
  _4062_/D
  _4063_/D
  _4064_/D
  _4065_/D
Warning: There is 1 combinational loop in the design.
  fanout1159/A
  fanout1159/X
  u_owire.u_ip.osc_i0/A
  u_owire.u_ip.osc_i0/Y
  u_owire.u_ip.osc_i1/A
  u_owire.u_ip.osc_i1/Y
  u_owire.u_ip.osc_i2/A
  u_owire.u_ip.osc_i2/Y
  fanout1160/A
  fanout1160/X
  | loop cut point
  fanout1159/A
  --------------------------------
