
===========================================================================
report_checks -unconstrained
===========================================================================
======================= nom_tt_025C_1v80 Corner ===================================

Startpoint: _4020_ (rising edge-triggered flip-flop clocked by clk)
Endpoint: _3689_ (recovery check against rising-edge clock clk)
Path Group: asynchronous
Path Type: max

Fanout         Cap        Slew       Delay        Time   Description
---------------------------------------------------------------------------------------------
                                  0.000000    0.000000   clock clk (rise edge)
                                  0.000000    0.000000   clock source latency
     2    0.189617    1.190000    0.000000    0.000000 ^ gpio_in[38] (in)
                                                         gpio_in[38] (net)
                      1.424152    0.122930    0.122930 ^ clkbuf_0_gpio_in[38]/A (sky130_fd_sc_hd__clkbuf_16)
     5    0.282568    0.282040    0.487541    0.610471 ^ clkbuf_0_gpio_in[38]/X (sky130_fd_sc_hd__clkbuf_16)
                                                         clknet_0_gpio_in[38] (net)
                      0.282188    0.006665    0.617136 ^ clkbuf_1_0_0_gpio_in[38]/A (sky130_fd_sc_hd__clkbuf_8)
     3    0.025909    0.062909    0.228619    0.845755 ^ clkbuf_1_0_0_gpio_in[38]/X (sky130_fd_sc_hd__clkbuf_8)
                                                         clknet_1_0_0_gpio_in[38] (net)
                      0.063315    0.003078    0.848833 ^ clkbuf_1_0_1_gpio_in[38]/A (sky130_fd_sc_hd__clkbuf_8)
     5    0.071129    0.133505    0.202500    1.051333 ^ clkbuf_1_0_1_gpio_in[38]/X (sky130_fd_sc_hd__clkbuf_8)
                                                         clknet_1_0_1_gpio_in[38] (net)
                      0.136625    0.016991    1.068324 ^ clkbuf_2_1_0_gpio_in[38]/A (sky130_fd_sc_hd__clkbuf_8)
     5    0.074395    0.137337    0.233219    1.301543 ^ clkbuf_2_1_0_gpio_in[38]/X (sky130_fd_sc_hd__clkbuf_8)
                                                         clknet_2_1_0_gpio_in[38] (net)
                      0.141427    0.019604    1.321147 ^ clkbuf_3_2_0_gpio_in[38]/A (sky130_fd_sc_hd__clkbuf_8)
    29    0.330523    0.552638    0.450801    1.771948 ^ clkbuf_3_2_0_gpio_in[38]/X (sky130_fd_sc_hd__clkbuf_8)
                                                         clknet_3_2_0_gpio_in[38] (net)
                      0.556747    0.044471    1.816419 ^ clkbuf_leaf_58_gpio_in[38]/A (sky130_fd_sc_hd__clkbuf_8)
     7    0.060883    0.121080    0.329409    2.145827 ^ clkbuf_leaf_58_gpio_in[38]/X (sky130_fd_sc_hd__clkbuf_8)
                                                         clknet_leaf_58_gpio_in[38] (net)
                      0.121093    0.001355    2.147182 ^ _4020_/CLK (sky130_fd_sc_hd__dfrtp_4)
     3    0.023098    0.096866    0.492804    2.639986 ^ _4020_/Q (sky130_fd_sc_hd__dfrtp_4)
                                                         u_chip_core.fabric_spi_controller.rst_ni (net)
                      0.096989    0.002413    2.642399 ^ hold1449/A (sky130_fd_sc_hd__dlygate4sd3_1)
     3    0.023679    0.241525    0.733151    3.375550 ^ hold1449/X (sky130_fd_sc_hd__dlygate4sd3_1)
                                                         net2902 (net)
                      0.241546    0.002616    3.378166 ^ hold1445/A (sky130_fd_sc_hd__clkbuf_4)
     3    0.049166    0.155398    0.294564    3.672729 ^ hold1445/X (sky130_fd_sc_hd__clkbuf_4)
                                                         net2898 (net)
                      0.156497    0.011067    3.683796 ^ wire1313/A (sky130_fd_sc_hd__buf_12)
     5    0.265776    0.267745    0.213822    3.897619 ^ wire1313/X (sky130_fd_sc_hd__buf_12)
                                                         net1313 (net)
                      0.487433    0.219074    4.116693 ^ wire1312/A (sky130_fd_sc_hd__clkbuf_16)
     5    0.156751    0.167349    0.323935    4.440628 ^ wire1312/X (sky130_fd_sc_hd__clkbuf_16)
                                                         net1312 (net)
                      0.216007    0.072592    4.513219 ^ _1490_/C_N (sky130_fd_sc_hd__nor3b_1)
     1    0.002978    0.166752    0.221060    4.734279 ^ _1490_/Y (sky130_fd_sc_hd__nor3b_1)
                                                         u_chip_core.fabric_config_large.rst_ni (net)
                      0.166752    0.000100    4.734379 ^ hold1289/A (sky130_fd_sc_hd__dlygate4sd3_1)
     1    0.003716    0.060599    0.603586    5.337965 ^ hold1289/X (sky130_fd_sc_hd__dlygate4sd3_1)
                                                         net2742 (net)
                      0.060599    0.000127    5.338092 ^ wire1283/A (sky130_fd_sc_hd__clkbuf_2)
     1    0.005022    0.038656    0.110309    5.448400 ^ wire1283/X (sky130_fd_sc_hd__clkbuf_2)
                                                         net1283 (net)
                      0.038656    0.000208    5.448609 ^ hold1290/A (sky130_fd_sc_hd__dlygate4sd3_1)
     1    0.008542    0.102800    0.606695    6.055304 ^ hold1290/X (sky130_fd_sc_hd__dlygate4sd3_1)
                                                         net2743 (net)
                      0.102800    0.000424    6.055727 ^ wire1282/A (sky130_fd_sc_hd__clkbuf_2)
     2    0.017938    0.104061    0.176940    6.232668 ^ wire1282/X (sky130_fd_sc_hd__clkbuf_2)
                                                         net1282 (net)
                      0.104067    0.000927    6.233595 ^ fanout1259/A (sky130_fd_sc_hd__buf_12)
    11    0.589903    0.493688    0.353001    6.586596 ^ fanout1259/X (sky130_fd_sc_hd__buf_12)
                                                         net1259 (net)
                      1.243786    0.598796    7.185392 ^ fanout1256/A (sky130_fd_sc_hd__buf_8)
    11    0.110635    0.189775    0.315468    7.500860 ^ fanout1256/X (sky130_fd_sc_hd__buf_8)
                                                         net1256 (net)
                      0.192821    0.019976    7.520836 ^ fanout1255/A (sky130_fd_sc_hd__buf_8)
    17    0.189430    0.303931    0.297230    7.818066 ^ fanout1255/X (sky130_fd_sc_hd__buf_8)
                                                         net1255 (net)
                      0.303943    0.001886    7.819952 ^ fanout1253/A (sky130_fd_sc_hd__buf_2)
    11    0.061497    0.299742    0.377201    8.197152 ^ fanout1253/X (sky130_fd_sc_hd__buf_2)
                                                         net1253 (net)
                      0.299748    0.001122    8.198275 ^ fanout1252/A (sky130_fd_sc_hd__clkbuf_4)
    17    0.068452    0.207883    0.355668    8.553943 ^ fanout1252/X (sky130_fd_sc_hd__clkbuf_4)
                                                         net1252 (net)
                      0.208242    0.006422    8.560365 ^ _3689_/RESET_B (sky130_fd_sc_hd__dfrtp_4)
                                              8.560365   data arrival time

                                 40.000000   40.000000   clock clk (rise edge)
                                  0.000000   40.000000   clock source latency
     2    0.189617    1.000000    0.000000   40.000000 ^ gpio_in[38] (in)
                                                         gpio_in[38] (net)
                      1.234152    0.111221   40.111221 ^ clkbuf_0_gpio_in[38]/A (sky130_fd_sc_hd__clkbuf_16)
     5    0.282568    0.279977    0.423185   40.534409 ^ clkbuf_0_gpio_in[38]/X (sky130_fd_sc_hd__clkbuf_16)
                                                         clknet_0_gpio_in[38] (net)
                      0.280123    0.006029   40.540436 ^ clkbuf_1_0_0_gpio_in[38]/A (sky130_fd_sc_hd__clkbuf_8)
     3    0.025909    0.062871    0.206228   40.746666 ^ clkbuf_1_0_0_gpio_in[38]/X (sky130_fd_sc_hd__clkbuf_8)
                                                         clknet_1_0_0_gpio_in[38] (net)
                      0.063277    0.002785   40.749451 ^ clkbuf_1_0_1_gpio_in[38]/A (sky130_fd_sc_hd__clkbuf_8)
     5    0.071129    0.133505    0.183199   40.932648 ^ clkbuf_1_0_1_gpio_in[38]/X (sky130_fd_sc_hd__clkbuf_8)
                                                         clknet_1_0_1_gpio_in[38] (net)
                      0.136326    0.014644   40.947292 ^ clkbuf_2_0_0_gpio_in[38]/A (sky130_fd_sc_hd__clkbuf_8)
     5    0.091512    0.165035    0.229011   41.176304 ^ clkbuf_2_0_0_gpio_in[38]/X (sky130_fd_sc_hd__clkbuf_8)
                                                         clknet_2_0_0_gpio_in[38] (net)
                      0.168747    0.018641   41.194946 ^ clkbuf_3_0_0_gpio_in[38]/A (sky130_fd_sc_hd__clkbuf_8)
    19    0.192600    0.330689    0.349864   41.544811 ^ clkbuf_3_0_0_gpio_in[38]/X (sky130_fd_sc_hd__clkbuf_8)
                                                         clknet_3_0_0_gpio_in[38] (net)
                      0.332472    0.018780   41.563591 ^ clkbuf_leaf_62_gpio_in[38]/A (sky130_fd_sc_hd__clkbuf_8)
    11    0.057626    0.112386    0.253269   41.816860 ^ clkbuf_leaf_62_gpio_in[38]/X (sky130_fd_sc_hd__clkbuf_8)
                                                         clknet_leaf_62_gpio_in[38] (net)
                      0.112396    0.001091   41.817951 ^ _3689_/CLK (sky130_fd_sc_hd__dfrtp_4)
                                 -0.100000   41.717953   clock uncertainty
                                  0.118684   41.836636   clock reconvergence pessimism
                                  0.185711   42.022343   library recovery time
                                             42.022343   data required time
---------------------------------------------------------------------------------------------
                                             42.022343   data required time
                                             -8.560365   data arrival time
---------------------------------------------------------------------------------------------
                                             33.461979   slack (MET)


Startpoint: _4020_ (rising edge-triggered flip-flop clocked by clk)
Endpoint: _3636_ (rising edge-triggered flip-flop clocked by clk)
Path Group: clk
Path Type: max

Fanout         Cap        Slew       Delay        Time   Description
---------------------------------------------------------------------------------------------
                                  0.000000    0.000000   clock clk (rise edge)
                                  0.000000    0.000000   clock source latency
     2    0.189617    1.190000    0.000000    0.000000 ^ gpio_in[38] (in)
                                                         gpio_in[38] (net)
                      1.424152    0.122930    0.122930 ^ clkbuf_0_gpio_in[38]/A (sky130_fd_sc_hd__clkbuf_16)
     5    0.282568    0.282040    0.487541    0.610471 ^ clkbuf_0_gpio_in[38]/X (sky130_fd_sc_hd__clkbuf_16)
                                                         clknet_0_gpio_in[38] (net)
                      0.282188    0.006665    0.617136 ^ clkbuf_1_0_0_gpio_in[38]/A (sky130_fd_sc_hd__clkbuf_8)
     3    0.025909    0.062909    0.228619    0.845755 ^ clkbuf_1_0_0_gpio_in[38]/X (sky130_fd_sc_hd__clkbuf_8)
                                                         clknet_1_0_0_gpio_in[38] (net)
                      0.063315    0.003078    0.848833 ^ clkbuf_1_0_1_gpio_in[38]/A (sky130_fd_sc_hd__clkbuf_8)
     5    0.071129    0.133505    0.202500    1.051333 ^ clkbuf_1_0_1_gpio_in[38]/X (sky130_fd_sc_hd__clkbuf_8)
                                                         clknet_1_0_1_gpio_in[38] (net)
                      0.136625    0.016991    1.068324 ^ clkbuf_2_1_0_gpio_in[38]/A (sky130_fd_sc_hd__clkbuf_8)
     5    0.074395    0.137337    0.233219    1.301543 ^ clkbuf_2_1_0_gpio_in[38]/X (sky130_fd_sc_hd__clkbuf_8)
                                                         clknet_2_1_0_gpio_in[38] (net)
                      0.141427    0.019604    1.321147 ^ clkbuf_3_2_0_gpio_in[38]/A (sky130_fd_sc_hd__clkbuf_8)
    29    0.330523    0.552638    0.450801    1.771948 ^ clkbuf_3_2_0_gpio_in[38]/X (sky130_fd_sc_hd__clkbuf_8)
                                                         clknet_3_2_0_gpio_in[38] (net)
                      0.556747    0.044471    1.816419 ^ clkbuf_leaf_58_gpio_in[38]/A (sky130_fd_sc_hd__clkbuf_8)
     7    0.060883    0.121080    0.329409    2.145827 ^ clkbuf_leaf_58_gpio_in[38]/X (sky130_fd_sc_hd__clkbuf_8)
                                                         clknet_leaf_58_gpio_in[38] (net)
                      0.121093    0.001355    2.147182 ^ _4020_/CLK (sky130_fd_sc_hd__dfrtp_4)
     3    0.023098    0.096866    0.492804    2.639986 ^ _4020_/Q (sky130_fd_sc_hd__dfrtp_4)
                                                         u_chip_core.fabric_spi_controller.rst_ni (net)
                      0.096989    0.002413    2.642399 ^ hold1449/A (sky130_fd_sc_hd__dlygate4sd3_1)
     3    0.023679    0.241525    0.733151    3.375550 ^ hold1449/X (sky130_fd_sc_hd__dlygate4sd3_1)
                                                         net2902 (net)
                      0.241546    0.002616    3.378166 ^ hold1445/A (sky130_fd_sc_hd__clkbuf_4)
     3    0.049166    0.155398    0.294564    3.672729 ^ hold1445/X (sky130_fd_sc_hd__clkbuf_4)
                                                         net2898 (net)
                      0.156497    0.011067    3.683796 ^ wire1313/A (sky130_fd_sc_hd__buf_12)
     5    0.265776    0.267745    0.213822    3.897619 ^ wire1313/X (sky130_fd_sc_hd__buf_12)
                                                         net1313 (net)
                      0.269448    0.022481    3.920100 ^ hold1446/A (sky130_fd_sc_hd__dlygate4sd3_1)
     1    0.012032    0.134568    0.690554    4.610654 ^ hold1446/X (sky130_fd_sc_hd__dlygate4sd3_1)
                                                         net2899 (net)
                      0.134569    0.000837    4.611491 ^ fanout1311/A (sky130_fd_sc_hd__clkbuf_8)
    11    0.104306    0.186216    0.264323    4.875813 ^ fanout1311/X (sky130_fd_sc_hd__clkbuf_8)
                                                         net1311 (net)
                      0.186223    0.001073    4.876887 ^ hold1447/A (sky130_fd_sc_hd__clkbuf_4)
     5    0.074450    0.225667    0.325862    5.202749 ^ hold1447/X (sky130_fd_sc_hd__clkbuf_4)
                                                         net2900 (net)
                      0.225688    0.001951    5.204700 ^ fanout1310/A (sky130_fd_sc_hd__clkbuf_4)
     7    0.040270    0.129790    0.272216    5.476915 ^ fanout1310/X (sky130_fd_sc_hd__clkbuf_4)
                                                         net1310 (net)
                      0.129790    0.000562    5.477478 ^ fanout1309/A (sky130_fd_sc_hd__buf_2)
    11    0.051459    0.251302    0.296490    5.773968 ^ fanout1309/X (sky130_fd_sc_hd__buf_2)
                                                         net1309 (net)
                      0.251304    0.000751    5.774719 ^ fanout1306/A (sky130_fd_sc_hd__clkbuf_4)
    15    0.063276    0.193022    0.330954    6.105672 ^ fanout1306/X (sky130_fd_sc_hd__clkbuf_4)
                                                         net1306 (net)
                      0.193027    0.001430    6.107103 ^ _1597_/A (sky130_fd_sc_hd__nand2_8)
    15    0.155335    0.216473    0.218209    6.325312 v _1597_/Y (sky130_fd_sc_hd__nand2_8)
                                                         _0873_ (net)
                      0.220045    0.023261    6.348573 v _1599_/A (sky130_fd_sc_hd__or2_4)
    11    0.265677    0.329920    0.513109    6.861682 v _1599_/X (sky130_fd_sc_hd__or2_4)
                                                         _0875_ (net)
                      0.470220    0.178717    7.040399 v _1604_/A (sky130_fd_sc_hd__nor2_2)
     5    0.062097    0.662416    0.721240    7.761640 ^ _1604_/Y (sky130_fd_sc_hd__nor2_2)
                                                         _0000_ (net)
                      0.662686    0.011723    7.773363 ^ wire752/A (sky130_fd_sc_hd__clkbuf_8)
     3    0.133875    0.238268    0.408994    8.182356 ^ wire752/X (sky130_fd_sc_hd__clkbuf_8)
                                                         net752 (net)
                      0.264093    0.063257    8.245613 ^ wire751/A (sky130_fd_sc_hd__clkbuf_16)
     3    0.137962    0.152700    0.290234    8.535847 ^ wire751/X (sky130_fd_sc_hd__clkbuf_16)
                                                         net751 (net)
                      0.155127    0.016017    8.551865 ^ wire750/A (sky130_fd_sc_hd__buf_12)
     4    0.126149    0.148493    0.195482    8.747346 ^ wire750/X (sky130_fd_sc_hd__buf_12)
                                                         net750 (net)
                      0.180426    0.054982    8.802328 ^ fanout749/A (sky130_fd_sc_hd__clkbuf_2)
     5    0.033058    0.183112    0.257848    9.060176 ^ fanout749/X (sky130_fd_sc_hd__clkbuf_2)
                                                         net749 (net)
                      0.183113    0.000937    9.061113 ^ fanout746/A (sky130_fd_sc_hd__clkbuf_2)
     5    0.029491    0.164645    0.244881    9.305994 ^ fanout746/X (sky130_fd_sc_hd__clkbuf_2)
                                                         net746 (net)
                      0.164646    0.000793    9.306787 ^ fanout745/A (sky130_fd_sc_hd__clkbuf_4)
    10    0.057603    0.177272    0.289127    9.595915 ^ fanout745/X (sky130_fd_sc_hd__clkbuf_4)
                                                         net745 (net)
                      0.177279    0.001444    9.597359 ^ _2480_/S (sky130_fd_sc_hd__mux2_1)
     1    0.008501    0.097768    0.396343    9.993702 v _2480_/X (sky130_fd_sc_hd__mux2_1)
                                                         _0434_ (net)
                      0.097768    0.000418    9.994121 v hold1529/A (sky130_fd_sc_hd__dlygate4sd3_1)
     1    0.004603    0.062154    0.614039   10.608159 v hold1529/X (sky130_fd_sc_hd__dlygate4sd3_1)
                                                         net2982 (net)
                      0.062154    0.000179   10.608338 v _3636_/D (sky130_fd_sc_hd__dfxtp_1)
                                             10.608338   data arrival time

                                 40.000000   40.000000   clock clk (rise edge)
                                  0.000000   40.000000   clock source latency
     2    0.189617    1.000000    0.000000   40.000000 ^ gpio_in[38] (in)
                                                         gpio_in[38] (net)
                      1.234152    0.111221   40.111221 ^ clkbuf_0_gpio_in[38]/A (sky130_fd_sc_hd__clkbuf_16)
     5    0.282568    0.279977    0.423185   40.534409 ^ clkbuf_0_gpio_in[38]/X (sky130_fd_sc_hd__clkbuf_16)
                                                         clknet_0_gpio_in[38] (net)
                      0.415670    0.146500   40.680908 ^ clkbuf_1_1_0_gpio_in[38]/A (sky130_fd_sc_hd__clkbuf_8)
     3    0.087981    0.161297    0.290669   40.971577 ^ clkbuf_1_1_0_gpio_in[38]/X (sky130_fd_sc_hd__clkbuf_8)
                                                         clknet_1_1_0_gpio_in[38] (net)
                      0.168450    0.025185   40.996761 ^ clkbuf_1_1_1_gpio_in[38]/A (sky130_fd_sc_hd__clkbuf_8)
     5    0.091228    0.164930    0.236621   41.233383 ^ clkbuf_1_1_1_gpio_in[38]/X (sky130_fd_sc_hd__clkbuf_8)
                                                         clknet_1_1_1_gpio_in[38] (net)
                      0.170442    0.022563   41.255947 ^ clkbuf_2_2_0_gpio_in[38]/A (sky130_fd_sc_hd__clkbuf_8)
     5    0.090535    0.163834    0.235875   41.491821 ^ clkbuf_2_2_0_gpio_in[38]/X (sky130_fd_sc_hd__clkbuf_8)
                                                         clknet_2_2_0_gpio_in[38] (net)
                      0.169637    0.023029   41.514851 ^ clkbuf_3_5_0_gpio_in[38]/A (sky130_fd_sc_hd__clkbuf_8)
    19    0.279369    0.466548    0.338737   41.853588 ^ clkbuf_3_5_0_gpio_in[38]/X (sky130_fd_sc_hd__clkbuf_8)
                                                         clknet_3_5_0_gpio_in[38] (net)
                      0.574191    0.166260   42.019848 ^ clkbuf_leaf_32_gpio_in[38]/A (sky130_fd_sc_hd__clkbuf_8)
     3    0.048051    0.102341    0.286025   42.305874 ^ clkbuf_leaf_32_gpio_in[38]/X (sky130_fd_sc_hd__clkbuf_8)
                                                         clknet_leaf_32_gpio_in[38] (net)
                      0.102348    0.000878   42.306751 ^ _3636_/CLK (sky130_fd_sc_hd__dfxtp_1)
                                 -0.100000   42.206753   clock uncertainty
                                  0.076063   42.282814   clock reconvergence pessimism
                                 -0.104643   42.178173   library setup time
                                             42.178173   data required time
---------------------------------------------------------------------------------------------
                                             42.178173   data required time
                                            -10.608338   data arrival time
---------------------------------------------------------------------------------------------
                                             31.569834   slack (MET)




===========================================================================
report_checks --slack_max -0.01
============================================================================
======================= nom_tt_025C_1v80 Corner ===================================

No paths found.


===========================================================================
 report_check_types -max_slew -max_cap -max_fanout -violators
============================================================================
======================= nom_tt_025C_1v80 Corner ===================================

max slew

Pin                                        Limit        Slew       Slack
------------------------------------------------------------------------
wire932/A                               1.500000   13.121161  -11.621161 (VIOLATED)
ANTENNA_wire932_A/DIODE                 1.500000   13.121061  -11.621061 (VIOLATED)
wire941/A                               1.500000   12.861350  -11.361349 (VIOLATED)
ANTENNA_wire941_A/DIODE                 1.500000   12.861316  -11.361316 (VIOLATED)
_1504_/A                                1.500000    6.234959   -4.734959 (VIOLATED)
ANTENNA__1504__A/DIODE                  1.500000    6.234953   -4.734953 (VIOLATED)
wire1032/A                              1.500000    5.647577   -4.147577 (VIOLATED)
ANTENNA_wire1032_A/DIODE                1.500000    5.647287   -4.147287 (VIOLATED)
load_slew1431/A                         1.500000    4.620463   -3.120463 (VIOLATED)
ANTENNA_load_slew1431_A/DIODE           1.500000    4.620429   -3.120429 (VIOLATED)
wire1034/A                              1.500000    4.539584   -3.039584 (VIOLATED)
ANTENNA_wire1034_A/DIODE                1.500000    4.539433   -3.039433 (VIOLATED)
wire1036/A                              1.500000    4.501397   -3.001397 (VIOLATED)
ANTENNA_wire1036_A/DIODE                1.500000    4.501184   -3.001184 (VIOLATED)
ANTENNA__1509__A/DIODE                  1.500000    4.377470   -2.877470 (VIOLATED)
_1509_/A                                1.500000    4.377472   -2.877472 (VIOLATED)
_1485_/A                                1.500000    4.335883   -2.835883 (VIOLATED)
ANTENNA__1485__A/DIODE                  1.500000    4.335871   -2.835871 (VIOLATED)
ANTENNA__1510__A/DIODE                  1.500000    3.942384   -2.442384 (VIOLATED)
_1510_/A                                1.500000    3.940774   -2.440774 (VIOLATED)
_1500_/A                                1.500000    3.766852   -2.266852 (VIOLATED)
ANTENNA__1500__A/DIODE                  1.500000    3.766789   -2.266789 (VIOLATED)
load_slew1405/A                         1.500000    3.758331   -2.258331 (VIOLATED)
ANTENNA_load_slew1405_A/DIODE           1.500000    3.758265   -2.258265 (VIOLATED)
ANTENNA_wire854_A/DIODE                 1.500000    3.520977   -2.020977 (VIOLATED)
wire854/A                               1.500000    3.520978   -2.020978 (VIOLATED)
ANTENNA__1582__Y/DIODE                  1.500000    3.518060   -2.018060 (VIOLATED)
_1582_/Y                                1.500000    3.518056   -2.018056 (VIOLATED)
wire1024/A                              1.500000    3.420346   -1.920346 (VIOLATED)
ANTENNA_wire1024_A/DIODE                1.500000    3.420213   -1.920213 (VIOLATED)
_1503_/A                                1.500000    3.399909   -1.899909 (VIOLATED)
ANTENNA__1503__A/DIODE                  1.500000    3.399897   -1.899897 (VIOLATED)
wire950/A                               1.500000    3.201499   -1.701499 (VIOLATED)
ANTENNA_236/DIODE                       1.500000    3.201496   -1.701496 (VIOLATED)
ANTENNA_235/DIODE                       1.500000    3.201494   -1.701494 (VIOLATED)
ANTENNA_wire950_A/DIODE                 1.500000    3.201443   -1.701443 (VIOLATED)
ANTENNA_237/DIODE                       1.500000    3.201440   -1.701440 (VIOLATED)
ANTENNA_238/DIODE                       1.500000    3.201435   -1.701435 (VIOLATED)
ANTENNA_239/DIODE                       1.500000    3.201429   -1.701429 (VIOLATED)
ANTENNA_240/DIODE                       1.500000    3.201422   -1.701422 (VIOLATED)
ANTENNA__1535__X/DIODE                  1.500000    3.100762   -1.600762 (VIOLATED)
_1535_/X                                1.500000    3.100729   -1.600729 (VIOLATED)
ANTENNA_wire951_X/DIODE                 1.500000    2.941850   -1.441850 (VIOLATED)
wire951/X                               1.500000    2.941832   -1.441832 (VIOLATED)
wire1428/A                              1.500000    2.749246   -1.249246 (VIOLATED)
ANTENNA_wire1428_A/DIODE                1.500000    2.749134   -1.249134 (VIOLATED)
_1506_/A                                1.500000    2.631796   -1.131796 (VIOLATED)
ANTENNA__1506__A/DIODE                  1.500000    2.631784   -1.131784 (VIOLATED)
wire909/A                               1.500000    2.610693   -1.110693 (VIOLATED)
ANTENNA_wire909_A/DIODE                 1.500000    2.610683   -1.110684 (VIOLATED)
_1508_/A                                1.500000    2.591508   -1.091508 (VIOLATED)
ANTENNA__1508__A/DIODE                  1.500000    2.591491   -1.091491 (VIOLATED)
ANTENNA__2504__A1/DIODE                 1.500000    2.582694   -1.082694 (VIOLATED)
_2504_/A1                               1.500000    2.582686   -1.082686 (VIOLATED)
ANTENNA__1576__Y/DIODE                  1.500000    2.496945   -0.996945 (VIOLATED)
_1576_/Y                                1.500000    2.496932   -0.996932 (VIOLATED)
_1505_/A                                1.500000    2.411880   -0.911880 (VIOLATED)
ANTENNA__1505__A/DIODE                  1.500000    2.411874   -0.911874 (VIOLATED)
ANTENNA__2503__A1/DIODE                 1.500000    2.337813   -0.837813 (VIOLATED)
_2503_/A1                               1.500000    2.337802   -0.837802 (VIOLATED)
_2493_/A1                               1.500000    2.331076   -0.831076 (VIOLATED)
ANTENNA__2493__A1/DIODE                 1.500000    2.330986   -0.830987 (VIOLATED)
ANTENNA_301/DIODE                       1.500000    2.290822   -0.790822 (VIOLATED)
ANTENNA_300/DIODE                       1.500000    2.290818   -0.790818 (VIOLATED)
load_slew1388/A                         1.500000    2.290810   -0.790810 (VIOLATED)
ANTENNA_load_slew1388_A/DIODE           1.500000    2.290761   -0.790761 (VIOLATED)
ANTENNA_298/DIODE                       1.500000    2.290589   -0.790589 (VIOLATED)
ANTENNA_299/DIODE                       1.500000    2.290565   -0.790565 (VIOLATED)
ANTENNA__2487__A1/DIODE                 1.500000    2.277311   -0.777311 (VIOLATED)
_2487_/A1                               1.500000    2.277277   -0.777277 (VIOLATED)
ANTENNA_359/DIODE                       1.500000    2.277245   -0.777245 (VIOLATED)
ANTENNA_281/DIODE                       1.500000    2.139124   -0.639125 (VIOLATED)
ANTENNA_279/DIODE                       1.500000    2.136286   -0.636286 (VIOLATED)
ANTENNA_277/DIODE                       1.500000    2.127798   -0.627798 (VIOLATED)
ANTENNA_275/DIODE                       1.500000    2.124792   -0.624792 (VIOLATED)
fanout1122/A                            1.500000    2.123438   -0.623438 (VIOLATED)
ANTENNA_fanout1122_A/DIODE              1.500000    2.123248   -0.623248 (VIOLATED)
ANTENNA_274/DIODE                       1.500000    2.121278   -0.621278 (VIOLATED)
ANTENNA_278/DIODE                       1.500000    2.119640   -0.619640 (VIOLATED)
ANTENNA_276/DIODE                       1.500000    2.117519   -0.617519 (VIOLATED)
ANTENNA_280/DIODE                       1.500000    2.108256   -0.608256 (VIOLATED)
ANTENNA_wire873_A/DIODE                 1.500000    2.105872   -0.605872 (VIOLATED)
wire873/A                               1.500000    2.105869   -0.605869 (VIOLATED)
ANTENNA_282/DIODE                       1.500000    2.102758   -0.602758 (VIOLATED)
ANTENNA__1580__Y/DIODE                  1.500000    2.050072   -0.550072 (VIOLATED)
_1580_/Y                                1.500000    2.050067   -0.550067 (VIOLATED)
wire1021/A                              1.500000    1.970302   -0.470302 (VIOLATED)
ANTENNA_wire1021_A/DIODE                1.500000    1.970271   -0.470271 (VIOLATED)
ANTENNA_1/DIODE                         1.500000    1.970245   -0.470245 (VIOLATED)
ANTENNA__2476__A1/DIODE                 1.500000    1.883749   -0.383749 (VIOLATED)
_2476_/A1                               1.500000    1.883747   -0.383747 (VIOLATED)
ANTENNA__1545__X/DIODE                  1.500000    1.874073   -0.374073 (VIOLATED)
_1545_/X                                1.500000    1.874066   -0.374066 (VIOLATED)
_2484_/A1                               1.500000    1.873907   -0.373907 (VIOLATED)
ANTENNA__2484__A1/DIODE                 1.500000    1.873902   -0.373902 (VIOLATED)
ANTENNA__2505__A1/DIODE                 1.500000    1.837890   -0.337890 (VIOLATED)
_2505_/A1                               1.500000    1.837799   -0.337799 (VIOLATED)
ANTENNA_294/DIODE                       1.500000    1.837763   -0.337763 (VIOLATED)
_2475_/A1                               1.500000    1.819642   -0.319642 (VIOLATED)
ANTENNA__2475__A1/DIODE                 1.500000    1.819630   -0.319630 (VIOLATED)
wire1419/A                              1.500000    1.798246   -0.298246 (VIOLATED)
ANTENNA_177/DIODE                       1.500000    1.798153   -0.298153 (VIOLATED)
ANTENNA_178/DIODE                       1.500000    1.798142   -0.298142 (VIOLATED)
ANTENNA_179/DIODE                       1.500000    1.797849   -0.297849 (VIOLATED)
ANTENNA_wire1419_A/DIODE                1.500000    1.797833   -0.297833 (VIOLATED)
ANTENNA_180/DIODE                       1.500000    1.797816   -0.297816 (VIOLATED)
fanout1125/A                            1.500000    1.793357   -0.293357 (VIOLATED)
ANTENNA_fanout1125_A/DIODE              1.500000    1.792844   -0.292844 (VIOLATED)
ANTENNA_wire1035_X/DIODE                1.500000    1.750831   -0.250831 (VIOLATED)
wire1035/X                              1.500000    1.750525   -0.250525 (VIOLATED)
wire830/A                               1.500000    1.741777   -0.241777 (VIOLATED)
ANTENNA_wire830_A/DIODE                 1.500000    1.741492   -0.241492 (VIOLATED)
_2495_/A1                               1.500000    1.731237   -0.231237 (VIOLATED)
ANTENNA__2495__A1/DIODE                 1.500000    1.731204   -0.231204 (VIOLATED)
_1339_/Y                                1.494479    1.706201   -0.211722 (VIOLATED)
wire1108/A                              1.500000    1.707045   -0.207045 (VIOLATED)
ANTENNA_wire1108_A/DIODE                1.500000    1.707040   -0.207041 (VIOLATED)
ANTENNA__1339__Y/DIODE                  1.500000    1.706201   -0.206201 (VIOLATED)
fanout1121/A                            1.500000    1.680553   -0.180553 (VIOLATED)
ANTENNA_fanout1121_A/DIODE              1.500000    1.680421   -0.180421 (VIOLATED)
wire888/A                               1.500000    1.672161   -0.172161 (VIOLATED)
ANTENNA_wire888_A/DIODE                 1.500000    1.672035   -0.172035 (VIOLATED)
ANTENNA__2479__A1/DIODE                 1.500000    1.668561   -0.168562 (VIOLATED)
_2479_/A1                               1.500000    1.668550   -0.168550 (VIOLATED)
_2486_/A1                               1.500000    1.655398   -0.155398 (VIOLATED)
ANTENNA__2486__A1/DIODE                 1.500000    1.655393   -0.155393 (VIOLATED)
ANTENNA__2489__A1/DIODE                 1.500000    1.637952   -0.137952 (VIOLATED)
_2489_/A1                               1.500000    1.637937   -0.137937 (VIOLATED)
wire899/A                               1.500000    1.633994   -0.133994 (VIOLATED)
ANTENNA_wire899_A/DIODE                 1.500000    1.633919   -0.133919 (VIOLATED)
_2477_/A1                               1.500000    1.629292   -0.129292 (VIOLATED)
ANTENNA__2477__A1/DIODE                 1.500000    1.629274   -0.129274 (VIOLATED)
_2481_/A1                               1.500000    1.618138   -0.118138 (VIOLATED)
ANTENNA__2481__A1/DIODE                 1.500000    1.618073   -0.118073 (VIOLATED)
fanout1173/A                            1.500000    1.601386   -0.101386 (VIOLATED)
ANTENNA_fanout1173_A/DIODE              1.500000    1.601123   -0.101123 (VIOLATED)
_2491_/A1                               1.500000    1.598304   -0.098304 (VIOLATED)
ANTENNA__2491__A1/DIODE                 1.500000    1.598245   -0.098245 (VIOLATED)
_2494_/A1                               1.500000    1.593541   -0.093541 (VIOLATED)
ANTENNA__2494__A1/DIODE                 1.500000    1.593538   -0.093538 (VIOLATED)
wire1028/A                              1.500000    1.586429   -0.086429 (VIOLATED)
ANTENNA_wire1028_A/DIODE                1.500000    1.586375   -0.086375 (VIOLATED)
ANTENNA_211/DIODE                       1.500000    1.583668   -0.083668 (VIOLATED)
ANTENNA_209/DIODE                       1.500000    1.578505   -0.078505 (VIOLATED)
ANTENNA_207/DIODE                       1.500000    1.576426   -0.076426 (VIOLATED)
ANTENNA_205/DIODE                       1.500000    1.574766   -0.074766 (VIOLATED)
ANTENNA_203/DIODE                       1.500000    1.573284   -0.073284 (VIOLATED)
_2502_/A1                               1.500000    1.572151   -0.072151 (VIOLATED)
ANTENNA__2502__A1/DIODE                 1.500000    1.572099   -0.072099 (VIOLATED)
ANTENNA_wire933_X/DIODE                 1.500000    1.572068   -0.072068 (VIOLATED)
ANTENNA_212/DIODE                       1.500000    1.571116   -0.071116 (VIOLATED)
ANTENNA_210/DIODE                       1.500000    1.571114   -0.071114 (VIOLATED)
ANTENNA_208/DIODE                       1.500000    1.571112   -0.071112 (VIOLATED)
ANTENNA_206/DIODE                       1.500000    1.571109   -0.071109 (VIOLATED)
ANTENNA_204/DIODE                       1.500000    1.571099   -0.071099 (VIOLATED)
ANTENNA_202/DIODE                       1.500000    1.570385   -0.070385 (VIOLATED)
wire933/X                               1.500000    1.569048   -0.069048 (VIOLATED)
_2488_/A1                               1.500000    1.567758   -0.067758 (VIOLATED)
ANTENNA__2488__A1/DIODE                 1.500000    1.567732   -0.067732 (VIOLATED)
_2483_/A1                               1.500000    1.557862   -0.057862 (VIOLATED)
ANTENNA__2483__A1/DIODE                 1.500000    1.557858   -0.057858 (VIOLATED)
ANTENNA_290/DIODE                       1.500000    1.557854   -0.057854 (VIOLATED)
ANTENNA_360/DIODE                       1.500000    1.557836   -0.057836 (VIOLATED)
ANTENNA_381/DIODE                       1.500000    1.557764   -0.057764 (VIOLATED)
ANTENNA_379/DIODE                       1.500000    1.557756   -0.057756 (VIOLATED)
ANTENNA__1541__X/DIODE                  1.500000    1.557749   -0.057749 (VIOLATED)
ANTENNA_378/DIODE                       1.500000    1.557739   -0.057739 (VIOLATED)
ANTENNA_380/DIODE                       1.500000    1.557736   -0.057736 (VIOLATED)
_1541_/X                                1.500000    1.557698   -0.057698 (VIOLATED)
fanout1191/A                            1.500000    1.545243   -0.045243 (VIOLATED)
ANTENNA_fanout1191_A/DIODE              1.500000    1.544694   -0.044694 (VIOLATED)
_2485_/A1                               1.500000    1.517164   -0.017164 (VIOLATED)
ANTENNA__2485__A1/DIODE                 1.500000    1.517157   -0.017157 (VIOLATED)
wire948/A                               1.500000    1.513778   -0.013778 (VIOLATED)
ANTENNA_wire948_A/DIODE                 1.500000    1.513723   -0.013723 (VIOLATED)
fanout1221/A                            1.500000    1.510743   -0.010744 (VIOLATED)
ANTENNA_fanout1221_A/DIODE              1.500000    1.510651   -0.010651 (VIOLATED)
wire1053/A                              1.500000    1.508608   -0.008608 (VIOLATED)
ANTENNA_wire1053_A/DIODE                1.500000    1.508464   -0.008464 (VIOLATED)

max fanout

Pin                                   Limit Fanout  Slack
---------------------------------------------------------
clkbuf_leaf_12_gpio_in[38]/X             20     51    -31 (VIOLATED)
clkbuf_leaf_30_gpio_in[38]/X             20     51    -31 (VIOLATED)
clkbuf_leaf_34_gpio_in[38]/X             20     51    -31 (VIOLATED)
clkbuf_leaf_47_gpio_in[38]/X             20     51    -31 (VIOLATED)
clkbuf_leaf_4_gpio_in[38]/X              20     49    -29 (VIOLATED)
clkbuf_leaf_14_gpio_in[38]/X             20     47    -27 (VIOLATED)
clkbuf_leaf_31_gpio_in[38]/X             20     47    -27 (VIOLATED)
clkbuf_leaf_22_gpio_in[38]/X             20     45    -25 (VIOLATED)
clkbuf_leaf_23_gpio_in[38]/X             20     45    -25 (VIOLATED)
clkbuf_leaf_33_gpio_in[38]/X             20     45    -25 (VIOLATED)
clkbuf_leaf_50_gpio_in[38]/X             20     45    -25 (VIOLATED)
clkbuf_leaf_11_gpio_in[38]/X             20     43    -23 (VIOLATED)
clkbuf_leaf_15_gpio_in[38]/X             20     43    -23 (VIOLATED)
clkbuf_leaf_25_gpio_in[38]/X             20     43    -23 (VIOLATED)
clkbuf_leaf_40_gpio_in[38]/X             20     43    -23 (VIOLATED)
clkbuf_leaf_27_gpio_in[38]/X             20     41    -21 (VIOLATED)
clkbuf_leaf_3_gpio_in[38]/X              20     41    -21 (VIOLATED)
clkbuf_leaf_2_gpio_in[38]/X              20     39    -19 (VIOLATED)
clkbuf_leaf_16_gpio_in[38]/X             20     37    -17 (VIOLATED)
clkbuf_leaf_24_gpio_in[38]/X             20     35    -15 (VIOLATED)
clkbuf_leaf_56_gpio_in[38]/X             20     35    -15 (VIOLATED)
clkbuf_leaf_19_gpio_in[38]/X             20     33    -13 (VIOLATED)
clkbuf_leaf_20_gpio_in[38]/X             20     33    -13 (VIOLATED)
clkbuf_leaf_49_gpio_in[38]/X             20     33    -13 (VIOLATED)
clkbuf_leaf_9_gpio_in[38]/X              20     33    -13 (VIOLATED)
clkbuf_leaf_13_gpio_in[38]/X             20     31    -11 (VIOLATED)
clkbuf_leaf_48_gpio_in[38]/X             20     31    -11 (VIOLATED)
max_cap809/X                             20     31    -11 (VIOLATED)
clkbuf_3_2_0_gpio_in[38]/X               20     29     -9 (VIOLATED)
clkbuf_leaf_29_gpio_in[38]/X             20     29     -9 (VIOLATED)
clkbuf_leaf_53_gpio_in[38]/X             20     29     -9 (VIOLATED)
clkbuf_leaf_54_gpio_in[38]/X             20     27     -7 (VIOLATED)
clkbuf_3_1_0_gpio_in[38]/X               20     25     -5 (VIOLATED)
clkbuf_leaf_66_gpio_in[38]/X             20     25     -5 (VIOLATED)
clkbuf_leaf_6_gpio_in[38]/X              20     25     -5 (VIOLATED)
fanout1284/X                             20     24     -4 (VIOLATED)
fanout1328/X                             20     24     -4 (VIOLATED)
clkbuf_leaf_1_gpio_in[38]/X              20     23     -3 (VIOLATED)
clkbuf_leaf_28_gpio_in[38]/X             20     23     -3 (VIOLATED)
fanout1197/X                             20     23     -3 (VIOLATED)
gpio_loopback_zero[25]                   20     22     -2 (VIOLATED)
gpio_loopback_zero[26]                   20     22     -2 (VIOLATED)
gpio_loopback_zero[30]                   20     22     -2 (VIOLATED)
gpio_loopback_zero[32]                   20     22     -2 (VIOLATED)
gpio_loopback_zero[38]                   20     22     -2 (VIOLATED)
fanout1123/X                             20     22     -2 (VIOLATED)
fanout1161/X                             20     22     -2 (VIOLATED)
fanout1178/X                             20     22     -2 (VIOLATED)
fanout1185/X                             20     22     -2 (VIOLATED)
fanout1194/X                             20     22     -2 (VIOLATED)
fanout1203/X                             20     22     -2 (VIOLATED)
fanout1215/X                             20     22     -2 (VIOLATED)
fanout1221/X                             20     22     -2 (VIOLATED)
fanout1250/X                             20     22     -2 (VIOLATED)
clkbuf_3_3_0_gpio_in[38]/X               20     21        (VIOLATED)
clkbuf_leaf_35_gpio_in[38]/X             20     21        (VIOLATED)
clkbuf_leaf_57_gpio_in[38]/X             20     21        (VIOLATED)
fanout1109/X                             20     21        (VIOLATED)
fanout1110/X                             20     21        (VIOLATED)
fanout1114/X                             20     21        (VIOLATED)
fanout1121/X                             20     21        (VIOLATED)
fanout1122/X                             20     21        (VIOLATED)
fanout1124/X                             20     21        (VIOLATED)
fanout1125/X                             20     21        (VIOLATED)
fanout1127/X                             20     21        (VIOLATED)
fanout1128/X                             20     21        (VIOLATED)
fanout1130/X                             20     21        (VIOLATED)
fanout1131/X                             20     21        (VIOLATED)
fanout1136/X                             20     21        (VIOLATED)
fanout1137/X                             20     21        (VIOLATED)
fanout1142/X                             20     21        (VIOLATED)
fanout1143/X                             20     21        (VIOLATED)
fanout1148/X                             20     21        (VIOLATED)
fanout1149/X                             20     21        (VIOLATED)
fanout1154/X                             20     21        (VIOLATED)
fanout1155/X                             20     21        (VIOLATED)
fanout1160/X                             20     21        (VIOLATED)
fanout1166/X                             20     21        (VIOLATED)
fanout1167/X                             20     21        (VIOLATED)
fanout1169/X                             20     21        (VIOLATED)
fanout1170/X                             20     21        (VIOLATED)
fanout1172/X                             20     21        (VIOLATED)
fanout1173/X                             20     21        (VIOLATED)
fanout1175/X                             20     21        (VIOLATED)
fanout1176/X                             20     21        (VIOLATED)
fanout1179/X                             20     21        (VIOLATED)
fanout1181/X                             20     21        (VIOLATED)
fanout1182/X                             20     21        (VIOLATED)
fanout1184/X                             20     21        (VIOLATED)
fanout1187/X                             20     21        (VIOLATED)
fanout1188/X                             20     21        (VIOLATED)
fanout1190/X                             20     21        (VIOLATED)
fanout1191/X                             20     21        (VIOLATED)
fanout1193/X                             20     21        (VIOLATED)
fanout1196/X                             20     21        (VIOLATED)
fanout1199/X                             20     21        (VIOLATED)
fanout1200/X                             20     21        (VIOLATED)
fanout1202/X                             20     21        (VIOLATED)
fanout1205/X                             20     21        (VIOLATED)
fanout1206/X                             20     21        (VIOLATED)
fanout1208/X                             20     21        (VIOLATED)
fanout1209/X                             20     21        (VIOLATED)
fanout1211/X                             20     21        (VIOLATED)
fanout1212/X                             20     21        (VIOLATED)
fanout1214/X                             20     21        (VIOLATED)
fanout1217/X                             20     21        (VIOLATED)
fanout1218/X                             20     21        (VIOLATED)
fanout1220/X                             20     21        (VIOLATED)
fanout1223/X                             20     21        (VIOLATED)
fanout1224/X                             20     21        (VIOLATED)
fanout1226/X                             20     21        (VIOLATED)
fanout1227/X                             20     21        (VIOLATED)
fanout1229/X                             20     21        (VIOLATED)
fanout1230/X                             20     21        (VIOLATED)
fanout1232/X                             20     21        (VIOLATED)
fanout1233/X                             20     21        (VIOLATED)
fanout1243/X                             20     21        (VIOLATED)
fanout1245/X                             20     21        (VIOLATED)
fanout1247/X                             20     21        (VIOLATED)
fanout1248/X                             20     21        (VIOLATED)
fanout1249/X                             20     21        (VIOLATED)
fanout1254/X                             20     21        (VIOLATED)
fanout1257/X                             20     21        (VIOLATED)
fanout1258/X                             20     21        (VIOLATED)
fanout1260/X                             20     21        (VIOLATED)
fanout1261/X                             20     21        (VIOLATED)
fanout1263/X                             20     21        (VIOLATED)
fanout1285/X                             20     21        (VIOLATED)
fanout1287/X                             20     21        (VIOLATED)
fanout1288/X                             20     21        (VIOLATED)
fanout1289/X                             20     21        (VIOLATED)
fanout1291/X                             20     21        (VIOLATED)
fanout1292/X                             20     21        (VIOLATED)
fanout1293/X                             20     21        (VIOLATED)
fanout1294/X                             20     21        (VIOLATED)
fanout1322/X                             20     21        (VIOLATED)
fanout1325/X                             20     21        (VIOLATED)
fanout1331/X                             20     21        (VIOLATED)
fanout1334/X                             20     21        (VIOLATED)
fanout1337/X                             20     21        (VIOLATED)
fanout1340/X                             20     21        (VIOLATED)
fanout1343/X                             20     21        (VIOLATED)
fanout1346/X                             20     21        (VIOLATED)
fanout1349/X                             20     21        (VIOLATED)
fanout1352/X                             20     21        (VIOLATED)
fanout1355/X                             20     21        (VIOLATED)
fanout1358/X                             20     21        (VIOLATED)
fanout1361/X                             20     21        (VIOLATED)
fanout1364/X                             20     21        (VIOLATED)
fanout1367/X                             20     21        (VIOLATED)
fanout1370/X                             20     21        (VIOLATED)
fanout1373/X                             20     21        (VIOLATED)
fanout1376/X                             20     21        (VIOLATED)
fanout1379/X                             20     21        (VIOLATED)
fanout1392/X                             20     21        (VIOLATED)
fanout1393/X                             20     21        (VIOLATED)
fanout1396/X                             20     21        (VIOLATED)
fanout636/X                              20     21        (VIOLATED)
fanout655/X                              20     21        (VIOLATED)
fanout671/X                              20     21        (VIOLATED)
fanout765/X                              20     21        (VIOLATED)
fanout769/X                              20     21        (VIOLATED)
fanout773/X                              20     21        (VIOLATED)
fanout786/X                              20     21        (VIOLATED)
fanout788/X                              20     21        (VIOLATED)
fanout789/X                              20     21        (VIOLATED)
fanout791/X                              20     21        (VIOLATED)
fanout812/X                              20     21        (VIOLATED)
fanout813/X                              20     21        (VIOLATED)

max capacitance

Pin                                        Limit         Cap       Slack
------------------------------------------------------------------------
wire933/X                               0.561228    1.647787   -1.086559 (VIOLATED)
wire942/X                               0.561228    1.575653   -1.014425 (VIOLATED)
_1535_/X                                0.556650    1.192055   -0.635405 (VIOLATED)
wire1035/X                              0.785532    1.195983   -0.410451 (VIOLATED)
wire951/X                               0.281077    0.554841   -0.273764 (VIOLATED)
_1576_/Y                                0.293894    0.377779   -0.083885 (VIOLATED)
_1582_/Y                                0.088816    0.171499   -0.082683 (VIOLATED)
_1545_/X                                0.301218    0.373038   -0.071820 (VIOLATED)
_1580_/Y                                0.293894    0.308948   -0.015054 (VIOLATED)
_1541_/X                                0.556650    0.571351   -0.014701 (VIOLATED)
_1339_/Y                                0.086070    0.099514   -0.013444 (VIOLATED)



===========================================================================
report_parasitic_annotation -report_unannotated
============================================================================
Found 217 unannotated drivers.
 analog_io[0]
 analog_io[10]
 analog_io[11]
 analog_io[12]
 analog_io[13]
 analog_io[14]
 analog_io[15]
 analog_io[16]
 analog_io[17]
 analog_io[18]
 analog_io[19]
 analog_io[1]
 analog_io[20]
 analog_io[21]
 analog_io[22]
 analog_io[23]
 analog_io[24]
 analog_io[25]
 analog_io[26]
 analog_io[27]
 analog_io[28]
 analog_io[29]
 analog_io[2]
 analog_io[30]
 analog_io[31]
 analog_io[32]
 analog_io[33]
 analog_io[34]
 analog_io[35]
 analog_io[36]
 analog_io[37]
 analog_io[38]
 analog_io[39]
 analog_io[3]
 analog_io[40]
 analog_io[41]
 analog_io[42]
 analog_io[43]
 analog_io[4]
 analog_io[5]
 analog_io[6]
 analog_io[7]
 analog_io[8]
 analog_io[9]
 analog_noesd_io[0]
 analog_noesd_io[10]
 analog_noesd_io[11]
 analog_noesd_io[12]
 analog_noesd_io[13]
 analog_noesd_io[14]
 analog_noesd_io[15]
 analog_noesd_io[16]
 analog_noesd_io[17]
 analog_noesd_io[18]
 analog_noesd_io[19]
 analog_noesd_io[1]
 analog_noesd_io[20]
 analog_noesd_io[21]
 analog_noesd_io[22]
 analog_noesd_io[23]
 analog_noesd_io[24]
 analog_noesd_io[25]
 analog_noesd_io[26]
 analog_noesd_io[27]
 analog_noesd_io[28]
 analog_noesd_io[29]
 analog_noesd_io[2]
 analog_noesd_io[30]
 analog_noesd_io[31]
 analog_noesd_io[32]
 analog_noesd_io[33]
 analog_noesd_io[34]
 analog_noesd_io[35]
 analog_noesd_io[36]
 analog_noesd_io[37]
 analog_noesd_io[38]
 analog_noesd_io[39]
 analog_noesd_io[3]
 analog_noesd_io[40]
 analog_noesd_io[41]
 analog_noesd_io[42]
 analog_noesd_io[43]
 analog_noesd_io[4]
 analog_noesd_io[5]
 analog_noesd_io[6]
 analog_noesd_io[7]
 analog_noesd_io[8]
 analog_noesd_io[9]
 gpio_in[14]
 gpio_in[29]
 gpio_in_h[0]
 gpio_in_h[10]
 gpio_in_h[11]
 gpio_in_h[12]
 gpio_in_h[13]
 gpio_in_h[14]
 gpio_in_h[15]
 gpio_in_h[16]
 gpio_in_h[17]
 gpio_in_h[18]
 gpio_in_h[19]
 gpio_in_h[1]
 gpio_in_h[20]
 gpio_in_h[21]
 gpio_in_h[22]
 gpio_in_h[23]
 gpio_in_h[24]
 gpio_in_h[25]
 gpio_in_h[26]
 gpio_in_h[27]
 gpio_in_h[28]
 gpio_in_h[29]
 gpio_in_h[2]
 gpio_in_h[30]
 gpio_in_h[31]
 gpio_in_h[32]
 gpio_in_h[33]
 gpio_in_h[34]
 gpio_in_h[35]
 gpio_in_h[36]
 gpio_in_h[37]
 gpio_in_h[38]
 gpio_in_h[39]
 gpio_in_h[3]
 gpio_in_h[40]
 gpio_in_h[41]
 gpio_in_h[42]
 gpio_in_h[43]
 gpio_in_h[4]
 gpio_in_h[5]
 gpio_in_h[6]
 gpio_in_h[7]
 gpio_in_h[8]
 gpio_in_h[9]
 gpio_loopback_one[0]
 gpio_loopback_zero[0]
 por_l
 porb_h
 porb_l
 resetb_h
 _4019__1452/LO
 clkload0/Y
 clkload1/Y
 clkload10/Y
 clkload11/X
 clkload12/Y
 clkload13/Y
 clkload14/Y
 clkload15/X
 clkload16/Y
 clkload17/Y
 clkload18/Y
 clkload19/Y
 clkload2/Y
 clkload20/Y
 clkload21/Y
 clkload22/Y
 clkload23/Y
 clkload24/Y
 clkload25/Y
 clkload26/Y
 clkload27/Y
 clkload28/Y
 clkload29/Y
 clkload3/Y
 clkload30/Y
 clkload31/Y
 clkload32/Y
 clkload33/X
 clkload34/Y
 clkload35/Y
 clkload36/Y
 clkload37/Y
 clkload38/Y
 clkload39/Y
 clkload4/Y
 clkload40/Y
 clkload41/Y
 clkload42/Y
 clkload43/Y
 clkload44/Y
 clkload45/Y
 clkload46/Y
 clkload47/Y
 clkload48/Y
 clkload49/Y
 clkload5/Y
 clkload50/Y
 clkload51/Y
 clkload52/Y
 clkload53/Y
 clkload54/Y
 clkload55/Y
 clkload56/Y
 clkload57/Y
 clkload58/Y
 clkload59/Y
 clkload6/Y
 clkload60/Y
 clkload61/Y
 clkload62/Y
 clkload7/Y
 clkload8/Y
 clkload9/Y
 openframe_project_wrapper_1440/HI
 openframe_project_wrapper_1441/HI
 openframe_project_wrapper_1442/HI
 openframe_project_wrapper_1443/HI
 openframe_project_wrapper_1444/HI
 openframe_project_wrapper_1445/HI
 openframe_project_wrapper_1446/HI
 openframe_project_wrapper_1447/HI
 openframe_project_wrapper_1448/HI
 openframe_project_wrapper_1449/HI
 openframe_project_wrapper_1450/HI
 openframe_project_wrapper_1451/HI
 openframe_project_wrapper_1453/LO
Found 0 partially unannotated drivers.

===========================================================================
max slew violation count 179
max fanout violation count 169
max cap violation count 11
============================================================================

===========================================================================
check_setup -verbose -unconstrained_endpoints -multiple_clock -no_clock -no_input_delay -loops -generated_clocks
===========================================================================
Warning: There are 300 input ports missing set_input_delay.
  analog_io[0]
  analog_io[10]
  analog_io[11]
  analog_io[12]
  analog_io[13]
  analog_io[14]
  analog_io[15]
  analog_io[16]
  analog_io[17]
  analog_io[18]
  analog_io[19]
  analog_io[1]
  analog_io[20]
  analog_io[21]
  analog_io[22]
  analog_io[23]
  analog_io[24]
  analog_io[25]
  analog_io[26]
  analog_io[27]
  analog_io[28]
  analog_io[29]
  analog_io[2]
  analog_io[30]
  analog_io[31]
  analog_io[32]
  analog_io[33]
  analog_io[34]
  analog_io[35]
  analog_io[36]
  analog_io[37]
  analog_io[38]
  analog_io[39]
  analog_io[3]
  analog_io[40]
  analog_io[41]
  analog_io[42]
  analog_io[43]
  analog_io[4]
  analog_io[5]
  analog_io[6]
  analog_io[7]
  analog_io[8]
  analog_io[9]
  analog_noesd_io[0]
  analog_noesd_io[10]
  analog_noesd_io[11]
  analog_noesd_io[12]
  analog_noesd_io[13]
  analog_noesd_io[14]
  analog_noesd_io[15]
  analog_noesd_io[16]
  analog_noesd_io[17]
  analog_noesd_io[18]
  analog_noesd_io[19]
  analog_noesd_io[1]
  analog_noesd_io[20]
  analog_noesd_io[21]
  analog_noesd_io[22]
  analog_noesd_io[23]
  analog_noesd_io[24]
  analog_noesd_io[25]
  analog_noesd_io[26]
  analog_noesd_io[27]
  analog_noesd_io[28]
  analog_noesd_io[29]
  analog_noesd_io[2]
  analog_noesd_io[30]
  analog_noesd_io[31]
  analog_noesd_io[32]
  analog_noesd_io[33]
  analog_noesd_io[34]
  analog_noesd_io[35]
  analog_noesd_io[36]
  analog_noesd_io[37]
  analog_noesd_io[38]
  analog_noesd_io[39]
  analog_noesd_io[3]
  analog_noesd_io[40]
  analog_noesd_io[41]
  analog_noesd_io[42]
  analog_noesd_io[43]
  analog_noesd_io[4]
  analog_noesd_io[5]
  analog_noesd_io[6]
  analog_noesd_io[7]
  analog_noesd_io[8]
  analog_noesd_io[9]
  gpio_in[0]
  gpio_in[10]
  gpio_in[11]
  gpio_in[12]
  gpio_in[13]
  gpio_in[14]
  gpio_in[15]
  gpio_in[16]
  gpio_in[17]
  gpio_in[18]
  gpio_in[19]
  gpio_in[1]
  gpio_in[20]
  gpio_in[21]
  gpio_in[22]
  gpio_in[23]
  gpio_in[24]
  gpio_in[25]
  gpio_in[26]
  gpio_in[27]
  gpio_in[28]
  gpio_in[29]
  gpio_in[2]
  gpio_in[30]
  gpio_in[31]
  gpio_in[32]
  gpio_in[33]
  gpio_in[34]
  gpio_in[35]
  gpio_in[36]
  gpio_in[37]
  gpio_in[39]
  gpio_in[3]
  gpio_in[40]
  gpio_in[41]
  gpio_in[42]
  gpio_in[43]
  gpio_in[4]
  gpio_in[5]
  gpio_in[6]
  gpio_in[7]
  gpio_in[8]
  gpio_in[9]
  gpio_in_h[0]
  gpio_in_h[10]
  gpio_in_h[11]
  gpio_in_h[12]
  gpio_in_h[13]
  gpio_in_h[14]
  gpio_in_h[15]
  gpio_in_h[16]
  gpio_in_h[17]
  gpio_in_h[18]
  gpio_in_h[19]
  gpio_in_h[1]
  gpio_in_h[20]
  gpio_in_h[21]
  gpio_in_h[22]
  gpio_in_h[23]
  gpio_in_h[24]
  gpio_in_h[25]
  gpio_in_h[26]
  gpio_in_h[27]
  gpio_in_h[28]
  gpio_in_h[29]
  gpio_in_h[2]
  gpio_in_h[30]
  gpio_in_h[31]
  gpio_in_h[32]
  gpio_in_h[33]
  gpio_in_h[34]
  gpio_in_h[35]
  gpio_in_h[36]
  gpio_in_h[37]
  gpio_in_h[38]
  gpio_in_h[39]
  gpio_in_h[3]
  gpio_in_h[40]
  gpio_in_h[41]
  gpio_in_h[42]
  gpio_in_h[43]
  gpio_in_h[4]
  gpio_in_h[5]
  gpio_in_h[6]
  gpio_in_h[7]
  gpio_in_h[8]
  gpio_in_h[9]
  gpio_loopback_one[0]
  gpio_loopback_one[10]
  gpio_loopback_one[11]
  gpio_loopback_one[12]
  gpio_loopback_one[13]
  gpio_loopback_one[14]
  gpio_loopback_one[15]
  gpio_loopback_one[16]
  gpio_loopback_one[17]
  gpio_loopback_one[18]
  gpio_loopback_one[19]
  gpio_loopback_one[1]
  gpio_loopback_one[20]
  gpio_loopback_one[21]
  gpio_loopback_one[22]
  gpio_loopback_one[23]
  gpio_loopback_one[24]
  gpio_loopback_one[25]
  gpio_loopback_one[26]
  gpio_loopback_one[27]
  gpio_loopback_one[28]
  gpio_loopback_one[29]
  gpio_loopback_one[2]
  gpio_loopback_one[30]
  gpio_loopback_one[31]
  gpio_loopback_one[32]
  gpio_loopback_one[33]
  gpio_loopback_one[34]
  gpio_loopback_one[35]
  gpio_loopback_one[36]
  gpio_loopback_one[37]
  gpio_loopback_one[38]
  gpio_loopback_one[39]
  gpio_loopback_one[3]
  gpio_loopback_one[40]
  gpio_loopback_one[41]
  gpio_loopback_one[42]
  gpio_loopback_one[43]
  gpio_loopback_one[4]
  gpio_loopback_one[5]
  gpio_loopback_one[6]
  gpio_loopback_one[7]
  gpio_loopback_one[8]
  gpio_loopback_one[9]
  gpio_loopback_zero[0]
  gpio_loopback_zero[10]
  gpio_loopback_zero[11]
  gpio_loopback_zero[12]
  gpio_loopback_zero[13]
  gpio_loopback_zero[14]
  gpio_loopback_zero[15]
  gpio_loopback_zero[16]
  gpio_loopback_zero[17]
  gpio_loopback_zero[18]
  gpio_loopback_zero[19]
  gpio_loopback_zero[1]
  gpio_loopback_zero[20]
  gpio_loopback_zero[21]
  gpio_loopback_zero[22]
  gpio_loopback_zero[23]
  gpio_loopback_zero[24]
  gpio_loopback_zero[25]
  gpio_loopback_zero[26]
  gpio_loopback_zero[27]
  gpio_loopback_zero[28]
  gpio_loopback_zero[29]
  gpio_loopback_zero[2]
  gpio_loopback_zero[30]
  gpio_loopback_zero[31]
  gpio_loopback_zero[32]
  gpio_loopback_zero[33]
  gpio_loopback_zero[34]
  gpio_loopback_zero[35]
  gpio_loopback_zero[36]
  gpio_loopback_zero[37]
  gpio_loopback_zero[38]
  gpio_loopback_zero[39]
  gpio_loopback_zero[3]
  gpio_loopback_zero[40]
  gpio_loopback_zero[41]
  gpio_loopback_zero[42]
  gpio_loopback_zero[43]
  gpio_loopback_zero[4]
  gpio_loopback_zero[5]
  gpio_loopback_zero[6]
  gpio_loopback_zero[7]
  gpio_loopback_zero[8]
  gpio_loopback_zero[9]
  mask_rev[0]
  mask_rev[10]
  mask_rev[11]
  mask_rev[12]
  mask_rev[13]
  mask_rev[14]
  mask_rev[15]
  mask_rev[16]
  mask_rev[17]
  mask_rev[18]
  mask_rev[19]
  mask_rev[1]
  mask_rev[20]
  mask_rev[21]
  mask_rev[22]
  mask_rev[23]
  mask_rev[24]
  mask_rev[25]
  mask_rev[26]
  mask_rev[27]
  mask_rev[28]
  mask_rev[29]
  mask_rev[2]
  mask_rev[30]
  mask_rev[31]
  mask_rev[3]
  mask_rev[4]
  mask_rev[5]
  mask_rev[6]
  mask_rev[7]
  mask_rev[8]
  mask_rev[9]
  por_l
  porb_h
  porb_l
  resetb_h
  resetb_l
Warning: There are 51 unclocked register/latch pins.
  _3207_/CLK
  _3208_/CLK
  _3209_/CLK
  _3210_/CLK
  _3211_/CLK
  _3212_/CLK
  _3213_/CLK
  _4025_/CLK
  _4026_/CLK
  _4027_/CLK
  _4028_/CLK
  _4029_/CLK
  _4030_/CLK
  _4031_/CLK
  _4032_/CLK
  _4033_/CLK
  _4034_/CLK
  _4035_/CLK
  _4036_/CLK
  _4037_/CLK
  _4038_/CLK
  _4039_/CLK
  _4040_/CLK
  _4041_/CLK
  _4042_/CLK
  _4043_/CLK
  _4044_/CLK
  _4045_/CLK
  _4046_/CLK
  _4047_/CLK
  _4048_/CLK
  _4049_/CLK
  _4050_/CLK
  _4051_/CLK
  _4052_/CLK
  _4053_/CLK
  _4054_/CLK
  _4055_/CLK
  _4056_/CLK
  _4057_/CLK
  _4058_/CLK
  _4059_/CLK
  _4060_/CLK
  _4061_/CLK
  _4062_/CLK
  _4063_/CLK
  _4064_/CLK
  _4065_/CLK
  _4066_/CLK
  _4067_/CLK
  _4068_/CLK
Warning: There are 717 unconstrained endpoints.
  analog_io[0]
  analog_io[10]
  analog_io[11]
  analog_io[12]
  analog_io[13]
  analog_io[14]
  analog_io[15]
  analog_io[16]
  analog_io[17]
  analog_io[18]
  analog_io[19]
  analog_io[1]
  analog_io[20]
  analog_io[21]
  analog_io[22]
  analog_io[23]
  analog_io[24]
  analog_io[25]
  analog_io[26]
  analog_io[27]
  analog_io[28]
  analog_io[29]
  analog_io[2]
  analog_io[30]
  analog_io[31]
  analog_io[32]
  analog_io[33]
  analog_io[34]
  analog_io[35]
  analog_io[36]
  analog_io[37]
  analog_io[38]
  analog_io[39]
  analog_io[3]
  analog_io[40]
  analog_io[41]
  analog_io[42]
  analog_io[43]
  analog_io[4]
  analog_io[5]
  analog_io[6]
  analog_io[7]
  analog_io[8]
  analog_io[9]
  analog_noesd_io[0]
  analog_noesd_io[10]
  analog_noesd_io[11]
  analog_noesd_io[12]
  analog_noesd_io[13]
  analog_noesd_io[14]
  analog_noesd_io[15]
  analog_noesd_io[16]
  analog_noesd_io[17]
  analog_noesd_io[18]
  analog_noesd_io[19]
  analog_noesd_io[1]
  analog_noesd_io[20]
  analog_noesd_io[21]
  analog_noesd_io[22]
  analog_noesd_io[23]
  analog_noesd_io[24]
  analog_noesd_io[25]
  analog_noesd_io[26]
  analog_noesd_io[27]
  analog_noesd_io[28]
  analog_noesd_io[29]
  analog_noesd_io[2]
  analog_noesd_io[30]
  analog_noesd_io[31]
  analog_noesd_io[32]
  analog_noesd_io[33]
  analog_noesd_io[34]
  analog_noesd_io[35]
  analog_noesd_io[36]
  analog_noesd_io[37]
  analog_noesd_io[38]
  analog_noesd_io[39]
  analog_noesd_io[3]
  analog_noesd_io[40]
  analog_noesd_io[41]
  analog_noesd_io[42]
  analog_noesd_io[43]
  analog_noesd_io[4]
  analog_noesd_io[5]
  analog_noesd_io[6]
  analog_noesd_io[7]
  analog_noesd_io[8]
  analog_noesd_io[9]
  gpio_analog_en[0]
  gpio_analog_en[10]
  gpio_analog_en[11]
  gpio_analog_en[12]
  gpio_analog_en[13]
  gpio_analog_en[14]
  gpio_analog_en[15]
  gpio_analog_en[16]
  gpio_analog_en[17]
  gpio_analog_en[18]
  gpio_analog_en[19]
  gpio_analog_en[1]
  gpio_analog_en[20]
  gpio_analog_en[21]
  gpio_analog_en[22]
  gpio_analog_en[23]
  gpio_analog_en[24]
  gpio_analog_en[25]
  gpio_analog_en[26]
  gpio_analog_en[27]
  gpio_analog_en[28]
  gpio_analog_en[29]
  gpio_analog_en[2]
  gpio_analog_en[30]
  gpio_analog_en[31]
  gpio_analog_en[32]
  gpio_analog_en[33]
  gpio_analog_en[34]
  gpio_analog_en[35]
  gpio_analog_en[36]
  gpio_analog_en[37]
  gpio_analog_en[38]
  gpio_analog_en[39]
  gpio_analog_en[3]
  gpio_analog_en[40]
  gpio_analog_en[41]
  gpio_analog_en[42]
  gpio_analog_en[43]
  gpio_analog_en[4]
  gpio_analog_en[5]
  gpio_analog_en[6]
  gpio_analog_en[7]
  gpio_analog_en[8]
  gpio_analog_en[9]
  gpio_analog_pol[0]
  gpio_analog_pol[10]
  gpio_analog_pol[11]
  gpio_analog_pol[12]
  gpio_analog_pol[13]
  gpio_analog_pol[14]
  gpio_analog_pol[15]
  gpio_analog_pol[16]
  gpio_analog_pol[17]
  gpio_analog_pol[18]
  gpio_analog_pol[19]
  gpio_analog_pol[1]
  gpio_analog_pol[20]
  gpio_analog_pol[21]
  gpio_analog_pol[22]
  gpio_analog_pol[23]
  gpio_analog_pol[24]
  gpio_analog_pol[25]
  gpio_analog_pol[26]
  gpio_analog_pol[27]
  gpio_analog_pol[28]
  gpio_analog_pol[29]
  gpio_analog_pol[2]
  gpio_analog_pol[30]
  gpio_analog_pol[31]
  gpio_analog_pol[32]
  gpio_analog_pol[33]
  gpio_analog_pol[34]
  gpio_analog_pol[35]
  gpio_analog_pol[36]
  gpio_analog_pol[37]
  gpio_analog_pol[38]
  gpio_analog_pol[39]
  gpio_analog_pol[3]
  gpio_analog_pol[40]
  gpio_analog_pol[41]
  gpio_analog_pol[42]
  gpio_analog_pol[43]
  gpio_analog_pol[4]
  gpio_analog_pol[5]
  gpio_analog_pol[6]
  gpio_analog_pol[7]
  gpio_analog_pol[8]
  gpio_analog_pol[9]
  gpio_analog_sel[0]
  gpio_analog_sel[10]
  gpio_analog_sel[11]
  gpio_analog_sel[12]
  gpio_analog_sel[13]
  gpio_analog_sel[14]
  gpio_analog_sel[15]
  gpio_analog_sel[16]
  gpio_analog_sel[17]
  gpio_analog_sel[18]
  gpio_analog_sel[19]
  gpio_analog_sel[1]
  gpio_analog_sel[20]
  gpio_analog_sel[21]
  gpio_analog_sel[22]
  gpio_analog_sel[23]
  gpio_analog_sel[24]
  gpio_analog_sel[25]
  gpio_analog_sel[26]
  gpio_analog_sel[27]
  gpio_analog_sel[28]
  gpio_analog_sel[29]
  gpio_analog_sel[2]
  gpio_analog_sel[30]
  gpio_analog_sel[31]
  gpio_analog_sel[32]
  gpio_analog_sel[33]
  gpio_analog_sel[34]
  gpio_analog_sel[35]
  gpio_analog_sel[36]
  gpio_analog_sel[37]
  gpio_analog_sel[38]
  gpio_analog_sel[39]
  gpio_analog_sel[3]
  gpio_analog_sel[40]
  gpio_analog_sel[41]
  gpio_analog_sel[42]
  gpio_analog_sel[43]
  gpio_analog_sel[4]
  gpio_analog_sel[5]
  gpio_analog_sel[6]
  gpio_analog_sel[7]
  gpio_analog_sel[8]
  gpio_analog_sel[9]
  gpio_dm0[0]
  gpio_dm0[10]
  gpio_dm0[11]
  gpio_dm0[12]
  gpio_dm0[13]
  gpio_dm0[14]
  gpio_dm0[15]
  gpio_dm0[16]
  gpio_dm0[17]
  gpio_dm0[18]
  gpio_dm0[19]
  gpio_dm0[1]
  gpio_dm0[20]
  gpio_dm0[21]
  gpio_dm0[22]
  gpio_dm0[23]
  gpio_dm0[24]
  gpio_dm0[25]
  gpio_dm0[26]
  gpio_dm0[27]
  gpio_dm0[28]
  gpio_dm0[29]
  gpio_dm0[2]
  gpio_dm0[30]
  gpio_dm0[31]
  gpio_dm0[32]
  gpio_dm0[33]
  gpio_dm0[34]
  gpio_dm0[35]
  gpio_dm0[36]
  gpio_dm0[37]
  gpio_dm0[38]
  gpio_dm0[39]
  gpio_dm0[3]
  gpio_dm0[40]
  gpio_dm0[41]
  gpio_dm0[42]
  gpio_dm0[43]
  gpio_dm0[4]
  gpio_dm0[5]
  gpio_dm0[6]
  gpio_dm0[7]
  gpio_dm0[8]
  gpio_dm0[9]
  gpio_dm1[0]
  gpio_dm1[10]
  gpio_dm1[11]
  gpio_dm1[12]
  gpio_dm1[13]
  gpio_dm1[14]
  gpio_dm1[15]
  gpio_dm1[16]
  gpio_dm1[17]
  gpio_dm1[18]
  gpio_dm1[19]
  gpio_dm1[1]
  gpio_dm1[20]
  gpio_dm1[21]
  gpio_dm1[22]
  gpio_dm1[23]
  gpio_dm1[24]
  gpio_dm1[25]
  gpio_dm1[26]
  gpio_dm1[27]
  gpio_dm1[28]
  gpio_dm1[29]
  gpio_dm1[2]
  gpio_dm1[30]
  gpio_dm1[31]
  gpio_dm1[32]
  gpio_dm1[33]
  gpio_dm1[34]
  gpio_dm1[35]
  gpio_dm1[36]
  gpio_dm1[37]
  gpio_dm1[38]
  gpio_dm1[39]
  gpio_dm1[3]
  gpio_dm1[40]
  gpio_dm1[41]
  gpio_dm1[42]
  gpio_dm1[43]
  gpio_dm1[4]
  gpio_dm1[5]
  gpio_dm1[6]
  gpio_dm1[7]
  gpio_dm1[8]
  gpio_dm1[9]
  gpio_dm2[0]
  gpio_dm2[10]
  gpio_dm2[11]
  gpio_dm2[12]
  gpio_dm2[13]
  gpio_dm2[14]
  gpio_dm2[15]
  gpio_dm2[16]
  gpio_dm2[17]
  gpio_dm2[18]
  gpio_dm2[19]
  gpio_dm2[1]
  gpio_dm2[20]
  gpio_dm2[21]
  gpio_dm2[22]
  gpio_dm2[23]
  gpio_dm2[24]
  gpio_dm2[25]
  gpio_dm2[26]
  gpio_dm2[27]
  gpio_dm2[28]
  gpio_dm2[29]
  gpio_dm2[2]
  gpio_dm2[30]
  gpio_dm2[31]
  gpio_dm2[32]
  gpio_dm2[33]
  gpio_dm2[34]
  gpio_dm2[35]
  gpio_dm2[36]
  gpio_dm2[37]
  gpio_dm2[38]
  gpio_dm2[39]
  gpio_dm2[3]
  gpio_dm2[40]
  gpio_dm2[41]
  gpio_dm2[42]
  gpio_dm2[43]
  gpio_dm2[4]
  gpio_dm2[5]
  gpio_dm2[6]
  gpio_dm2[7]
  gpio_dm2[8]
  gpio_dm2[9]
  gpio_holdover[0]
  gpio_holdover[10]
  gpio_holdover[11]
  gpio_holdover[12]
  gpio_holdover[13]
  gpio_holdover[14]
  gpio_holdover[15]
  gpio_holdover[16]
  gpio_holdover[17]
  gpio_holdover[18]
  gpio_holdover[19]
  gpio_holdover[1]
  gpio_holdover[20]
  gpio_holdover[21]
  gpio_holdover[22]
  gpio_holdover[23]
  gpio_holdover[24]
  gpio_holdover[25]
  gpio_holdover[26]
  gpio_holdover[27]
  gpio_holdover[28]
  gpio_holdover[29]
  gpio_holdover[2]
  gpio_holdover[30]
  gpio_holdover[31]
  gpio_holdover[32]
  gpio_holdover[33]
  gpio_holdover[34]
  gpio_holdover[35]
  gpio_holdover[36]
  gpio_holdover[37]
  gpio_holdover[38]
  gpio_holdover[39]
  gpio_holdover[3]
  gpio_holdover[40]
  gpio_holdover[41]
  gpio_holdover[42]
  gpio_holdover[43]
  gpio_holdover[4]
  gpio_holdover[5]
  gpio_holdover[6]
  gpio_holdover[7]
  gpio_holdover[8]
  gpio_holdover[9]
  gpio_ib_mode_sel[0]
  gpio_ib_mode_sel[10]
  gpio_ib_mode_sel[11]
  gpio_ib_mode_sel[12]
  gpio_ib_mode_sel[13]
  gpio_ib_mode_sel[14]
  gpio_ib_mode_sel[15]
  gpio_ib_mode_sel[16]
  gpio_ib_mode_sel[17]
  gpio_ib_mode_sel[18]
  gpio_ib_mode_sel[19]
  gpio_ib_mode_sel[1]
  gpio_ib_mode_sel[20]
  gpio_ib_mode_sel[21]
  gpio_ib_mode_sel[22]
  gpio_ib_mode_sel[23]
  gpio_ib_mode_sel[24]
  gpio_ib_mode_sel[25]
  gpio_ib_mode_sel[26]
  gpio_ib_mode_sel[27]
  gpio_ib_mode_sel[28]
  gpio_ib_mode_sel[29]
  gpio_ib_mode_sel[2]
  gpio_ib_mode_sel[30]
  gpio_ib_mode_sel[31]
  gpio_ib_mode_sel[32]
  gpio_ib_mode_sel[33]
  gpio_ib_mode_sel[34]
  gpio_ib_mode_sel[35]
  gpio_ib_mode_sel[36]
  gpio_ib_mode_sel[37]
  gpio_ib_mode_sel[38]
  gpio_ib_mode_sel[39]
  gpio_ib_mode_sel[3]
  gpio_ib_mode_sel[40]
  gpio_ib_mode_sel[41]
  gpio_ib_mode_sel[42]
  gpio_ib_mode_sel[43]
  gpio_ib_mode_sel[4]
  gpio_ib_mode_sel[5]
  gpio_ib_mode_sel[6]
  gpio_ib_mode_sel[7]
  gpio_ib_mode_sel[8]
  gpio_ib_mode_sel[9]
  gpio_inp_dis[0]
  gpio_inp_dis[10]
  gpio_inp_dis[11]
  gpio_inp_dis[12]
  gpio_inp_dis[13]
  gpio_inp_dis[14]
  gpio_inp_dis[15]
  gpio_inp_dis[16]
  gpio_inp_dis[17]
  gpio_inp_dis[18]
  gpio_inp_dis[19]
  gpio_inp_dis[1]
  gpio_inp_dis[20]
  gpio_inp_dis[21]
  gpio_inp_dis[22]
  gpio_inp_dis[23]
  gpio_inp_dis[24]
  gpio_inp_dis[25]
  gpio_inp_dis[26]
  gpio_inp_dis[27]
  gpio_inp_dis[28]
  gpio_inp_dis[29]
  gpio_inp_dis[2]
  gpio_inp_dis[30]
  gpio_inp_dis[31]
  gpio_inp_dis[32]
  gpio_inp_dis[33]
  gpio_inp_dis[34]
  gpio_inp_dis[35]
  gpio_inp_dis[36]
  gpio_inp_dis[37]
  gpio_inp_dis[38]
  gpio_inp_dis[39]
  gpio_inp_dis[3]
  gpio_inp_dis[40]
  gpio_inp_dis[41]
  gpio_inp_dis[42]
  gpio_inp_dis[43]
  gpio_inp_dis[4]
  gpio_inp_dis[5]
  gpio_inp_dis[6]
  gpio_inp_dis[7]
  gpio_inp_dis[8]
  gpio_inp_dis[9]
  gpio_oeb[0]
  gpio_oeb[10]
  gpio_oeb[11]
  gpio_oeb[12]
  gpio_oeb[13]
  gpio_oeb[14]
  gpio_oeb[15]
  gpio_oeb[16]
  gpio_oeb[17]
  gpio_oeb[18]
  gpio_oeb[19]
  gpio_oeb[1]
  gpio_oeb[20]
  gpio_oeb[21]
  gpio_oeb[22]
  gpio_oeb[23]
  gpio_oeb[24]
  gpio_oeb[25]
  gpio_oeb[26]
  gpio_oeb[27]
  gpio_oeb[28]
  gpio_oeb[29]
  gpio_oeb[2]
  gpio_oeb[30]
  gpio_oeb[31]
  gpio_oeb[32]
  gpio_oeb[33]
  gpio_oeb[34]
  gpio_oeb[35]
  gpio_oeb[36]
  gpio_oeb[37]
  gpio_oeb[38]
  gpio_oeb[39]
  gpio_oeb[3]
  gpio_oeb[40]
  gpio_oeb[41]
  gpio_oeb[42]
  gpio_oeb[43]
  gpio_oeb[4]
  gpio_oeb[5]
  gpio_oeb[6]
  gpio_oeb[7]
  gpio_oeb[8]
  gpio_oeb[9]
  gpio_out[0]
  gpio_out[10]
  gpio_out[11]
  gpio_out[12]
  gpio_out[13]
  gpio_out[14]
  gpio_out[15]
  gpio_out[16]
  gpio_out[17]
  gpio_out[18]
  gpio_out[19]
  gpio_out[1]
  gpio_out[20]
  gpio_out[21]
  gpio_out[22]
  gpio_out[23]
  gpio_out[24]
  gpio_out[25]
  gpio_out[26]
  gpio_out[27]
  gpio_out[28]
  gpio_out[29]
  gpio_out[2]
  gpio_out[30]
  gpio_out[31]
  gpio_out[32]
  gpio_out[33]
  gpio_out[34]
  gpio_out[35]
  gpio_out[36]
  gpio_out[37]
  gpio_out[38]
  gpio_out[39]
  gpio_out[3]
  gpio_out[40]
  gpio_out[41]
  gpio_out[42]
  gpio_out[43]
  gpio_out[4]
  gpio_out[5]
  gpio_out[6]
  gpio_out[7]
  gpio_out[8]
  gpio_out[9]
  gpio_slow_sel[0]
  gpio_slow_sel[10]
  gpio_slow_sel[11]
  gpio_slow_sel[12]
  gpio_slow_sel[13]
  gpio_slow_sel[14]
  gpio_slow_sel[15]
  gpio_slow_sel[16]
  gpio_slow_sel[17]
  gpio_slow_sel[18]
  gpio_slow_sel[19]
  gpio_slow_sel[1]
  gpio_slow_sel[20]
  gpio_slow_sel[21]
  gpio_slow_sel[22]
  gpio_slow_sel[23]
  gpio_slow_sel[24]
  gpio_slow_sel[25]
  gpio_slow_sel[26]
  gpio_slow_sel[27]
  gpio_slow_sel[28]
  gpio_slow_sel[29]
  gpio_slow_sel[2]
  gpio_slow_sel[30]
  gpio_slow_sel[31]
  gpio_slow_sel[32]
  gpio_slow_sel[33]
  gpio_slow_sel[34]
  gpio_slow_sel[35]
  gpio_slow_sel[36]
  gpio_slow_sel[37]
  gpio_slow_sel[38]
  gpio_slow_sel[39]
  gpio_slow_sel[3]
  gpio_slow_sel[40]
  gpio_slow_sel[41]
  gpio_slow_sel[42]
  gpio_slow_sel[43]
  gpio_slow_sel[4]
  gpio_slow_sel[5]
  gpio_slow_sel[6]
  gpio_slow_sel[7]
  gpio_slow_sel[8]
  gpio_slow_sel[9]
  gpio_vtrip_sel[0]
  gpio_vtrip_sel[10]
  gpio_vtrip_sel[11]
  gpio_vtrip_sel[12]
  gpio_vtrip_sel[13]
  gpio_vtrip_sel[14]
  gpio_vtrip_sel[15]
  gpio_vtrip_sel[16]
  gpio_vtrip_sel[17]
  gpio_vtrip_sel[18]
  gpio_vtrip_sel[19]
  gpio_vtrip_sel[1]
  gpio_vtrip_sel[20]
  gpio_vtrip_sel[21]
  gpio_vtrip_sel[22]
  gpio_vtrip_sel[23]
  gpio_vtrip_sel[24]
  gpio_vtrip_sel[25]
  gpio_vtrip_sel[26]
  gpio_vtrip_sel[27]
  gpio_vtrip_sel[28]
  gpio_vtrip_sel[29]
  gpio_vtrip_sel[2]
  gpio_vtrip_sel[30]
  gpio_vtrip_sel[31]
  gpio_vtrip_sel[32]
  gpio_vtrip_sel[33]
  gpio_vtrip_sel[34]
  gpio_vtrip_sel[35]
  gpio_vtrip_sel[36]
  gpio_vtrip_sel[37]
  gpio_vtrip_sel[38]
  gpio_vtrip_sel[39]
  gpio_vtrip_sel[3]
  gpio_vtrip_sel[40]
  gpio_vtrip_sel[41]
  gpio_vtrip_sel[42]
  gpio_vtrip_sel[43]
  gpio_vtrip_sel[4]
  gpio_vtrip_sel[5]
  gpio_vtrip_sel[6]
  gpio_vtrip_sel[7]
  gpio_vtrip_sel[8]
  gpio_vtrip_sel[9]
  _3207_/D
  _3208_/D
  _3209_/D
  _3210_/D
  _3211_/D
  _3212_/D
  _3213_/D
  _4013_/D
  _4014_/D
  _4015_/D
  _4019_/D
  _4021_/D
  _4022_/D
  _4025_/D
  _4026_/D
  _4027_/D
  _4028_/D
  _4029_/D
  _4030_/D
  _4031_/D
  _4032_/D
  _4033_/D
  _4034_/D
  _4035_/D
  _4036_/D
  _4037_/D
  _4038_/D
  _4039_/D
  _4040_/D
  _4041_/D
  _4042_/D
  _4043_/D
  _4044_/D
  _4045_/D
  _4046_/D
  _4047_/D
  _4048_/D
  _4049_/D
  _4050_/D
  _4051_/D
  _4052_/D
  _4053_/D
  _4054_/D
  _4055_/D
  _4056_/D
  _4057_/D
  _4058_/D
  _4059_/D
  _4060_/D
  _4061_/D
  _4062_/D
  _4063_/D
  _4064_/D
  _4065_/D
  _4066_/D
  _4067_/D
  _4068_/D
Warning: There is 1 combinational loop in the design.
  fanout1113/A
  fanout1113/X
  u_owire.u_ip.osc_i0/A
  u_owire.u_ip.osc_i0/Y
  u_owire.u_ip.osc_i1/A
  u_owire.u_ip.osc_i1/Y
  u_owire.u_ip.osc_i2/A
  u_owire.u_ip.osc_i2/Y
  fanout1115/A
  fanout1115/X
  | loop cut point
  fanout1113/A
  --------------------------------
