Clock: clk
Sources: gpio_in[38] 
Generated: no
Virtual: yes
Propagated: no
Period: 40.000000

===========================================================================
report_clock_properties
============================================================================
Clock                   Period          Waveform
----------------------------------------------------
clk                  40.000000    0.000000 20.000000

===========================================================================
report_clock_latency
============================================================================
Clock clk
rise -> rise
    min     max
0.000000 0.000000 source latency
1.557687         network latency _3916_/CLK
        2.663856 network latency _3615_/CLK
---------------
1.557687 2.663856 latency
        1.106169 skew

fall -> fall
    min     max
0.000000 0.000000 source latency
1.613140         network latency _3916_/CLK
        2.728418 network latency _3615_/CLK
---------------
1.613140 2.728418 latency
        1.115279 skew



===========================================================================
report_clock_min_period
============================================================================
clk period_min = 8.43 fmax = 118.62
