Clock: clk
Sources: gpio_in[38] 
Generated: no
Virtual: yes
Propagated: no
Period: 40.000000

===========================================================================
report_clock_properties
============================================================================
Clock                   Period          Waveform
----------------------------------------------------
clk                  40.000000    0.000000 20.000000

===========================================================================
report_clock_latency
============================================================================
Clock clk
rise -> rise
    min     max
0.000000 0.000000 source latency
1.974578         network latency _3668_/CLK
        3.265137 network latency _3631_/CLK
---------------
1.974578 3.265137 latency
        1.290559 skew

fall -> fall
    min     max
0.000000 0.000000 source latency
2.097355         network latency _3668_/CLK
        3.281285 network latency _3631_/CLK
---------------
2.097355 3.281285 latency
        1.183929 skew



===========================================================================
report_clock_min_period
============================================================================
clk period_min = 10.49 fmax = 95.30
