
===========================================================================
report_checks -unconstrained
===========================================================================
======================= min_tt_025C_1v80 Corner ===================================

Startpoint: _4017_ (rising edge-triggered flip-flop clocked by clk)
Endpoint: _3958_ (recovery check against rising-edge clock clk)
Path Group: asynchronous
Path Type: max

Fanout         Cap        Slew       Delay        Time   Description
---------------------------------------------------------------------------------------------
                                  0.000000    0.000000   clock clk (rise edge)
                                  0.000000    0.000000   clock source latency
     5    0.286972    1.190000    0.000000    0.000000 ^ gpio_in[38] (in)
                                                         gpio_in[38] (net)
                      1.689919    0.262458    0.262458 ^ clkbuf_0_gpio_in[38]/A (sky130_fd_sc_hd__clkbuf_16)
     5    0.084281    0.133166    0.428653    0.691111 ^ clkbuf_0_gpio_in[38]/X (sky130_fd_sc_hd__clkbuf_16)
                                                         clknet_0_gpio_in[38] (net)
                      0.133722    0.007089    0.698200 ^ clkbuf_1_0_0_gpio_in[38]/A (sky130_fd_sc_hd__clkbuf_8)
     3    0.028571    0.064428    0.182980    0.881180 ^ clkbuf_1_0_0_gpio_in[38]/X (sky130_fd_sc_hd__clkbuf_8)
                                                         clknet_1_0_0_gpio_in[38] (net)
                      0.064656    0.003097    0.884277 ^ clkbuf_1_0_1_gpio_in[38]/A (sky130_fd_sc_hd__clkbuf_8)
     5    0.074277    0.136870    0.207936    1.092212 ^ clkbuf_1_0_1_gpio_in[38]/X (sky130_fd_sc_hd__clkbuf_8)
                                                         clknet_1_0_1_gpio_in[38] (net)
                      0.139266    0.015080    1.107292 ^ clkbuf_2_1_0_gpio_in[38]/A (sky130_fd_sc_hd__clkbuf_8)
     5    0.062012    0.118737    0.220214    1.327506 ^ clkbuf_2_1_0_gpio_in[38]/X (sky130_fd_sc_hd__clkbuf_8)
                                                         clknet_2_1_0_gpio_in[38] (net)
                      0.121551    0.015140    1.342646 ^ clkbuf_3_2_0_gpio_in[38]/A (sky130_fd_sc_hd__clkbuf_8)
     3    0.052590    0.102905    0.204678    1.547324 ^ clkbuf_3_2_0_gpio_in[38]/X (sky130_fd_sc_hd__clkbuf_8)
                                                         clknet_3_2_0_gpio_in[38] (net)
                      0.104946    0.011959    1.559283 ^ clkbuf_3_2_1_gpio_in[38]/A (sky130_fd_sc_hd__clkbuf_8)
    37    0.497369    0.830802    0.628501    2.187784 ^ clkbuf_3_2_1_gpio_in[38]/X (sky130_fd_sc_hd__clkbuf_8)
                                                         clknet_3_2_1_gpio_in[38] (net)
                      0.948197    0.251452    2.439236 ^ clkbuf_leaf_57_gpio_in[38]/A (sky130_fd_sc_hd__clkbuf_8)
     3    0.039302    0.097591    0.350194    2.789430 ^ clkbuf_leaf_57_gpio_in[38]/X (sky130_fd_sc_hd__clkbuf_8)
                                                         clknet_leaf_57_gpio_in[38] (net)
                      0.097592    0.000589    2.790019 ^ _4017_/CLK (sky130_fd_sc_hd__dfrtp_4)
     3    0.012821    0.071853    0.456438    3.246457 ^ _4017_/Q (sky130_fd_sc_hd__dfrtp_4)
                                                         u_chip_core.fabric_spi_controller.rst_ni (net)
                      0.071853    0.000550    3.247006 ^ hold1666/A (sky130_fd_sc_hd__dlygate4sd3_1)
     1    0.015846    0.169816    0.670092    3.917099 ^ hold1666/X (sky130_fd_sc_hd__dlygate4sd3_1)
                                                         net3142 (net)
                      0.169816    0.000796    3.917895 ^ wire1340/A (sky130_fd_sc_hd__buf_8)
     5    0.098848    0.164378    0.220620    4.138515 ^ wire1340/X (sky130_fd_sc_hd__buf_8)
                                                         net1340 (net)
                      0.170934    0.027082    4.165597 ^ wire1339/A (sky130_fd_sc_hd__clkbuf_16)
     3    0.052775    0.071790    0.200990    4.366587 ^ wire1339/X (sky130_fd_sc_hd__clkbuf_16)
                                                         net1339 (net)
                      0.074393    0.011008    4.377594 ^ fanout1338/A (sky130_fd_sc_hd__clkbuf_16)
    15    1.056631    1.035574    0.645201    5.022795 ^ fanout1338/X (sky130_fd_sc_hd__clkbuf_16)
                                                         net1338 (net)
                      1.204993    0.337839    5.360634 ^ fanout1336/A (sky130_fd_sc_hd__clkbuf_16)
    21    0.207116    0.226137    0.444353    5.804987 ^ fanout1336/X (sky130_fd_sc_hd__clkbuf_16)
                                                         net1336 (net)
                      0.268609    0.078110    5.883097 ^ _1458_/C (sky130_fd_sc_hd__and3b_4)
     1    0.020207    0.094372    0.290553    6.173651 ^ _1458_/X (sky130_fd_sc_hd__and3b_4)
                                                         u_chip_core.fabric_config_small.rst_ni (net)
                      0.094390    0.001332    6.174983 ^ hold1159/A (sky130_fd_sc_hd__dlygate4sd3_1)
     1    0.025768    0.261071    0.747549    6.922532 ^ hold1159/X (sky130_fd_sc_hd__dlygate4sd3_1)
                                                         net2635 (net)
                      0.261071    0.000946    6.923478 ^ fanout1318/A (sky130_fd_sc_hd__buf_12)
    13    1.090506    1.093329    0.551403    7.474881 ^ fanout1318/X (sky130_fd_sc_hd__buf_12)
                                                         net1318 (net)
                      1.249597    0.310209    7.785089 ^ hold1160/A (sky130_fd_sc_hd__buf_8)
     3    0.269346    0.425171    0.455557    8.240646 ^ hold1160/X (sky130_fd_sc_hd__buf_8)
                                                         net2636 (net)
                      0.466154    0.107057    8.347704 ^ fanout1308/A (sky130_fd_sc_hd__buf_12)
    13    0.207424    0.233981    0.278270    8.625974 ^ fanout1308/X (sky130_fd_sc_hd__buf_12)
                                                         net1308 (net)
                      0.233997    0.002447    8.628421 ^ fanout1307/A (sky130_fd_sc_hd__clkbuf_16)
    15    0.175366    0.185428    0.282267    8.910687 ^ fanout1307/X (sky130_fd_sc_hd__clkbuf_16)
                                                         net1307 (net)
                      0.218141    0.061814    8.972501 ^ fanout1305/A (sky130_fd_sc_hd__buf_4)
    24    0.090323    0.250164    0.327530    9.300032 ^ fanout1305/X (sky130_fd_sc_hd__buf_4)
                                                         net1305 (net)
                      0.250191    0.002308    9.302340 ^ _3958_/RESET_B (sky130_fd_sc_hd__dfrtp_4)
                                              9.302340   data arrival time

                                 40.000000   40.000000   clock clk (rise edge)
                                  0.000000   40.000000   clock source latency
     5    0.286972    1.000000    0.000000   40.000000 ^ gpio_in[38] (in)
                                                         gpio_in[38] (net)
                      1.499919    0.237460   40.237461 ^ clkbuf_0_gpio_in[38]/A (sky130_fd_sc_hd__clkbuf_16)
     5    0.084281    0.129545    0.371251   40.608711 ^ clkbuf_0_gpio_in[38]/X (sky130_fd_sc_hd__clkbuf_16)
                                                         clknet_0_gpio_in[38] (net)
                      0.130115    0.006413   40.615124 ^ clkbuf_1_0_0_gpio_in[38]/A (sky130_fd_sc_hd__clkbuf_8)
     3    0.028571    0.064364    0.164476   40.779602 ^ clkbuf_1_0_0_gpio_in[38]/X (sky130_fd_sc_hd__clkbuf_8)
                                                         clknet_1_0_0_gpio_in[38] (net)
                      0.064593    0.002800   40.782402 ^ clkbuf_1_0_1_gpio_in[38]/A (sky130_fd_sc_hd__clkbuf_8)
     5    0.074277    0.136871    0.188113   40.970512 ^ clkbuf_1_0_1_gpio_in[38]/X (sky130_fd_sc_hd__clkbuf_8)
                                                         clknet_1_0_1_gpio_in[38] (net)
                      0.139267    0.013642   40.984158 ^ clkbuf_2_1_0_gpio_in[38]/A (sky130_fd_sc_hd__clkbuf_8)
     5    0.062012    0.118737    0.199240   41.183395 ^ clkbuf_2_1_0_gpio_in[38]/X (sky130_fd_sc_hd__clkbuf_8)
                                                         clknet_2_1_0_gpio_in[38] (net)
                      0.121572    0.013749   41.197144 ^ clkbuf_3_3_0_gpio_in[38]/A (sky130_fd_sc_hd__clkbuf_8)
     3    0.072122    0.135766    0.200668   41.397812 ^ clkbuf_3_3_0_gpio_in[38]/X (sky130_fd_sc_hd__clkbuf_8)
                                                         clknet_3_3_0_gpio_in[38] (net)
                      0.140805    0.019501   41.417313 ^ clkbuf_3_3_1_gpio_in[38]/A (sky130_fd_sc_hd__clkbuf_8)
    23    0.160835    0.278636    0.304794   41.722107 ^ clkbuf_3_3_1_gpio_in[38]/X (sky130_fd_sc_hd__clkbuf_8)
                                                         clknet_3_3_1_gpio_in[38] (net)
                      0.283478    0.027814   41.749924 ^ clkbuf_leaf_95_gpio_in[38]/A (sky130_fd_sc_hd__clkbuf_8)
     3    0.032183    0.072440    0.215099   41.965019 ^ clkbuf_leaf_95_gpio_in[38]/X (sky130_fd_sc_hd__clkbuf_8)
                                                         clknet_leaf_95_gpio_in[38] (net)
                      0.072440    0.000078   41.965099 ^ _3958_/CLK (sky130_fd_sc_hd__dfrtp_4)
                                 -0.100000   41.865101   clock uncertainty
                                  0.144111   42.009212   clock reconvergence pessimism
                                  0.159539   42.168751   library recovery time
                                             42.168751   data required time
---------------------------------------------------------------------------------------------
                                             42.168751   data required time
                                             -9.302340   data arrival time
---------------------------------------------------------------------------------------------
                                             32.866409   slack (MET)


Startpoint: _4017_ (rising edge-triggered flip-flop clocked by clk)
Endpoint: _3203_ (rising edge-triggered flip-flop clocked by clk)
Path Group: clk
Path Type: max

Fanout         Cap        Slew       Delay        Time   Description
---------------------------------------------------------------------------------------------
                                  0.000000    0.000000   clock clk (rise edge)
                                  0.000000    0.000000   clock source latency
     5    0.286972    1.190000    0.000000    0.000000 ^ gpio_in[38] (in)
                                                         gpio_in[38] (net)
                      1.689919    0.262458    0.262458 ^ clkbuf_0_gpio_in[38]/A (sky130_fd_sc_hd__clkbuf_16)
     5    0.084281    0.133166    0.428653    0.691111 ^ clkbuf_0_gpio_in[38]/X (sky130_fd_sc_hd__clkbuf_16)
                                                         clknet_0_gpio_in[38] (net)
                      0.133722    0.007089    0.698200 ^ clkbuf_1_0_0_gpio_in[38]/A (sky130_fd_sc_hd__clkbuf_8)
     3    0.028571    0.064428    0.182980    0.881180 ^ clkbuf_1_0_0_gpio_in[38]/X (sky130_fd_sc_hd__clkbuf_8)
                                                         clknet_1_0_0_gpio_in[38] (net)
                      0.064656    0.003097    0.884277 ^ clkbuf_1_0_1_gpio_in[38]/A (sky130_fd_sc_hd__clkbuf_8)
     5    0.074277    0.136870    0.207936    1.092212 ^ clkbuf_1_0_1_gpio_in[38]/X (sky130_fd_sc_hd__clkbuf_8)
                                                         clknet_1_0_1_gpio_in[38] (net)
                      0.139266    0.015080    1.107292 ^ clkbuf_2_1_0_gpio_in[38]/A (sky130_fd_sc_hd__clkbuf_8)
     5    0.062012    0.118737    0.220214    1.327506 ^ clkbuf_2_1_0_gpio_in[38]/X (sky130_fd_sc_hd__clkbuf_8)
                                                         clknet_2_1_0_gpio_in[38] (net)
                      0.121551    0.015140    1.342646 ^ clkbuf_3_2_0_gpio_in[38]/A (sky130_fd_sc_hd__clkbuf_8)
     3    0.052590    0.102905    0.204678    1.547324 ^ clkbuf_3_2_0_gpio_in[38]/X (sky130_fd_sc_hd__clkbuf_8)
                                                         clknet_3_2_0_gpio_in[38] (net)
                      0.104946    0.011959    1.559283 ^ clkbuf_3_2_1_gpio_in[38]/A (sky130_fd_sc_hd__clkbuf_8)
    37    0.497369    0.830802    0.628501    2.187784 ^ clkbuf_3_2_1_gpio_in[38]/X (sky130_fd_sc_hd__clkbuf_8)
                                                         clknet_3_2_1_gpio_in[38] (net)
                      0.948197    0.251452    2.439236 ^ clkbuf_leaf_57_gpio_in[38]/A (sky130_fd_sc_hd__clkbuf_8)
     3    0.039302    0.097591    0.350194    2.789430 ^ clkbuf_leaf_57_gpio_in[38]/X (sky130_fd_sc_hd__clkbuf_8)
                                                         clknet_leaf_57_gpio_in[38] (net)
                      0.097592    0.000589    2.790019 ^ _4017_/CLK (sky130_fd_sc_hd__dfrtp_4)
     3    0.012821    0.071853    0.456438    3.246457 ^ _4017_/Q (sky130_fd_sc_hd__dfrtp_4)
                                                         u_chip_core.fabric_spi_controller.rst_ni (net)
                      0.071853    0.000550    3.247006 ^ hold1666/A (sky130_fd_sc_hd__dlygate4sd3_1)
     1    0.015846    0.169816    0.670092    3.917099 ^ hold1666/X (sky130_fd_sc_hd__dlygate4sd3_1)
                                                         net3142 (net)
                      0.169816    0.000796    3.917895 ^ wire1340/A (sky130_fd_sc_hd__buf_8)
     5    0.098848    0.164378    0.220620    4.138515 ^ wire1340/X (sky130_fd_sc_hd__buf_8)
                                                         net1340 (net)
                      0.166178    0.014536    4.153051 ^ fanout1335/A (sky130_fd_sc_hd__buf_12)
    13    0.402802    0.432423    0.298346    4.451397 ^ fanout1335/X (sky130_fd_sc_hd__buf_12)
                                                         net1335 (net)
                      0.575517    0.205371    4.656768 ^ fanout1333/A (sky130_fd_sc_hd__buf_8)
    11    0.147207    0.241369    0.315924    4.972692 ^ fanout1333/X (sky130_fd_sc_hd__buf_8)
                                                         net1333 (net)
                      0.249009    0.035463    5.008155 ^ fanout1332/A (sky130_fd_sc_hd__clkbuf_16)
    19    0.247862    0.248621    0.304061    5.312216 ^ fanout1332/X (sky130_fd_sc_hd__clkbuf_16)
                                                         net1332 (net)
                      0.248625    0.001160    5.313375 ^ fanout1331/A (sky130_fd_sc_hd__buf_6)
    13    0.134190    0.267451    0.311108    5.624484 ^ fanout1331/X (sky130_fd_sc_hd__buf_6)
                                                         net1331 (net)
                      0.267452    0.000291    5.624775 ^ fanout1330/A (sky130_fd_sc_hd__clkbuf_8)
    19    0.115918    0.204230    0.330704    5.955480 ^ fanout1330/X (sky130_fd_sc_hd__clkbuf_8)
                                                         net1330 (net)
                      0.204967    0.010533    5.966013 ^ fanout1329/A (sky130_fd_sc_hd__buf_4)
    17    0.085874    0.238998    0.311480    6.277493 ^ fanout1329/X (sky130_fd_sc_hd__buf_4)
                                                         net1329 (net)
                      0.239003    0.001042    6.278534 ^ fanout1328/A (sky130_fd_sc_hd__clkbuf_4)
    21    0.071136    0.215464    0.342902    6.621436 ^ fanout1328/X (sky130_fd_sc_hd__clkbuf_4)
                                                         net1328 (net)
                      0.215467    0.000793    6.622229 ^ fanout1327/A (sky130_fd_sc_hd__clkbuf_4)
    17    0.063603    0.194475    0.319651    6.941880 ^ fanout1327/X (sky130_fd_sc_hd__clkbuf_4)
                                                         net1327 (net)
                      0.194475    0.000598    6.942478 ^ fanout1322/A (sky130_fd_sc_hd__buf_2)
    10    0.040868    0.201342    0.280900    7.223378 ^ fanout1322/X (sky130_fd_sc_hd__buf_2)
                                                         net1322 (net)
                      0.201348    0.001454    7.224832 ^ _1946_/A (sky130_fd_sc_hd__and2_1)
     1    0.015390    0.159448    0.251923    7.476756 ^ _1946_/X (sky130_fd_sc_hd__and2_1)
                                                         _0916_ (net)
                      0.159448    0.000593    7.477349 ^ fanout1276/A (sky130_fd_sc_hd__buf_12)
    13    0.728836    0.782758    0.534047    8.011396 ^ fanout1276/X (sky130_fd_sc_hd__buf_12)
                                                         net1276 (net)
                      0.782766    0.002640    8.014036 ^ fanout1274/A (sky130_fd_sc_hd__buf_12)
    21    0.487613    0.540481    0.474825    8.488860 ^ fanout1274/X (sky130_fd_sc_hd__buf_12)
                                                         net1274 (net)
                      0.540679    0.010279    8.499140 ^ _1948_/B (sky130_fd_sc_hd__and3_1)
     1    0.004718    0.072249    0.267054    8.766193 ^ _1948_/X (sky130_fd_sc_hd__and3_1)
                                                         _0918_ (net)
                      0.072249    0.000120    8.766314 ^ _1954_/A (sky130_fd_sc_hd__and4_1)
     1    0.009367    0.109019    0.229841    8.996154 ^ _1954_/X (sky130_fd_sc_hd__and4_1)
                                                         _0924_ (net)
                      0.109019    0.000387    8.996542 ^ _1955_/D_N (sky130_fd_sc_hd__or4b_4)
     7    0.068926    0.177954    0.641407    9.637948 v _1955_/X (sky130_fd_sc_hd__or4b_4)
                                                         _0925_ (net)
                      0.178838    0.008320    9.646269 v hold1566/A (sky130_fd_sc_hd__dlygate4sd3_1)
     3    0.035408    0.195051    0.797042   10.443312 v hold1566/X (sky130_fd_sc_hd__dlygate4sd3_1)
                                                         net3042 (net)
                      0.195141    0.004106   10.447417 v _1956_/B (sky130_fd_sc_hd__nand2b_2)
     5    0.022673    0.141902    0.205227   10.652644 ^ _1956_/Y (sky130_fd_sc_hd__nand2b_2)
                                                         _0926_ (net)
                      0.141904    0.000872   10.653517 ^ hold1567/A (sky130_fd_sc_hd__dlygate4sd3_1)
     1    0.007982    0.098212    0.632518   11.286035 ^ hold1567/X (sky130_fd_sc_hd__dlygate4sd3_1)
                                                         net3043 (net)
                      0.098327    0.000279   11.286314 ^ _1961_/B1 (sky130_fd_sc_hd__o211a_1)
     1    0.005508    0.062769    0.177368   11.463682 ^ _1961_/X (sky130_fd_sc_hd__o211a_1)
                                                         _0004_ (net)
                      0.062769    0.000134   11.463816 ^ hold1568/A (sky130_fd_sc_hd__dlygate4sd3_1)
     1    0.004641    0.069025    0.583225   12.047041 ^ hold1568/X (sky130_fd_sc_hd__dlygate4sd3_1)
                                                         net3044 (net)
                      0.069025    0.000095   12.047136 ^ _3203_/D (sky130_fd_sc_hd__dfrtp_4)
                                             12.047136   data arrival time

                                 40.000000   40.000000   clock clk (rise edge)
                                  0.000000   40.000000   clock source latency
     5    0.286972    1.000000    0.000000   40.000000 ^ gpio_in[38] (in)
                                                         gpio_in[38] (net)
                      1.499919    0.237460   40.237461 ^ clkbuf_0_gpio_in[38]/A (sky130_fd_sc_hd__clkbuf_16)
     5    0.084281    0.129545    0.371251   40.608711 ^ clkbuf_0_gpio_in[38]/X (sky130_fd_sc_hd__clkbuf_16)
                                                         clknet_0_gpio_in[38] (net)
                      0.130115    0.006413   40.615124 ^ clkbuf_1_0_0_gpio_in[38]/A (sky130_fd_sc_hd__clkbuf_8)
     3    0.028571    0.064364    0.164476   40.779602 ^ clkbuf_1_0_0_gpio_in[38]/X (sky130_fd_sc_hd__clkbuf_8)
                                                         clknet_1_0_0_gpio_in[38] (net)
                      0.064593    0.002800   40.782402 ^ clkbuf_1_0_1_gpio_in[38]/A (sky130_fd_sc_hd__clkbuf_8)
     5    0.074277    0.136871    0.188113   40.970512 ^ clkbuf_1_0_1_gpio_in[38]/X (sky130_fd_sc_hd__clkbuf_8)
                                                         clknet_1_0_1_gpio_in[38] (net)
                      0.139267    0.013642   40.984158 ^ clkbuf_2_1_0_gpio_in[38]/A (sky130_fd_sc_hd__clkbuf_8)
     5    0.062012    0.118737    0.199240   41.183395 ^ clkbuf_2_1_0_gpio_in[38]/X (sky130_fd_sc_hd__clkbuf_8)
                                                         clknet_2_1_0_gpio_in[38] (net)
                      0.121572    0.013749   41.197144 ^ clkbuf_3_3_0_gpio_in[38]/A (sky130_fd_sc_hd__clkbuf_8)
     3    0.072122    0.135766    0.200668   41.397812 ^ clkbuf_3_3_0_gpio_in[38]/X (sky130_fd_sc_hd__clkbuf_8)
                                                         clknet_3_3_0_gpio_in[38] (net)
                      0.140805    0.019501   41.417313 ^ clkbuf_3_3_1_gpio_in[38]/A (sky130_fd_sc_hd__clkbuf_8)
    23    0.160835    0.278636    0.304794   41.722107 ^ clkbuf_3_3_1_gpio_in[38]/X (sky130_fd_sc_hd__clkbuf_8)
                                                         clknet_3_3_1_gpio_in[38] (net)
                      0.278677    0.002785   41.724892 ^ clkbuf_leaf_92_gpio_in[38]/A (sky130_fd_sc_hd__clkbuf_8)
     3    0.032709    0.073145    0.214396   41.939289 ^ clkbuf_leaf_92_gpio_in[38]/X (sky130_fd_sc_hd__clkbuf_8)
                                                         clknet_leaf_92_gpio_in[38] (net)
                      0.073145    0.000242   41.939529 ^ _3203_/CLK (sky130_fd_sc_hd__dfrtp_4)
                                 -0.100000   41.839531   clock uncertainty
                                  0.144111   41.983643   clock reconvergence pessimism
                                 -0.064783   41.918861   library setup time
                                             41.918861   data required time
---------------------------------------------------------------------------------------------
                                             41.918861   data required time
                                            -12.047136   data arrival time
---------------------------------------------------------------------------------------------
                                             29.871725   slack (MET)




===========================================================================
report_checks --slack_max -0.01
============================================================================
======================= min_tt_025C_1v80 Corner ===================================

No paths found.


===========================================================================
 report_check_types -max_slew -max_cap -max_fanout -violators
============================================================================
======================= min_tt_025C_1v80 Corner ===================================

max slew

Pin                                        Limit        Slew       Slack
------------------------------------------------------------------------
wire913/A                               1.500000   11.246607   -9.746607 (VIOLATED)
ANTENNA_wire913_A/DIODE                 1.500000   11.246584   -9.746583 (VIOLATED)
wire904/A                               1.500000    8.903633   -7.403633 (VIOLATED)
ANTENNA_wire904_A/DIODE                 1.500000    8.903607   -7.403607 (VIOLATED)
ANTENNA_wire914_X/DIODE                 1.500000    6.241999   -4.741999 (VIOLATED)
wire914/X                               1.500000    6.241985   -4.741986 (VIOLATED)
wire985/A                               1.500000    5.575621   -4.075621 (VIOLATED)
ANTENNA_wire985_A/DIODE                 1.500000    5.575509   -4.075509 (VIOLATED)
_1498_/B                                1.500000    4.746000   -3.246000 (VIOLATED)
ANTENNA__1498__B/DIODE                  1.500000    4.745986   -3.245986 (VIOLATED)
ANTENNA_wire882_A/DIODE                 1.500000    3.959911   -2.459911 (VIOLATED)
wire882/A                               1.500000    3.959913   -2.459913 (VIOLATED)
ANTENNA__1570__Y/DIODE                  1.500000    3.919351   -2.419351 (VIOLATED)
_1570_/Y                                1.500000    3.919344   -2.419344 (VIOLATED)
wire986/A                               1.500000    3.769896   -2.269896 (VIOLATED)
ANTENNA_6/DIODE                         1.500000    3.769889   -2.269889 (VIOLATED)
ANTENNA_wire986_A/DIODE                 1.500000    3.769805   -2.269805 (VIOLATED)
ANTENNA_5/DIODE                         1.500000    3.769794   -2.269794 (VIOLATED)
ANTENNA_7/DIODE                         1.500000    3.769781   -2.269781 (VIOLATED)
ANTENNA_8/DIODE                         1.500000    3.769768   -2.269768 (VIOLATED)
ANTENNA_9/DIODE                         1.500000    3.769741   -2.269741 (VIOLATED)
ANTENNA_10/DIODE                        1.500000    3.769726   -2.269726 (VIOLATED)
_1477_/A                                1.500000    3.667717   -2.167717 (VIOLATED)
ANTENNA__1477__A/DIODE                  1.500000    3.667712   -2.167712 (VIOLATED)
ANTENNA__1497__B/DIODE                  1.500000    3.518974   -2.018974 (VIOLATED)
_1497_/B                                1.500000    3.518972   -2.018972 (VIOLATED)
wire983/A                               1.500000    3.373961   -1.873961 (VIOLATED)
ANTENNA_wire983_A/DIODE                 1.500000    3.373928   -1.873928 (VIOLATED)
ANTENNA__1503__B/DIODE                  1.500000    3.254465   -1.754465 (VIOLATED)
_1503_/B                                1.500000    3.252521   -1.752521 (VIOLATED)
_1478_/A                                1.500000    3.248763   -1.748763 (VIOLATED)
ANTENNA__1478__A/DIODE                  1.500000    3.248759   -1.748759 (VIOLATED)
ANTENNA__1495__B/DIODE                  1.500000    3.216353   -1.716354 (VIOLATED)
_1495_/B                                1.500000    3.216331   -1.716331 (VIOLATED)
ANTENNA_349/DIODE                       1.500000    3.216268   -1.716268 (VIOLATED)
_1504_/B                                1.500000    2.903168   -1.403169 (VIOLATED)
ANTENNA__1504__B/DIODE                  1.500000    2.903150   -1.403150 (VIOLATED)
wire976/A                               1.500000    2.849529   -1.349529 (VIOLATED)
ANTENNA_wire976_A/DIODE                 1.500000    2.849493   -1.349493 (VIOLATED)
ANTENNA__1500__B/DIODE                  1.500000    2.763453   -1.263453 (VIOLATED)
_1500_/B                                1.500000    2.763446   -1.263446 (VIOLATED)
ANTENNA_304/DIODE                       1.500000    2.737381   -1.237381 (VIOLATED)
ANTENNA_303/DIODE                       1.500000    2.737146   -1.237146 (VIOLATED)
ANTENNA_302/DIODE                       1.500000    2.736634   -1.236634 (VIOLATED)
_1469_/A                                1.500000    2.736353   -1.236354 (VIOLATED)
ANTENNA__1469__A/DIODE                  1.500000    2.734257   -1.234257 (VIOLATED)
ANTENNA_308/DIODE                       1.500000    2.733739   -1.233739 (VIOLATED)
ANTENNA_309/DIODE                       1.500000    2.733220   -1.233220 (VIOLATED)
ANTENNA_310/DIODE                       1.500000    2.732699   -1.232699 (VIOLATED)
ANTENNA__1529__X/DIODE                  1.500000    2.700456   -1.200456 (VIOLATED)
_1529_/X                                1.500000    2.700424   -1.200424 (VIOLATED)
ANTENNA_170/DIODE                       1.500000    2.597227   -1.097227 (VIOLATED)
ANTENNA_171/DIODE                       1.500000    2.597227   -1.097227 (VIOLATED)
wire921/A                               1.500000    2.597227   -1.097227 (VIOLATED)
ANTENNA_wire921_A/DIODE                 1.500000    2.597220   -1.097221 (VIOLATED)
ANTENNA_172/DIODE                       1.500000    2.597218   -1.097218 (VIOLATED)
ANTENNA_173/DIODE                       1.500000    2.597214   -1.097214 (VIOLATED)
ANTENNA_174/DIODE                       1.500000    2.597210   -1.097210 (VIOLATED)
ANTENNA_175/DIODE                       1.500000    2.597206   -1.097206 (VIOLATED)
ANTENNA_wire922_X/DIODE                 1.500000    2.460600   -0.960600 (VIOLATED)
wire922/X                               1.500000    2.460596   -0.960596 (VIOLATED)
ANTENNA_168/DIODE                       1.500000    2.119848   -0.619848 (VIOLATED)
ANTENNA_166/DIODE                       1.500000    2.119784   -0.619784 (VIOLATED)
ANTENNA_164/DIODE                       1.500000    2.119652   -0.619652 (VIOLATED)
ANTENNA_162/DIODE                       1.500000    2.119511   -0.619511 (VIOLATED)
ANTENNA_160/DIODE                       1.500000    2.119207   -0.619207 (VIOLATED)
ANTENNA_wire905_X/DIODE                 1.500000    2.119178   -0.619178 (VIOLATED)
ANTENNA_163/DIODE                       1.500000    2.119175   -0.619175 (VIOLATED)
ANTENNA_165/DIODE                       1.500000    2.119175   -0.619175 (VIOLATED)
ANTENNA_167/DIODE                       1.500000    2.119175   -0.619175 (VIOLATED)
ANTENNA_169/DIODE                       1.500000    2.119175   -0.619175 (VIOLATED)
ANTENNA_159/DIODE                       1.500000    2.119174   -0.619174 (VIOLATED)
ANTENNA_161/DIODE                       1.500000    2.119174   -0.619174 (VIOLATED)
wire905/X                               1.500000    2.119153   -0.619153 (VIOLATED)
wire1453/A                              1.500000    2.114091   -0.614091 (VIOLATED)
ANTENNA_wire1453_A/DIODE                1.500000    2.114074   -0.614073 (VIOLATED)
_2499_/A1                               1.500000    2.098611   -0.598611 (VIOLATED)
ANTENNA__2499__A1/DIODE                 1.500000    2.098572   -0.598572 (VIOLATED)
fanout1317/A                            1.500000    1.954237   -0.454237 (VIOLATED)
ANTENNA_fanout1317_A/DIODE              1.500000    1.954184   -0.454184 (VIOLATED)
_1499_/B                                1.500000    1.938554   -0.438554 (VIOLATED)
ANTENNA__1499__B/DIODE                  1.500000    1.938549   -0.438549 (VIOLATED)
wire969/A                               1.500000    1.932611   -0.432612 (VIOLATED)
ANTENNA_wire969_A/DIODE                 1.500000    1.932608   -0.432608 (VIOLATED)
ANTENNA__1541__X/DIODE                  1.500000    1.931100   -0.431100 (VIOLATED)
_1541_/X                                1.500000    1.931100   -0.431100 (VIOLATED)
ANTENNA_wire846_A/DIODE                 1.500000    1.929919   -0.429919 (VIOLATED)
wire846/A                               1.500000    1.929910   -0.429910 (VIOLATED)
ANTENNA__1530__X/DIODE                  1.500000    1.899484   -0.399484 (VIOLATED)
_1530_/X                                1.500000    1.899456   -0.399456 (VIOLATED)
ANTENNA__1574__Y/DIODE                  1.500000    1.898507   -0.398507 (VIOLATED)
_1574_/Y                                1.500000    1.898507   -0.398507 (VIOLATED)
_2500_/A1                               1.500000    1.842189   -0.342189 (VIOLATED)
ANTENNA__2500__A1/DIODE                 1.500000    1.842179   -0.342179 (VIOLATED)
_2479_/A1                               1.500000    1.837543   -0.337543 (VIOLATED)
ANTENNA__2479__A1/DIODE                 1.500000    1.837528   -0.337528 (VIOLATED)
clkbuf_0_gpio_in[38]/A                  1.500000    1.689919   -0.189919 (VIOLATED)
ANTENNA_314/DIODE                       1.500000    1.689851   -0.189851 (VIOLATED)
ANTENNA_clkbuf_0_gpio_in[38]_A/DIODE    1.500000    1.689822   -0.189822 (VIOLATED)
ANTENNA_313/DIODE                       1.500000    1.689790   -0.189790 (VIOLATED)
ANTENNA_315/DIODE                       1.500000    1.689753   -0.189753 (VIOLATED)
ANTENNA__2501__A1/DIODE                 1.500000    1.685995   -0.185995 (VIOLATED)
_2501_/A1                               1.500000    1.685985   -0.185985 (VIOLATED)
fanout1312/A                            1.500000    1.675048   -0.175048 (VIOLATED)
ANTENNA_fanout1312_A/DIODE              1.500000    1.675011   -0.175011 (VIOLATED)
_2477_/A1                               1.500000    1.662186   -0.162186 (VIOLATED)
ANTENNA__2477__A1/DIODE                 1.500000    1.662168   -0.162168 (VIOLATED)
fanout759/A                             1.500000    1.654519   -0.154519 (VIOLATED)
ANTENNA_fanout759_A/DIODE               1.500000    1.654516   -0.154516 (VIOLATED)
ANTENNA__2484__S/DIODE                  1.500000    1.654466   -0.154466 (VIOLATED)
_2484_/S                                1.500000    1.654457   -0.154457 (VIOLATED)
ANTENNA__2480__S/DIODE                  1.500000    1.654293   -0.154293 (VIOLATED)
_2480_/S                                1.500000    1.654229   -0.154229 (VIOLATED)
ANTENNA_fanout757_A/DIODE               1.500000    1.653841   -0.153842 (VIOLATED)
fanout757/A                             1.500000    1.653839   -0.153839 (VIOLATED)
ANTENNA__2474__A1/DIODE                 1.500000    1.642065   -0.142065 (VIOLATED)
_2474_/A1                               1.500000    1.642048   -0.142048 (VIOLATED)
ANTENNA_252/DIODE                       1.500000    1.642032   -0.142032 (VIOLATED)
fanout1173/A                            1.500000    1.621810   -0.121810 (VIOLATED)
ANTENNA_fanout1173_A/DIODE              1.500000    1.621804   -0.121804 (VIOLATED)
ANTENNA__1566__B1/DIODE                 1.500000    1.609176   -0.109176 (VIOLATED)
_1566_/B1                               1.500000    1.609164   -0.109164 (VIOLATED)
ANTENNA__1531__B1/DIODE                 1.500000    1.608944   -0.108945 (VIOLATED)
_1531_/B1                               1.500000    1.608807   -0.108807 (VIOLATED)
ANTENNA__1530__B1/DIODE                 1.500000    1.604513   -0.104513 (VIOLATED)
_1530_/B1                               1.500000    1.604366   -0.104366 (VIOLATED)
_1565_/B1                               1.500000    1.604110   -0.104110 (VIOLATED)
ANTENNA__1565__B1/DIODE                 1.500000    1.603675   -0.103675 (VIOLATED)
ANTENNA__1529__B1/DIODE                 1.500000    1.603378   -0.103378 (VIOLATED)
_1529_/B1                               1.500000    1.603061   -0.103061 (VIOLATED)
_1564_/B1                               1.500000    1.601622   -0.101622 (VIOLATED)
ANTENNA__1564__B1/DIODE                 1.500000    1.600690   -0.100691 (VIOLATED)
_2492_/A1                               1.500000    1.593745   -0.093745 (VIOLATED)
ANTENNA__2492__A1/DIODE                 1.500000    1.593735   -0.093735 (VIOLATED)
ANTENNA_338/DIODE                       1.500000    1.593697   -0.093697 (VIOLATED)
ANTENNA_337/DIODE                       1.500000    1.593674   -0.093675 (VIOLATED)
ANTENNA__2473__A1/DIODE                 1.500000    1.580574   -0.080574 (VIOLATED)
_2473_/A1                               1.500000    1.580574   -0.080574 (VIOLATED)
_2484_/A1                               1.500000    1.558132   -0.058132 (VIOLATED)
ANTENNA__2484__A1/DIODE                 1.500000    1.558101   -0.058101 (VIOLATED)
_2483_/A1                               1.500000    1.548454   -0.048454 (VIOLATED)
ANTENNA__2483__A1/DIODE                 1.500000    1.548441   -0.048441 (VIOLATED)
_2488_/A1                               1.500000    1.525392   -0.025392 (VIOLATED)
ANTENNA__2488__A1/DIODE                 1.500000    1.525378   -0.025378 (VIOLATED)
wire980/A                               1.500000    1.515468   -0.015468 (VIOLATED)
ANTENNA_wire980_A/DIODE                 1.500000    1.515419   -0.015419 (VIOLATED)
fanout1170/A                            1.500000    1.511634   -0.011634 (VIOLATED)
ANTENNA_fanout1170_A/DIODE              1.500000    1.511537   -0.011537 (VIOLATED)

max fanout

Pin                                   Limit Fanout  Slack
---------------------------------------------------------
clkbuf_leaf_5_gpio_in[38]/X              20     41    -21 (VIOLATED)
clkbuf_3_2_1_gpio_in[38]/X               20     37    -17 (VIOLATED)
clkbuf_leaf_54_gpio_in[38]/X             20     37    -17 (VIOLATED)
clkbuf_3_4_1_gpio_in[38]/X               20     33    -13 (VIOLATED)
fanout1244/X                             20     32    -12 (VIOLATED)
clkbuf_3_1_1_gpio_in[38]/X               20     31    -11 (VIOLATED)
clkbuf_leaf_22_gpio_in[38]/X             20     31    -11 (VIOLATED)
clkbuf_leaf_38_gpio_in[38]/X             20     31    -11 (VIOLATED)
clkbuf_leaf_45_gpio_in[38]/X             20     31    -11 (VIOLATED)
clkbuf_leaf_6_gpio_in[38]/X              20     31    -11 (VIOLATED)
clkbuf_leaf_78_gpio_in[38]/X             20     31    -11 (VIOLATED)
clkbuf_leaf_79_gpio_in[38]/X             20     31    -11 (VIOLATED)
clkbuf_leaf_2_gpio_in[38]/X              20     29     -9 (VIOLATED)
clkbuf_leaf_32_gpio_in[38]/X             20     29     -9 (VIOLATED)
clkbuf_leaf_51_gpio_in[38]/X             20     29     -9 (VIOLATED)
clkbuf_leaf_10_gpio_in[38]/X             20     27     -7 (VIOLATED)
clkbuf_leaf_29_gpio_in[38]/X             20     27     -7 (VIOLATED)
clkbuf_leaf_85_gpio_in[38]/X             20     27     -7 (VIOLATED)
clkbuf_leaf_69_gpio_in[38]/X             20     25     -5 (VIOLATED)
fanout1305/X                             20     24     -4 (VIOLATED)
clkbuf_3_0_1_gpio_in[38]/X               20     23     -3 (VIOLATED)
clkbuf_3_3_1_gpio_in[38]/X               20     23     -3 (VIOLATED)
fanout1230/X                             20     23     -3 (VIOLATED)
fanout1254/X                             20     23     -3 (VIOLATED)
gpio_loopback_zero[25]                   20     22     -2 (VIOLATED)
gpio_loopback_zero[26]                   20     22     -2 (VIOLATED)
gpio_loopback_zero[30]                   20     22     -2 (VIOLATED)
gpio_loopback_zero[32]                   20     22     -2 (VIOLATED)
gpio_loopback_zero[38]                   20     22     -2 (VIOLATED)
fanout1193/X                             20     22     -2 (VIOLATED)
fanout1224/X                             20     22     -2 (VIOLATED)
fanout1236/X                             20     22     -2 (VIOLATED)
fanout1245/X                             20     22     -2 (VIOLATED)
fanout1278/X                             20     22     -2 (VIOLATED)
fanout1363/X                             20     22     -2 (VIOLATED)
_4063_/Q                                 20     21        (VIOLATED)
_4064_/Q                                 20     21        (VIOLATED)
clkbuf_3_6_1_gpio_in[38]/X               20     21        (VIOLATED)
clkbuf_leaf_1_gpio_in[38]/X              20     21        (VIOLATED)
clkbuf_leaf_33_gpio_in[38]/X             20     21        (VIOLATED)
clkbuf_leaf_62_gpio_in[38]/X             20     21        (VIOLATED)
fanout1000/X                             20     21        (VIOLATED)
fanout1001/X                             20     21        (VIOLATED)
fanout1022/X                             20     21        (VIOLATED)
fanout1023/X                             20     21        (VIOLATED)
fanout1120/X                             20     21        (VIOLATED)
fanout1122/X                             20     21        (VIOLATED)
fanout1127/X                             20     21        (VIOLATED)
fanout1128/X                             20     21        (VIOLATED)
fanout1150/X                             20     21        (VIOLATED)
fanout1155/X                             20     21        (VIOLATED)
fanout1158/X                             20     21        (VIOLATED)
fanout1166/X                             20     21        (VIOLATED)
fanout1167/X                             20     21        (VIOLATED)
fanout1169/X                             20     21        (VIOLATED)
fanout1170/X                             20     21        (VIOLATED)
fanout1172/X                             20     21        (VIOLATED)
fanout1173/X                             20     21        (VIOLATED)
fanout1175/X                             20     21        (VIOLATED)
fanout1176/X                             20     21        (VIOLATED)
fanout1181/X                             20     21        (VIOLATED)
fanout1182/X                             20     21        (VIOLATED)
fanout1187/X                             20     21        (VIOLATED)
fanout1188/X                             20     21        (VIOLATED)
fanout1194/X                             20     21        (VIOLATED)
fanout1199/X                             20     21        (VIOLATED)
fanout1200/X                             20     21        (VIOLATED)
fanout1205/X                             20     21        (VIOLATED)
fanout1206/X                             20     21        (VIOLATED)
fanout1211/X                             20     21        (VIOLATED)
fanout1212/X                             20     21        (VIOLATED)
fanout1214/X                             20     21        (VIOLATED)
fanout1215/X                             20     21        (VIOLATED)
fanout1217/X                             20     21        (VIOLATED)
fanout1218/X                             20     21        (VIOLATED)
fanout1220/X                             20     21        (VIOLATED)
fanout1221/X                             20     21        (VIOLATED)
fanout1223/X                             20     21        (VIOLATED)
fanout1226/X                             20     21        (VIOLATED)
fanout1227/X                             20     21        (VIOLATED)
fanout1229/X                             20     21        (VIOLATED)
fanout1232/X                             20     21        (VIOLATED)
fanout1233/X                             20     21        (VIOLATED)
fanout1235/X                             20     21        (VIOLATED)
fanout1238/X                             20     21        (VIOLATED)
fanout1239/X                             20     21        (VIOLATED)
fanout1241/X                             20     21        (VIOLATED)
fanout1242/X                             20     21        (VIOLATED)
fanout1247/X                             20     21        (VIOLATED)
fanout1248/X                             20     21        (VIOLATED)
fanout1250/X                             20     21        (VIOLATED)
fanout1251/X                             20     21        (VIOLATED)
fanout1253/X                             20     21        (VIOLATED)
fanout1256/X                             20     21        (VIOLATED)
fanout1257/X                             20     21        (VIOLATED)
fanout1259/X                             20     21        (VIOLATED)
fanout1260/X                             20     21        (VIOLATED)
fanout1262/X                             20     21        (VIOLATED)
fanout1263/X                             20     21        (VIOLATED)
fanout1265/X                             20     21        (VIOLATED)
fanout1266/X                             20     21        (VIOLATED)
fanout1268/X                             20     21        (VIOLATED)
fanout1269/X                             20     21        (VIOLATED)
fanout1271/X                             20     21        (VIOLATED)
fanout1272/X                             20     21        (VIOLATED)
fanout1274/X                             20     21        (VIOLATED)
fanout1275/X                             20     21        (VIOLATED)
fanout1277/X                             20     21        (VIOLATED)
fanout1288/X                             20     21        (VIOLATED)
fanout1289/X                             20     21        (VIOLATED)
fanout1290/X                             20     21        (VIOLATED)
fanout1293/X                             20     21        (VIOLATED)
fanout1295/X                             20     21        (VIOLATED)
fanout1297/X                             20     21        (VIOLATED)
fanout1306/X                             20     21        (VIOLATED)
fanout1309/X                             20     21        (VIOLATED)
fanout1313/X                             20     21        (VIOLATED)
fanout1314/X                             20     21        (VIOLATED)
fanout1315/X                             20     21        (VIOLATED)
fanout1316/X                             20     21        (VIOLATED)
fanout1326/X                             20     21        (VIOLATED)
fanout1328/X                             20     21        (VIOLATED)
fanout1334/X                             20     21        (VIOLATED)
fanout1336/X                             20     21        (VIOLATED)
fanout1351/X                             20     21        (VIOLATED)
fanout1354/X                             20     21        (VIOLATED)
fanout1357/X                             20     21        (VIOLATED)
fanout1360/X                             20     21        (VIOLATED)
fanout1366/X                             20     21        (VIOLATED)
fanout1369/X                             20     21        (VIOLATED)
fanout1372/X                             20     21        (VIOLATED)
fanout1375/X                             20     21        (VIOLATED)
fanout1378/X                             20     21        (VIOLATED)
fanout1381/X                             20     21        (VIOLATED)
fanout1384/X                             20     21        (VIOLATED)
fanout1387/X                             20     21        (VIOLATED)
fanout1390/X                             20     21        (VIOLATED)
fanout1393/X                             20     21        (VIOLATED)
fanout1396/X                             20     21        (VIOLATED)
fanout1399/X                             20     21        (VIOLATED)
fanout1402/X                             20     21        (VIOLATED)
fanout1405/X                             20     21        (VIOLATED)
fanout1408/X                             20     21        (VIOLATED)
fanout1419/X                             20     21        (VIOLATED)
fanout1420/X                             20     21        (VIOLATED)
fanout1421/X                             20     21        (VIOLATED)
fanout1422/X                             20     21        (VIOLATED)
fanout635/X                              20     21        (VIOLATED)
fanout667/X                              20     21        (VIOLATED)
fanout668/X                              20     21        (VIOLATED)
fanout697/X                              20     21        (VIOLATED)
fanout773/X                              20     21        (VIOLATED)
fanout777/X                              20     21        (VIOLATED)
fanout783/X                              20     21        (VIOLATED)
fanout786/X                              20     21        (VIOLATED)
fanout999/X                              20     21        (VIOLATED)

max capacitance

Pin                                        Limit         Cap       Slack
------------------------------------------------------------------------
wire914/X                               0.281077    1.351826   -1.070749 (VIOLATED)
wire905/X                               0.561228    1.368197   -0.806969 (VIOLATED)
_1529_/X                                0.556650    1.031159   -0.474509 (VIOLATED)
_1530_/X                                0.556650    1.006126   -0.449476 (VIOLATED)
wire922/X                               0.281077    0.462097   -0.181019 (VIOLATED)
_1570_/Y                                0.170298    0.345512   -0.175214 (VIOLATED)
_1541_/X                                0.159312    0.205388   -0.046076 (VIOLATED)



===========================================================================
report_parasitic_annotation -report_unannotated
============================================================================
Found 233 unannotated drivers.
 analog_io[0]
 analog_io[10]
 analog_io[11]
 analog_io[12]
 analog_io[13]
 analog_io[14]
 analog_io[15]
 analog_io[16]
 analog_io[17]
 analog_io[18]
 analog_io[19]
 analog_io[1]
 analog_io[20]
 analog_io[21]
 analog_io[22]
 analog_io[23]
 analog_io[24]
 analog_io[25]
 analog_io[26]
 analog_io[27]
 analog_io[28]
 analog_io[29]
 analog_io[2]
 analog_io[30]
 analog_io[31]
 analog_io[32]
 analog_io[33]
 analog_io[34]
 analog_io[35]
 analog_io[36]
 analog_io[37]
 analog_io[38]
 analog_io[39]
 analog_io[3]
 analog_io[40]
 analog_io[41]
 analog_io[42]
 analog_io[43]
 analog_io[4]
 analog_io[5]
 analog_io[6]
 analog_io[7]
 analog_io[8]
 analog_io[9]
 analog_noesd_io[0]
 analog_noesd_io[10]
 analog_noesd_io[11]
 analog_noesd_io[12]
 analog_noesd_io[13]
 analog_noesd_io[14]
 analog_noesd_io[15]
 analog_noesd_io[16]
 analog_noesd_io[17]
 analog_noesd_io[18]
 analog_noesd_io[19]
 analog_noesd_io[1]
 analog_noesd_io[20]
 analog_noesd_io[21]
 analog_noesd_io[22]
 analog_noesd_io[23]
 analog_noesd_io[24]
 analog_noesd_io[25]
 analog_noesd_io[26]
 analog_noesd_io[27]
 analog_noesd_io[28]
 analog_noesd_io[29]
 analog_noesd_io[2]
 analog_noesd_io[30]
 analog_noesd_io[31]
 analog_noesd_io[32]
 analog_noesd_io[33]
 analog_noesd_io[34]
 analog_noesd_io[35]
 analog_noesd_io[36]
 analog_noesd_io[37]
 analog_noesd_io[38]
 analog_noesd_io[39]
 analog_noesd_io[3]
 analog_noesd_io[40]
 analog_noesd_io[41]
 analog_noesd_io[42]
 analog_noesd_io[43]
 analog_noesd_io[4]
 analog_noesd_io[5]
 analog_noesd_io[6]
 analog_noesd_io[7]
 analog_noesd_io[8]
 analog_noesd_io[9]
 gpio_in[14]
 gpio_in[29]
 gpio_in_h[0]
 gpio_in_h[10]
 gpio_in_h[11]
 gpio_in_h[12]
 gpio_in_h[13]
 gpio_in_h[14]
 gpio_in_h[15]
 gpio_in_h[16]
 gpio_in_h[17]
 gpio_in_h[18]
 gpio_in_h[19]
 gpio_in_h[1]
 gpio_in_h[20]
 gpio_in_h[21]
 gpio_in_h[22]
 gpio_in_h[23]
 gpio_in_h[24]
 gpio_in_h[25]
 gpio_in_h[26]
 gpio_in_h[27]
 gpio_in_h[28]
 gpio_in_h[29]
 gpio_in_h[2]
 gpio_in_h[30]
 gpio_in_h[31]
 gpio_in_h[32]
 gpio_in_h[33]
 gpio_in_h[34]
 gpio_in_h[35]
 gpio_in_h[36]
 gpio_in_h[37]
 gpio_in_h[38]
 gpio_in_h[39]
 gpio_in_h[3]
 gpio_in_h[40]
 gpio_in_h[41]
 gpio_in_h[42]
 gpio_in_h[43]
 gpio_in_h[4]
 gpio_in_h[5]
 gpio_in_h[6]
 gpio_in_h[7]
 gpio_in_h[8]
 gpio_in_h[9]
 gpio_loopback_one[0]
 gpio_loopback_zero[0]
 por_l
 porb_h
 porb_l
 resetb_h
 _4016__1475/LO
 clkload0/X
 clkload1/X
 clkload10/Y
 clkload11/Y
 clkload12/Y
 clkload13/Y
 clkload14/Y
 clkload15/Y
 clkload16/X
 clkload17/Y
 clkload18/Y
 clkload19/Y
 clkload2/Y
 clkload20/Y
 clkload21/Y
 clkload22/Y
 clkload23/Y
 clkload24/Y
 clkload25/Y
 clkload26/Y
 clkload27/Y
 clkload28/Y
 clkload29/Y
 clkload3/Y
 clkload30/Y
 clkload31/Y
 clkload32/Y
 clkload33/Y
 clkload34/X
 clkload35/Y
 clkload36/Y
 clkload37/Y
 clkload38/Y
 clkload39/Y
 clkload4/Y
 clkload40/Y
 clkload41/Y
 clkload42/Y
 clkload43/Y
 clkload44/Y
 clkload45/Y
 clkload46/Y
 clkload47/Y
 clkload48/Y
 clkload49/Y
 clkload5/Y
 clkload50/Y
 clkload51/Y
 clkload52/Y
 clkload53/Y
 clkload54/Y
 clkload55/Y
 clkload56/Y
 clkload57/X
 clkload58/Y
 clkload59/Y
 clkload6/Y
 clkload60/Y
 clkload61/Y
 clkload62/Y
 clkload63/X
 clkload64/Y
 clkload65/Y
 clkload66/Y
 clkload67/Y
 clkload68/Y
 clkload69/Y
 clkload7/Y
 clkload70/Y
 clkload71/Y
 clkload72/Y
 clkload73/Y
 clkload74/Y
 clkload75/X
 clkload76/X
 clkload77/Y
 clkload78/X
 clkload8/X
 clkload9/Y
 openframe_project_wrapper_1463/HI
 openframe_project_wrapper_1464/HI
 openframe_project_wrapper_1465/HI
 openframe_project_wrapper_1466/HI
 openframe_project_wrapper_1467/HI
 openframe_project_wrapper_1468/HI
 openframe_project_wrapper_1469/HI
 openframe_project_wrapper_1470/HI
 openframe_project_wrapper_1471/HI
 openframe_project_wrapper_1472/HI
 openframe_project_wrapper_1473/HI
 openframe_project_wrapper_1474/HI
 openframe_project_wrapper_1476/LO
Found 0 partially unannotated drivers.

===========================================================================
max slew violation count 148
max fanout violation count 156
max cap violation count 7
============================================================================

===========================================================================
check_setup -verbose -unconstrained_endpoints -multiple_clock -no_clock -no_input_delay -loops -generated_clocks
===========================================================================
Warning: There are 300 input ports missing set_input_delay.
  analog_io[0]
  analog_io[10]
  analog_io[11]
  analog_io[12]
  analog_io[13]
  analog_io[14]
  analog_io[15]
  analog_io[16]
  analog_io[17]
  analog_io[18]
  analog_io[19]
  analog_io[1]
  analog_io[20]
  analog_io[21]
  analog_io[22]
  analog_io[23]
  analog_io[24]
  analog_io[25]
  analog_io[26]
  analog_io[27]
  analog_io[28]
  analog_io[29]
  analog_io[2]
  analog_io[30]
  analog_io[31]
  analog_io[32]
  analog_io[33]
  analog_io[34]
  analog_io[35]
  analog_io[36]
  analog_io[37]
  analog_io[38]
  analog_io[39]
  analog_io[3]
  analog_io[40]
  analog_io[41]
  analog_io[42]
  analog_io[43]
  analog_io[4]
  analog_io[5]
  analog_io[6]
  analog_io[7]
  analog_io[8]
  analog_io[9]
  analog_noesd_io[0]
  analog_noesd_io[10]
  analog_noesd_io[11]
  analog_noesd_io[12]
  analog_noesd_io[13]
  analog_noesd_io[14]
  analog_noesd_io[15]
  analog_noesd_io[16]
  analog_noesd_io[17]
  analog_noesd_io[18]
  analog_noesd_io[19]
  analog_noesd_io[1]
  analog_noesd_io[20]
  analog_noesd_io[21]
  analog_noesd_io[22]
  analog_noesd_io[23]
  analog_noesd_io[24]
  analog_noesd_io[25]
  analog_noesd_io[26]
  analog_noesd_io[27]
  analog_noesd_io[28]
  analog_noesd_io[29]
  analog_noesd_io[2]
  analog_noesd_io[30]
  analog_noesd_io[31]
  analog_noesd_io[32]
  analog_noesd_io[33]
  analog_noesd_io[34]
  analog_noesd_io[35]
  analog_noesd_io[36]
  analog_noesd_io[37]
  analog_noesd_io[38]
  analog_noesd_io[39]
  analog_noesd_io[3]
  analog_noesd_io[40]
  analog_noesd_io[41]
  analog_noesd_io[42]
  analog_noesd_io[43]
  analog_noesd_io[4]
  analog_noesd_io[5]
  analog_noesd_io[6]
  analog_noesd_io[7]
  analog_noesd_io[8]
  analog_noesd_io[9]
  gpio_in[0]
  gpio_in[10]
  gpio_in[11]
  gpio_in[12]
  gpio_in[13]
  gpio_in[14]
  gpio_in[15]
  gpio_in[16]
  gpio_in[17]
  gpio_in[18]
  gpio_in[19]
  gpio_in[1]
  gpio_in[20]
  gpio_in[21]
  gpio_in[22]
  gpio_in[23]
  gpio_in[24]
  gpio_in[25]
  gpio_in[26]
  gpio_in[27]
  gpio_in[28]
  gpio_in[29]
  gpio_in[2]
  gpio_in[30]
  gpio_in[31]
  gpio_in[32]
  gpio_in[33]
  gpio_in[34]
  gpio_in[35]
  gpio_in[36]
  gpio_in[37]
  gpio_in[39]
  gpio_in[3]
  gpio_in[40]
  gpio_in[41]
  gpio_in[42]
  gpio_in[43]
  gpio_in[4]
  gpio_in[5]
  gpio_in[6]
  gpio_in[7]
  gpio_in[8]
  gpio_in[9]
  gpio_in_h[0]
  gpio_in_h[10]
  gpio_in_h[11]
  gpio_in_h[12]
  gpio_in_h[13]
  gpio_in_h[14]
  gpio_in_h[15]
  gpio_in_h[16]
  gpio_in_h[17]
  gpio_in_h[18]
  gpio_in_h[19]
  gpio_in_h[1]
  gpio_in_h[20]
  gpio_in_h[21]
  gpio_in_h[22]
  gpio_in_h[23]
  gpio_in_h[24]
  gpio_in_h[25]
  gpio_in_h[26]
  gpio_in_h[27]
  gpio_in_h[28]
  gpio_in_h[29]
  gpio_in_h[2]
  gpio_in_h[30]
  gpio_in_h[31]
  gpio_in_h[32]
  gpio_in_h[33]
  gpio_in_h[34]
  gpio_in_h[35]
  gpio_in_h[36]
  gpio_in_h[37]
  gpio_in_h[38]
  gpio_in_h[39]
  gpio_in_h[3]
  gpio_in_h[40]
  gpio_in_h[41]
  gpio_in_h[42]
  gpio_in_h[43]
  gpio_in_h[4]
  gpio_in_h[5]
  gpio_in_h[6]
  gpio_in_h[7]
  gpio_in_h[8]
  gpio_in_h[9]
  gpio_loopback_one[0]
  gpio_loopback_one[10]
  gpio_loopback_one[11]
  gpio_loopback_one[12]
  gpio_loopback_one[13]
  gpio_loopback_one[14]
  gpio_loopback_one[15]
  gpio_loopback_one[16]
  gpio_loopback_one[17]
  gpio_loopback_one[18]
  gpio_loopback_one[19]
  gpio_loopback_one[1]
  gpio_loopback_one[20]
  gpio_loopback_one[21]
  gpio_loopback_one[22]
  gpio_loopback_one[23]
  gpio_loopback_one[24]
  gpio_loopback_one[25]
  gpio_loopback_one[26]
  gpio_loopback_one[27]
  gpio_loopback_one[28]
  gpio_loopback_one[29]
  gpio_loopback_one[2]
  gpio_loopback_one[30]
  gpio_loopback_one[31]
  gpio_loopback_one[32]
  gpio_loopback_one[33]
  gpio_loopback_one[34]
  gpio_loopback_one[35]
  gpio_loopback_one[36]
  gpio_loopback_one[37]
  gpio_loopback_one[38]
  gpio_loopback_one[39]
  gpio_loopback_one[3]
  gpio_loopback_one[40]
  gpio_loopback_one[41]
  gpio_loopback_one[42]
  gpio_loopback_one[43]
  gpio_loopback_one[4]
  gpio_loopback_one[5]
  gpio_loopback_one[6]
  gpio_loopback_one[7]
  gpio_loopback_one[8]
  gpio_loopback_one[9]
  gpio_loopback_zero[0]
  gpio_loopback_zero[10]
  gpio_loopback_zero[11]
  gpio_loopback_zero[12]
  gpio_loopback_zero[13]
  gpio_loopback_zero[14]
  gpio_loopback_zero[15]
  gpio_loopback_zero[16]
  gpio_loopback_zero[17]
  gpio_loopback_zero[18]
  gpio_loopback_zero[19]
  gpio_loopback_zero[1]
  gpio_loopback_zero[20]
  gpio_loopback_zero[21]
  gpio_loopback_zero[22]
  gpio_loopback_zero[23]
  gpio_loopback_zero[24]
  gpio_loopback_zero[25]
  gpio_loopback_zero[26]
  gpio_loopback_zero[27]
  gpio_loopback_zero[28]
  gpio_loopback_zero[29]
  gpio_loopback_zero[2]
  gpio_loopback_zero[30]
  gpio_loopback_zero[31]
  gpio_loopback_zero[32]
  gpio_loopback_zero[33]
  gpio_loopback_zero[34]
  gpio_loopback_zero[35]
  gpio_loopback_zero[36]
  gpio_loopback_zero[37]
  gpio_loopback_zero[38]
  gpio_loopback_zero[39]
  gpio_loopback_zero[3]
  gpio_loopback_zero[40]
  gpio_loopback_zero[41]
  gpio_loopback_zero[42]
  gpio_loopback_zero[43]
  gpio_loopback_zero[4]
  gpio_loopback_zero[5]
  gpio_loopback_zero[6]
  gpio_loopback_zero[7]
  gpio_loopback_zero[8]
  gpio_loopback_zero[9]
  mask_rev[0]
  mask_rev[10]
  mask_rev[11]
  mask_rev[12]
  mask_rev[13]
  mask_rev[14]
  mask_rev[15]
  mask_rev[16]
  mask_rev[17]
  mask_rev[18]
  mask_rev[19]
  mask_rev[1]
  mask_rev[20]
  mask_rev[21]
  mask_rev[22]
  mask_rev[23]
  mask_rev[24]
  mask_rev[25]
  mask_rev[26]
  mask_rev[27]
  mask_rev[28]
  mask_rev[29]
  mask_rev[2]
  mask_rev[30]
  mask_rev[31]
  mask_rev[3]
  mask_rev[4]
  mask_rev[5]
  mask_rev[6]
  mask_rev[7]
  mask_rev[8]
  mask_rev[9]
  por_l
  porb_h
  porb_l
  resetb_h
  resetb_l
Warning: There are 51 unclocked register/latch pins.
  _3204_/CLK
  _3205_/CLK
  _3206_/CLK
  _3207_/CLK
  _3208_/CLK
  _3209_/CLK
  _3210_/CLK
  _4022_/CLK
  _4023_/CLK
  _4024_/CLK
  _4025_/CLK
  _4026_/CLK
  _4027_/CLK
  _4028_/CLK
  _4029_/CLK
  _4030_/CLK
  _4031_/CLK
  _4032_/CLK
  _4033_/CLK
  _4034_/CLK
  _4035_/CLK
  _4036_/CLK
  _4037_/CLK
  _4038_/CLK
  _4039_/CLK
  _4040_/CLK
  _4041_/CLK
  _4042_/CLK
  _4043_/CLK
  _4044_/CLK
  _4045_/CLK
  _4046_/CLK
  _4047_/CLK
  _4048_/CLK
  _4049_/CLK
  _4050_/CLK
  _4051_/CLK
  _4052_/CLK
  _4053_/CLK
  _4054_/CLK
  _4055_/CLK
  _4056_/CLK
  _4057_/CLK
  _4058_/CLK
  _4059_/CLK
  _4060_/CLK
  _4061_/CLK
  _4062_/CLK
  _4063_/CLK
  _4064_/CLK
  _4065_/CLK
Warning: There are 717 unconstrained endpoints.
  analog_io[0]
  analog_io[10]
  analog_io[11]
  analog_io[12]
  analog_io[13]
  analog_io[14]
  analog_io[15]
  analog_io[16]
  analog_io[17]
  analog_io[18]
  analog_io[19]
  analog_io[1]
  analog_io[20]
  analog_io[21]
  analog_io[22]
  analog_io[23]
  analog_io[24]
  analog_io[25]
  analog_io[26]
  analog_io[27]
  analog_io[28]
  analog_io[29]
  analog_io[2]
  analog_io[30]
  analog_io[31]
  analog_io[32]
  analog_io[33]
  analog_io[34]
  analog_io[35]
  analog_io[36]
  analog_io[37]
  analog_io[38]
  analog_io[39]
  analog_io[3]
  analog_io[40]
  analog_io[41]
  analog_io[42]
  analog_io[43]
  analog_io[4]
  analog_io[5]
  analog_io[6]
  analog_io[7]
  analog_io[8]
  analog_io[9]
  analog_noesd_io[0]
  analog_noesd_io[10]
  analog_noesd_io[11]
  analog_noesd_io[12]
  analog_noesd_io[13]
  analog_noesd_io[14]
  analog_noesd_io[15]
  analog_noesd_io[16]
  analog_noesd_io[17]
  analog_noesd_io[18]
  analog_noesd_io[19]
  analog_noesd_io[1]
  analog_noesd_io[20]
  analog_noesd_io[21]
  analog_noesd_io[22]
  analog_noesd_io[23]
  analog_noesd_io[24]
  analog_noesd_io[25]
  analog_noesd_io[26]
  analog_noesd_io[27]
  analog_noesd_io[28]
  analog_noesd_io[29]
  analog_noesd_io[2]
  analog_noesd_io[30]
  analog_noesd_io[31]
  analog_noesd_io[32]
  analog_noesd_io[33]
  analog_noesd_io[34]
  analog_noesd_io[35]
  analog_noesd_io[36]
  analog_noesd_io[37]
  analog_noesd_io[38]
  analog_noesd_io[39]
  analog_noesd_io[3]
  analog_noesd_io[40]
  analog_noesd_io[41]
  analog_noesd_io[42]
  analog_noesd_io[43]
  analog_noesd_io[4]
  analog_noesd_io[5]
  analog_noesd_io[6]
  analog_noesd_io[7]
  analog_noesd_io[8]
  analog_noesd_io[9]
  gpio_analog_en[0]
  gpio_analog_en[10]
  gpio_analog_en[11]
  gpio_analog_en[12]
  gpio_analog_en[13]
  gpio_analog_en[14]
  gpio_analog_en[15]
  gpio_analog_en[16]
  gpio_analog_en[17]
  gpio_analog_en[18]
  gpio_analog_en[19]
  gpio_analog_en[1]
  gpio_analog_en[20]
  gpio_analog_en[21]
  gpio_analog_en[22]
  gpio_analog_en[23]
  gpio_analog_en[24]
  gpio_analog_en[25]
  gpio_analog_en[26]
  gpio_analog_en[27]
  gpio_analog_en[28]
  gpio_analog_en[29]
  gpio_analog_en[2]
  gpio_analog_en[30]
  gpio_analog_en[31]
  gpio_analog_en[32]
  gpio_analog_en[33]
  gpio_analog_en[34]
  gpio_analog_en[35]
  gpio_analog_en[36]
  gpio_analog_en[37]
  gpio_analog_en[38]
  gpio_analog_en[39]
  gpio_analog_en[3]
  gpio_analog_en[40]
  gpio_analog_en[41]
  gpio_analog_en[42]
  gpio_analog_en[43]
  gpio_analog_en[4]
  gpio_analog_en[5]
  gpio_analog_en[6]
  gpio_analog_en[7]
  gpio_analog_en[8]
  gpio_analog_en[9]
  gpio_analog_pol[0]
  gpio_analog_pol[10]
  gpio_analog_pol[11]
  gpio_analog_pol[12]
  gpio_analog_pol[13]
  gpio_analog_pol[14]
  gpio_analog_pol[15]
  gpio_analog_pol[16]
  gpio_analog_pol[17]
  gpio_analog_pol[18]
  gpio_analog_pol[19]
  gpio_analog_pol[1]
  gpio_analog_pol[20]
  gpio_analog_pol[21]
  gpio_analog_pol[22]
  gpio_analog_pol[23]
  gpio_analog_pol[24]
  gpio_analog_pol[25]
  gpio_analog_pol[26]
  gpio_analog_pol[27]
  gpio_analog_pol[28]
  gpio_analog_pol[29]
  gpio_analog_pol[2]
  gpio_analog_pol[30]
  gpio_analog_pol[31]
  gpio_analog_pol[32]
  gpio_analog_pol[33]
  gpio_analog_pol[34]
  gpio_analog_pol[35]
  gpio_analog_pol[36]
  gpio_analog_pol[37]
  gpio_analog_pol[38]
  gpio_analog_pol[39]
  gpio_analog_pol[3]
  gpio_analog_pol[40]
  gpio_analog_pol[41]
  gpio_analog_pol[42]
  gpio_analog_pol[43]
  gpio_analog_pol[4]
  gpio_analog_pol[5]
  gpio_analog_pol[6]
  gpio_analog_pol[7]
  gpio_analog_pol[8]
  gpio_analog_pol[9]
  gpio_analog_sel[0]
  gpio_analog_sel[10]
  gpio_analog_sel[11]
  gpio_analog_sel[12]
  gpio_analog_sel[13]
  gpio_analog_sel[14]
  gpio_analog_sel[15]
  gpio_analog_sel[16]
  gpio_analog_sel[17]
  gpio_analog_sel[18]
  gpio_analog_sel[19]
  gpio_analog_sel[1]
  gpio_analog_sel[20]
  gpio_analog_sel[21]
  gpio_analog_sel[22]
  gpio_analog_sel[23]
  gpio_analog_sel[24]
  gpio_analog_sel[25]
  gpio_analog_sel[26]
  gpio_analog_sel[27]
  gpio_analog_sel[28]
  gpio_analog_sel[29]
  gpio_analog_sel[2]
  gpio_analog_sel[30]
  gpio_analog_sel[31]
  gpio_analog_sel[32]
  gpio_analog_sel[33]
  gpio_analog_sel[34]
  gpio_analog_sel[35]
  gpio_analog_sel[36]
  gpio_analog_sel[37]
  gpio_analog_sel[38]
  gpio_analog_sel[39]
  gpio_analog_sel[3]
  gpio_analog_sel[40]
  gpio_analog_sel[41]
  gpio_analog_sel[42]
  gpio_analog_sel[43]
  gpio_analog_sel[4]
  gpio_analog_sel[5]
  gpio_analog_sel[6]
  gpio_analog_sel[7]
  gpio_analog_sel[8]
  gpio_analog_sel[9]
  gpio_dm0[0]
  gpio_dm0[10]
  gpio_dm0[11]
  gpio_dm0[12]
  gpio_dm0[13]
  gpio_dm0[14]
  gpio_dm0[15]
  gpio_dm0[16]
  gpio_dm0[17]
  gpio_dm0[18]
  gpio_dm0[19]
  gpio_dm0[1]
  gpio_dm0[20]
  gpio_dm0[21]
  gpio_dm0[22]
  gpio_dm0[23]
  gpio_dm0[24]
  gpio_dm0[25]
  gpio_dm0[26]
  gpio_dm0[27]
  gpio_dm0[28]
  gpio_dm0[29]
  gpio_dm0[2]
  gpio_dm0[30]
  gpio_dm0[31]
  gpio_dm0[32]
  gpio_dm0[33]
  gpio_dm0[34]
  gpio_dm0[35]
  gpio_dm0[36]
  gpio_dm0[37]
  gpio_dm0[38]
  gpio_dm0[39]
  gpio_dm0[3]
  gpio_dm0[40]
  gpio_dm0[41]
  gpio_dm0[42]
  gpio_dm0[43]
  gpio_dm0[4]
  gpio_dm0[5]
  gpio_dm0[6]
  gpio_dm0[7]
  gpio_dm0[8]
  gpio_dm0[9]
  gpio_dm1[0]
  gpio_dm1[10]
  gpio_dm1[11]
  gpio_dm1[12]
  gpio_dm1[13]
  gpio_dm1[14]
  gpio_dm1[15]
  gpio_dm1[16]
  gpio_dm1[17]
  gpio_dm1[18]
  gpio_dm1[19]
  gpio_dm1[1]
  gpio_dm1[20]
  gpio_dm1[21]
  gpio_dm1[22]
  gpio_dm1[23]
  gpio_dm1[24]
  gpio_dm1[25]
  gpio_dm1[26]
  gpio_dm1[27]
  gpio_dm1[28]
  gpio_dm1[29]
  gpio_dm1[2]
  gpio_dm1[30]
  gpio_dm1[31]
  gpio_dm1[32]
  gpio_dm1[33]
  gpio_dm1[34]
  gpio_dm1[35]
  gpio_dm1[36]
  gpio_dm1[37]
  gpio_dm1[38]
  gpio_dm1[39]
  gpio_dm1[3]
  gpio_dm1[40]
  gpio_dm1[41]
  gpio_dm1[42]
  gpio_dm1[43]
  gpio_dm1[4]
  gpio_dm1[5]
  gpio_dm1[6]
  gpio_dm1[7]
  gpio_dm1[8]
  gpio_dm1[9]
  gpio_dm2[0]
  gpio_dm2[10]
  gpio_dm2[11]
  gpio_dm2[12]
  gpio_dm2[13]
  gpio_dm2[14]
  gpio_dm2[15]
  gpio_dm2[16]
  gpio_dm2[17]
  gpio_dm2[18]
  gpio_dm2[19]
  gpio_dm2[1]
  gpio_dm2[20]
  gpio_dm2[21]
  gpio_dm2[22]
  gpio_dm2[23]
  gpio_dm2[24]
  gpio_dm2[25]
  gpio_dm2[26]
  gpio_dm2[27]
  gpio_dm2[28]
  gpio_dm2[29]
  gpio_dm2[2]
  gpio_dm2[30]
  gpio_dm2[31]
  gpio_dm2[32]
  gpio_dm2[33]
  gpio_dm2[34]
  gpio_dm2[35]
  gpio_dm2[36]
  gpio_dm2[37]
  gpio_dm2[38]
  gpio_dm2[39]
  gpio_dm2[3]
  gpio_dm2[40]
  gpio_dm2[41]
  gpio_dm2[42]
  gpio_dm2[43]
  gpio_dm2[4]
  gpio_dm2[5]
  gpio_dm2[6]
  gpio_dm2[7]
  gpio_dm2[8]
  gpio_dm2[9]
  gpio_holdover[0]
  gpio_holdover[10]
  gpio_holdover[11]
  gpio_holdover[12]
  gpio_holdover[13]
  gpio_holdover[14]
  gpio_holdover[15]
  gpio_holdover[16]
  gpio_holdover[17]
  gpio_holdover[18]
  gpio_holdover[19]
  gpio_holdover[1]
  gpio_holdover[20]
  gpio_holdover[21]
  gpio_holdover[22]
  gpio_holdover[23]
  gpio_holdover[24]
  gpio_holdover[25]
  gpio_holdover[26]
  gpio_holdover[27]
  gpio_holdover[28]
  gpio_holdover[29]
  gpio_holdover[2]
  gpio_holdover[30]
  gpio_holdover[31]
  gpio_holdover[32]
  gpio_holdover[33]
  gpio_holdover[34]
  gpio_holdover[35]
  gpio_holdover[36]
  gpio_holdover[37]
  gpio_holdover[38]
  gpio_holdover[39]
  gpio_holdover[3]
  gpio_holdover[40]
  gpio_holdover[41]
  gpio_holdover[42]
  gpio_holdover[43]
  gpio_holdover[4]
  gpio_holdover[5]
  gpio_holdover[6]
  gpio_holdover[7]
  gpio_holdover[8]
  gpio_holdover[9]
  gpio_ib_mode_sel[0]
  gpio_ib_mode_sel[10]
  gpio_ib_mode_sel[11]
  gpio_ib_mode_sel[12]
  gpio_ib_mode_sel[13]
  gpio_ib_mode_sel[14]
  gpio_ib_mode_sel[15]
  gpio_ib_mode_sel[16]
  gpio_ib_mode_sel[17]
  gpio_ib_mode_sel[18]
  gpio_ib_mode_sel[19]
  gpio_ib_mode_sel[1]
  gpio_ib_mode_sel[20]
  gpio_ib_mode_sel[21]
  gpio_ib_mode_sel[22]
  gpio_ib_mode_sel[23]
  gpio_ib_mode_sel[24]
  gpio_ib_mode_sel[25]
  gpio_ib_mode_sel[26]
  gpio_ib_mode_sel[27]
  gpio_ib_mode_sel[28]
  gpio_ib_mode_sel[29]
  gpio_ib_mode_sel[2]
  gpio_ib_mode_sel[30]
  gpio_ib_mode_sel[31]
  gpio_ib_mode_sel[32]
  gpio_ib_mode_sel[33]
  gpio_ib_mode_sel[34]
  gpio_ib_mode_sel[35]
  gpio_ib_mode_sel[36]
  gpio_ib_mode_sel[37]
  gpio_ib_mode_sel[38]
  gpio_ib_mode_sel[39]
  gpio_ib_mode_sel[3]
  gpio_ib_mode_sel[40]
  gpio_ib_mode_sel[41]
  gpio_ib_mode_sel[42]
  gpio_ib_mode_sel[43]
  gpio_ib_mode_sel[4]
  gpio_ib_mode_sel[5]
  gpio_ib_mode_sel[6]
  gpio_ib_mode_sel[7]
  gpio_ib_mode_sel[8]
  gpio_ib_mode_sel[9]
  gpio_inp_dis[0]
  gpio_inp_dis[10]
  gpio_inp_dis[11]
  gpio_inp_dis[12]
  gpio_inp_dis[13]
  gpio_inp_dis[14]
  gpio_inp_dis[15]
  gpio_inp_dis[16]
  gpio_inp_dis[17]
  gpio_inp_dis[18]
  gpio_inp_dis[19]
  gpio_inp_dis[1]
  gpio_inp_dis[20]
  gpio_inp_dis[21]
  gpio_inp_dis[22]
  gpio_inp_dis[23]
  gpio_inp_dis[24]
  gpio_inp_dis[25]
  gpio_inp_dis[26]
  gpio_inp_dis[27]
  gpio_inp_dis[28]
  gpio_inp_dis[29]
  gpio_inp_dis[2]
  gpio_inp_dis[30]
  gpio_inp_dis[31]
  gpio_inp_dis[32]
  gpio_inp_dis[33]
  gpio_inp_dis[34]
  gpio_inp_dis[35]
  gpio_inp_dis[36]
  gpio_inp_dis[37]
  gpio_inp_dis[38]
  gpio_inp_dis[39]
  gpio_inp_dis[3]
  gpio_inp_dis[40]
  gpio_inp_dis[41]
  gpio_inp_dis[42]
  gpio_inp_dis[43]
  gpio_inp_dis[4]
  gpio_inp_dis[5]
  gpio_inp_dis[6]
  gpio_inp_dis[7]
  gpio_inp_dis[8]
  gpio_inp_dis[9]
  gpio_oeb[0]
  gpio_oeb[10]
  gpio_oeb[11]
  gpio_oeb[12]
  gpio_oeb[13]
  gpio_oeb[14]
  gpio_oeb[15]
  gpio_oeb[16]
  gpio_oeb[17]
  gpio_oeb[18]
  gpio_oeb[19]
  gpio_oeb[1]
  gpio_oeb[20]
  gpio_oeb[21]
  gpio_oeb[22]
  gpio_oeb[23]
  gpio_oeb[24]
  gpio_oeb[25]
  gpio_oeb[26]
  gpio_oeb[27]
  gpio_oeb[28]
  gpio_oeb[29]
  gpio_oeb[2]
  gpio_oeb[30]
  gpio_oeb[31]
  gpio_oeb[32]
  gpio_oeb[33]
  gpio_oeb[34]
  gpio_oeb[35]
  gpio_oeb[36]
  gpio_oeb[37]
  gpio_oeb[38]
  gpio_oeb[39]
  gpio_oeb[3]
  gpio_oeb[40]
  gpio_oeb[41]
  gpio_oeb[42]
  gpio_oeb[43]
  gpio_oeb[4]
  gpio_oeb[5]
  gpio_oeb[6]
  gpio_oeb[7]
  gpio_oeb[8]
  gpio_oeb[9]
  gpio_out[0]
  gpio_out[10]
  gpio_out[11]
  gpio_out[12]
  gpio_out[13]
  gpio_out[14]
  gpio_out[15]
  gpio_out[16]
  gpio_out[17]
  gpio_out[18]
  gpio_out[19]
  gpio_out[1]
  gpio_out[20]
  gpio_out[21]
  gpio_out[22]
  gpio_out[23]
  gpio_out[24]
  gpio_out[25]
  gpio_out[26]
  gpio_out[27]
  gpio_out[28]
  gpio_out[29]
  gpio_out[2]
  gpio_out[30]
  gpio_out[31]
  gpio_out[32]
  gpio_out[33]
  gpio_out[34]
  gpio_out[35]
  gpio_out[36]
  gpio_out[37]
  gpio_out[38]
  gpio_out[39]
  gpio_out[3]
  gpio_out[40]
  gpio_out[41]
  gpio_out[42]
  gpio_out[43]
  gpio_out[4]
  gpio_out[5]
  gpio_out[6]
  gpio_out[7]
  gpio_out[8]
  gpio_out[9]
  gpio_slow_sel[0]
  gpio_slow_sel[10]
  gpio_slow_sel[11]
  gpio_slow_sel[12]
  gpio_slow_sel[13]
  gpio_slow_sel[14]
  gpio_slow_sel[15]
  gpio_slow_sel[16]
  gpio_slow_sel[17]
  gpio_slow_sel[18]
  gpio_slow_sel[19]
  gpio_slow_sel[1]
  gpio_slow_sel[20]
  gpio_slow_sel[21]
  gpio_slow_sel[22]
  gpio_slow_sel[23]
  gpio_slow_sel[24]
  gpio_slow_sel[25]
  gpio_slow_sel[26]
  gpio_slow_sel[27]
  gpio_slow_sel[28]
  gpio_slow_sel[29]
  gpio_slow_sel[2]
  gpio_slow_sel[30]
  gpio_slow_sel[31]
  gpio_slow_sel[32]
  gpio_slow_sel[33]
  gpio_slow_sel[34]
  gpio_slow_sel[35]
  gpio_slow_sel[36]
  gpio_slow_sel[37]
  gpio_slow_sel[38]
  gpio_slow_sel[39]
  gpio_slow_sel[3]
  gpio_slow_sel[40]
  gpio_slow_sel[41]
  gpio_slow_sel[42]
  gpio_slow_sel[43]
  gpio_slow_sel[4]
  gpio_slow_sel[5]
  gpio_slow_sel[6]
  gpio_slow_sel[7]
  gpio_slow_sel[8]
  gpio_slow_sel[9]
  gpio_vtrip_sel[0]
  gpio_vtrip_sel[10]
  gpio_vtrip_sel[11]
  gpio_vtrip_sel[12]
  gpio_vtrip_sel[13]
  gpio_vtrip_sel[14]
  gpio_vtrip_sel[15]
  gpio_vtrip_sel[16]
  gpio_vtrip_sel[17]
  gpio_vtrip_sel[18]
  gpio_vtrip_sel[19]
  gpio_vtrip_sel[1]
  gpio_vtrip_sel[20]
  gpio_vtrip_sel[21]
  gpio_vtrip_sel[22]
  gpio_vtrip_sel[23]
  gpio_vtrip_sel[24]
  gpio_vtrip_sel[25]
  gpio_vtrip_sel[26]
  gpio_vtrip_sel[27]
  gpio_vtrip_sel[28]
  gpio_vtrip_sel[29]
  gpio_vtrip_sel[2]
  gpio_vtrip_sel[30]
  gpio_vtrip_sel[31]
  gpio_vtrip_sel[32]
  gpio_vtrip_sel[33]
  gpio_vtrip_sel[34]
  gpio_vtrip_sel[35]
  gpio_vtrip_sel[36]
  gpio_vtrip_sel[37]
  gpio_vtrip_sel[38]
  gpio_vtrip_sel[39]
  gpio_vtrip_sel[3]
  gpio_vtrip_sel[40]
  gpio_vtrip_sel[41]
  gpio_vtrip_sel[42]
  gpio_vtrip_sel[43]
  gpio_vtrip_sel[4]
  gpio_vtrip_sel[5]
  gpio_vtrip_sel[6]
  gpio_vtrip_sel[7]
  gpio_vtrip_sel[8]
  gpio_vtrip_sel[9]
  _3204_/D
  _3205_/D
  _3206_/D
  _3207_/D
  _3208_/D
  _3209_/D
  _3210_/D
  _3689_/D
  _3690_/D
  _3691_/D
  _4016_/D
  _4018_/D
  _4019_/D
  _4022_/D
  _4023_/D
  _4024_/D
  _4025_/D
  _4026_/D
  _4027_/D
  _4028_/D
  _4029_/D
  _4030_/D
  _4031_/D
  _4032_/D
  _4033_/D
  _4034_/D
  _4035_/D
  _4036_/D
  _4037_/D
  _4038_/D
  _4039_/D
  _4040_/D
  _4041_/D
  _4042_/D
  _4043_/D
  _4044_/D
  _4045_/D
  _4046_/D
  _4047_/D
  _4048_/D
  _4049_/D
  _4050_/D
  _4051_/D
  _4052_/D
  _4053_/D
  _4054_/D
  _4055_/D
  _4056_/D
  _4057_/D
  _4058_/D
  _4059_/D
  _4060_/D
  _4061_/D
  _4062_/D
  _4063_/D
  _4064_/D
  _4065_/D
Warning: There is 1 combinational loop in the design.
  fanout1159/A
  fanout1159/X
  u_owire.u_ip.osc_i0/A
  u_owire.u_ip.osc_i0/Y
  u_owire.u_ip.osc_i1/A
  u_owire.u_ip.osc_i1/Y
  u_owire.u_ip.osc_i2/A
  u_owire.u_ip.osc_i2/Y
  fanout1160/A
  fanout1160/X
  | loop cut point
  fanout1159/A
  --------------------------------
