Clock: clk
Sources: gpio_in[38] 
Generated: no
Virtual: yes
Propagated: no
Period: 40.000000

===========================================================================
report_clock_properties
============================================================================
Clock                   Period          Waveform
----------------------------------------------------
clk                  40.000000    0.000000 20.000000

===========================================================================
report_clock_latency
============================================================================
Clock clk
rise -> rise
    min     max
0.000000 0.000000 source latency
1.477295         network latency _3916_/CLK
        2.460938 network latency _3615_/CLK
---------------
1.477295 2.460938 latency
        0.983643 skew

fall -> fall
    min     max
0.000000 0.000000 source latency
1.540830         network latency _3916_/CLK
        2.513339 network latency _3615_/CLK
---------------
1.540830 2.513339 latency
        0.972509 skew



===========================================================================
report_clock_min_period
============================================================================
clk period_min = 8.15 fmax = 122.68
