
===========================================================================
 report_power
============================================================================
======================= min_tt_025C_1v80 Corner ===================================

Group                    Internal    Switching      Leakage        Total
                            Power        Power        Power        Power (Watts)
------------------------------------------------------------------------
Sequential           8.175166e-04 8.084581e-07 7.709402e-09 8.183327e-04  48.1%
Combinational        1.839198e-06 2.006672e-06 3.865615e-08 3.884526e-06   0.2%
Clock                2.629017e-04 6.146271e-04 2.245544e-08 8.775514e-04  51.6%
Macro                0.000000e+00 0.000000e+00 0.000000e+00 0.000000e+00   0.0%
Pad                  0.000000e+00 0.000000e+00 0.000000e+00 0.000000e+00   0.0%
------------------------------------------------------------------------
Total                1.082258e-03 6.174424e-04 6.881947e-08 1.699769e-03 100.0%
                            63.7%        36.3%         0.0%

