
===========================================================================
report_checks -unconstrained
===========================================================================
======================= min_ss_100C_1v60 Corner ===================================

Startpoint: _4020_ (rising edge-triggered flip-flop clocked by clk)
Endpoint: _3689_ (recovery check against rising-edge clock clk)
Path Group: asynchronous
Path Type: max

Fanout         Cap        Slew       Delay        Time   Description
---------------------------------------------------------------------------------------------
                                  0.000000    0.000000   clock clk (rise edge)
                                  0.000000    0.000000   clock source latency
     2    0.176142    1.190000    0.000000    0.000000 ^ gpio_in[38] (in)
                                                         gpio_in[38] (net)
                      1.372332    0.095724    0.095724 ^ clkbuf_0_gpio_in[38]/A (sky130_fd_sc_hd__clkbuf_16)
     5    0.254332    0.401493    0.916272    1.011997 ^ clkbuf_0_gpio_in[38]/X (sky130_fd_sc_hd__clkbuf_16)
                                                         clknet_0_gpio_in[38] (net)
                      0.401503    0.003437    1.015434 ^ clkbuf_1_0_0_gpio_in[38]/A (sky130_fd_sc_hd__clkbuf_8)
     3    0.024356    0.097006    0.409755    1.425189 ^ clkbuf_1_0_0_gpio_in[38]/X (sky130_fd_sc_hd__clkbuf_8)
                                                         clknet_1_0_0_gpio_in[38] (net)
                      0.097053    0.002217    1.427406 ^ clkbuf_1_0_1_gpio_in[38]/A (sky130_fd_sc_hd__clkbuf_8)
     5    0.066533    0.195032    0.349992    1.777398 ^ clkbuf_1_0_1_gpio_in[38]/X (sky130_fd_sc_hd__clkbuf_8)
                                                         clknet_1_0_1_gpio_in[38] (net)
                      0.196237    0.012911    1.790309 ^ clkbuf_2_1_0_gpio_in[38]/A (sky130_fd_sc_hd__clkbuf_8)
     5    0.068989    0.201333    0.402317    2.192626 ^ clkbuf_2_1_0_gpio_in[38]/X (sky130_fd_sc_hd__clkbuf_8)
                                                         clknet_2_1_0_gpio_in[38] (net)
                      0.202836    0.014643    2.207269 ^ clkbuf_3_2_0_gpio_in[38]/A (sky130_fd_sc_hd__clkbuf_8)
    29    0.306767    0.802868    0.790066    2.997335 ^ clkbuf_3_2_0_gpio_in[38]/X (sky130_fd_sc_hd__clkbuf_8)
                                                         clknet_3_2_0_gpio_in[38] (net)
                      0.804436    0.032373    3.029708 ^ clkbuf_leaf_58_gpio_in[38]/A (sky130_fd_sc_hd__clkbuf_8)
     7    0.060623    0.187597    0.637597    3.667305 ^ clkbuf_leaf_58_gpio_in[38]/X (sky130_fd_sc_hd__clkbuf_8)
                                                         clknet_leaf_58_gpio_in[38] (net)
                      0.187597    0.000619    3.667924 ^ _4020_/CLK (sky130_fd_sc_hd__dfrtp_4)
     3    0.021730    0.167249    0.984340    4.652264 ^ _4020_/Q (sky130_fd_sc_hd__dfrtp_4)
                                                         u_chip_core.fabric_spi_controller.rst_ni (net)
                      0.167261    0.001699    4.653963 ^ hold1449/A (sky130_fd_sc_hd__dlygate4sd3_1)
     3    0.022280    0.359610    1.370066    6.024029 ^ hold1449/X (sky130_fd_sc_hd__dlygate4sd3_1)
                                                         net2902 (net)
                      0.359612    0.001864    6.025893 ^ hold1445/A (sky130_fd_sc_hd__clkbuf_4)
     3    0.046263    0.232497    0.520046    6.545938 ^ hold1445/X (sky130_fd_sc_hd__clkbuf_4)
                                                         net2898 (net)
                      0.232908    0.008332    6.554271 ^ wire1313/A (sky130_fd_sc_hd__buf_12)
     5    0.239349    0.419025    0.444101    6.998372 ^ wire1313/X (sky130_fd_sc_hd__buf_12)
                                                         net1313 (net)
                      0.511203    0.158621    7.156992 ^ wire1312/A (sky130_fd_sc_hd__clkbuf_16)
     5    0.142600    0.243756    0.552134    7.709127 ^ wire1312/X (sky130_fd_sc_hd__clkbuf_16)
                                                         net1312 (net)
                      0.262613    0.055115    7.764242 ^ _1490_/C_N (sky130_fd_sc_hd__nor3b_1)
     1    0.002738    0.285313    0.400862    8.165104 ^ _1490_/Y (sky130_fd_sc_hd__nor3b_1)
                                                         u_chip_core.fabric_config_large.rst_ni (net)
                      0.285313    0.000034    8.165137 ^ hold1289/A (sky130_fd_sc_hd__dlygate4sd3_1)
     1    0.003540    0.100939    1.189492    9.354630 ^ hold1289/X (sky130_fd_sc_hd__dlygate4sd3_1)
                                                         net2742 (net)
                      0.100939    0.000048    9.354677 ^ wire1283/A (sky130_fd_sc_hd__clkbuf_2)
     1    0.004581    0.060102    0.202813    9.557490 ^ wire1283/X (sky130_fd_sc_hd__clkbuf_2)
                                                         net1283 (net)
                      0.060102    0.000091    9.557582 ^ hold1290/A (sky130_fd_sc_hd__dlygate4sd3_1)
     1    0.007896    0.160100    1.158078   10.715660 ^ hold1290/X (sky130_fd_sc_hd__dlygate4sd3_1)
                                                         net2743 (net)
                      0.160100    0.000260   10.715920 ^ wire1282/A (sky130_fd_sc_hd__clkbuf_2)
     2    0.017047    0.155973    0.311084   11.027003 ^ wire1282/X (sky130_fd_sc_hd__clkbuf_2)
                                                         net1282 (net)
                      0.155973    0.000519   11.027522 ^ fanout1259/A (sky130_fd_sc_hd__buf_12)
    11    0.531328    0.872233    0.676831   11.704353 ^ fanout1259/X (sky130_fd_sc_hd__buf_12)
                                                         net1259 (net)
                      1.192540    0.435217   12.139570 ^ fanout1256/A (sky130_fd_sc_hd__buf_8)
    11    0.101874    0.270838    0.670116   12.809686 ^ fanout1256/X (sky130_fd_sc_hd__buf_8)
                                                         net1256 (net)
                      0.271826    0.013804   12.823490 ^ fanout1255/A (sky130_fd_sc_hd__buf_8)
    17    0.174303    0.439073    0.526069   13.349559 ^ fanout1255/X (sky130_fd_sc_hd__buf_8)
                                                         net1255 (net)
                      0.439073    0.000311   13.349870 ^ fanout1253/A (sky130_fd_sc_hd__buf_2)
    11    0.057139    0.442995    0.649132   13.999002 ^ fanout1253/X (sky130_fd_sc_hd__buf_2)
                                                         net1253 (net)
                      0.442995    0.000379   13.999382 ^ fanout1252/A (sky130_fd_sc_hd__clkbuf_4)
    17    0.062831    0.305451    0.616716   14.616098 ^ fanout1252/X (sky130_fd_sc_hd__clkbuf_4)
                                                         net1252 (net)
                      0.305489    0.003660   14.619759 ^ _3689_/RESET_B (sky130_fd_sc_hd__dfrtp_4)
                                             14.619759   data arrival time

                                 40.000000   40.000000   clock clk (rise edge)
                                  0.000000   40.000000   clock source latency
     2    0.176142    1.000000    0.000000   40.000000 ^ gpio_in[38] (in)
                                                         gpio_in[38] (net)
                      1.182332    0.086608   40.086609 ^ clkbuf_0_gpio_in[38]/A (sky130_fd_sc_hd__clkbuf_16)
     5    0.254332    0.400160    0.778478   40.865086 ^ clkbuf_0_gpio_in[38]/X (sky130_fd_sc_hd__clkbuf_16)
                                                         clknet_0_gpio_in[38] (net)
                      0.400171    0.003112   40.868198 ^ clkbuf_1_0_0_gpio_in[38]/A (sky130_fd_sc_hd__clkbuf_8)
     3    0.024356    0.096982    0.370200   41.238400 ^ clkbuf_1_0_0_gpio_in[38]/X (sky130_fd_sc_hd__clkbuf_8)
                                                         clknet_1_0_0_gpio_in[38] (net)
                      0.097029    0.002007   41.240406 ^ clkbuf_1_0_1_gpio_in[38]/A (sky130_fd_sc_hd__clkbuf_8)
     5    0.066533    0.195032    0.316646   41.557053 ^ clkbuf_1_0_1_gpio_in[38]/X (sky130_fd_sc_hd__clkbuf_8)
                                                         clknet_1_0_1_gpio_in[38] (net)
                      0.196120    0.011120   41.568172 ^ clkbuf_2_0_0_gpio_in[38]/A (sky130_fd_sc_hd__clkbuf_8)
     5    0.085319    0.241828    0.391744   41.959915 ^ clkbuf_2_0_0_gpio_in[38]/X (sky130_fd_sc_hd__clkbuf_8)
                                                         clknet_2_0_0_gpio_in[38] (net)
                      0.243195    0.013976   41.973892 ^ clkbuf_3_0_0_gpio_in[38]/A (sky130_fd_sc_hd__clkbuf_8)
    19    0.180539    0.475303    0.578023   42.551914 ^ clkbuf_3_0_0_gpio_in[38]/X (sky130_fd_sc_hd__clkbuf_8)
                                                         clknet_3_0_0_gpio_in[38] (net)
                      0.475889    0.013134   42.565048 ^ clkbuf_leaf_62_gpio_in[38]/A (sky130_fd_sc_hd__clkbuf_8)
    11    0.055413    0.170233    0.459153   43.024200 ^ clkbuf_leaf_62_gpio_in[38]/X (sky130_fd_sc_hd__clkbuf_8)
                                                         clknet_leaf_62_gpio_in[38] (net)
                      0.170233    0.000430   43.024632 ^ _3689_/CLK (sky130_fd_sc_hd__dfrtp_4)
                                 -0.100000   42.924633   clock uncertainty
                                  0.220345   43.144981   clock reconvergence pessimism
                                  0.367681   43.512661   library recovery time
                                             43.512661   data required time
---------------------------------------------------------------------------------------------
                                             43.512661   data required time
                                            -14.619759   data arrival time
---------------------------------------------------------------------------------------------
                                             28.892902   slack (MET)


Startpoint: _3668_ (rising edge-triggered flip-flop clocked by clk)
Endpoint: _3636_ (rising edge-triggered flip-flop clocked by clk)
Path Group: clk
Path Type: max

Fanout         Cap        Slew       Delay        Time   Description
---------------------------------------------------------------------------------------------
                                  0.000000    0.000000   clock clk (rise edge)
                                  0.000000    0.000000   clock source latency
     2    0.176142    1.190000    0.000000    0.000000 ^ gpio_in[38] (in)
                                                         gpio_in[38] (net)
                      1.372332    0.095724    0.095724 ^ clkbuf_0_gpio_in[38]/A (sky130_fd_sc_hd__clkbuf_16)
     5    0.254332    0.401493    0.916272    1.011997 ^ clkbuf_0_gpio_in[38]/X (sky130_fd_sc_hd__clkbuf_16)
                                                         clknet_0_gpio_in[38] (net)
                      0.459924    0.122731    1.134728 ^ clkbuf_1_1_0_gpio_in[38]/A (sky130_fd_sc_hd__clkbuf_8)
     3    0.080348    0.231918    0.539024    1.673752 ^ clkbuf_1_1_0_gpio_in[38]/X (sky130_fd_sc_hd__clkbuf_8)
                                                         clknet_1_1_0_gpio_in[38] (net)
                      0.234499    0.020585    1.694337 ^ clkbuf_1_1_1_gpio_in[38]/A (sky130_fd_sc_hd__clkbuf_8)
     5    0.083624    0.237810    0.446899    2.141236 ^ clkbuf_1_1_1_gpio_in[38]/X (sky130_fd_sc_hd__clkbuf_8)
                                                         clknet_1_1_1_gpio_in[38] (net)
                      0.239353    0.016265    2.157501 ^ clkbuf_2_3_0_gpio_in[38]/A (sky130_fd_sc_hd__clkbuf_8)
     5    0.088206    0.249143    0.455361    2.612862 ^ clkbuf_2_3_0_gpio_in[38]/X (sky130_fd_sc_hd__clkbuf_8)
                                                         clknet_2_3_0_gpio_in[38] (net)
                      0.252395    0.023936    2.636798 ^ clkbuf_3_6_0_gpio_in[38]/A (sky130_fd_sc_hd__clkbuf_8)
    15    0.184383    0.492740    0.619630    3.256428 ^ clkbuf_3_6_0_gpio_in[38]/X (sky130_fd_sc_hd__clkbuf_8)
                                                         clknet_3_6_0_gpio_in[38] (net)
                      0.500072    0.050931    3.307359 ^ clkbuf_leaf_4_gpio_in[38]/A (sky130_fd_sc_hd__clkbuf_8)
    49    0.109934    0.303324    0.623931    3.931290 ^ clkbuf_leaf_4_gpio_in[38]/X (sky130_fd_sc_hd__clkbuf_8)
                                                         clknet_leaf_4_gpio_in[38] (net)
                      0.303364    0.003705    3.934996 ^ _3668_/CLK (sky130_fd_sc_hd__dfrtp_4)
     9    0.093584    0.306599    1.411876    5.346872 v _3668_/Q (sky130_fd_sc_hd__dfrtp_4)
                                                         u_chip_core.fabric_config_large.row_select[0] (net)
                      0.306752    0.004571    5.351443 v hold1702/A (sky130_fd_sc_hd__dlygate4sd3_1)
     1    0.009776    0.173543    1.392692    6.744135 v hold1702/X (sky130_fd_sc_hd__dlygate4sd3_1)
                                                         net3155 (net)
                      0.173543    0.000427    6.744562 v hold1606/A (sky130_fd_sc_hd__buf_2)
     9    0.067455    0.295178    0.523455    7.268017 v hold1606/X (sky130_fd_sc_hd__buf_2)
                                                         net3059 (net)
                      0.295187    0.002109    7.270126 v _1601_/A (sky130_fd_sc_hd__or2_4)
    11    0.154756    0.386303    0.918623    8.188748 v _1601_/X (sky130_fd_sc_hd__or2_4)
                                                         _0877_ (net)
                      0.386307    0.001096    8.189844 v hold1607/A (sky130_fd_sc_hd__dlygate4sd3_1)
     1    0.012719    0.197503    1.468500    9.658344 v hold1607/X (sky130_fd_sc_hd__dlygate4sd3_1)
                                                         net3060 (net)
                      0.197503    0.000591    9.658936 v _1602_/B (sky130_fd_sc_hd__or2_2)
     7    0.043848    0.294222    0.950426   10.609362 v _1602_/X (sky130_fd_sc_hd__or2_2)
                                                         _0878_ (net)
                      0.294311    0.005158   10.614519 v _1603_/B (sky130_fd_sc_hd__or2_4)
     7    0.211953    0.513597    0.938498   11.553018 v _1603_/X (sky130_fd_sc_hd__or2_4)
                                                         _0879_ (net)
                      0.513597    0.000408   11.553425 v hold1608/A (sky130_fd_sc_hd__dlygate4sd3_1)
     1    0.005519    0.132621    1.448489   13.001915 v hold1608/X (sky130_fd_sc_hd__dlygate4sd3_1)
                                                         net3061 (net)
                      0.132621    0.000069   13.001984 v _1604_/B (sky130_fd_sc_hd__nor2_2)
     5    0.056922    0.998199    0.846375   13.848359 ^ _1604_/Y (sky130_fd_sc_hd__nor2_2)
                                                         _0000_ (net)
                      0.998280    0.007996   13.856356 ^ wire752/A (sky130_fd_sc_hd__clkbuf_8)
     3    0.122071    0.343795    0.795275   14.651630 ^ wire752/X (sky130_fd_sc_hd__clkbuf_8)
                                                         net752 (net)
                      0.352381    0.045350   14.696980 ^ wire751/A (sky130_fd_sc_hd__clkbuf_16)
     3    0.127611    0.217274    0.487178   15.184158 ^ wire751/X (sky130_fd_sc_hd__clkbuf_16)
                                                         net751 (net)
                      0.218099    0.010447   15.194605 ^ wire750/A (sky130_fd_sc_hd__buf_12)
     4    0.115399    0.218789    0.359471   15.554076 ^ wire750/X (sky130_fd_sc_hd__buf_12)
                                                         net750 (net)
                      0.231007    0.042286   15.596362 ^ fanout749/A (sky130_fd_sc_hd__clkbuf_2)
     5    0.030579    0.264905    0.426036   16.022398 ^ fanout749/X (sky130_fd_sc_hd__clkbuf_2)
                                                         net749 (net)
                      0.264905    0.000428   16.022825 ^ fanout746/A (sky130_fd_sc_hd__clkbuf_2)
     5    0.027463    0.239984    0.420826   16.443653 ^ fanout746/X (sky130_fd_sc_hd__clkbuf_2)
                                                         net746 (net)
                      0.239984    0.000338   16.443989 ^ fanout745/A (sky130_fd_sc_hd__clkbuf_4)
    10    0.053680    0.264287    0.493081   16.937071 ^ fanout745/X (sky130_fd_sc_hd__clkbuf_4)
                                                         net745 (net)
                      0.264287    0.000645   16.937716 ^ _2480_/S (sky130_fd_sc_hd__mux2_1)
     1    0.007775    0.159089    0.874827   17.812544 v _2480_/X (sky130_fd_sc_hd__mux2_1)
                                                         _0434_ (net)
                      0.159089    0.000259   17.812803 v hold1529/A (sky130_fd_sc_hd__dlygate4sd3_1)
     1    0.004250    0.122979    1.250330   19.063131 v hold1529/X (sky130_fd_sc_hd__dlygate4sd3_1)
                                                         net2982 (net)
                      0.122979    0.000080   19.063211 v _3636_/D (sky130_fd_sc_hd__dfxtp_1)
                                             19.063211   data arrival time

                                 40.000000   40.000000   clock clk (rise edge)
                                  0.000000   40.000000   clock source latency
     2    0.176142    1.000000    0.000000   40.000000 ^ gpio_in[38] (in)
                                                         gpio_in[38] (net)
                      1.182332    0.086608   40.086609 ^ clkbuf_0_gpio_in[38]/A (sky130_fd_sc_hd__clkbuf_16)
     5    0.254332    0.400160    0.778478   40.865086 ^ clkbuf_0_gpio_in[38]/X (sky130_fd_sc_hd__clkbuf_16)
                                                         clknet_0_gpio_in[38] (net)
                      0.458748    0.110980   40.976067 ^ clkbuf_1_1_0_gpio_in[38]/A (sky130_fd_sc_hd__clkbuf_8)
     3    0.080348    0.231904    0.487219   41.463287 ^ clkbuf_1_1_0_gpio_in[38]/X (sky130_fd_sc_hd__clkbuf_8)
                                                         clknet_1_1_0_gpio_in[38] (net)
                      0.234486    0.018623   41.481911 ^ clkbuf_1_1_1_gpio_in[38]/A (sky130_fd_sc_hd__clkbuf_8)
     5    0.083624    0.237809    0.404331   41.886238 ^ clkbuf_1_1_1_gpio_in[38]/X (sky130_fd_sc_hd__clkbuf_8)
                                                         clknet_1_1_1_gpio_in[38] (net)
                      0.239705    0.016250   41.902489 ^ clkbuf_2_2_0_gpio_in[38]/A (sky130_fd_sc_hd__clkbuf_8)
     5    0.083101    0.236566    0.404579   42.307068 ^ clkbuf_2_2_0_gpio_in[38]/X (sky130_fd_sc_hd__clkbuf_8)
                                                         clknet_2_2_0_gpio_in[38] (net)
                      0.238743    0.017344   42.324413 ^ clkbuf_3_5_0_gpio_in[38]/A (sky130_fd_sc_hd__clkbuf_8)
    19    0.259741    0.686758    0.630113   42.954525 ^ clkbuf_3_5_0_gpio_in[38]/X (sky130_fd_sc_hd__clkbuf_8)
                                                         clknet_3_5_0_gpio_in[38] (net)
                      0.731748    0.129219   43.083744 ^ clkbuf_leaf_32_gpio_in[38]/A (sky130_fd_sc_hd__clkbuf_8)
     3    0.047735    0.155884    0.534296   43.618042 ^ clkbuf_leaf_32_gpio_in[38]/X (sky130_fd_sc_hd__clkbuf_8)
                                                         clknet_leaf_32_gpio_in[38] (net)
                      0.155884    0.000320   43.618362 ^ _3636_/CLK (sky130_fd_sc_hd__dfxtp_1)
                                 -0.100000   43.518364   clock uncertainty
                                  0.254996   43.773361   clock reconvergence pessimism
                                 -0.267837   43.505524   library setup time
                                             43.505524   data required time
---------------------------------------------------------------------------------------------
                                             43.505524   data required time
                                            -19.063211   data arrival time
---------------------------------------------------------------------------------------------
                                             24.442312   slack (MET)




===========================================================================
report_checks --slack_max -0.01
============================================================================
======================= min_ss_100C_1v60 Corner ===================================

No paths found.


===========================================================================
 report_check_types -max_slew -max_cap -max_fanout -violators
============================================================================
======================= min_ss_100C_1v60 Corner ===================================

max slew

Pin                                        Limit        Slew       Slack
------------------------------------------------------------------------
wire932/A                               1.500000   11.493671   -9.993671 (VIOLATED)
ANTENNA_wire932_A/DIODE                 1.500000   11.493636   -9.993636 (VIOLATED)
ANTENNA_wire941_A/DIODE                 1.500000   11.267651   -9.767650 (VIOLATED)
wire941/A                               1.500000   11.267653   -9.767653 (VIOLATED)
ANTENNA_211/DIODE                       1.500000    5.202103   -3.702102 (VIOLATED)
ANTENNA_209/DIODE                       1.500000    5.201969   -3.701969 (VIOLATED)
ANTENNA_207/DIODE                       1.500000    5.201896   -3.701895 (VIOLATED)
ANTENNA_205/DIODE                       1.500000    5.201836   -3.701836 (VIOLATED)
ANTENNA_203/DIODE                       1.500000    5.201781   -3.701782 (VIOLATED)
ANTENNA_wire933_X/DIODE                 1.500000    5.201737   -3.701737 (VIOLATED)
ANTENNA_204/DIODE                       1.500000    5.201702   -3.701702 (VIOLATED)
ANTENNA_206/DIODE                       1.500000    5.201703   -3.701703 (VIOLATED)
ANTENNA_208/DIODE                       1.500000    5.201703   -3.701703 (VIOLATED)
ANTENNA_210/DIODE                       1.500000    5.201703   -3.701703 (VIOLATED)
ANTENNA_212/DIODE                       1.500000    5.201703   -3.701703 (VIOLATED)
ANTENNA_202/DIODE                       1.500000    5.201689   -3.701689 (VIOLATED)
wire933/X                               1.500000    5.201654   -3.701654 (VIOLATED)
ANTENNA__1504__A/DIODE                  1.500000    5.176903   -3.676903 (VIOLATED)
_1504_/A                                1.500000    5.176904   -3.676903 (VIOLATED)
wire1036/A                              1.500000    5.071991   -3.571991 (VIOLATED)
ANTENNA_wire1036_A/DIODE                1.500000    5.071925   -3.571925 (VIOLATED)
ANTENNA_wire854_A/DIODE                 1.500000    5.013177   -3.513177 (VIOLATED)
wire854/A                               1.500000    5.013177   -3.513178 (VIOLATED)
ANTENNA__1582__Y/DIODE                  1.500000    5.012191   -3.512191 (VIOLATED)
_1582_/Y                                1.500000    5.012191   -3.512191 (VIOLATED)
ANTENNA_wire942_X/DIODE                 1.500000    4.886128   -3.386128 (VIOLATED)
wire942/X                               1.500000    4.886124   -3.386124 (VIOLATED)
wire1032/A                              1.500000    4.841308   -3.341308 (VIOLATED)
ANTENNA_wire1032_A/DIODE                1.500000    4.841198   -3.341198 (VIOLATED)
_1535_/X                                1.499543    4.604879   -3.105336 (VIOLATED)
ANTENNA__1535__X/DIODE                  1.500000    4.604879   -3.104879 (VIOLATED)
wire1034/A                              1.500000    4.437914   -2.937914 (VIOLATED)
ANTENNA_wire1034_A/DIODE                1.500000    4.437883   -2.937883 (VIOLATED)
ANTENNA_235/DIODE                       1.500000    4.192487   -2.692487 (VIOLATED)
ANTENNA_236/DIODE                       1.500000    4.192488   -2.692488 (VIOLATED)
wire950/A                               1.500000    4.192486   -2.692486 (VIOLATED)
ANTENNA_237/DIODE                       1.500000    4.192470   -2.692470 (VIOLATED)
ANTENNA_wire950_A/DIODE                 1.500000    4.192471   -2.692471 (VIOLATED)
ANTENNA_238/DIODE                       1.500000    4.192467   -2.692467 (VIOLATED)
ANTENNA_239/DIODE                       1.500000    4.192464   -2.692464 (VIOLATED)
ANTENNA_240/DIODE                       1.500000    4.192461   -2.692461 (VIOLATED)
ANTENNA_wire951_X/DIODE                 1.500000    4.093942   -2.593942 (VIOLATED)
wire951/X                               1.500000    4.093942   -2.593942 (VIOLATED)
ANTENNA_load_slew1431_A/DIODE           1.500000    3.788058   -2.288058 (VIOLATED)
load_slew1431/A                         1.500000    3.788043   -2.288043 (VIOLATED)
ANTENNA__1509__A/DIODE                  1.500000    3.640498   -2.140498 (VIOLATED)
_1509_/A                                1.500000    3.640496   -2.140496 (VIOLATED)
ANTENNA_wire909_A/DIODE                 1.500000    3.617535   -2.117535 (VIOLATED)
wire909/A                               1.500000    3.617536   -2.117536 (VIOLATED)
_1485_/A                                1.500000    3.589823   -2.089823 (VIOLATED)
ANTENNA__1485__A/DIODE                  1.500000    3.589819   -2.089819 (VIOLATED)
ANTENNA__1576__Y/DIODE                  1.500000    3.574182   -2.074182 (VIOLATED)
_1576_/Y                                1.500000    3.574182   -2.074182 (VIOLATED)
ANTENNA__1510__A/DIODE                  1.500000    3.319175   -1.819175 (VIOLATED)
_1510_/A                                1.500000    3.317955   -1.817955 (VIOLATED)
_1500_/A                                1.500000    3.293545   -1.793545 (VIOLATED)
ANTENNA__1500__A/DIODE                  1.500000    3.293521   -1.793521 (VIOLATED)
ANTENNA_load_slew1405_A/DIODE           1.500000    3.287480   -1.787480 (VIOLATED)
load_slew1405/A                         1.500000    3.287477   -1.787477 (VIOLATED)
ANTENNA_wire1035_X/DIODE                1.500000    3.255205   -1.755205 (VIOLATED)
wire1035/X                              1.500000    3.255167   -1.755167 (VIOLATED)
wire1024/A                              1.500000    3.104642   -1.604643 (VIOLATED)
ANTENNA_wire1024_A/DIODE                1.500000    3.104608   -1.604608 (VIOLATED)
_1503_/A                                1.500000    3.046534   -1.546534 (VIOLATED)
ANTENNA__1503__A/DIODE                  1.500000    3.046531   -1.546531 (VIOLATED)
ANTENNA_wire873_A/DIODE                 1.500000    2.959726   -1.459726 (VIOLATED)
wire873/A                               1.500000    2.959725   -1.459725 (VIOLATED)
ANTENNA__1580__Y/DIODE                  1.500000    2.940613   -1.440613 (VIOLATED)
_1580_/Y                                1.500000    2.940613   -1.440613 (VIOLATED)
wire1021/A                              1.500000    2.700567   -1.200567 (VIOLATED)
ANTENNA_wire1021_A/DIODE                1.500000    2.700566   -1.200566 (VIOLATED)
ANTENNA_1/DIODE                         1.500000    2.700557   -1.200557 (VIOLATED)
_1545_/X                                1.498428    2.666153   -1.167725 (VIOLATED)
ANTENNA__1545__X/DIODE                  1.500000    2.666153   -1.166153 (VIOLATED)
_1339_/Y                                1.478512    2.563256   -1.084744 (VIOLATED)
ANTENNA_wire1108_A/DIODE                1.500000    2.563542   -1.063542 (VIOLATED)
wire1108/A                              1.500000    2.563543   -1.063543 (VIOLATED)
ANTENNA__1339__Y/DIODE                  1.500000    2.563256   -1.063256 (VIOLATED)
wire1428/A                              1.500000    2.388697   -0.888697 (VIOLATED)
ANTENNA_wire1428_A/DIODE                1.500000    2.388672   -0.888672 (VIOLATED)
_1506_/A                                1.500000    2.377163   -0.877163 (VIOLATED)
ANTENNA__1506__A/DIODE                  1.500000    2.377160   -0.877160 (VIOLATED)
_1508_/A                                1.500000    2.374249   -0.874249 (VIOLATED)
ANTENNA__1508__A/DIODE                  1.500000    2.374243   -0.874242 (VIOLATED)
ANTENNA__2504__A1/DIODE                 1.500000    2.290249   -0.790249 (VIOLATED)
_2504_/A1                               1.500000    2.290241   -0.790241 (VIOLATED)
ANTENNA__1505__A/DIODE                  1.500000    2.287108   -0.787108 (VIOLATED)
_1505_/A                                1.500000    2.287108   -0.787108 (VIOLATED)
wire1028/A                              1.500000    2.246213   -0.746213 (VIOLATED)
ANTENNA_wire1028_A/DIODE                1.500000    2.246203   -0.746203 (VIOLATED)
_1541_/X                                1.499543    2.236171   -0.736628 (VIOLATED)
ANTENNA_381/DIODE                       1.500000    2.236178   -0.736178 (VIOLATED)
ANTENNA_379/DIODE                       1.500000    2.236176   -0.736176 (VIOLATED)
ANTENNA__1541__X/DIODE                  1.500000    2.236175   -0.736175 (VIOLATED)
ANTENNA_378/DIODE                       1.500000    2.236171   -0.736171 (VIOLATED)
ANTENNA_380/DIODE                       1.500000    2.236171   -0.736171 (VIOLATED)
ANTENNA_301/DIODE                       1.500000    2.163287   -0.663287 (VIOLATED)
ANTENNA_300/DIODE                       1.500000    2.163285   -0.663285 (VIOLATED)
ANTENNA_load_slew1388_A/DIODE           1.500000    2.163240   -0.663241 (VIOLATED)
load_slew1388/A                         1.500000    2.163208   -0.663208 (VIOLATED)
ANTENNA_298/DIODE                       1.500000    2.163106   -0.663106 (VIOLATED)
ANTENNA_299/DIODE                       1.500000    2.163087   -0.663087 (VIOLATED)
_2493_/A1                               1.500000    2.061415   -0.561415 (VIOLATED)
ANTENNA__2493__A1/DIODE                 1.500000    2.061379   -0.561379 (VIOLATED)
ANTENNA__2503__A1/DIODE                 1.500000    2.058671   -0.558671 (VIOLATED)
_2503_/A1                               1.500000    2.058662   -0.558662 (VIOLATED)
ANTENNA__2487__A1/DIODE                 1.500000    2.042181   -0.542181 (VIOLATED)
_2487_/A1                               1.500000    2.042161   -0.542161 (VIOLATED)
ANTENNA_359/DIODE                       1.500000    2.042145   -0.542145 (VIOLATED)
_4541_/A                                1.500000    2.020207   -0.520207 (VIOLATED)
ANTENNA__4541__A/DIODE                  1.500000    2.020135   -0.520136 (VIOLATED)
_1547_/X                                1.498428    2.001161   -0.502733 (VIOLATED)
ANTENNA__1547__X/DIODE                  1.500000    2.001161   -0.501161 (VIOLATED)
ANTENNA_281/DIODE                       1.500000    1.967628   -0.467628 (VIOLATED)
ANTENNA_279/DIODE                       1.500000    1.966240   -0.466240 (VIOLATED)
wire899/A                               1.500000    1.965012   -0.465012 (VIOLATED)
ANTENNA_wire899_A/DIODE                 1.500000    1.964992   -0.464992 (VIOLATED)
ANTENNA_277/DIODE                       1.500000    1.962112   -0.462112 (VIOLATED)
ANTENNA_275/DIODE                       1.500000    1.960609   -0.460609 (VIOLATED)
fanout1122/A                            1.500000    1.959535   -0.459536 (VIOLATED)
ANTENNA_fanout1122_A/DIODE              1.500000    1.959462   -0.459462 (VIOLATED)
ANTENNA_274/DIODE                       1.500000    1.958042   -0.458042 (VIOLATED)
ANTENNA_278/DIODE                       1.500000    1.956845   -0.456845 (VIOLATED)
ANTENNA_276/DIODE                       1.500000    1.956024   -0.456024 (VIOLATED)
ANTENNA_280/DIODE                       1.500000    1.950717   -0.450717 (VIOLATED)
ANTENNA_282/DIODE                       1.500000    1.948172   -0.448172 (VIOLATED)
ANTENNA_wire863_A/DIODE                 1.500000    1.778152   -0.278152 (VIOLATED)
wire863/A                               1.500000    1.778153   -0.278153 (VIOLATED)
ANTENNA_201/DIODE                       1.500000    1.777413   -0.277413 (VIOLATED)
ANTENNA_200/DIODE                       1.500000    1.777411   -0.277411 (VIOLATED)
ANTENNA_wire900_X/DIODE                 1.500000    1.777411   -0.277411 (VIOLATED)
wire900/X                               1.500000    1.777411   -0.277411 (VIOLATED)
ANTENNA__2476__A1/DIODE                 1.500000    1.768121   -0.268121 (VIOLATED)
_2476_/A1                               1.500000    1.768115   -0.268115 (VIOLATED)
ANTENNA_wire864_X/DIODE                 1.500000    1.765531   -0.265531 (VIOLATED)
wire864/X                               1.500000    1.765531   -0.265531 (VIOLATED)
wire997/A                               1.500000    1.742717   -0.242717 (VIOLATED)
ANTENNA_wire997_A/DIODE                 1.500000    1.742714   -0.242714 (VIOLATED)
ANTENNA__1557__X/DIODE                  1.500000    1.733080   -0.233080 (VIOLATED)
_1557_/X                                1.500000    1.733080   -0.233080 (VIOLATED)
ANTENNA__2484__A1/DIODE                 1.500000    1.722922   -0.222922 (VIOLATED)
_2484_/A1                               1.500000    1.722920   -0.222920 (VIOLATED)
ANTENNA_wire881_A/DIODE                 1.500000    1.718376   -0.218376 (VIOLATED)
wire881/A                               1.500000    1.718369   -0.218369 (VIOLATED)
ANTENNA__2505__A1/DIODE                 1.500000    1.716222   -0.216222 (VIOLATED)
_2505_/A1                               1.500000    1.716173   -0.216173 (VIOLATED)
ANTENNA_294/DIODE                       1.500000    1.716155   -0.216155 (VIOLATED)
_2475_/A1                               1.500000    1.708850   -0.208850 (VIOLATED)
ANTENNA__2475__A1/DIODE                 1.500000    1.708849   -0.208849 (VIOLATED)
wire890/A                               1.500000    1.708653   -0.208653 (VIOLATED)
ANTENNA_wire890_A/DIODE                 1.500000    1.708622   -0.208622 (VIOLATED)
wire1419/A                              1.500000    1.704126   -0.204126 (VIOLATED)
ANTENNA_177/DIODE                       1.500000    1.704108   -0.204108 (VIOLATED)
ANTENNA_178/DIODE                       1.500000    1.704100   -0.204100 (VIOLATED)
ANTENNA_179/DIODE                       1.500000    1.703917   -0.203917 (VIOLATED)
ANTENNA_wire1419_A/DIODE                1.500000    1.703905   -0.203905 (VIOLATED)
ANTENNA_180/DIODE                       1.500000    1.703892   -0.203892 (VIOLATED)
fanout1125/A                            1.500000    1.676368   -0.176368 (VIOLATED)
ANTENNA_fanout1125_A/DIODE              1.500000    1.676127   -0.176127 (VIOLATED)
wire853/A                               1.500000    1.670274   -0.170274 (VIOLATED)
ANTENNA_wire853_A/DIODE                 1.500000    1.670273   -0.170273 (VIOLATED)
ANTENNA__1583__Y/DIODE                  1.500000    1.667153   -0.167153 (VIOLATED)
_1583_/Y                                1.500000    1.667151   -0.167151 (VIOLATED)
ANTENNA__2479__A1/DIODE                 1.500000    1.656529   -0.156529 (VIOLATED)
_2479_/A1                               1.500000    1.656520   -0.156520 (VIOLATED)
ANTENNA__2486__A1/DIODE                 1.500000    1.655152   -0.155152 (VIOLATED)
_2486_/A1                               1.500000    1.655151   -0.155151 (VIOLATED)
fanout1121/A                            1.500000    1.652493   -0.152493 (VIOLATED)
ANTENNA_fanout1121_A/DIODE              1.500000    1.652465   -0.152465 (VIOLATED)
_2495_/A1                               1.500000    1.639522   -0.139522 (VIOLATED)
ANTENNA__2495__A1/DIODE                 1.500000    1.639511   -0.139511 (VIOLATED)
_2477_/A1                               1.500000    1.613911   -0.113911 (VIOLATED)
ANTENNA__2477__A1/DIODE                 1.500000    1.613907   -0.113907 (VIOLATED)
_2481_/A1                               1.500000    1.608241   -0.108241 (VIOLATED)
ANTENNA__2489__A1/DIODE                 1.500000    1.608240   -0.108240 (VIOLATED)
_2489_/A1                               1.500000    1.608230   -0.108230 (VIOLATED)
ANTENNA__2481__A1/DIODE                 1.500000    1.608218   -0.108218 (VIOLATED)
ANTENNA_347/DIODE                       1.500000    1.596171   -0.096171 (VIOLATED)
ANTENNA_345/DIODE                       1.500000    1.596157   -0.096157 (VIOLATED)
ANTENNA_342/DIODE                       1.500000    1.596133   -0.096133 (VIOLATED)
ANTENNA_340/DIODE                       1.500000    1.596121   -0.096121 (VIOLATED)
ANTENNA_338/DIODE                       1.500000    1.596110   -0.096110 (VIOLATED)
ANTENNA_max_cap1408_X/DIODE             1.500000    1.596099   -0.096099 (VIOLATED)
ANTENNA_337/DIODE                       1.500000    1.596089   -0.096089 (VIOLATED)
ANTENNA_339/DIODE                       1.500000    1.596079   -0.096079 (VIOLATED)
ANTENNA_341/DIODE                       1.500000    1.596070   -0.096070 (VIOLATED)
ANTENNA_343/DIODE                       1.500000    1.596061   -0.096061 (VIOLATED)
ANTENNA_344/DIODE                       1.500000    1.596053   -0.096054 (VIOLATED)
ANTENNA_346/DIODE                       1.500000    1.596046   -0.096046 (VIOLATED)
max_cap1408/X                           1.500000    1.595999   -0.095999 (VIOLATED)
ANTENNA_352/DIODE                       1.500000    1.592471   -0.092471 (VIOLATED)
ANTENNA_353/DIODE                       1.500000    1.592471   -0.092471 (VIOLATED)
ANTENNA_354/DIODE                       1.500000    1.592471   -0.092471 (VIOLATED)
ANTENNA_355/DIODE                       1.500000    1.592471   -0.092471 (VIOLATED)
ANTENNA_356/DIODE                       1.500000    1.592471   -0.092471 (VIOLATED)
ANTENNA_357/DIODE                       1.500000    1.592471   -0.092471 (VIOLATED)
ANTENNA_358/DIODE                       1.500000    1.592471   -0.092471 (VIOLATED)
ANTENNA_wire882_X/DIODE                 1.500000    1.592471   -0.092471 (VIOLATED)
wire882/X                               1.500000    1.592471   -0.092471 (VIOLATED)
wire888/A                               1.500000    1.584334   -0.084334 (VIOLATED)
ANTENNA_wire888_A/DIODE                 1.500000    1.584300   -0.084300 (VIOLATED)
wire830/A                               1.500000    1.583225   -0.083225 (VIOLATED)
ANTENNA_wire830_A/DIODE                 1.500000    1.583121   -0.083121 (VIOLATED)
ANTENNA_324/DIODE                       1.500000    1.581090   -0.081090 (VIOLATED)
ANTENNA_322/DIODE                       1.500000    1.581080   -0.081080 (VIOLATED)
ANTENNA_320/DIODE                       1.500000    1.581070   -0.081070 (VIOLATED)
ANTENNA_318/DIODE                       1.500000    1.581061   -0.081061 (VIOLATED)
ANTENNA_316/DIODE                       1.500000    1.581053   -0.081053 (VIOLATED)
ANTENNA_max_cap1401_X/DIODE             1.500000    1.581045   -0.081045 (VIOLATED)
ANTENNA_315/DIODE                       1.500000    1.581037   -0.081038 (VIOLATED)
ANTENNA_317/DIODE                       1.500000    1.581031   -0.081031 (VIOLATED)
ANTENNA_319/DIODE                       1.500000    1.581025   -0.081025 (VIOLATED)
ANTENNA_321/DIODE                       1.500000    1.581022   -0.081022 (VIOLATED)
ANTENNA_323/DIODE                       1.500000    1.581022   -0.081022 (VIOLATED)
ANTENNA_325/DIODE                       1.500000    1.581022   -0.081022 (VIOLATED)
max_cap1401/X                           1.500000    1.580998   -0.080998 (VIOLATED)
ANTENNA__2494__A1/DIODE                 1.500000    1.574068   -0.074068 (VIOLATED)
_2494_/A1                               1.500000    1.574066   -0.074066 (VIOLATED)
ANTENNA_wire1025_X/DIODE                1.500000    1.572668   -0.072668 (VIOLATED)
wire1025/X                              1.500000    1.572642   -0.072642 (VIOLATED)
_2488_/A1                               1.500000    1.571173   -0.071173 (VIOLATED)
ANTENNA__2488__A1/DIODE                 1.500000    1.571165   -0.071165 (VIOLATED)
_2491_/A1                               1.500000    1.568731   -0.068731 (VIOLATED)
ANTENNA__2491__A1/DIODE                 1.500000    1.568711   -0.068711 (VIOLATED)
ANTENNA__2483__A1/DIODE                 1.500000    1.566786   -0.066786 (VIOLATED)
ANTENNA_290/DIODE                       1.500000    1.566785   -0.066785 (VIOLATED)
_2483_/A1                               1.500000    1.566780   -0.066780 (VIOLATED)
ANTENNA_360/DIODE                       1.500000    1.566772   -0.066772 (VIOLATED)
ANTENNA_wire948_A/DIODE                 1.500000    1.553823   -0.053823 (VIOLATED)
wire948/A                               1.500000    1.553822   -0.053823 (VIOLATED)
ANTENNA_251/DIODE                       1.500000    1.553475   -0.053475 (VIOLATED)
ANTENNA_255/DIODE                       1.500000    1.553475   -0.053475 (VIOLATED)
ANTENNA_257/DIODE                       1.500000    1.553475   -0.053475 (VIOLATED)
ANTENNA_247/DIODE                       1.500000    1.553475   -0.053475 (VIOLATED)
ANTENNA_248/DIODE                       1.500000    1.553475   -0.053475 (VIOLATED)
ANTENNA_250/DIODE                       1.500000    1.553475   -0.053475 (VIOLATED)
ANTENNA_253/DIODE                       1.500000    1.553475   -0.053475 (VIOLATED)
ANTENNA_wire1033_X/DIODE                1.500000    1.553475   -0.053475 (VIOLATED)
ANTENNA_252/DIODE                       1.500000    1.553475   -0.053475 (VIOLATED)
ANTENNA_254/DIODE                       1.500000    1.553475   -0.053475 (VIOLATED)
ANTENNA_249/DIODE                       1.500000    1.553475   -0.053475 (VIOLATED)
ANTENNA_256/DIODE                       1.500000    1.553475   -0.053475 (VIOLATED)
wire1033/X                              1.500000    1.553464   -0.053464 (VIOLATED)
ANTENNA__2485__A1/DIODE                 1.500000    1.545807   -0.045807 (VIOLATED)
_2485_/A1                               1.500000    1.545806   -0.045806 (VIOLATED)
fanout1221/A                            1.500000    1.545155   -0.045155 (VIOLATED)
ANTENNA_fanout1221_A/DIODE              1.500000    1.545149   -0.045149 (VIOLATED)
fanout1173/A                            1.500000    1.544413   -0.044413 (VIOLATED)
ANTENNA_fanout1173_A/DIODE              1.500000    1.544352   -0.044352 (VIOLATED)
_2502_/A1                               1.500000    1.542172   -0.042172 (VIOLATED)
ANTENNA__2502__A1/DIODE                 1.500000    1.542152   -0.042152 (VIOLATED)
ANTENNA_197/DIODE                       1.500000    1.538544   -0.038544 (VIOLATED)
ANTENNA_198/DIODE                       1.500000    1.538540   -0.038540 (VIOLATED)
ANTENNA_199/DIODE                       1.500000    1.538540   -0.038540 (VIOLATED)
ANTENNA_192/DIODE                       1.500000    1.538509   -0.038509 (VIOLATED)
ANTENNA_191/DIODE                       1.500000    1.538507   -0.038507 (VIOLATED)
ANTENNA_190/DIODE                       1.500000    1.538505   -0.038505 (VIOLATED)
ANTENNA_189/DIODE                       1.500000    1.538502   -0.038502 (VIOLATED)
ANTENNA_wire891_X/DIODE                 1.500000    1.538500   -0.038500 (VIOLATED)
ANTENNA_193/DIODE                       1.500000    1.538496   -0.038496 (VIOLATED)
ANTENNA_194/DIODE                       1.500000    1.538496   -0.038496 (VIOLATED)
ANTENNA_195/DIODE                       1.500000    1.538496   -0.038496 (VIOLATED)
ANTENNA_196/DIODE                       1.500000    1.538496   -0.038496 (VIOLATED)
wire891/X                               1.500000    1.538491   -0.038491 (VIOLATED)
ANTENNA_374/DIODE                       1.500000    1.536691   -0.036691 (VIOLATED)
ANTENNA_372/DIODE                       1.500000    1.536679   -0.036679 (VIOLATED)
ANTENNA_370/DIODE                       1.500000    1.536668   -0.036668 (VIOLATED)
ANTENNA_368/DIODE                       1.500000    1.536658   -0.036658 (VIOLATED)
ANTENNA_366/DIODE                       1.500000    1.536648   -0.036648 (VIOLATED)
ANTENNA_wire1406_X/DIODE                1.500000    1.536638   -0.036638 (VIOLATED)
ANTENNA_365/DIODE                       1.500000    1.536630   -0.036630 (VIOLATED)
ANTENNA_367/DIODE                       1.500000    1.536621   -0.036621 (VIOLATED)
ANTENNA_369/DIODE                       1.500000    1.536614   -0.036614 (VIOLATED)
ANTENNA_371/DIODE                       1.500000    1.536606   -0.036606 (VIOLATED)
ANTENNA_373/DIODE                       1.500000    1.536600   -0.036600 (VIOLATED)
ANTENNA_375/DIODE                       1.500000    1.536594   -0.036594 (VIOLATED)
wire1406/X                              1.500000    1.536562   -0.036562 (VIOLATED)
fanout1191/A                            1.500000    1.535662   -0.035662 (VIOLATED)
ANTENNA_fanout1191_A/DIODE              1.500000    1.535412   -0.035412 (VIOLATED)

max fanout

Pin                                   Limit Fanout  Slack
---------------------------------------------------------
clkbuf_leaf_12_gpio_in[38]/X             20     51    -31 (VIOLATED)
clkbuf_leaf_30_gpio_in[38]/X             20     51    -31 (VIOLATED)
clkbuf_leaf_34_gpio_in[38]/X             20     51    -31 (VIOLATED)
clkbuf_leaf_47_gpio_in[38]/X             20     51    -31 (VIOLATED)
clkbuf_leaf_4_gpio_in[38]/X              20     49    -29 (VIOLATED)
clkbuf_leaf_14_gpio_in[38]/X             20     47    -27 (VIOLATED)
clkbuf_leaf_31_gpio_in[38]/X             20     47    -27 (VIOLATED)
clkbuf_leaf_22_gpio_in[38]/X             20     45    -25 (VIOLATED)
clkbuf_leaf_23_gpio_in[38]/X             20     45    -25 (VIOLATED)
clkbuf_leaf_33_gpio_in[38]/X             20     45    -25 (VIOLATED)
clkbuf_leaf_50_gpio_in[38]/X             20     45    -25 (VIOLATED)
clkbuf_leaf_11_gpio_in[38]/X             20     43    -23 (VIOLATED)
clkbuf_leaf_15_gpio_in[38]/X             20     43    -23 (VIOLATED)
clkbuf_leaf_25_gpio_in[38]/X             20     43    -23 (VIOLATED)
clkbuf_leaf_40_gpio_in[38]/X             20     43    -23 (VIOLATED)
clkbuf_leaf_27_gpio_in[38]/X             20     41    -21 (VIOLATED)
clkbuf_leaf_3_gpio_in[38]/X              20     41    -21 (VIOLATED)
clkbuf_leaf_2_gpio_in[38]/X              20     39    -19 (VIOLATED)
clkbuf_leaf_16_gpio_in[38]/X             20     37    -17 (VIOLATED)
clkbuf_leaf_24_gpio_in[38]/X             20     35    -15 (VIOLATED)
clkbuf_leaf_56_gpio_in[38]/X             20     35    -15 (VIOLATED)
clkbuf_leaf_19_gpio_in[38]/X             20     33    -13 (VIOLATED)
clkbuf_leaf_20_gpio_in[38]/X             20     33    -13 (VIOLATED)
clkbuf_leaf_49_gpio_in[38]/X             20     33    -13 (VIOLATED)
clkbuf_leaf_9_gpio_in[38]/X              20     33    -13 (VIOLATED)
clkbuf_leaf_13_gpio_in[38]/X             20     31    -11 (VIOLATED)
clkbuf_leaf_48_gpio_in[38]/X             20     31    -11 (VIOLATED)
max_cap809/X                             20     31    -11 (VIOLATED)
clkbuf_3_2_0_gpio_in[38]/X               20     29     -9 (VIOLATED)
clkbuf_leaf_29_gpio_in[38]/X             20     29     -9 (VIOLATED)
clkbuf_leaf_53_gpio_in[38]/X             20     29     -9 (VIOLATED)
clkbuf_leaf_54_gpio_in[38]/X             20     27     -7 (VIOLATED)
clkbuf_3_1_0_gpio_in[38]/X               20     25     -5 (VIOLATED)
clkbuf_leaf_66_gpio_in[38]/X             20     25     -5 (VIOLATED)
clkbuf_leaf_6_gpio_in[38]/X              20     25     -5 (VIOLATED)
fanout1284/X                             20     24     -4 (VIOLATED)
fanout1328/X                             20     24     -4 (VIOLATED)
clkbuf_leaf_1_gpio_in[38]/X              20     23     -3 (VIOLATED)
clkbuf_leaf_28_gpio_in[38]/X             20     23     -3 (VIOLATED)
fanout1197/X                             20     23     -3 (VIOLATED)
gpio_loopback_zero[25]                   20     22     -2 (VIOLATED)
gpio_loopback_zero[26]                   20     22     -2 (VIOLATED)
gpio_loopback_zero[30]                   20     22     -2 (VIOLATED)
gpio_loopback_zero[32]                   20     22     -2 (VIOLATED)
gpio_loopback_zero[38]                   20     22     -2 (VIOLATED)
fanout1123/X                             20     22     -2 (VIOLATED)
fanout1161/X                             20     22     -2 (VIOLATED)
fanout1178/X                             20     22     -2 (VIOLATED)
fanout1185/X                             20     22     -2 (VIOLATED)
fanout1194/X                             20     22     -2 (VIOLATED)
fanout1203/X                             20     22     -2 (VIOLATED)
fanout1215/X                             20     22     -2 (VIOLATED)
fanout1221/X                             20     22     -2 (VIOLATED)
fanout1250/X                             20     22     -2 (VIOLATED)
clkbuf_3_3_0_gpio_in[38]/X               20     21        (VIOLATED)
clkbuf_leaf_35_gpio_in[38]/X             20     21        (VIOLATED)
clkbuf_leaf_57_gpio_in[38]/X             20     21        (VIOLATED)
fanout1109/X                             20     21        (VIOLATED)
fanout1110/X                             20     21        (VIOLATED)
fanout1114/X                             20     21        (VIOLATED)
fanout1121/X                             20     21        (VIOLATED)
fanout1122/X                             20     21        (VIOLATED)
fanout1124/X                             20     21        (VIOLATED)
fanout1125/X                             20     21        (VIOLATED)
fanout1127/X                             20     21        (VIOLATED)
fanout1128/X                             20     21        (VIOLATED)
fanout1130/X                             20     21        (VIOLATED)
fanout1131/X                             20     21        (VIOLATED)
fanout1136/X                             20     21        (VIOLATED)
fanout1137/X                             20     21        (VIOLATED)
fanout1142/X                             20     21        (VIOLATED)
fanout1143/X                             20     21        (VIOLATED)
fanout1148/X                             20     21        (VIOLATED)
fanout1149/X                             20     21        (VIOLATED)
fanout1154/X                             20     21        (VIOLATED)
fanout1155/X                             20     21        (VIOLATED)
fanout1160/X                             20     21        (VIOLATED)
fanout1166/X                             20     21        (VIOLATED)
fanout1167/X                             20     21        (VIOLATED)
fanout1169/X                             20     21        (VIOLATED)
fanout1170/X                             20     21        (VIOLATED)
fanout1172/X                             20     21        (VIOLATED)
fanout1173/X                             20     21        (VIOLATED)
fanout1175/X                             20     21        (VIOLATED)
fanout1176/X                             20     21        (VIOLATED)
fanout1179/X                             20     21        (VIOLATED)
fanout1181/X                             20     21        (VIOLATED)
fanout1182/X                             20     21        (VIOLATED)
fanout1184/X                             20     21        (VIOLATED)
fanout1187/X                             20     21        (VIOLATED)
fanout1188/X                             20     21        (VIOLATED)
fanout1190/X                             20     21        (VIOLATED)
fanout1191/X                             20     21        (VIOLATED)
fanout1193/X                             20     21        (VIOLATED)
fanout1196/X                             20     21        (VIOLATED)
fanout1199/X                             20     21        (VIOLATED)
fanout1200/X                             20     21        (VIOLATED)
fanout1202/X                             20     21        (VIOLATED)
fanout1205/X                             20     21        (VIOLATED)
fanout1206/X                             20     21        (VIOLATED)
fanout1208/X                             20     21        (VIOLATED)
fanout1209/X                             20     21        (VIOLATED)
fanout1211/X                             20     21        (VIOLATED)
fanout1212/X                             20     21        (VIOLATED)
fanout1214/X                             20     21        (VIOLATED)
fanout1217/X                             20     21        (VIOLATED)
fanout1218/X                             20     21        (VIOLATED)
fanout1220/X                             20     21        (VIOLATED)
fanout1223/X                             20     21        (VIOLATED)
fanout1224/X                             20     21        (VIOLATED)
fanout1226/X                             20     21        (VIOLATED)
fanout1227/X                             20     21        (VIOLATED)
fanout1229/X                             20     21        (VIOLATED)
fanout1230/X                             20     21        (VIOLATED)
fanout1232/X                             20     21        (VIOLATED)
fanout1233/X                             20     21        (VIOLATED)
fanout1243/X                             20     21        (VIOLATED)
fanout1245/X                             20     21        (VIOLATED)
fanout1247/X                             20     21        (VIOLATED)
fanout1248/X                             20     21        (VIOLATED)
fanout1249/X                             20     21        (VIOLATED)
fanout1254/X                             20     21        (VIOLATED)
fanout1257/X                             20     21        (VIOLATED)
fanout1258/X                             20     21        (VIOLATED)
fanout1260/X                             20     21        (VIOLATED)
fanout1261/X                             20     21        (VIOLATED)
fanout1263/X                             20     21        (VIOLATED)
fanout1285/X                             20     21        (VIOLATED)
fanout1287/X                             20     21        (VIOLATED)
fanout1288/X                             20     21        (VIOLATED)
fanout1289/X                             20     21        (VIOLATED)
fanout1291/X                             20     21        (VIOLATED)
fanout1292/X                             20     21        (VIOLATED)
fanout1293/X                             20     21        (VIOLATED)
fanout1294/X                             20     21        (VIOLATED)
fanout1322/X                             20     21        (VIOLATED)
fanout1325/X                             20     21        (VIOLATED)
fanout1331/X                             20     21        (VIOLATED)
fanout1334/X                             20     21        (VIOLATED)
fanout1337/X                             20     21        (VIOLATED)
fanout1340/X                             20     21        (VIOLATED)
fanout1343/X                             20     21        (VIOLATED)
fanout1346/X                             20     21        (VIOLATED)
fanout1349/X                             20     21        (VIOLATED)
fanout1352/X                             20     21        (VIOLATED)
fanout1355/X                             20     21        (VIOLATED)
fanout1358/X                             20     21        (VIOLATED)
fanout1361/X                             20     21        (VIOLATED)
fanout1364/X                             20     21        (VIOLATED)
fanout1367/X                             20     21        (VIOLATED)
fanout1370/X                             20     21        (VIOLATED)
fanout1373/X                             20     21        (VIOLATED)
fanout1376/X                             20     21        (VIOLATED)
fanout1379/X                             20     21        (VIOLATED)
fanout1392/X                             20     21        (VIOLATED)
fanout1393/X                             20     21        (VIOLATED)
fanout1396/X                             20     21        (VIOLATED)
fanout636/X                              20     21        (VIOLATED)
fanout655/X                              20     21        (VIOLATED)
fanout671/X                              20     21        (VIOLATED)
fanout765/X                              20     21        (VIOLATED)
fanout769/X                              20     21        (VIOLATED)
fanout773/X                              20     21        (VIOLATED)
fanout786/X                              20     21        (VIOLATED)
fanout788/X                              20     21        (VIOLATED)
fanout789/X                              20     21        (VIOLATED)
fanout791/X                              20     21        (VIOLATED)
fanout812/X                              20     21        (VIOLATED)
fanout813/X                              20     21        (VIOLATED)

max capacitance

Pin                                        Limit         Cap       Slack
------------------------------------------------------------------------
wire933/X                               0.353403    1.473642   -1.120239 (VIOLATED)
wire942/X                               0.353403    1.418725   -1.065322 (VIOLATED)
_1535_/X                                0.353403    1.087371   -0.733968 (VIOLATED)
wire1035/X                              0.495310    1.108175   -0.612865 (VIOLATED)
wire951/X                               0.181284    0.497254   -0.315970 (VIOLATED)
_1541_/X                                0.353403    0.529090   -0.175687 (VIOLATED)
_1576_/Y                                0.179453    0.338787   -0.159334 (VIOLATED)
_1545_/X                                0.187693    0.334330   -0.146637 (VIOLATED)
_1580_/Y                                0.179453    0.278057   -0.098604 (VIOLATED)
_1582_/Y                                0.055857    0.153735   -0.097878 (VIOLATED)
_1547_/X                                0.187693    0.250647   -0.062954 (VIOLATED)
wire900/X                               0.353403    0.416005   -0.062603 (VIOLATED)
_1339_/Y                                0.050364    0.089797   -0.039433 (VIOLATED)
wire864/X                               0.181284    0.214167   -0.032883 (VIOLATED)
_1557_/X                                0.189524    0.218488   -0.028964 (VIOLATED)
wire882/X                               0.353403    0.369481   -0.016078 (VIOLATED)
wire891/X                               0.353403    0.359729   -0.006326 (VIOLATED)



===========================================================================
report_parasitic_annotation -report_unannotated
============================================================================
Found 217 unannotated drivers.
 analog_io[0]
 analog_io[10]
 analog_io[11]
 analog_io[12]
 analog_io[13]
 analog_io[14]
 analog_io[15]
 analog_io[16]
 analog_io[17]
 analog_io[18]
 analog_io[19]
 analog_io[1]
 analog_io[20]
 analog_io[21]
 analog_io[22]
 analog_io[23]
 analog_io[24]
 analog_io[25]
 analog_io[26]
 analog_io[27]
 analog_io[28]
 analog_io[29]
 analog_io[2]
 analog_io[30]
 analog_io[31]
 analog_io[32]
 analog_io[33]
 analog_io[34]
 analog_io[35]
 analog_io[36]
 analog_io[37]
 analog_io[38]
 analog_io[39]
 analog_io[3]
 analog_io[40]
 analog_io[41]
 analog_io[42]
 analog_io[43]
 analog_io[4]
 analog_io[5]
 analog_io[6]
 analog_io[7]
 analog_io[8]
 analog_io[9]
 analog_noesd_io[0]
 analog_noesd_io[10]
 analog_noesd_io[11]
 analog_noesd_io[12]
 analog_noesd_io[13]
 analog_noesd_io[14]
 analog_noesd_io[15]
 analog_noesd_io[16]
 analog_noesd_io[17]
 analog_noesd_io[18]
 analog_noesd_io[19]
 analog_noesd_io[1]
 analog_noesd_io[20]
 analog_noesd_io[21]
 analog_noesd_io[22]
 analog_noesd_io[23]
 analog_noesd_io[24]
 analog_noesd_io[25]
 analog_noesd_io[26]
 analog_noesd_io[27]
 analog_noesd_io[28]
 analog_noesd_io[29]
 analog_noesd_io[2]
 analog_noesd_io[30]
 analog_noesd_io[31]
 analog_noesd_io[32]
 analog_noesd_io[33]
 analog_noesd_io[34]
 analog_noesd_io[35]
 analog_noesd_io[36]
 analog_noesd_io[37]
 analog_noesd_io[38]
 analog_noesd_io[39]
 analog_noesd_io[3]
 analog_noesd_io[40]
 analog_noesd_io[41]
 analog_noesd_io[42]
 analog_noesd_io[43]
 analog_noesd_io[4]
 analog_noesd_io[5]
 analog_noesd_io[6]
 analog_noesd_io[7]
 analog_noesd_io[8]
 analog_noesd_io[9]
 gpio_in[14]
 gpio_in[29]
 gpio_in_h[0]
 gpio_in_h[10]
 gpio_in_h[11]
 gpio_in_h[12]
 gpio_in_h[13]
 gpio_in_h[14]
 gpio_in_h[15]
 gpio_in_h[16]
 gpio_in_h[17]
 gpio_in_h[18]
 gpio_in_h[19]
 gpio_in_h[1]
 gpio_in_h[20]
 gpio_in_h[21]
 gpio_in_h[22]
 gpio_in_h[23]
 gpio_in_h[24]
 gpio_in_h[25]
 gpio_in_h[26]
 gpio_in_h[27]
 gpio_in_h[28]
 gpio_in_h[29]
 gpio_in_h[2]
 gpio_in_h[30]
 gpio_in_h[31]
 gpio_in_h[32]
 gpio_in_h[33]
 gpio_in_h[34]
 gpio_in_h[35]
 gpio_in_h[36]
 gpio_in_h[37]
 gpio_in_h[38]
 gpio_in_h[39]
 gpio_in_h[3]
 gpio_in_h[40]
 gpio_in_h[41]
 gpio_in_h[42]
 gpio_in_h[43]
 gpio_in_h[4]
 gpio_in_h[5]
 gpio_in_h[6]
 gpio_in_h[7]
 gpio_in_h[8]
 gpio_in_h[9]
 gpio_loopback_one[0]
 gpio_loopback_zero[0]
 por_l
 porb_h
 porb_l
 resetb_h
 _4019__1452/LO
 clkload0/Y
 clkload1/Y
 clkload10/Y
 clkload11/X
 clkload12/Y
 clkload13/Y
 clkload14/Y
 clkload15/X
 clkload16/Y
 clkload17/Y
 clkload18/Y
 clkload19/Y
 clkload2/Y
 clkload20/Y
 clkload21/Y
 clkload22/Y
 clkload23/Y
 clkload24/Y
 clkload25/Y
 clkload26/Y
 clkload27/Y
 clkload28/Y
 clkload29/Y
 clkload3/Y
 clkload30/Y
 clkload31/Y
 clkload32/Y
 clkload33/X
 clkload34/Y
 clkload35/Y
 clkload36/Y
 clkload37/Y
 clkload38/Y
 clkload39/Y
 clkload4/Y
 clkload40/Y
 clkload41/Y
 clkload42/Y
 clkload43/Y
 clkload44/Y
 clkload45/Y
 clkload46/Y
 clkload47/Y
 clkload48/Y
 clkload49/Y
 clkload5/Y
 clkload50/Y
 clkload51/Y
 clkload52/Y
 clkload53/Y
 clkload54/Y
 clkload55/Y
 clkload56/Y
 clkload57/Y
 clkload58/Y
 clkload59/Y
 clkload6/Y
 clkload60/Y
 clkload61/Y
 clkload62/Y
 clkload7/Y
 clkload8/Y
 clkload9/Y
 openframe_project_wrapper_1440/HI
 openframe_project_wrapper_1441/HI
 openframe_project_wrapper_1442/HI
 openframe_project_wrapper_1443/HI
 openframe_project_wrapper_1444/HI
 openframe_project_wrapper_1445/HI
 openframe_project_wrapper_1446/HI
 openframe_project_wrapper_1447/HI
 openframe_project_wrapper_1448/HI
 openframe_project_wrapper_1449/HI
 openframe_project_wrapper_1450/HI
 openframe_project_wrapper_1451/HI
 openframe_project_wrapper_1453/LO
Found 0 partially unannotated drivers.

===========================================================================
max slew violation count 279
max fanout violation count 169
max cap violation count 17
============================================================================

===========================================================================
check_setup -verbose -unconstrained_endpoints -multiple_clock -no_clock -no_input_delay -loops -generated_clocks
===========================================================================
Warning: There are 300 input ports missing set_input_delay.
  analog_io[0]
  analog_io[10]
  analog_io[11]
  analog_io[12]
  analog_io[13]
  analog_io[14]
  analog_io[15]
  analog_io[16]
  analog_io[17]
  analog_io[18]
  analog_io[19]
  analog_io[1]
  analog_io[20]
  analog_io[21]
  analog_io[22]
  analog_io[23]
  analog_io[24]
  analog_io[25]
  analog_io[26]
  analog_io[27]
  analog_io[28]
  analog_io[29]
  analog_io[2]
  analog_io[30]
  analog_io[31]
  analog_io[32]
  analog_io[33]
  analog_io[34]
  analog_io[35]
  analog_io[36]
  analog_io[37]
  analog_io[38]
  analog_io[39]
  analog_io[3]
  analog_io[40]
  analog_io[41]
  analog_io[42]
  analog_io[43]
  analog_io[4]
  analog_io[5]
  analog_io[6]
  analog_io[7]
  analog_io[8]
  analog_io[9]
  analog_noesd_io[0]
  analog_noesd_io[10]
  analog_noesd_io[11]
  analog_noesd_io[12]
  analog_noesd_io[13]
  analog_noesd_io[14]
  analog_noesd_io[15]
  analog_noesd_io[16]
  analog_noesd_io[17]
  analog_noesd_io[18]
  analog_noesd_io[19]
  analog_noesd_io[1]
  analog_noesd_io[20]
  analog_noesd_io[21]
  analog_noesd_io[22]
  analog_noesd_io[23]
  analog_noesd_io[24]
  analog_noesd_io[25]
  analog_noesd_io[26]
  analog_noesd_io[27]
  analog_noesd_io[28]
  analog_noesd_io[29]
  analog_noesd_io[2]
  analog_noesd_io[30]
  analog_noesd_io[31]
  analog_noesd_io[32]
  analog_noesd_io[33]
  analog_noesd_io[34]
  analog_noesd_io[35]
  analog_noesd_io[36]
  analog_noesd_io[37]
  analog_noesd_io[38]
  analog_noesd_io[39]
  analog_noesd_io[3]
  analog_noesd_io[40]
  analog_noesd_io[41]
  analog_noesd_io[42]
  analog_noesd_io[43]
  analog_noesd_io[4]
  analog_noesd_io[5]
  analog_noesd_io[6]
  analog_noesd_io[7]
  analog_noesd_io[8]
  analog_noesd_io[9]
  gpio_in[0]
  gpio_in[10]
  gpio_in[11]
  gpio_in[12]
  gpio_in[13]
  gpio_in[14]
  gpio_in[15]
  gpio_in[16]
  gpio_in[17]
  gpio_in[18]
  gpio_in[19]
  gpio_in[1]
  gpio_in[20]
  gpio_in[21]
  gpio_in[22]
  gpio_in[23]
  gpio_in[24]
  gpio_in[25]
  gpio_in[26]
  gpio_in[27]
  gpio_in[28]
  gpio_in[29]
  gpio_in[2]
  gpio_in[30]
  gpio_in[31]
  gpio_in[32]
  gpio_in[33]
  gpio_in[34]
  gpio_in[35]
  gpio_in[36]
  gpio_in[37]
  gpio_in[39]
  gpio_in[3]
  gpio_in[40]
  gpio_in[41]
  gpio_in[42]
  gpio_in[43]
  gpio_in[4]
  gpio_in[5]
  gpio_in[6]
  gpio_in[7]
  gpio_in[8]
  gpio_in[9]
  gpio_in_h[0]
  gpio_in_h[10]
  gpio_in_h[11]
  gpio_in_h[12]
  gpio_in_h[13]
  gpio_in_h[14]
  gpio_in_h[15]
  gpio_in_h[16]
  gpio_in_h[17]
  gpio_in_h[18]
  gpio_in_h[19]
  gpio_in_h[1]
  gpio_in_h[20]
  gpio_in_h[21]
  gpio_in_h[22]
  gpio_in_h[23]
  gpio_in_h[24]
  gpio_in_h[25]
  gpio_in_h[26]
  gpio_in_h[27]
  gpio_in_h[28]
  gpio_in_h[29]
  gpio_in_h[2]
  gpio_in_h[30]
  gpio_in_h[31]
  gpio_in_h[32]
  gpio_in_h[33]
  gpio_in_h[34]
  gpio_in_h[35]
  gpio_in_h[36]
  gpio_in_h[37]
  gpio_in_h[38]
  gpio_in_h[39]
  gpio_in_h[3]
  gpio_in_h[40]
  gpio_in_h[41]
  gpio_in_h[42]
  gpio_in_h[43]
  gpio_in_h[4]
  gpio_in_h[5]
  gpio_in_h[6]
  gpio_in_h[7]
  gpio_in_h[8]
  gpio_in_h[9]
  gpio_loopback_one[0]
  gpio_loopback_one[10]
  gpio_loopback_one[11]
  gpio_loopback_one[12]
  gpio_loopback_one[13]
  gpio_loopback_one[14]
  gpio_loopback_one[15]
  gpio_loopback_one[16]
  gpio_loopback_one[17]
  gpio_loopback_one[18]
  gpio_loopback_one[19]
  gpio_loopback_one[1]
  gpio_loopback_one[20]
  gpio_loopback_one[21]
  gpio_loopback_one[22]
  gpio_loopback_one[23]
  gpio_loopback_one[24]
  gpio_loopback_one[25]
  gpio_loopback_one[26]
  gpio_loopback_one[27]
  gpio_loopback_one[28]
  gpio_loopback_one[29]
  gpio_loopback_one[2]
  gpio_loopback_one[30]
  gpio_loopback_one[31]
  gpio_loopback_one[32]
  gpio_loopback_one[33]
  gpio_loopback_one[34]
  gpio_loopback_one[35]
  gpio_loopback_one[36]
  gpio_loopback_one[37]
  gpio_loopback_one[38]
  gpio_loopback_one[39]
  gpio_loopback_one[3]
  gpio_loopback_one[40]
  gpio_loopback_one[41]
  gpio_loopback_one[42]
  gpio_loopback_one[43]
  gpio_loopback_one[4]
  gpio_loopback_one[5]
  gpio_loopback_one[6]
  gpio_loopback_one[7]
  gpio_loopback_one[8]
  gpio_loopback_one[9]
  gpio_loopback_zero[0]
  gpio_loopback_zero[10]
  gpio_loopback_zero[11]
  gpio_loopback_zero[12]
  gpio_loopback_zero[13]
  gpio_loopback_zero[14]
  gpio_loopback_zero[15]
  gpio_loopback_zero[16]
  gpio_loopback_zero[17]
  gpio_loopback_zero[18]
  gpio_loopback_zero[19]
  gpio_loopback_zero[1]
  gpio_loopback_zero[20]
  gpio_loopback_zero[21]
  gpio_loopback_zero[22]
  gpio_loopback_zero[23]
  gpio_loopback_zero[24]
  gpio_loopback_zero[25]
  gpio_loopback_zero[26]
  gpio_loopback_zero[27]
  gpio_loopback_zero[28]
  gpio_loopback_zero[29]
  gpio_loopback_zero[2]
  gpio_loopback_zero[30]
  gpio_loopback_zero[31]
  gpio_loopback_zero[32]
  gpio_loopback_zero[33]
  gpio_loopback_zero[34]
  gpio_loopback_zero[35]
  gpio_loopback_zero[36]
  gpio_loopback_zero[37]
  gpio_loopback_zero[38]
  gpio_loopback_zero[39]
  gpio_loopback_zero[3]
  gpio_loopback_zero[40]
  gpio_loopback_zero[41]
  gpio_loopback_zero[42]
  gpio_loopback_zero[43]
  gpio_loopback_zero[4]
  gpio_loopback_zero[5]
  gpio_loopback_zero[6]
  gpio_loopback_zero[7]
  gpio_loopback_zero[8]
  gpio_loopback_zero[9]
  mask_rev[0]
  mask_rev[10]
  mask_rev[11]
  mask_rev[12]
  mask_rev[13]
  mask_rev[14]
  mask_rev[15]
  mask_rev[16]
  mask_rev[17]
  mask_rev[18]
  mask_rev[19]
  mask_rev[1]
  mask_rev[20]
  mask_rev[21]
  mask_rev[22]
  mask_rev[23]
  mask_rev[24]
  mask_rev[25]
  mask_rev[26]
  mask_rev[27]
  mask_rev[28]
  mask_rev[29]
  mask_rev[2]
  mask_rev[30]
  mask_rev[31]
  mask_rev[3]
  mask_rev[4]
  mask_rev[5]
  mask_rev[6]
  mask_rev[7]
  mask_rev[8]
  mask_rev[9]
  por_l
  porb_h
  porb_l
  resetb_h
  resetb_l
Warning: There are 51 unclocked register/latch pins.
  _3207_/CLK
  _3208_/CLK
  _3209_/CLK
  _3210_/CLK
  _3211_/CLK
  _3212_/CLK
  _3213_/CLK
  _4025_/CLK
  _4026_/CLK
  _4027_/CLK
  _4028_/CLK
  _4029_/CLK
  _4030_/CLK
  _4031_/CLK
  _4032_/CLK
  _4033_/CLK
  _4034_/CLK
  _4035_/CLK
  _4036_/CLK
  _4037_/CLK
  _4038_/CLK
  _4039_/CLK
  _4040_/CLK
  _4041_/CLK
  _4042_/CLK
  _4043_/CLK
  _4044_/CLK
  _4045_/CLK
  _4046_/CLK
  _4047_/CLK
  _4048_/CLK
  _4049_/CLK
  _4050_/CLK
  _4051_/CLK
  _4052_/CLK
  _4053_/CLK
  _4054_/CLK
  _4055_/CLK
  _4056_/CLK
  _4057_/CLK
  _4058_/CLK
  _4059_/CLK
  _4060_/CLK
  _4061_/CLK
  _4062_/CLK
  _4063_/CLK
  _4064_/CLK
  _4065_/CLK
  _4066_/CLK
  _4067_/CLK
  _4068_/CLK
Warning: There are 717 unconstrained endpoints.
  analog_io[0]
  analog_io[10]
  analog_io[11]
  analog_io[12]
  analog_io[13]
  analog_io[14]
  analog_io[15]
  analog_io[16]
  analog_io[17]
  analog_io[18]
  analog_io[19]
  analog_io[1]
  analog_io[20]
  analog_io[21]
  analog_io[22]
  analog_io[23]
  analog_io[24]
  analog_io[25]
  analog_io[26]
  analog_io[27]
  analog_io[28]
  analog_io[29]
  analog_io[2]
  analog_io[30]
  analog_io[31]
  analog_io[32]
  analog_io[33]
  analog_io[34]
  analog_io[35]
  analog_io[36]
  analog_io[37]
  analog_io[38]
  analog_io[39]
  analog_io[3]
  analog_io[40]
  analog_io[41]
  analog_io[42]
  analog_io[43]
  analog_io[4]
  analog_io[5]
  analog_io[6]
  analog_io[7]
  analog_io[8]
  analog_io[9]
  analog_noesd_io[0]
  analog_noesd_io[10]
  analog_noesd_io[11]
  analog_noesd_io[12]
  analog_noesd_io[13]
  analog_noesd_io[14]
  analog_noesd_io[15]
  analog_noesd_io[16]
  analog_noesd_io[17]
  analog_noesd_io[18]
  analog_noesd_io[19]
  analog_noesd_io[1]
  analog_noesd_io[20]
  analog_noesd_io[21]
  analog_noesd_io[22]
  analog_noesd_io[23]
  analog_noesd_io[24]
  analog_noesd_io[25]
  analog_noesd_io[26]
  analog_noesd_io[27]
  analog_noesd_io[28]
  analog_noesd_io[29]
  analog_noesd_io[2]
  analog_noesd_io[30]
  analog_noesd_io[31]
  analog_noesd_io[32]
  analog_noesd_io[33]
  analog_noesd_io[34]
  analog_noesd_io[35]
  analog_noesd_io[36]
  analog_noesd_io[37]
  analog_noesd_io[38]
  analog_noesd_io[39]
  analog_noesd_io[3]
  analog_noesd_io[40]
  analog_noesd_io[41]
  analog_noesd_io[42]
  analog_noesd_io[43]
  analog_noesd_io[4]
  analog_noesd_io[5]
  analog_noesd_io[6]
  analog_noesd_io[7]
  analog_noesd_io[8]
  analog_noesd_io[9]
  gpio_analog_en[0]
  gpio_analog_en[10]
  gpio_analog_en[11]
  gpio_analog_en[12]
  gpio_analog_en[13]
  gpio_analog_en[14]
  gpio_analog_en[15]
  gpio_analog_en[16]
  gpio_analog_en[17]
  gpio_analog_en[18]
  gpio_analog_en[19]
  gpio_analog_en[1]
  gpio_analog_en[20]
  gpio_analog_en[21]
  gpio_analog_en[22]
  gpio_analog_en[23]
  gpio_analog_en[24]
  gpio_analog_en[25]
  gpio_analog_en[26]
  gpio_analog_en[27]
  gpio_analog_en[28]
  gpio_analog_en[29]
  gpio_analog_en[2]
  gpio_analog_en[30]
  gpio_analog_en[31]
  gpio_analog_en[32]
  gpio_analog_en[33]
  gpio_analog_en[34]
  gpio_analog_en[35]
  gpio_analog_en[36]
  gpio_analog_en[37]
  gpio_analog_en[38]
  gpio_analog_en[39]
  gpio_analog_en[3]
  gpio_analog_en[40]
  gpio_analog_en[41]
  gpio_analog_en[42]
  gpio_analog_en[43]
  gpio_analog_en[4]
  gpio_analog_en[5]
  gpio_analog_en[6]
  gpio_analog_en[7]
  gpio_analog_en[8]
  gpio_analog_en[9]
  gpio_analog_pol[0]
  gpio_analog_pol[10]
  gpio_analog_pol[11]
  gpio_analog_pol[12]
  gpio_analog_pol[13]
  gpio_analog_pol[14]
  gpio_analog_pol[15]
  gpio_analog_pol[16]
  gpio_analog_pol[17]
  gpio_analog_pol[18]
  gpio_analog_pol[19]
  gpio_analog_pol[1]
  gpio_analog_pol[20]
  gpio_analog_pol[21]
  gpio_analog_pol[22]
  gpio_analog_pol[23]
  gpio_analog_pol[24]
  gpio_analog_pol[25]
  gpio_analog_pol[26]
  gpio_analog_pol[27]
  gpio_analog_pol[28]
  gpio_analog_pol[29]
  gpio_analog_pol[2]
  gpio_analog_pol[30]
  gpio_analog_pol[31]
  gpio_analog_pol[32]
  gpio_analog_pol[33]
  gpio_analog_pol[34]
  gpio_analog_pol[35]
  gpio_analog_pol[36]
  gpio_analog_pol[37]
  gpio_analog_pol[38]
  gpio_analog_pol[39]
  gpio_analog_pol[3]
  gpio_analog_pol[40]
  gpio_analog_pol[41]
  gpio_analog_pol[42]
  gpio_analog_pol[43]
  gpio_analog_pol[4]
  gpio_analog_pol[5]
  gpio_analog_pol[6]
  gpio_analog_pol[7]
  gpio_analog_pol[8]
  gpio_analog_pol[9]
  gpio_analog_sel[0]
  gpio_analog_sel[10]
  gpio_analog_sel[11]
  gpio_analog_sel[12]
  gpio_analog_sel[13]
  gpio_analog_sel[14]
  gpio_analog_sel[15]
  gpio_analog_sel[16]
  gpio_analog_sel[17]
  gpio_analog_sel[18]
  gpio_analog_sel[19]
  gpio_analog_sel[1]
  gpio_analog_sel[20]
  gpio_analog_sel[21]
  gpio_analog_sel[22]
  gpio_analog_sel[23]
  gpio_analog_sel[24]
  gpio_analog_sel[25]
  gpio_analog_sel[26]
  gpio_analog_sel[27]
  gpio_analog_sel[28]
  gpio_analog_sel[29]
  gpio_analog_sel[2]
  gpio_analog_sel[30]
  gpio_analog_sel[31]
  gpio_analog_sel[32]
  gpio_analog_sel[33]
  gpio_analog_sel[34]
  gpio_analog_sel[35]
  gpio_analog_sel[36]
  gpio_analog_sel[37]
  gpio_analog_sel[38]
  gpio_analog_sel[39]
  gpio_analog_sel[3]
  gpio_analog_sel[40]
  gpio_analog_sel[41]
  gpio_analog_sel[42]
  gpio_analog_sel[43]
  gpio_analog_sel[4]
  gpio_analog_sel[5]
  gpio_analog_sel[6]
  gpio_analog_sel[7]
  gpio_analog_sel[8]
  gpio_analog_sel[9]
  gpio_dm0[0]
  gpio_dm0[10]
  gpio_dm0[11]
  gpio_dm0[12]
  gpio_dm0[13]
  gpio_dm0[14]
  gpio_dm0[15]
  gpio_dm0[16]
  gpio_dm0[17]
  gpio_dm0[18]
  gpio_dm0[19]
  gpio_dm0[1]
  gpio_dm0[20]
  gpio_dm0[21]
  gpio_dm0[22]
  gpio_dm0[23]
  gpio_dm0[24]
  gpio_dm0[25]
  gpio_dm0[26]
  gpio_dm0[27]
  gpio_dm0[28]
  gpio_dm0[29]
  gpio_dm0[2]
  gpio_dm0[30]
  gpio_dm0[31]
  gpio_dm0[32]
  gpio_dm0[33]
  gpio_dm0[34]
  gpio_dm0[35]
  gpio_dm0[36]
  gpio_dm0[37]
  gpio_dm0[38]
  gpio_dm0[39]
  gpio_dm0[3]
  gpio_dm0[40]
  gpio_dm0[41]
  gpio_dm0[42]
  gpio_dm0[43]
  gpio_dm0[4]
  gpio_dm0[5]
  gpio_dm0[6]
  gpio_dm0[7]
  gpio_dm0[8]
  gpio_dm0[9]
  gpio_dm1[0]
  gpio_dm1[10]
  gpio_dm1[11]
  gpio_dm1[12]
  gpio_dm1[13]
  gpio_dm1[14]
  gpio_dm1[15]
  gpio_dm1[16]
  gpio_dm1[17]
  gpio_dm1[18]
  gpio_dm1[19]
  gpio_dm1[1]
  gpio_dm1[20]
  gpio_dm1[21]
  gpio_dm1[22]
  gpio_dm1[23]
  gpio_dm1[24]
  gpio_dm1[25]
  gpio_dm1[26]
  gpio_dm1[27]
  gpio_dm1[28]
  gpio_dm1[29]
  gpio_dm1[2]
  gpio_dm1[30]
  gpio_dm1[31]
  gpio_dm1[32]
  gpio_dm1[33]
  gpio_dm1[34]
  gpio_dm1[35]
  gpio_dm1[36]
  gpio_dm1[37]
  gpio_dm1[38]
  gpio_dm1[39]
  gpio_dm1[3]
  gpio_dm1[40]
  gpio_dm1[41]
  gpio_dm1[42]
  gpio_dm1[43]
  gpio_dm1[4]
  gpio_dm1[5]
  gpio_dm1[6]
  gpio_dm1[7]
  gpio_dm1[8]
  gpio_dm1[9]
  gpio_dm2[0]
  gpio_dm2[10]
  gpio_dm2[11]
  gpio_dm2[12]
  gpio_dm2[13]
  gpio_dm2[14]
  gpio_dm2[15]
  gpio_dm2[16]
  gpio_dm2[17]
  gpio_dm2[18]
  gpio_dm2[19]
  gpio_dm2[1]
  gpio_dm2[20]
  gpio_dm2[21]
  gpio_dm2[22]
  gpio_dm2[23]
  gpio_dm2[24]
  gpio_dm2[25]
  gpio_dm2[26]
  gpio_dm2[27]
  gpio_dm2[28]
  gpio_dm2[29]
  gpio_dm2[2]
  gpio_dm2[30]
  gpio_dm2[31]
  gpio_dm2[32]
  gpio_dm2[33]
  gpio_dm2[34]
  gpio_dm2[35]
  gpio_dm2[36]
  gpio_dm2[37]
  gpio_dm2[38]
  gpio_dm2[39]
  gpio_dm2[3]
  gpio_dm2[40]
  gpio_dm2[41]
  gpio_dm2[42]
  gpio_dm2[43]
  gpio_dm2[4]
  gpio_dm2[5]
  gpio_dm2[6]
  gpio_dm2[7]
  gpio_dm2[8]
  gpio_dm2[9]
  gpio_holdover[0]
  gpio_holdover[10]
  gpio_holdover[11]
  gpio_holdover[12]
  gpio_holdover[13]
  gpio_holdover[14]
  gpio_holdover[15]
  gpio_holdover[16]
  gpio_holdover[17]
  gpio_holdover[18]
  gpio_holdover[19]
  gpio_holdover[1]
  gpio_holdover[20]
  gpio_holdover[21]
  gpio_holdover[22]
  gpio_holdover[23]
  gpio_holdover[24]
  gpio_holdover[25]
  gpio_holdover[26]
  gpio_holdover[27]
  gpio_holdover[28]
  gpio_holdover[29]
  gpio_holdover[2]
  gpio_holdover[30]
  gpio_holdover[31]
  gpio_holdover[32]
  gpio_holdover[33]
  gpio_holdover[34]
  gpio_holdover[35]
  gpio_holdover[36]
  gpio_holdover[37]
  gpio_holdover[38]
  gpio_holdover[39]
  gpio_holdover[3]
  gpio_holdover[40]
  gpio_holdover[41]
  gpio_holdover[42]
  gpio_holdover[43]
  gpio_holdover[4]
  gpio_holdover[5]
  gpio_holdover[6]
  gpio_holdover[7]
  gpio_holdover[8]
  gpio_holdover[9]
  gpio_ib_mode_sel[0]
  gpio_ib_mode_sel[10]
  gpio_ib_mode_sel[11]
  gpio_ib_mode_sel[12]
  gpio_ib_mode_sel[13]
  gpio_ib_mode_sel[14]
  gpio_ib_mode_sel[15]
  gpio_ib_mode_sel[16]
  gpio_ib_mode_sel[17]
  gpio_ib_mode_sel[18]
  gpio_ib_mode_sel[19]
  gpio_ib_mode_sel[1]
  gpio_ib_mode_sel[20]
  gpio_ib_mode_sel[21]
  gpio_ib_mode_sel[22]
  gpio_ib_mode_sel[23]
  gpio_ib_mode_sel[24]
  gpio_ib_mode_sel[25]
  gpio_ib_mode_sel[26]
  gpio_ib_mode_sel[27]
  gpio_ib_mode_sel[28]
  gpio_ib_mode_sel[29]
  gpio_ib_mode_sel[2]
  gpio_ib_mode_sel[30]
  gpio_ib_mode_sel[31]
  gpio_ib_mode_sel[32]
  gpio_ib_mode_sel[33]
  gpio_ib_mode_sel[34]
  gpio_ib_mode_sel[35]
  gpio_ib_mode_sel[36]
  gpio_ib_mode_sel[37]
  gpio_ib_mode_sel[38]
  gpio_ib_mode_sel[39]
  gpio_ib_mode_sel[3]
  gpio_ib_mode_sel[40]
  gpio_ib_mode_sel[41]
  gpio_ib_mode_sel[42]
  gpio_ib_mode_sel[43]
  gpio_ib_mode_sel[4]
  gpio_ib_mode_sel[5]
  gpio_ib_mode_sel[6]
  gpio_ib_mode_sel[7]
  gpio_ib_mode_sel[8]
  gpio_ib_mode_sel[9]
  gpio_inp_dis[0]
  gpio_inp_dis[10]
  gpio_inp_dis[11]
  gpio_inp_dis[12]
  gpio_inp_dis[13]
  gpio_inp_dis[14]
  gpio_inp_dis[15]
  gpio_inp_dis[16]
  gpio_inp_dis[17]
  gpio_inp_dis[18]
  gpio_inp_dis[19]
  gpio_inp_dis[1]
  gpio_inp_dis[20]
  gpio_inp_dis[21]
  gpio_inp_dis[22]
  gpio_inp_dis[23]
  gpio_inp_dis[24]
  gpio_inp_dis[25]
  gpio_inp_dis[26]
  gpio_inp_dis[27]
  gpio_inp_dis[28]
  gpio_inp_dis[29]
  gpio_inp_dis[2]
  gpio_inp_dis[30]
  gpio_inp_dis[31]
  gpio_inp_dis[32]
  gpio_inp_dis[33]
  gpio_inp_dis[34]
  gpio_inp_dis[35]
  gpio_inp_dis[36]
  gpio_inp_dis[37]
  gpio_inp_dis[38]
  gpio_inp_dis[39]
  gpio_inp_dis[3]
  gpio_inp_dis[40]
  gpio_inp_dis[41]
  gpio_inp_dis[42]
  gpio_inp_dis[43]
  gpio_inp_dis[4]
  gpio_inp_dis[5]
  gpio_inp_dis[6]
  gpio_inp_dis[7]
  gpio_inp_dis[8]
  gpio_inp_dis[9]
  gpio_oeb[0]
  gpio_oeb[10]
  gpio_oeb[11]
  gpio_oeb[12]
  gpio_oeb[13]
  gpio_oeb[14]
  gpio_oeb[15]
  gpio_oeb[16]
  gpio_oeb[17]
  gpio_oeb[18]
  gpio_oeb[19]
  gpio_oeb[1]
  gpio_oeb[20]
  gpio_oeb[21]
  gpio_oeb[22]
  gpio_oeb[23]
  gpio_oeb[24]
  gpio_oeb[25]
  gpio_oeb[26]
  gpio_oeb[27]
  gpio_oeb[28]
  gpio_oeb[29]
  gpio_oeb[2]
  gpio_oeb[30]
  gpio_oeb[31]
  gpio_oeb[32]
  gpio_oeb[33]
  gpio_oeb[34]
  gpio_oeb[35]
  gpio_oeb[36]
  gpio_oeb[37]
  gpio_oeb[38]
  gpio_oeb[39]
  gpio_oeb[3]
  gpio_oeb[40]
  gpio_oeb[41]
  gpio_oeb[42]
  gpio_oeb[43]
  gpio_oeb[4]
  gpio_oeb[5]
  gpio_oeb[6]
  gpio_oeb[7]
  gpio_oeb[8]
  gpio_oeb[9]
  gpio_out[0]
  gpio_out[10]
  gpio_out[11]
  gpio_out[12]
  gpio_out[13]
  gpio_out[14]
  gpio_out[15]
  gpio_out[16]
  gpio_out[17]
  gpio_out[18]
  gpio_out[19]
  gpio_out[1]
  gpio_out[20]
  gpio_out[21]
  gpio_out[22]
  gpio_out[23]
  gpio_out[24]
  gpio_out[25]
  gpio_out[26]
  gpio_out[27]
  gpio_out[28]
  gpio_out[29]
  gpio_out[2]
  gpio_out[30]
  gpio_out[31]
  gpio_out[32]
  gpio_out[33]
  gpio_out[34]
  gpio_out[35]
  gpio_out[36]
  gpio_out[37]
  gpio_out[38]
  gpio_out[39]
  gpio_out[3]
  gpio_out[40]
  gpio_out[41]
  gpio_out[42]
  gpio_out[43]
  gpio_out[4]
  gpio_out[5]
  gpio_out[6]
  gpio_out[7]
  gpio_out[8]
  gpio_out[9]
  gpio_slow_sel[0]
  gpio_slow_sel[10]
  gpio_slow_sel[11]
  gpio_slow_sel[12]
  gpio_slow_sel[13]
  gpio_slow_sel[14]
  gpio_slow_sel[15]
  gpio_slow_sel[16]
  gpio_slow_sel[17]
  gpio_slow_sel[18]
  gpio_slow_sel[19]
  gpio_slow_sel[1]
  gpio_slow_sel[20]
  gpio_slow_sel[21]
  gpio_slow_sel[22]
  gpio_slow_sel[23]
  gpio_slow_sel[24]
  gpio_slow_sel[25]
  gpio_slow_sel[26]
  gpio_slow_sel[27]
  gpio_slow_sel[28]
  gpio_slow_sel[29]
  gpio_slow_sel[2]
  gpio_slow_sel[30]
  gpio_slow_sel[31]
  gpio_slow_sel[32]
  gpio_slow_sel[33]
  gpio_slow_sel[34]
  gpio_slow_sel[35]
  gpio_slow_sel[36]
  gpio_slow_sel[37]
  gpio_slow_sel[38]
  gpio_slow_sel[39]
  gpio_slow_sel[3]
  gpio_slow_sel[40]
  gpio_slow_sel[41]
  gpio_slow_sel[42]
  gpio_slow_sel[43]
  gpio_slow_sel[4]
  gpio_slow_sel[5]
  gpio_slow_sel[6]
  gpio_slow_sel[7]
  gpio_slow_sel[8]
  gpio_slow_sel[9]
  gpio_vtrip_sel[0]
  gpio_vtrip_sel[10]
  gpio_vtrip_sel[11]
  gpio_vtrip_sel[12]
  gpio_vtrip_sel[13]
  gpio_vtrip_sel[14]
  gpio_vtrip_sel[15]
  gpio_vtrip_sel[16]
  gpio_vtrip_sel[17]
  gpio_vtrip_sel[18]
  gpio_vtrip_sel[19]
  gpio_vtrip_sel[1]
  gpio_vtrip_sel[20]
  gpio_vtrip_sel[21]
  gpio_vtrip_sel[22]
  gpio_vtrip_sel[23]
  gpio_vtrip_sel[24]
  gpio_vtrip_sel[25]
  gpio_vtrip_sel[26]
  gpio_vtrip_sel[27]
  gpio_vtrip_sel[28]
  gpio_vtrip_sel[29]
  gpio_vtrip_sel[2]
  gpio_vtrip_sel[30]
  gpio_vtrip_sel[31]
  gpio_vtrip_sel[32]
  gpio_vtrip_sel[33]
  gpio_vtrip_sel[34]
  gpio_vtrip_sel[35]
  gpio_vtrip_sel[36]
  gpio_vtrip_sel[37]
  gpio_vtrip_sel[38]
  gpio_vtrip_sel[39]
  gpio_vtrip_sel[3]
  gpio_vtrip_sel[40]
  gpio_vtrip_sel[41]
  gpio_vtrip_sel[42]
  gpio_vtrip_sel[43]
  gpio_vtrip_sel[4]
  gpio_vtrip_sel[5]
  gpio_vtrip_sel[6]
  gpio_vtrip_sel[7]
  gpio_vtrip_sel[8]
  gpio_vtrip_sel[9]
  _3207_/D
  _3208_/D
  _3209_/D
  _3210_/D
  _3211_/D
  _3212_/D
  _3213_/D
  _4013_/D
  _4014_/D
  _4015_/D
  _4019_/D
  _4021_/D
  _4022_/D
  _4025_/D
  _4026_/D
  _4027_/D
  _4028_/D
  _4029_/D
  _4030_/D
  _4031_/D
  _4032_/D
  _4033_/D
  _4034_/D
  _4035_/D
  _4036_/D
  _4037_/D
  _4038_/D
  _4039_/D
  _4040_/D
  _4041_/D
  _4042_/D
  _4043_/D
  _4044_/D
  _4045_/D
  _4046_/D
  _4047_/D
  _4048_/D
  _4049_/D
  _4050_/D
  _4051_/D
  _4052_/D
  _4053_/D
  _4054_/D
  _4055_/D
  _4056_/D
  _4057_/D
  _4058_/D
  _4059_/D
  _4060_/D
  _4061_/D
  _4062_/D
  _4063_/D
  _4064_/D
  _4065_/D
  _4066_/D
  _4067_/D
  _4068_/D
Warning: There is 1 combinational loop in the design.
  fanout1113/A
  fanout1113/X
  u_owire.u_ip.osc_i0/A
  u_owire.u_ip.osc_i0/Y
  u_owire.u_ip.osc_i1/A
  u_owire.u_ip.osc_i1/Y
  u_owire.u_ip.osc_i2/A
  u_owire.u_ip.osc_i2/Y
  fanout1115/A
  fanout1115/X
  | loop cut point
  fanout1113/A
  --------------------------------
