
===========================================================================
report_checks -unconstrained
===========================================================================
======================= min_ss_100C_1v60 Corner ===================================

Startpoint: _4017_ (rising edge-triggered flip-flop clocked by clk)
Endpoint: _3958_ (recovery check against rising-edge clock clk)
Path Group: asynchronous
Path Type: max

Fanout         Cap        Slew       Delay        Time   Description
---------------------------------------------------------------------------------------------
                                  0.000000    0.000000   clock clk (rise edge)
                                  0.000000    0.000000   clock source latency
     5    0.287400    1.190000    0.000000    0.000000 ^ gpio_in[38] (in)
                                                         gpio_in[38] (net)
                      1.690894    0.262969    0.262969 ^ clkbuf_0_gpio_in[38]/A (sky130_fd_sc_hd__clkbuf_16)
     5    0.084590    0.180625    0.859911    1.122880 ^ clkbuf_0_gpio_in[38]/X (sky130_fd_sc_hd__clkbuf_16)
                                                         clknet_0_gpio_in[38] (net)
                      0.180845    0.007125    1.130006 ^ clkbuf_1_0_0_gpio_in[38]/A (sky130_fd_sc_hd__clkbuf_8)
     3    0.028779    0.104695    0.321111    1.451116 ^ clkbuf_1_0_0_gpio_in[38]/X (sky130_fd_sc_hd__clkbuf_8)
                                                         clknet_1_0_0_gpio_in[38] (net)
                      0.104786    0.003119    1.454236 ^ clkbuf_1_0_1_gpio_in[38]/A (sky130_fd_sc_hd__clkbuf_8)
     5    0.074586    0.214997    0.367779    1.822015 ^ clkbuf_1_0_1_gpio_in[38]/X (sky130_fd_sc_hd__clkbuf_8)
                                                         clknet_1_0_1_gpio_in[38] (net)
                      0.216510    0.015237    1.837252 ^ clkbuf_2_1_0_gpio_in[38]/A (sky130_fd_sc_hd__clkbuf_8)
     5    0.062321    0.184763    0.398320    2.235572 ^ clkbuf_2_1_0_gpio_in[38]/X (sky130_fd_sc_hd__clkbuf_8)
                                                         clknet_2_1_0_gpio_in[38] (net)
                      0.186584    0.015336    2.250907 ^ clkbuf_3_2_0_gpio_in[38]/A (sky130_fd_sc_hd__clkbuf_8)
     3    0.052798    0.161226    0.367559    2.618466 ^ clkbuf_3_2_0_gpio_in[38]/X (sky130_fd_sc_hd__clkbuf_8)
                                                         clknet_3_2_0_gpio_in[38] (net)
                      0.162540    0.012079    2.630544 ^ clkbuf_3_2_1_gpio_in[38]/A (sky130_fd_sc_hd__clkbuf_8)
    37    0.499294    1.289384    1.090093    3.720638 ^ clkbuf_3_2_1_gpio_in[38]/X (sky130_fd_sc_hd__clkbuf_8)
                                                         clknet_3_2_1_gpio_in[38] (net)
                      1.367405    0.259571    3.980209 ^ clkbuf_leaf_57_gpio_in[38]/A (sky130_fd_sc_hd__clkbuf_8)
     3    0.038933    0.149127    0.761095    4.741304 ^ clkbuf_leaf_57_gpio_in[38]/X (sky130_fd_sc_hd__clkbuf_8)
                                                         clknet_leaf_57_gpio_in[38] (net)
                      0.149127    0.000582    4.741886 ^ _4017_/CLK (sky130_fd_sc_hd__dfrtp_4)
     3    0.012937    0.128936    0.919557    5.661443 ^ _4017_/Q (sky130_fd_sc_hd__dfrtp_4)
                                                         u_chip_core.fabric_spi_controller.rst_ni (net)
                      0.128936    0.000550    5.661993 ^ hold1666/A (sky130_fd_sc_hd__dlygate4sd3_1)
     1    0.015665    0.265360    1.281204    6.943197 ^ hold1666/X (sky130_fd_sc_hd__dlygate4sd3_1)
                                                         net3142 (net)
                      0.265360    0.000783    6.943980 ^ wire1340/A (sky130_fd_sc_hd__buf_8)
     5    0.098936    0.255686    0.408158    7.352138 ^ wire1340/X (sky130_fd_sc_hd__buf_8)
                                                         net1340 (net)
                      0.259890    0.027453    7.379591 ^ wire1339/A (sky130_fd_sc_hd__clkbuf_16)
     3    0.052989    0.111264    0.364422    7.744013 ^ wire1339/X (sky130_fd_sc_hd__clkbuf_16)
                                                         net1339 (net)
                      0.112989    0.011148    7.755160 ^ fanout1338/A (sky130_fd_sc_hd__clkbuf_16)
    15    1.057368    1.572536    1.145256    8.900416 ^ fanout1338/X (sky130_fd_sc_hd__clkbuf_16)
                                                         net1338 (net)
                      1.685017    0.340196    9.240613 ^ fanout1336/A (sky130_fd_sc_hd__clkbuf_16)
    21    0.208063    0.341577    0.972213   10.212827 ^ fanout1336/X (sky130_fd_sc_hd__clkbuf_16)
                                                         net1336 (net)
                      0.371096    0.081362   10.294188 ^ _1458_/C (sky130_fd_sc_hd__and3b_4)
     1    0.020109    0.166952    0.621618   10.915807 ^ _1458_/X (sky130_fd_sc_hd__and3b_4)
                                                         u_chip_core.fabric_config_small.rst_ni (net)
                      0.166958    0.001323   10.917130 ^ hold1159/A (sky130_fd_sc_hd__dlygate4sd3_1)
     1    0.025535    0.406026    1.406301   12.323432 ^ hold1159/X (sky130_fd_sc_hd__dlygate4sd3_1)
                                                         net2635 (net)
                      0.406026    0.000935   12.324367 ^ fanout1318/A (sky130_fd_sc_hd__buf_12)
    13    1.090378    1.834302    1.170228   13.494595 ^ fanout1318/X (sky130_fd_sc_hd__buf_12)
                                                         net1318 (net)
                      1.911676    0.310196   13.804790 ^ hold1160/A (sky130_fd_sc_hd__buf_8)
     3    0.269327    0.668358    1.070975   14.875766 ^ hold1160/X (sky130_fd_sc_hd__buf_8)
                                                         net2636 (net)
                      0.694774    0.109886   14.985652 ^ fanout1308/A (sky130_fd_sc_hd__buf_12)
    13    0.208022    0.376525    0.597911   15.583563 ^ fanout1308/X (sky130_fd_sc_hd__buf_12)
                                                         net1308 (net)
                      0.376535    0.002455   15.586019 ^ fanout1307/A (sky130_fd_sc_hd__clkbuf_16)
    15    0.175806    0.291527    0.522448   16.108465 ^ fanout1307/X (sky130_fd_sc_hd__clkbuf_16)
                                                         net1307 (net)
                      0.312950    0.064075   16.172541 ^ fanout1305/A (sky130_fd_sc_hd__buf_4)
    24    0.090006    0.396864    0.580680   16.753222 ^ fanout1305/X (sky130_fd_sc_hd__buf_4)
                                                         net1305 (net)
                      0.396880    0.002267   16.755487 ^ _3958_/RESET_B (sky130_fd_sc_hd__dfrtp_4)
                                             16.755487   data arrival time

                                 40.000000   40.000000   clock clk (rise edge)
                                  0.000000   40.000000   clock source latency
     5    0.287400    1.000000    0.000000   40.000000 ^ gpio_in[38] (in)
                                                         gpio_in[38] (net)
                      1.500894    0.237925   40.237926 ^ clkbuf_0_gpio_in[38]/A (sky130_fd_sc_hd__clkbuf_16)
     5    0.084590    0.176893    0.728772   40.966698 ^ clkbuf_0_gpio_in[38]/X (sky130_fd_sc_hd__clkbuf_16)
                                                         clknet_0_gpio_in[38] (net)
                      0.177748    0.006445   40.973141 ^ clkbuf_1_0_0_gpio_in[38]/A (sky130_fd_sc_hd__clkbuf_8)
     3    0.028779    0.104688    0.289166   41.262310 ^ clkbuf_1_0_0_gpio_in[38]/X (sky130_fd_sc_hd__clkbuf_8)
                                                         clknet_1_0_0_gpio_in[38] (net)
                      0.104779    0.002821   41.265129 ^ clkbuf_1_0_1_gpio_in[38]/A (sky130_fd_sc_hd__clkbuf_8)
     5    0.074586    0.214998    0.332751   41.597881 ^ clkbuf_1_0_1_gpio_in[38]/X (sky130_fd_sc_hd__clkbuf_8)
                                                         clknet_1_0_1_gpio_in[38] (net)
                      0.216510    0.013785   41.611664 ^ clkbuf_2_1_0_gpio_in[38]/A (sky130_fd_sc_hd__clkbuf_8)
     5    0.062321    0.184763    0.360384   41.972050 ^ clkbuf_2_1_0_gpio_in[38]/X (sky130_fd_sc_hd__clkbuf_8)
                                                         clknet_2_1_0_gpio_in[38] (net)
                      0.186598    0.013927   41.985973 ^ clkbuf_3_3_0_gpio_in[38]/A (sky130_fd_sc_hd__clkbuf_8)
     3    0.072330    0.211265    0.360210   42.346184 ^ clkbuf_3_3_0_gpio_in[38]/X (sky130_fd_sc_hd__clkbuf_8)
                                                         clknet_3_3_0_gpio_in[38] (net)
                      0.214509    0.019803   42.365986 ^ clkbuf_3_3_1_gpio_in[38]/A (sky130_fd_sc_hd__clkbuf_8)
    23    0.162053    0.432086    0.528704   42.894691 ^ clkbuf_3_3_1_gpio_in[38]/X (sky130_fd_sc_hd__clkbuf_8)
                                                         clknet_3_3_1_gpio_in[38] (net)
                      0.435206    0.028209   42.922901 ^ clkbuf_leaf_95_gpio_in[38]/A (sky130_fd_sc_hd__clkbuf_8)
     3    0.031848    0.113820    0.401069   43.323971 ^ clkbuf_leaf_95_gpio_in[38]/X (sky130_fd_sc_hd__clkbuf_8)
                                                         clknet_leaf_95_gpio_in[38] (net)
                      0.113820    0.000075   43.324043 ^ _3958_/CLK (sky130_fd_sc_hd__dfrtp_4)
                                 -0.100000   43.224045   clock uncertainty
                                  0.263523   43.487568   clock reconvergence pessimism
                                  0.305759   43.793331   library recovery time
                                             43.793331   data required time
---------------------------------------------------------------------------------------------
                                             43.793331   data required time
                                            -16.755487   data arrival time
---------------------------------------------------------------------------------------------
                                             27.037842   slack (MET)


Startpoint: _4017_ (rising edge-triggered flip-flop clocked by clk)
Endpoint: _3203_ (rising edge-triggered flip-flop clocked by clk)
Path Group: clk
Path Type: max

Fanout         Cap        Slew       Delay        Time   Description
---------------------------------------------------------------------------------------------
                                  0.000000    0.000000   clock clk (rise edge)
                                  0.000000    0.000000   clock source latency
     5    0.287400    1.190000    0.000000    0.000000 ^ gpio_in[38] (in)
                                                         gpio_in[38] (net)
                      1.690894    0.262969    0.262969 ^ clkbuf_0_gpio_in[38]/A (sky130_fd_sc_hd__clkbuf_16)
     5    0.084590    0.180625    0.859911    1.122880 ^ clkbuf_0_gpio_in[38]/X (sky130_fd_sc_hd__clkbuf_16)
                                                         clknet_0_gpio_in[38] (net)
                      0.180845    0.007125    1.130006 ^ clkbuf_1_0_0_gpio_in[38]/A (sky130_fd_sc_hd__clkbuf_8)
     3    0.028779    0.104695    0.321111    1.451116 ^ clkbuf_1_0_0_gpio_in[38]/X (sky130_fd_sc_hd__clkbuf_8)
                                                         clknet_1_0_0_gpio_in[38] (net)
                      0.104786    0.003119    1.454236 ^ clkbuf_1_0_1_gpio_in[38]/A (sky130_fd_sc_hd__clkbuf_8)
     5    0.074586    0.214997    0.367779    1.822015 ^ clkbuf_1_0_1_gpio_in[38]/X (sky130_fd_sc_hd__clkbuf_8)
                                                         clknet_1_0_1_gpio_in[38] (net)
                      0.216510    0.015237    1.837252 ^ clkbuf_2_1_0_gpio_in[38]/A (sky130_fd_sc_hd__clkbuf_8)
     5    0.062321    0.184763    0.398320    2.235572 ^ clkbuf_2_1_0_gpio_in[38]/X (sky130_fd_sc_hd__clkbuf_8)
                                                         clknet_2_1_0_gpio_in[38] (net)
                      0.186584    0.015336    2.250907 ^ clkbuf_3_2_0_gpio_in[38]/A (sky130_fd_sc_hd__clkbuf_8)
     3    0.052798    0.161226    0.367559    2.618466 ^ clkbuf_3_2_0_gpio_in[38]/X (sky130_fd_sc_hd__clkbuf_8)
                                                         clknet_3_2_0_gpio_in[38] (net)
                      0.162540    0.012079    2.630544 ^ clkbuf_3_2_1_gpio_in[38]/A (sky130_fd_sc_hd__clkbuf_8)
    37    0.499294    1.289384    1.090093    3.720638 ^ clkbuf_3_2_1_gpio_in[38]/X (sky130_fd_sc_hd__clkbuf_8)
                                                         clknet_3_2_1_gpio_in[38] (net)
                      1.367405    0.259571    3.980209 ^ clkbuf_leaf_57_gpio_in[38]/A (sky130_fd_sc_hd__clkbuf_8)
     3    0.038933    0.149127    0.761095    4.741304 ^ clkbuf_leaf_57_gpio_in[38]/X (sky130_fd_sc_hd__clkbuf_8)
                                                         clknet_leaf_57_gpio_in[38] (net)
                      0.149127    0.000582    4.741886 ^ _4017_/CLK (sky130_fd_sc_hd__dfrtp_4)
     3    0.012937    0.128936    0.919557    5.661443 ^ _4017_/Q (sky130_fd_sc_hd__dfrtp_4)
                                                         u_chip_core.fabric_spi_controller.rst_ni (net)
                      0.128936    0.000550    5.661993 ^ hold1666/A (sky130_fd_sc_hd__dlygate4sd3_1)
     1    0.015665    0.265360    1.281204    6.943197 ^ hold1666/X (sky130_fd_sc_hd__dlygate4sd3_1)
                                                         net3142 (net)
                      0.265360    0.000783    6.943980 ^ wire1340/A (sky130_fd_sc_hd__buf_8)
     5    0.098936    0.255686    0.408158    7.352138 ^ wire1340/X (sky130_fd_sc_hd__buf_8)
                                                         net1340 (net)
                      0.256809    0.014599    7.366738 ^ fanout1335/A (sky130_fd_sc_hd__buf_12)
    13    0.402942    0.699718    0.603298    7.970036 ^ fanout1335/X (sky130_fd_sc_hd__buf_12)
                                                         net1335 (net)
                      0.791635    0.202304    8.172339 ^ fanout1333/A (sky130_fd_sc_hd__buf_8)
    11    0.147919    0.378969    0.643541    8.815881 ^ fanout1333/X (sky130_fd_sc_hd__buf_8)
                                                         net1333 (net)
                      0.383736    0.036013    8.851893 ^ fanout1332/A (sky130_fd_sc_hd__clkbuf_16)
    19    0.248116    0.385651    0.569599    9.421493 ^ fanout1332/X (sky130_fd_sc_hd__clkbuf_16)
                                                         net1332 (net)
                      0.385656    0.001161    9.422653 ^ fanout1331/A (sky130_fd_sc_hd__buf_6)
    13    0.134887    0.423535    0.576481    9.999134 ^ fanout1331/X (sky130_fd_sc_hd__buf_6)
                                                         net1331 (net)
                      0.423535    0.000294    9.999428 ^ fanout1330/A (sky130_fd_sc_hd__clkbuf_8)
    19    0.115537    0.317999    0.595194   10.594623 ^ fanout1330/X (sky130_fd_sc_hd__clkbuf_8)
                                                         net1330 (net)
                      0.318455    0.010490   10.605113 ^ fanout1329/A (sky130_fd_sc_hd__buf_4)
    17    0.085531    0.377225    0.565239   11.170352 ^ fanout1329/X (sky130_fd_sc_hd__buf_4)
                                                         net1329 (net)
                      0.377228    0.001037   11.171389 ^ fanout1328/A (sky130_fd_sc_hd__clkbuf_4)
    21    0.069903    0.336127    0.609890   11.781279 ^ fanout1328/X (sky130_fd_sc_hd__clkbuf_4)
                                                         net1328 (net)
                      0.336127    0.000790   11.782068 ^ fanout1327/A (sky130_fd_sc_hd__clkbuf_4)
    17    0.062961    0.305448    0.568338   12.350407 ^ fanout1327/X (sky130_fd_sc_hd__clkbuf_4)
                                                         net1327 (net)
                      0.305448    0.000591   12.350997 ^ fanout1322/A (sky130_fd_sc_hd__buf_2)
    10    0.038896    0.307197    0.495101   12.846098 ^ fanout1322/X (sky130_fd_sc_hd__buf_2)
                                                         net1322 (net)
                      0.307199    0.001389   12.847487 ^ _1946_/A (sky130_fd_sc_hd__and2_1)
     1    0.015157    0.252351    0.469059   13.316546 ^ _1946_/X (sky130_fd_sc_hd__and2_1)
                                                         _0916_ (net)
                      0.252351    0.000584   13.317130 ^ fanout1276/A (sky130_fd_sc_hd__buf_12)
    13    0.728915    1.245499    0.985549   14.302678 ^ fanout1276/X (sky130_fd_sc_hd__buf_12)
                                                         net1276 (net)
                      1.245504    0.002640   14.305318 ^ fanout1274/A (sky130_fd_sc_hd__buf_12)
    21    0.488104    0.851968    1.022080   15.327398 ^ fanout1274/X (sky130_fd_sc_hd__buf_12)
                                                         net1274 (net)
                      0.852105    0.010299   15.337698 ^ _1948_/B (sky130_fd_sc_hd__and3_1)
     1    0.004652    0.119712    0.587109   15.924807 ^ _1948_/X (sky130_fd_sc_hd__and3_1)
                                                         _0918_ (net)
                      0.119712    0.000119   15.924926 ^ _1954_/A (sky130_fd_sc_hd__and4_1)
     1    0.009279    0.187674    0.464418   16.389343 ^ _1954_/X (sky130_fd_sc_hd__and4_1)
                                                         _0924_ (net)
                      0.187674    0.000382   16.389725 ^ _1955_/D_N (sky130_fd_sc_hd__or4b_4)
     7    0.069312    0.334757    1.295778   17.685503 v _1955_/X (sky130_fd_sc_hd__or4b_4)
                                                         _0925_ (net)
                      0.334972    0.008363   17.693867 v hold1566/A (sky130_fd_sc_hd__dlygate4sd3_1)
     3    0.035505    0.388239    1.630710   19.324575 v hold1566/X (sky130_fd_sc_hd__dlygate4sd3_1)
                                                         net3042 (net)
                      0.388278    0.004109   19.328686 v _1956_/B (sky130_fd_sc_hd__nand2b_2)
     5    0.022915    0.228019    0.368923   19.697607 ^ _1956_/Y (sky130_fd_sc_hd__nand2b_2)
                                                         _0926_ (net)
                      0.228019    0.000878   19.698484 ^ hold1567/A (sky130_fd_sc_hd__dlygate4sd3_1)
     1    0.007982    0.161342    1.229202   20.927687 ^ hold1567/X (sky130_fd_sc_hd__dlygate4sd3_1)
                                                         net3043 (net)
                      0.161342    0.000279   20.927965 ^ _1961_/B1 (sky130_fd_sc_hd__o211a_1)
     1    0.005410    0.107441    0.378007   21.305973 ^ _1961_/X (sky130_fd_sc_hd__o211a_1)
                                                         _0004_ (net)
                      0.107441    0.000131   21.306105 ^ hold1568/A (sky130_fd_sc_hd__dlygate4sd3_1)
     1    0.004488    0.114087    1.135620   22.441723 ^ hold1568/X (sky130_fd_sc_hd__dlygate4sd3_1)
                                                         net3044 (net)
                      0.114087    0.000091   22.441814 ^ _3203_/D (sky130_fd_sc_hd__dfrtp_4)
                                             22.441814   data arrival time

                                 40.000000   40.000000   clock clk (rise edge)
                                  0.000000   40.000000   clock source latency
     5    0.287400    1.000000    0.000000   40.000000 ^ gpio_in[38] (in)
                                                         gpio_in[38] (net)
                      1.500894    0.237925   40.237926 ^ clkbuf_0_gpio_in[38]/A (sky130_fd_sc_hd__clkbuf_16)
     5    0.084590    0.176893    0.728772   40.966698 ^ clkbuf_0_gpio_in[38]/X (sky130_fd_sc_hd__clkbuf_16)
                                                         clknet_0_gpio_in[38] (net)
                      0.177748    0.006445   40.973141 ^ clkbuf_1_0_0_gpio_in[38]/A (sky130_fd_sc_hd__clkbuf_8)
     3    0.028779    0.104688    0.289166   41.262310 ^ clkbuf_1_0_0_gpio_in[38]/X (sky130_fd_sc_hd__clkbuf_8)
                                                         clknet_1_0_0_gpio_in[38] (net)
                      0.104779    0.002821   41.265129 ^ clkbuf_1_0_1_gpio_in[38]/A (sky130_fd_sc_hd__clkbuf_8)
     5    0.074586    0.214998    0.332751   41.597881 ^ clkbuf_1_0_1_gpio_in[38]/X (sky130_fd_sc_hd__clkbuf_8)
                                                         clknet_1_0_1_gpio_in[38] (net)
                      0.216510    0.013785   41.611664 ^ clkbuf_2_1_0_gpio_in[38]/A (sky130_fd_sc_hd__clkbuf_8)
     5    0.062321    0.184763    0.360384   41.972050 ^ clkbuf_2_1_0_gpio_in[38]/X (sky130_fd_sc_hd__clkbuf_8)
                                                         clknet_2_1_0_gpio_in[38] (net)
                      0.186598    0.013927   41.985973 ^ clkbuf_3_3_0_gpio_in[38]/A (sky130_fd_sc_hd__clkbuf_8)
     3    0.072330    0.211265    0.360210   42.346184 ^ clkbuf_3_3_0_gpio_in[38]/X (sky130_fd_sc_hd__clkbuf_8)
                                                         clknet_3_3_0_gpio_in[38] (net)
                      0.214509    0.019803   42.365986 ^ clkbuf_3_3_1_gpio_in[38]/A (sky130_fd_sc_hd__clkbuf_8)
    23    0.162053    0.432086    0.528704   42.894691 ^ clkbuf_3_3_1_gpio_in[38]/X (sky130_fd_sc_hd__clkbuf_8)
                                                         clknet_3_3_1_gpio_in[38] (net)
                      0.432114    0.002803   42.897495 ^ clkbuf_leaf_92_gpio_in[38]/A (sky130_fd_sc_hd__clkbuf_8)
     3    0.032374    0.114994    0.400753   43.298248 ^ clkbuf_leaf_92_gpio_in[38]/X (sky130_fd_sc_hd__clkbuf_8)
                                                         clknet_leaf_92_gpio_in[38] (net)
                      0.114994    0.000242   43.298489 ^ _3203_/CLK (sky130_fd_sc_hd__dfrtp_4)
                                 -0.100000   43.198490   clock uncertainty
                                  0.263523   43.462013   clock reconvergence pessimism
                                 -0.139913   43.322102   library setup time
                                             43.322102   data required time
---------------------------------------------------------------------------------------------
                                             43.322102   data required time
                                            -22.441814   data arrival time
---------------------------------------------------------------------------------------------
                                             20.880287   slack (MET)




===========================================================================
report_checks --slack_max -0.01
============================================================================
======================= min_ss_100C_1v60 Corner ===================================

No paths found.


===========================================================================
 report_check_types -max_slew -max_cap -max_fanout -violators
============================================================================
======================= min_ss_100C_1v60 Corner ===================================

max slew

Pin                                        Limit        Slew       Slack
------------------------------------------------------------------------
wire913/A                               1.500000   14.152219  -12.652218 (VIOLATED)
ANTENNA_wire913_A/DIODE                 1.500000   14.152201  -12.652201 (VIOLATED)
ANTENNA_wire914_X/DIODE                 1.500000   10.653488   -9.153488 (VIOLATED)
wire914/X                               1.500000   10.653482   -9.153482 (VIOLATED)
wire904/A                               1.500000   10.223428   -8.723428 (VIOLATED)
ANTENNA_wire904_A/DIODE                 1.500000   10.223402   -8.723402 (VIOLATED)
wire985/A                               1.500000    6.552493   -5.052493 (VIOLATED)
ANTENNA_wire985_A/DIODE                 1.500000    6.552391   -5.052391 (VIOLATED)
ANTENNA_wire882_A/DIODE                 1.500000    6.244615   -4.744615 (VIOLATED)
wire882/A                               1.500000    6.244616   -4.744616 (VIOLATED)
ANTENNA__1570__Y/DIODE                  1.500000    6.219591   -4.719591 (VIOLATED)
_1570_/Y                                1.500000    6.219591   -4.719591 (VIOLATED)
_1498_/B                                1.500000    5.124339   -3.624339 (VIOLATED)
ANTENNA__1498__B/DIODE                  1.500000    5.124325   -3.624325 (VIOLATED)
wire986/A                               1.500000    5.062560   -3.562560 (VIOLATED)
ANTENNA_6/DIODE                         1.500000    5.062555   -3.562556 (VIOLATED)
ANTENNA_wire986_A/DIODE                 1.500000    5.062490   -3.562490 (VIOLATED)
ANTENNA_5/DIODE                         1.500000    5.062481   -3.562481 (VIOLATED)
ANTENNA_7/DIODE                         1.500000    5.062471   -3.562471 (VIOLATED)
ANTENNA_8/DIODE                         1.500000    5.062460   -3.562460 (VIOLATED)
ANTENNA_9/DIODE                         1.500000    5.062439   -3.562439 (VIOLATED)
ANTENNA_10/DIODE                        1.500000    5.062427   -3.562427 (VIOLATED)
ANTENNA_168/DIODE                       1.500000    4.897981   -3.397981 (VIOLATED)
ANTENNA_166/DIODE                       1.500000    4.897960   -3.397959 (VIOLATED)
ANTENNA_164/DIODE                       1.500000    4.897914   -3.397914 (VIOLATED)
ANTENNA_162/DIODE                       1.500000    4.897865   -3.397865 (VIOLATED)
ANTENNA_160/DIODE                       1.500000    4.897756   -3.397756 (VIOLATED)
ANTENNA_159/DIODE                       1.500000    4.897743   -3.397743 (VIOLATED)
ANTENNA_161/DIODE                       1.500000    4.897743   -3.397743 (VIOLATED)
ANTENNA_163/DIODE                       1.500000    4.897743   -3.397743 (VIOLATED)
ANTENNA_165/DIODE                       1.500000    4.897743   -3.397743 (VIOLATED)
ANTENNA_167/DIODE                       1.500000    4.897744   -3.397744 (VIOLATED)
ANTENNA_169/DIODE                       1.500000    4.897744   -3.397744 (VIOLATED)
ANTENNA_wire905_X/DIODE                 1.500000    4.897745   -3.397745 (VIOLATED)
wire905/X                               1.500000    4.897735   -3.397735 (VIOLATED)
_1529_/X                                1.499543    4.348998   -2.849455 (VIOLATED)
ANTENNA__1529__X/DIODE                  1.500000    4.349022   -2.849022 (VIOLATED)
ANTENNA__1497__B/DIODE                  1.500000    3.971517   -2.471517 (VIOLATED)
_1497_/B                                1.500000    3.971514   -2.471514 (VIOLATED)
_1477_/A                                1.500000    3.949135   -2.449135 (VIOLATED)
ANTENNA__1477__A/DIODE                  1.500000    3.949132   -2.449132 (VIOLATED)
ANTENNA_170/DIODE                       1.500000    3.900960   -2.400960 (VIOLATED)
ANTENNA_171/DIODE                       1.500000    3.900960   -2.400961 (VIOLATED)
wire921/A                               1.500000    3.900960   -2.400960 (VIOLATED)
ANTENNA_172/DIODE                       1.500000    3.900954   -2.400954 (VIOLATED)
ANTENNA_wire921_A/DIODE                 1.500000    3.900956   -2.400956 (VIOLATED)
ANTENNA_173/DIODE                       1.500000    3.900951   -2.400951 (VIOLATED)
ANTENNA_174/DIODE                       1.500000    3.900949   -2.400949 (VIOLATED)
ANTENNA_175/DIODE                       1.500000    3.900945   -2.400945 (VIOLATED)
ANTENNA_wire922_X/DIODE                 1.500000    3.813285   -2.313285 (VIOLATED)
wire922/X                               1.500000    3.813285   -2.313285 (VIOLATED)
_1530_/X                                1.499543    3.808602   -2.309059 (VIOLATED)
ANTENNA__1530__X/DIODE                  1.500000    3.808617   -2.308617 (VIOLATED)
wire983/A                               1.500000    3.765164   -2.265164 (VIOLATED)
ANTENNA_wire983_A/DIODE                 1.500000    3.765133   -2.265133 (VIOLATED)
ANTENNA__1495__B/DIODE                  1.500000    3.646110   -2.146110 (VIOLATED)
_1495_/B                                1.500000    3.646087   -2.146087 (VIOLATED)
ANTENNA_349/DIODE                       1.500000    3.646025   -2.146025 (VIOLATED)
_1478_/A                                1.500000    3.616571   -2.116571 (VIOLATED)
ANTENNA__1478__A/DIODE                  1.500000    3.616568   -2.116568 (VIOLATED)
ANTENNA__1503__B/DIODE                  1.500000    3.540937   -2.040937 (VIOLATED)
_1503_/B                                1.500000    3.539011   -2.039011 (VIOLATED)
wire976/A                               1.500000    3.368172   -1.868172 (VIOLATED)
ANTENNA_wire976_A/DIODE                 1.500000    3.368139   -1.868139 (VIOLATED)
_1504_/B                                1.500000    3.278629   -1.778629 (VIOLATED)
ANTENNA__1504__B/DIODE                  1.500000    3.278611   -1.778611 (VIOLATED)
ANTENNA_304/DIODE                       1.500000    3.181724   -1.681724 (VIOLATED)
ANTENNA_303/DIODE                       1.500000    3.181228   -1.681229 (VIOLATED)
ANTENNA_302/DIODE                       1.500000    3.180732   -1.680732 (VIOLATED)
_1469_/A                                1.500000    3.180460   -1.680460 (VIOLATED)
ANTENNA__1469__A/DIODE                  1.500000    3.178431   -1.678431 (VIOLATED)
ANTENNA_308/DIODE                       1.500000    3.177930   -1.677930 (VIOLATED)
ANTENNA_309/DIODE                       1.500000    3.177427   -1.677427 (VIOLATED)
ANTENNA_310/DIODE                       1.500000    3.176923   -1.676923 (VIOLATED)
ANTENNA__1500__B/DIODE                  1.500000    3.125279   -1.625280 (VIOLATED)
_1500_/B                                1.500000    3.125272   -1.625272 (VIOLATED)
wire969/A                               1.500000    3.052933   -1.552934 (VIOLATED)
ANTENNA_wire969_A/DIODE                 1.500000    3.052932   -1.552932 (VIOLATED)
ANTENNA__1541__X/DIODE                  1.500000    3.051994   -1.551994 (VIOLATED)
_1541_/X                                1.500000    3.051994   -1.551994 (VIOLATED)
ANTENNA_wire846_A/DIODE                 1.500000    3.043872   -1.543872 (VIOLATED)
wire846/A                               1.500000    3.043866   -1.543866 (VIOLATED)
ANTENNA__1574__Y/DIODE                  1.500000    3.024631   -1.524631 (VIOLATED)
_1574_/Y                                1.500000    3.024631   -1.524631 (VIOLATED)
_2513_/Y                                1.486381    2.582129   -1.095748 (VIOLATED)
ANTENNA__2514__B2/DIODE                 1.500000    2.584225   -1.084225 (VIOLATED)
_2514_/B2                               1.500000    2.584224   -1.084224 (VIOLATED)
ANTENNA__2513__Y/DIODE                  1.500000    2.582129   -1.082129 (VIOLATED)
fanout1317/A                            1.500000    2.443706   -0.943706 (VIOLATED)
ANTENNA_fanout1317_A/DIODE              1.500000    2.443663   -0.943663 (VIOLATED)
wire1453/A                              1.500000    2.429700   -0.929700 (VIOLATED)
ANTENNA_wire1453_A/DIODE                1.500000    2.429684   -0.929684 (VIOLATED)
_2499_/A1                               1.500000    2.360551   -0.860551 (VIOLATED)
ANTENNA__2499__A1/DIODE                 1.500000    2.360514   -0.860515 (VIOLATED)
_2518_/Y                                1.486381    2.320436   -0.834055 (VIOLATED)
ANTENNA__2519__B1/DIODE                 1.500000    2.322019   -0.822019 (VIOLATED)
_2519_/B1                               1.500000    2.322020   -0.822020 (VIOLATED)
ANTENNA__2518__Y/DIODE                  1.500000    2.320436   -0.820436 (VIOLATED)
wire973/A                               1.500000    2.279569   -0.779569 (VIOLATED)
ANTENNA_wire973_A/DIODE                 1.500000    2.279556   -0.779556 (VIOLATED)
_1499_/B                                1.500000    2.275373   -0.775372 (VIOLATED)
ANTENNA__1499__B/DIODE                  1.500000    2.275368   -0.775368 (VIOLATED)
_1539_/X                                1.498428    2.243310   -0.744883 (VIOLATED)
ANTENNA__1539__X/DIODE                  1.500000    2.243316   -0.743316 (VIOLATED)
wire980/A                               1.500000    2.221382   -0.721382 (VIOLATED)
ANTENNA_wire980_A/DIODE                 1.500000    2.221348   -0.721348 (VIOLATED)
fanout1312/A                            1.500000    2.214112   -0.714112 (VIOLATED)
ANTENNA_fanout1312_A/DIODE              1.500000    2.214084   -0.714084 (VIOLATED)
_2479_/A1                               1.500000    2.126708   -0.626708 (VIOLATED)
ANTENNA__2479__A1/DIODE                 1.500000    2.126694   -0.626694 (VIOLATED)
_1535_/X                                1.499543    2.095486   -0.595943 (VIOLATED)
ANTENNA_3/DIODE                         1.500000    2.095503   -0.595503 (VIOLATED)
ANTENNA__1535__X/DIODE                  1.500000    2.095499   -0.595499 (VIOLATED)
ANTENNA_1/DIODE                         1.500000    2.095496   -0.595496 (VIOLATED)
ANTENNA_2/DIODE                         1.500000    2.095495   -0.595495 (VIOLATED)
ANTENNA_4/DIODE                         1.500000    2.095493   -0.595493 (VIOLATED)
_2500_/A1                               1.500000    2.091747   -0.591747 (VIOLATED)
ANTENNA__2500__A1/DIODE                 1.500000    2.091738   -0.591738 (VIOLATED)
wire826/A                               1.500000    2.055561   -0.555561 (VIOLATED)
ANTENNA_wire826_A/DIODE                 1.500000    2.055557   -0.555557 (VIOLATED)
ANTENNA_wire827_X/DIODE                 1.500000    2.036198   -0.536198 (VIOLATED)
wire827/X                               1.500000    2.036163   -0.536163 (VIOLATED)
wire1063/A                              1.500000    2.017818   -0.517818 (VIOLATED)
ANTENNA_wire1063_A/DIODE                1.500000    2.017768   -0.517768 (VIOLATED)
ANTENNA_wire977_X/DIODE                 1.500000    1.961736   -0.461736 (VIOLATED)
wire977/X                               1.500000    1.961717   -0.461717 (VIOLATED)
_2477_/A1                               1.500000    1.959860   -0.459860 (VIOLATED)
ANTENNA__2477__A1/DIODE                 1.500000    1.959844   -0.459844 (VIOLATED)
ANTENNA__2501__A1/DIODE                 1.500000    1.928266   -0.428266 (VIOLATED)
_2501_/A1                               1.500000    1.928256   -0.428256 (VIOLATED)
ANTENNA__2474__A1/DIODE                 1.500000    1.922310   -0.422310 (VIOLATED)
_2474_/A1                               1.500000    1.922293   -0.422293 (VIOLATED)
ANTENNA_252/DIODE                       1.500000    1.922279   -0.422280 (VIOLATED)
ANTENNA__2513__A/DIODE                  1.500000    1.918467   -0.418467 (VIOLATED)
_2513_/A                                1.500000    1.918464   -0.418464 (VIOLATED)
ANTENNA_hold1752_A/DIODE                1.500000    1.916554   -0.416554 (VIOLATED)
hold1752/A                              1.500000    1.916549   -0.416549 (VIOLATED)
ANTENNA__3665__Q/DIODE                  1.500000    1.916542   -0.416542 (VIOLATED)
ANTENNA_max_cap1411_A/DIODE             1.500000    1.916542   -0.416542 (VIOLATED)
_3665_/Q                                1.500000    1.916542   -0.416542 (VIOLATED)
max_cap1411/A                           1.500000    1.916542   -0.416542 (VIOLATED)
ANTENNA_hold1160_A/DIODE                1.500000    1.916000   -0.416000 (VIOLATED)
hold1160/A                              1.500000    1.911676   -0.411676 (VIOLATED)
fanout1173/A                            1.500000    1.901364   -0.401364 (VIOLATED)
ANTENNA_fanout1173_A/DIODE              1.500000    1.901361   -0.401361 (VIOLATED)
wire836/A                               1.500000    1.901255   -0.401255 (VIOLATED)
ANTENNA_wire836_A/DIODE                 1.500000    1.901246   -0.401246 (VIOLATED)
ANTENNA_wire837_X/DIODE                 1.500000    1.887832   -0.387832 (VIOLATED)
wire837/X                               1.500000    1.887830   -0.387830 (VIOLATED)
fanout759/A                             1.500000    1.882784   -0.382784 (VIOLATED)
ANTENNA_fanout759_A/DIODE               1.500000    1.882782   -0.382782 (VIOLATED)
ANTENNA__2484__S/DIODE                  1.500000    1.882733   -0.382733 (VIOLATED)
_2484_/S                                1.500000    1.882723   -0.382723 (VIOLATED)
ANTENNA__2480__S/DIODE                  1.500000    1.882565   -0.382566 (VIOLATED)
_2480_/S                                1.500000    1.882501   -0.382501 (VIOLATED)
ANTENNA_fanout757_A/DIODE               1.500000    1.882129   -0.382129 (VIOLATED)
fanout757/A                             1.500000    1.882126   -0.382126 (VIOLATED)
_2492_/A1                               1.500000    1.869509   -0.369510 (VIOLATED)
ANTENNA__2492__A1/DIODE                 1.500000    1.869501   -0.369501 (VIOLATED)
ANTENNA_338/DIODE                       1.500000    1.869465   -0.369465 (VIOLATED)
ANTENNA_337/DIODE                       1.500000    1.869444   -0.369444 (VIOLATED)
ANTENNA__2473__A1/DIODE                 1.500000    1.864556   -0.364556 (VIOLATED)
_2473_/A1                               1.500000    1.864555   -0.364555 (VIOLATED)
_2484_/A1                               1.500000    1.861910   -0.361910 (VIOLATED)
ANTENNA__2484__A1/DIODE                 1.500000    1.861884   -0.361884 (VIOLATED)
ANTENNA__1566__B1/DIODE                 1.500000    1.841308   -0.341308 (VIOLATED)
_1566_/B1                               1.500000    1.841295   -0.341295 (VIOLATED)
ANTENNA__1531__B1/DIODE                 1.500000    1.841082   -0.341082 (VIOLATED)
_1531_/B1                               1.500000    1.840947   -0.340947 (VIOLATED)
ANTENNA__1530__B1/DIODE                 1.500000    1.836781   -0.336781 (VIOLATED)
_1530_/B1                               1.500000    1.836638   -0.336638 (VIOLATED)
_1565_/B1                               1.500000    1.836389   -0.336389 (VIOLATED)
ANTENNA__1565__B1/DIODE                 1.500000    1.835968   -0.335969 (VIOLATED)
ANTENNA__1529__B1/DIODE                 1.500000    1.835680   -0.335680 (VIOLATED)
_1529_/B1                               1.500000    1.835372   -0.335372 (VIOLATED)
ANTENNA__1565__A2/DIODE                 1.500000    1.834558   -0.334558 (VIOLATED)
_1565_/A2                               1.500000    1.834509   -0.334509 (VIOLATED)
ANTENNA__1566__A2/DIODE                 1.500000    1.834311   -0.334311 (VIOLATED)
ANTENNA_fanout1315_A/DIODE              1.500000    1.834311   -0.334311 (VIOLATED)
ANTENNA_fanout1318_X/DIODE              1.500000    1.834311   -0.334311 (VIOLATED)
_1566_/A2                               1.500000    1.834311   -0.334311 (VIOLATED)
fanout1315/A                            1.500000    1.834311   -0.334311 (VIOLATED)
fanout1318/X                            1.500000    1.834302   -0.334302 (VIOLATED)
_1564_/B1                               1.500000    1.833974   -0.333974 (VIOLATED)
ANTENNA__1564__B1/DIODE                 1.500000    1.833072   -0.333072 (VIOLATED)
_2483_/A1                               1.500000    1.822719   -0.322719 (VIOLATED)
ANTENNA__2483__A1/DIODE                 1.500000    1.822708   -0.322708 (VIOLATED)
ANTENNA__1545__X/DIODE                  1.500000    1.821338   -0.321338 (VIOLATED)
_1545_/X                                1.500000    1.821338   -0.321338 (VIOLATED)
_2488_/A1                               1.500000    1.812814   -0.312814 (VIOLATED)
ANTENNA__2488__A1/DIODE                 1.500000    1.812802   -0.312802 (VIOLATED)
wire971/A                               1.500000    1.806017   -0.306017 (VIOLATED)
ANTENNA_wire971_A/DIODE                 1.500000    1.806009   -0.306009 (VIOLATED)
_1540_/X                                1.498428    1.790100   -0.291672 (VIOLATED)
ANTENNA__1540__X/DIODE                  1.500000    1.790100   -0.290100 (VIOLATED)
fanout1170/A                            1.500000    1.776532   -0.276532 (VIOLATED)
ANTENNA_fanout1170_A/DIODE              1.500000    1.776443   -0.276444 (VIOLATED)
wire1065/A                              1.500000    1.770857   -0.270857 (VIOLATED)
ANTENNA_wire1065_A/DIODE                1.500000    1.770838   -0.270838 (VIOLATED)
wire861/A                               1.500000    1.753251   -0.253251 (VIOLATED)
ANTENNA_wire861_A/DIODE                 1.500000    1.753232   -0.253232 (VIOLATED)
fanout1251/A                            1.500000    1.736104   -0.236104 (VIOLATED)
ANTENNA_fanout1251_A/DIODE              1.500000    1.735948   -0.235948 (VIOLATED)
fanout1337/A                            1.500000    1.729626   -0.229626 (VIOLATED)
ANTENNA_fanout1337_A/DIODE              1.500000    1.729622   -0.229622 (VIOLATED)
_2476_/A1                               1.500000    1.727282   -0.227282 (VIOLATED)
ANTENNA__2476__A1/DIODE                 1.500000    1.727274   -0.227274 (VIOLATED)
fanout1257/A                            1.500000    1.709247   -0.209247 (VIOLATED)
ANTENNA_fanout1257_A/DIODE              1.500000    1.703270   -0.203270 (VIOLATED)
wire872/A                               1.500000    1.694672   -0.194672 (VIOLATED)
ANTENNA_wire872_A/DIODE                 1.500000    1.694656   -0.194656 (VIOLATED)
clkbuf_0_gpio_in[38]/A                  1.500000    1.690894   -0.190894 (VIOLATED)
ANTENNA_314/DIODE                       1.500000    1.690826   -0.190826 (VIOLATED)
ANTENNA_clkbuf_0_gpio_in[38]_A/DIODE    1.500000    1.690797   -0.190797 (VIOLATED)
ANTENNA_313/DIODE                       1.500000    1.690764   -0.190764 (VIOLATED)
ANTENNA_315/DIODE                       1.500000    1.690726   -0.190726 (VIOLATED)
fanout1336/A                            1.500000    1.685017   -0.185017 (VIOLATED)
ANTENNA_fanout1336_A/DIODE              1.500000    1.684087   -0.184087 (VIOLATED)
_1544_/A                                1.500000    1.680651   -0.180651 (VIOLATED)
ANTENNA__1544__A/DIODE                  1.500000    1.680635   -0.180636 (VIOLATED)
ANTENNA__1545__A/DIODE                  1.500000    1.680256   -0.180256 (VIOLATED)
_1545_/A                                1.500000    1.680254   -0.180254 (VIOLATED)
_1551_/A                                1.500000    1.666559   -0.166559 (VIOLATED)
ANTENNA__1551__A/DIODE                  1.500000    1.666078   -0.166078 (VIOLATED)
ANTENNA__1516__A/DIODE                  1.500000    1.660710   -0.160710 (VIOLATED)
_1516_/A                                1.500000    1.660707   -0.160708 (VIOLATED)
_2518_/A                                1.500000    1.653259   -0.153259 (VIOLATED)
ANTENNA__2518__A/DIODE                  1.500000    1.653250   -0.153250 (VIOLATED)
_1597_/B                                1.500000    1.653239   -0.153239 (VIOLATED)
ANTENNA__1597__B/DIODE                  1.500000    1.653232   -0.153232 (VIOLATED)
_2521_/A1                               1.500000    1.653226   -0.153227 (VIOLATED)
ANTENNA__2521__A1/DIODE                 1.500000    1.653210   -0.153210 (VIOLATED)
wire1301/A                              1.500000    1.650252   -0.150252 (VIOLATED)
ANTENNA_wire1301_A/DIODE                1.500000    1.650218   -0.150218 (VIOLATED)
ANTENNA__2485__A1/DIODE                 1.500000    1.649422   -0.149422 (VIOLATED)
_2485_/A1                               1.500000    1.649420   -0.149421 (VIOLATED)
wire974/A                               1.500000    1.646388   -0.146388 (VIOLATED)
ANTENNA_wire974_A/DIODE                 1.500000    1.646309   -0.146309 (VIOLATED)
_2475_/A1                               1.500000    1.642959   -0.142959 (VIOLATED)
ANTENNA__2475__A1/DIODE                 1.500000    1.642951   -0.142951 (VIOLATED)
ANTENNA__1596__X/DIODE                  1.500000    1.642509   -0.142509 (VIOLATED)
_1596_/X                                1.500000    1.642493   -0.142493 (VIOLATED)
ANTENNA_fanout1167_A/DIODE              1.500000    1.638007   -0.138007 (VIOLATED)
fanout1167/A                            1.500000    1.638000   -0.138000 (VIOLATED)
_2519_/B2                               1.500000    1.631751   -0.131751 (VIOLATED)
_2514_/B1                               1.500000    1.631749   -0.131749 (VIOLATED)
ANTENNA__2519__B2/DIODE                 1.500000    1.631736   -0.131736 (VIOLATED)
ANTENNA__2514__B1/DIODE                 1.500000    1.631733   -0.131733 (VIOLATED)
ANTENNA__2522__A1/DIODE                 1.500000    1.624343   -0.124343 (VIOLATED)
ANTENNA_wire693_X/DIODE                 1.500000    1.624343   -0.124343 (VIOLATED)
_2522_/A1                               1.500000    1.624343   -0.124343 (VIOLATED)
wire693/X                               1.500000    1.624343   -0.124343 (VIOLATED)
ANTENNA_fanout1224_A/DIODE              1.500000    1.605311   -0.105311 (VIOLATED)
fanout1224/A                            1.500000    1.605310   -0.105310 (VIOLATED)
ANTENNA__1544__X/DIODE                  1.500000    1.603484   -0.103484 (VIOLATED)
_1544_/X                                1.500000    1.603484   -0.103484 (VIOLATED)
fanout1266/A                            1.500000    1.603286   -0.103286 (VIOLATED)
ANTENNA_fanout1266_A/DIODE              1.500000    1.603225   -0.103225 (VIOLATED)
_1437_/X                                1.493092    1.596267   -0.103175 (VIOLATED)
wire1321/A                              1.500000    1.596596   -0.096597 (VIOLATED)
ANTENNA_wire1321_A/DIODE                1.500000    1.596596   -0.096596 (VIOLATED)
ANTENNA__1437__X/DIODE                  1.500000    1.596267   -0.096267 (VIOLATED)
wire911/A                               1.500000    1.579973   -0.079973 (VIOLATED)
ANTENNA_wire911_A/DIODE                 1.500000    1.579968   -0.079968 (VIOLATED)
_1546_/A                                1.500000    1.572547   -0.072548 (VIOLATED)
ANTENNA__1546__A/DIODE                  1.500000    1.572547   -0.072547 (VIOLATED)
ANTENNA_fanout1338_X/DIODE              1.500000    1.572547   -0.072547 (VIOLATED)
fanout1338/X                            1.500000    1.572536   -0.072536 (VIOLATED)
ANTENNA_wire912_X/DIODE                 1.500000    1.559811   -0.059811 (VIOLATED)
wire912/X                               1.500000    1.559805   -0.059805 (VIOLATED)
ANTENNA_297/DIODE                       1.500000    1.559042   -0.059042 (VIOLATED)
ANTENNA_295/DIODE                       1.500000    1.558913   -0.058913 (VIOLATED)
ANTENNA_293/DIODE                       1.500000    1.558872   -0.058872 (VIOLATED)
ANTENNA_291/DIODE                       1.500000    1.558838   -0.058838 (VIOLATED)
ANTENNA_289/DIODE                       1.500000    1.558811   -0.058811 (VIOLATED)
ANTENNA_load_slew1434_X/DIODE           1.500000    1.558774   -0.058774 (VIOLATED)
ANTENNA_292/DIODE                       1.500000    1.558764   -0.058764 (VIOLATED)
ANTENNA_294/DIODE                       1.500000    1.558764   -0.058764 (VIOLATED)
ANTENNA_296/DIODE                       1.500000    1.558764   -0.058764 (VIOLATED)
ANTENNA_298/DIODE                       1.500000    1.558764   -0.058764 (VIOLATED)
ANTENNA_290/DIODE                       1.500000    1.558755   -0.058755 (VIOLATED)
load_slew1434/X                         1.500000    1.558749   -0.058749 (VIOLATED)
_4500_/A                                1.500000    1.556456   -0.056456 (VIOLATED)
ANTENNA__4500__A/DIODE                  1.500000    1.556385   -0.056385 (VIOLATED)
ANTENNA_wire873_X/DIODE                 1.500000    1.553294   -0.053294 (VIOLATED)
wire873/X                               1.500000    1.553294   -0.053294 (VIOLATED)
fanout1212/A                            1.500000    1.547956   -0.047956 (VIOLATED)
ANTENNA_fanout1212_A/DIODE              1.500000    1.547890   -0.047890 (VIOLATED)
fanout1269/A                            1.500000    1.546609   -0.046609 (VIOLATED)
ANTENNA_fanout1269_A/DIODE              1.500000    1.546537   -0.046537 (VIOLATED)
ANTENNA__2490__A1/DIODE                 1.500000    1.525025   -0.025025 (VIOLATED)
_2490_/A1                               1.500000    1.525024   -0.025024 (VIOLATED)
ANTENNA_305/DIODE                       1.500000    1.523471   -0.023471 (VIOLATED)
ANTENNA_307/DIODE                       1.500000    1.523471   -0.023471 (VIOLATED)
ANTENNA_306/DIODE                       1.500000    1.523471   -0.023471 (VIOLATED)
ANTENNA_wire1446_X/DIODE                1.500000    1.523471   -0.023471 (VIOLATED)
wire1446/X                              1.500000    1.523458   -0.023458 (VIOLATED)
wire1048/A                              1.500000    1.522742   -0.022742 (VIOLATED)
ANTENNA_wire1048_A/DIODE                1.500000    1.522732   -0.022733 (VIOLATED)
_2481_/A1                               1.500000    1.515812   -0.015812 (VIOLATED)
ANTENNA__2481__A1/DIODE                 1.500000    1.515803   -0.015803 (VIOLATED)
_2480_/A1                               1.500000    1.515049   -0.015049 (VIOLATED)
ANTENNA__2480__A1/DIODE                 1.500000    1.515027   -0.015027 (VIOLATED)
_1551_/X                                1.497118    1.507355   -0.010237 (VIOLATED)
ANTENNA__1551__X/DIODE                  1.500000    1.507355   -0.007355 (VIOLATED)
_2482_/A1                               1.500000    1.500620   -0.000620 (VIOLATED)
ANTENNA__2482__A1/DIODE                 1.500000    1.500585   -0.000585 (VIOLATED)

max fanout

Pin                                   Limit Fanout  Slack
---------------------------------------------------------
clkbuf_leaf_5_gpio_in[38]/X              20     41    -21 (VIOLATED)
clkbuf_3_2_1_gpio_in[38]/X               20     37    -17 (VIOLATED)
clkbuf_leaf_54_gpio_in[38]/X             20     37    -17 (VIOLATED)
clkbuf_3_4_1_gpio_in[38]/X               20     33    -13 (VIOLATED)
fanout1244/X                             20     32    -12 (VIOLATED)
clkbuf_3_1_1_gpio_in[38]/X               20     31    -11 (VIOLATED)
clkbuf_leaf_22_gpio_in[38]/X             20     31    -11 (VIOLATED)
clkbuf_leaf_38_gpio_in[38]/X             20     31    -11 (VIOLATED)
clkbuf_leaf_45_gpio_in[38]/X             20     31    -11 (VIOLATED)
clkbuf_leaf_6_gpio_in[38]/X              20     31    -11 (VIOLATED)
clkbuf_leaf_78_gpio_in[38]/X             20     31    -11 (VIOLATED)
clkbuf_leaf_79_gpio_in[38]/X             20     31    -11 (VIOLATED)
clkbuf_leaf_2_gpio_in[38]/X              20     29     -9 (VIOLATED)
clkbuf_leaf_32_gpio_in[38]/X             20     29     -9 (VIOLATED)
clkbuf_leaf_51_gpio_in[38]/X             20     29     -9 (VIOLATED)
clkbuf_leaf_10_gpio_in[38]/X             20     27     -7 (VIOLATED)
clkbuf_leaf_29_gpio_in[38]/X             20     27     -7 (VIOLATED)
clkbuf_leaf_85_gpio_in[38]/X             20     27     -7 (VIOLATED)
clkbuf_leaf_69_gpio_in[38]/X             20     25     -5 (VIOLATED)
fanout1305/X                             20     24     -4 (VIOLATED)
clkbuf_3_0_1_gpio_in[38]/X               20     23     -3 (VIOLATED)
clkbuf_3_3_1_gpio_in[38]/X               20     23     -3 (VIOLATED)
fanout1230/X                             20     23     -3 (VIOLATED)
fanout1254/X                             20     23     -3 (VIOLATED)
gpio_loopback_zero[25]                   20     22     -2 (VIOLATED)
gpio_loopback_zero[26]                   20     22     -2 (VIOLATED)
gpio_loopback_zero[30]                   20     22     -2 (VIOLATED)
gpio_loopback_zero[32]                   20     22     -2 (VIOLATED)
gpio_loopback_zero[38]                   20     22     -2 (VIOLATED)
fanout1193/X                             20     22     -2 (VIOLATED)
fanout1224/X                             20     22     -2 (VIOLATED)
fanout1236/X                             20     22     -2 (VIOLATED)
fanout1245/X                             20     22     -2 (VIOLATED)
fanout1278/X                             20     22     -2 (VIOLATED)
fanout1363/X                             20     22     -2 (VIOLATED)
_4063_/Q                                 20     21        (VIOLATED)
_4064_/Q                                 20     21        (VIOLATED)
clkbuf_3_6_1_gpio_in[38]/X               20     21        (VIOLATED)
clkbuf_leaf_1_gpio_in[38]/X              20     21        (VIOLATED)
clkbuf_leaf_33_gpio_in[38]/X             20     21        (VIOLATED)
clkbuf_leaf_62_gpio_in[38]/X             20     21        (VIOLATED)
fanout1000/X                             20     21        (VIOLATED)
fanout1001/X                             20     21        (VIOLATED)
fanout1022/X                             20     21        (VIOLATED)
fanout1023/X                             20     21        (VIOLATED)
fanout1120/X                             20     21        (VIOLATED)
fanout1122/X                             20     21        (VIOLATED)
fanout1127/X                             20     21        (VIOLATED)
fanout1128/X                             20     21        (VIOLATED)
fanout1150/X                             20     21        (VIOLATED)
fanout1155/X                             20     21        (VIOLATED)
fanout1158/X                             20     21        (VIOLATED)
fanout1166/X                             20     21        (VIOLATED)
fanout1167/X                             20     21        (VIOLATED)
fanout1169/X                             20     21        (VIOLATED)
fanout1170/X                             20     21        (VIOLATED)
fanout1172/X                             20     21        (VIOLATED)
fanout1173/X                             20     21        (VIOLATED)
fanout1175/X                             20     21        (VIOLATED)
fanout1176/X                             20     21        (VIOLATED)
fanout1181/X                             20     21        (VIOLATED)
fanout1182/X                             20     21        (VIOLATED)
fanout1187/X                             20     21        (VIOLATED)
fanout1188/X                             20     21        (VIOLATED)
fanout1194/X                             20     21        (VIOLATED)
fanout1199/X                             20     21        (VIOLATED)
fanout1200/X                             20     21        (VIOLATED)
fanout1205/X                             20     21        (VIOLATED)
fanout1206/X                             20     21        (VIOLATED)
fanout1211/X                             20     21        (VIOLATED)
fanout1212/X                             20     21        (VIOLATED)
fanout1214/X                             20     21        (VIOLATED)
fanout1215/X                             20     21        (VIOLATED)
fanout1217/X                             20     21        (VIOLATED)
fanout1218/X                             20     21        (VIOLATED)
fanout1220/X                             20     21        (VIOLATED)
fanout1221/X                             20     21        (VIOLATED)
fanout1223/X                             20     21        (VIOLATED)
fanout1226/X                             20     21        (VIOLATED)
fanout1227/X                             20     21        (VIOLATED)
fanout1229/X                             20     21        (VIOLATED)
fanout1232/X                             20     21        (VIOLATED)
fanout1233/X                             20     21        (VIOLATED)
fanout1235/X                             20     21        (VIOLATED)
fanout1238/X                             20     21        (VIOLATED)
fanout1239/X                             20     21        (VIOLATED)
fanout1241/X                             20     21        (VIOLATED)
fanout1242/X                             20     21        (VIOLATED)
fanout1247/X                             20     21        (VIOLATED)
fanout1248/X                             20     21        (VIOLATED)
fanout1250/X                             20     21        (VIOLATED)
fanout1251/X                             20     21        (VIOLATED)
fanout1253/X                             20     21        (VIOLATED)
fanout1256/X                             20     21        (VIOLATED)
fanout1257/X                             20     21        (VIOLATED)
fanout1259/X                             20     21        (VIOLATED)
fanout1260/X                             20     21        (VIOLATED)
fanout1262/X                             20     21        (VIOLATED)
fanout1263/X                             20     21        (VIOLATED)
fanout1265/X                             20     21        (VIOLATED)
fanout1266/X                             20     21        (VIOLATED)
fanout1268/X                             20     21        (VIOLATED)
fanout1269/X                             20     21        (VIOLATED)
fanout1271/X                             20     21        (VIOLATED)
fanout1272/X                             20     21        (VIOLATED)
fanout1274/X                             20     21        (VIOLATED)
fanout1275/X                             20     21        (VIOLATED)
fanout1277/X                             20     21        (VIOLATED)
fanout1288/X                             20     21        (VIOLATED)
fanout1289/X                             20     21        (VIOLATED)
fanout1290/X                             20     21        (VIOLATED)
fanout1293/X                             20     21        (VIOLATED)
fanout1295/X                             20     21        (VIOLATED)
fanout1297/X                             20     21        (VIOLATED)
fanout1306/X                             20     21        (VIOLATED)
fanout1309/X                             20     21        (VIOLATED)
fanout1313/X                             20     21        (VIOLATED)
fanout1314/X                             20     21        (VIOLATED)
fanout1315/X                             20     21        (VIOLATED)
fanout1316/X                             20     21        (VIOLATED)
fanout1326/X                             20     21        (VIOLATED)
fanout1328/X                             20     21        (VIOLATED)
fanout1334/X                             20     21        (VIOLATED)
fanout1336/X                             20     21        (VIOLATED)
fanout1351/X                             20     21        (VIOLATED)
fanout1354/X                             20     21        (VIOLATED)
fanout1357/X                             20     21        (VIOLATED)
fanout1360/X                             20     21        (VIOLATED)
fanout1366/X                             20     21        (VIOLATED)
fanout1369/X                             20     21        (VIOLATED)
fanout1372/X                             20     21        (VIOLATED)
fanout1375/X                             20     21        (VIOLATED)
fanout1378/X                             20     21        (VIOLATED)
fanout1381/X                             20     21        (VIOLATED)
fanout1384/X                             20     21        (VIOLATED)
fanout1387/X                             20     21        (VIOLATED)
fanout1390/X                             20     21        (VIOLATED)
fanout1393/X                             20     21        (VIOLATED)
fanout1396/X                             20     21        (VIOLATED)
fanout1399/X                             20     21        (VIOLATED)
fanout1402/X                             20     21        (VIOLATED)
fanout1405/X                             20     21        (VIOLATED)
fanout1408/X                             20     21        (VIOLATED)
fanout1419/X                             20     21        (VIOLATED)
fanout1420/X                             20     21        (VIOLATED)
fanout1421/X                             20     21        (VIOLATED)
fanout1422/X                             20     21        (VIOLATED)
fanout635/X                              20     21        (VIOLATED)
fanout667/X                              20     21        (VIOLATED)
fanout668/X                              20     21        (VIOLATED)
fanout697/X                              20     21        (VIOLATED)
fanout773/X                              20     21        (VIOLATED)
fanout777/X                              20     21        (VIOLATED)
fanout783/X                              20     21        (VIOLATED)
fanout786/X                              20     21        (VIOLATED)
fanout999/X                              20     21        (VIOLATED)

max capacitance

Pin                                        Limit         Cap       Slack
------------------------------------------------------------------------
wire914/X                               0.181284    1.352034   -1.170750 (VIOLATED)
wire905/X                               0.353403    1.369582   -1.016179 (VIOLATED)
_1529_/X                                0.353403    1.031782   -0.678379 (VIOLATED)
_1530_/X                                0.353403    1.006107   -0.652704 (VIOLATED)
wire922/X                               0.181284    0.462939   -0.281655 (VIOLATED)
_1570_/Y                                0.105296    0.345704   -0.240408 (VIOLATED)
_1535_/X                                0.353403    0.494916   -0.141513 (VIOLATED)
_1574_/Y                                0.179453    0.286236   -0.106783 (VIOLATED)
_1541_/X                                0.099802    0.205421   -0.105619 (VIOLATED)
_1539_/X                                0.187693    0.280187   -0.092494 (VIOLATED)
_1545_/X                                0.334177    0.403134   -0.068957 (VIOLATED)
_2513_/Y                                0.093394    0.162078   -0.068684 (VIOLATED)
wire827/X                               0.181284    0.247410   -0.066126 (VIOLATED)
_2518_/Y                                0.093394    0.146216   -0.052822 (VIOLATED)
wire837/X                               0.181284    0.229185   -0.047901 (VIOLATED)
fanout1338/X                            1.017161    1.057368   -0.040207 (VIOLATED)
_1540_/X                                0.187693    0.223908   -0.036215 (VIOLATED)
_3665_/Q                                0.111704    0.142832   -0.031128 (VIOLATED)
_1544_/X                                0.334177    0.353706   -0.019529 (VIOLATED)
_1596_/X                                0.190440    0.208421   -0.017981 (VIOLATED)
wire912/X                               0.495310    0.511245   -0.015935 (VIOLATED)
wire693/X                               0.181284    0.197157   -0.015873 (VIOLATED)
wire873/X                               0.353403    0.361574   -0.008171 (VIOLATED)
_1437_/X                                0.099802    0.107515   -0.007713 (VIOLATED)
_1551_/X                                0.194102    0.194574   -0.000472 (VIOLATED)



===========================================================================
report_parasitic_annotation -report_unannotated
============================================================================
Found 233 unannotated drivers.
 analog_io[0]
 analog_io[10]
 analog_io[11]
 analog_io[12]
 analog_io[13]
 analog_io[14]
 analog_io[15]
 analog_io[16]
 analog_io[17]
 analog_io[18]
 analog_io[19]
 analog_io[1]
 analog_io[20]
 analog_io[21]
 analog_io[22]
 analog_io[23]
 analog_io[24]
 analog_io[25]
 analog_io[26]
 analog_io[27]
 analog_io[28]
 analog_io[29]
 analog_io[2]
 analog_io[30]
 analog_io[31]
 analog_io[32]
 analog_io[33]
 analog_io[34]
 analog_io[35]
 analog_io[36]
 analog_io[37]
 analog_io[38]
 analog_io[39]
 analog_io[3]
 analog_io[40]
 analog_io[41]
 analog_io[42]
 analog_io[43]
 analog_io[4]
 analog_io[5]
 analog_io[6]
 analog_io[7]
 analog_io[8]
 analog_io[9]
 analog_noesd_io[0]
 analog_noesd_io[10]
 analog_noesd_io[11]
 analog_noesd_io[12]
 analog_noesd_io[13]
 analog_noesd_io[14]
 analog_noesd_io[15]
 analog_noesd_io[16]
 analog_noesd_io[17]
 analog_noesd_io[18]
 analog_noesd_io[19]
 analog_noesd_io[1]
 analog_noesd_io[20]
 analog_noesd_io[21]
 analog_noesd_io[22]
 analog_noesd_io[23]
 analog_noesd_io[24]
 analog_noesd_io[25]
 analog_noesd_io[26]
 analog_noesd_io[27]
 analog_noesd_io[28]
 analog_noesd_io[29]
 analog_noesd_io[2]
 analog_noesd_io[30]
 analog_noesd_io[31]
 analog_noesd_io[32]
 analog_noesd_io[33]
 analog_noesd_io[34]
 analog_noesd_io[35]
 analog_noesd_io[36]
 analog_noesd_io[37]
 analog_noesd_io[38]
 analog_noesd_io[39]
 analog_noesd_io[3]
 analog_noesd_io[40]
 analog_noesd_io[41]
 analog_noesd_io[42]
 analog_noesd_io[43]
 analog_noesd_io[4]
 analog_noesd_io[5]
 analog_noesd_io[6]
 analog_noesd_io[7]
 analog_noesd_io[8]
 analog_noesd_io[9]
 gpio_in[14]
 gpio_in[29]
 gpio_in_h[0]
 gpio_in_h[10]
 gpio_in_h[11]
 gpio_in_h[12]
 gpio_in_h[13]
 gpio_in_h[14]
 gpio_in_h[15]
 gpio_in_h[16]
 gpio_in_h[17]
 gpio_in_h[18]
 gpio_in_h[19]
 gpio_in_h[1]
 gpio_in_h[20]
 gpio_in_h[21]
 gpio_in_h[22]
 gpio_in_h[23]
 gpio_in_h[24]
 gpio_in_h[25]
 gpio_in_h[26]
 gpio_in_h[27]
 gpio_in_h[28]
 gpio_in_h[29]
 gpio_in_h[2]
 gpio_in_h[30]
 gpio_in_h[31]
 gpio_in_h[32]
 gpio_in_h[33]
 gpio_in_h[34]
 gpio_in_h[35]
 gpio_in_h[36]
 gpio_in_h[37]
 gpio_in_h[38]
 gpio_in_h[39]
 gpio_in_h[3]
 gpio_in_h[40]
 gpio_in_h[41]
 gpio_in_h[42]
 gpio_in_h[43]
 gpio_in_h[4]
 gpio_in_h[5]
 gpio_in_h[6]
 gpio_in_h[7]
 gpio_in_h[8]
 gpio_in_h[9]
 gpio_loopback_one[0]
 gpio_loopback_zero[0]
 por_l
 porb_h
 porb_l
 resetb_h
 _4016__1475/LO
 clkload0/X
 clkload1/X
 clkload10/Y
 clkload11/Y
 clkload12/Y
 clkload13/Y
 clkload14/Y
 clkload15/Y
 clkload16/X
 clkload17/Y
 clkload18/Y
 clkload19/Y
 clkload2/Y
 clkload20/Y
 clkload21/Y
 clkload22/Y
 clkload23/Y
 clkload24/Y
 clkload25/Y
 clkload26/Y
 clkload27/Y
 clkload28/Y
 clkload29/Y
 clkload3/Y
 clkload30/Y
 clkload31/Y
 clkload32/Y
 clkload33/Y
 clkload34/X
 clkload35/Y
 clkload36/Y
 clkload37/Y
 clkload38/Y
 clkload39/Y
 clkload4/Y
 clkload40/Y
 clkload41/Y
 clkload42/Y
 clkload43/Y
 clkload44/Y
 clkload45/Y
 clkload46/Y
 clkload47/Y
 clkload48/Y
 clkload49/Y
 clkload5/Y
 clkload50/Y
 clkload51/Y
 clkload52/Y
 clkload53/Y
 clkload54/Y
 clkload55/Y
 clkload56/Y
 clkload57/X
 clkload58/Y
 clkload59/Y
 clkload6/Y
 clkload60/Y
 clkload61/Y
 clkload62/Y
 clkload63/X
 clkload64/Y
 clkload65/Y
 clkload66/Y
 clkload67/Y
 clkload68/Y
 clkload69/Y
 clkload7/Y
 clkload70/Y
 clkload71/Y
 clkload72/Y
 clkload73/Y
 clkload74/Y
 clkload75/X
 clkload76/X
 clkload77/Y
 clkload78/X
 clkload8/X
 clkload9/Y
 openframe_project_wrapper_1463/HI
 openframe_project_wrapper_1464/HI
 openframe_project_wrapper_1465/HI
 openframe_project_wrapper_1466/HI
 openframe_project_wrapper_1467/HI
 openframe_project_wrapper_1468/HI
 openframe_project_wrapper_1469/HI
 openframe_project_wrapper_1470/HI
 openframe_project_wrapper_1471/HI
 openframe_project_wrapper_1472/HI
 openframe_project_wrapper_1473/HI
 openframe_project_wrapper_1474/HI
 openframe_project_wrapper_1476/LO
Found 0 partially unannotated drivers.

===========================================================================
max slew violation count 307
max fanout violation count 156
max cap violation count 25
============================================================================

===========================================================================
check_setup -verbose -unconstrained_endpoints -multiple_clock -no_clock -no_input_delay -loops -generated_clocks
===========================================================================
Warning: There are 300 input ports missing set_input_delay.
  analog_io[0]
  analog_io[10]
  analog_io[11]
  analog_io[12]
  analog_io[13]
  analog_io[14]
  analog_io[15]
  analog_io[16]
  analog_io[17]
  analog_io[18]
  analog_io[19]
  analog_io[1]
  analog_io[20]
  analog_io[21]
  analog_io[22]
  analog_io[23]
  analog_io[24]
  analog_io[25]
  analog_io[26]
  analog_io[27]
  analog_io[28]
  analog_io[29]
  analog_io[2]
  analog_io[30]
  analog_io[31]
  analog_io[32]
  analog_io[33]
  analog_io[34]
  analog_io[35]
  analog_io[36]
  analog_io[37]
  analog_io[38]
  analog_io[39]
  analog_io[3]
  analog_io[40]
  analog_io[41]
  analog_io[42]
  analog_io[43]
  analog_io[4]
  analog_io[5]
  analog_io[6]
  analog_io[7]
  analog_io[8]
  analog_io[9]
  analog_noesd_io[0]
  analog_noesd_io[10]
  analog_noesd_io[11]
  analog_noesd_io[12]
  analog_noesd_io[13]
  analog_noesd_io[14]
  analog_noesd_io[15]
  analog_noesd_io[16]
  analog_noesd_io[17]
  analog_noesd_io[18]
  analog_noesd_io[19]
  analog_noesd_io[1]
  analog_noesd_io[20]
  analog_noesd_io[21]
  analog_noesd_io[22]
  analog_noesd_io[23]
  analog_noesd_io[24]
  analog_noesd_io[25]
  analog_noesd_io[26]
  analog_noesd_io[27]
  analog_noesd_io[28]
  analog_noesd_io[29]
  analog_noesd_io[2]
  analog_noesd_io[30]
  analog_noesd_io[31]
  analog_noesd_io[32]
  analog_noesd_io[33]
  analog_noesd_io[34]
  analog_noesd_io[35]
  analog_noesd_io[36]
  analog_noesd_io[37]
  analog_noesd_io[38]
  analog_noesd_io[39]
  analog_noesd_io[3]
  analog_noesd_io[40]
  analog_noesd_io[41]
  analog_noesd_io[42]
  analog_noesd_io[43]
  analog_noesd_io[4]
  analog_noesd_io[5]
  analog_noesd_io[6]
  analog_noesd_io[7]
  analog_noesd_io[8]
  analog_noesd_io[9]
  gpio_in[0]
  gpio_in[10]
  gpio_in[11]
  gpio_in[12]
  gpio_in[13]
  gpio_in[14]
  gpio_in[15]
  gpio_in[16]
  gpio_in[17]
  gpio_in[18]
  gpio_in[19]
  gpio_in[1]
  gpio_in[20]
  gpio_in[21]
  gpio_in[22]
  gpio_in[23]
  gpio_in[24]
  gpio_in[25]
  gpio_in[26]
  gpio_in[27]
  gpio_in[28]
  gpio_in[29]
  gpio_in[2]
  gpio_in[30]
  gpio_in[31]
  gpio_in[32]
  gpio_in[33]
  gpio_in[34]
  gpio_in[35]
  gpio_in[36]
  gpio_in[37]
  gpio_in[39]
  gpio_in[3]
  gpio_in[40]
  gpio_in[41]
  gpio_in[42]
  gpio_in[43]
  gpio_in[4]
  gpio_in[5]
  gpio_in[6]
  gpio_in[7]
  gpio_in[8]
  gpio_in[9]
  gpio_in_h[0]
  gpio_in_h[10]
  gpio_in_h[11]
  gpio_in_h[12]
  gpio_in_h[13]
  gpio_in_h[14]
  gpio_in_h[15]
  gpio_in_h[16]
  gpio_in_h[17]
  gpio_in_h[18]
  gpio_in_h[19]
  gpio_in_h[1]
  gpio_in_h[20]
  gpio_in_h[21]
  gpio_in_h[22]
  gpio_in_h[23]
  gpio_in_h[24]
  gpio_in_h[25]
  gpio_in_h[26]
  gpio_in_h[27]
  gpio_in_h[28]
  gpio_in_h[29]
  gpio_in_h[2]
  gpio_in_h[30]
  gpio_in_h[31]
  gpio_in_h[32]
  gpio_in_h[33]
  gpio_in_h[34]
  gpio_in_h[35]
  gpio_in_h[36]
  gpio_in_h[37]
  gpio_in_h[38]
  gpio_in_h[39]
  gpio_in_h[3]
  gpio_in_h[40]
  gpio_in_h[41]
  gpio_in_h[42]
  gpio_in_h[43]
  gpio_in_h[4]
  gpio_in_h[5]
  gpio_in_h[6]
  gpio_in_h[7]
  gpio_in_h[8]
  gpio_in_h[9]
  gpio_loopback_one[0]
  gpio_loopback_one[10]
  gpio_loopback_one[11]
  gpio_loopback_one[12]
  gpio_loopback_one[13]
  gpio_loopback_one[14]
  gpio_loopback_one[15]
  gpio_loopback_one[16]
  gpio_loopback_one[17]
  gpio_loopback_one[18]
  gpio_loopback_one[19]
  gpio_loopback_one[1]
  gpio_loopback_one[20]
  gpio_loopback_one[21]
  gpio_loopback_one[22]
  gpio_loopback_one[23]
  gpio_loopback_one[24]
  gpio_loopback_one[25]
  gpio_loopback_one[26]
  gpio_loopback_one[27]
  gpio_loopback_one[28]
  gpio_loopback_one[29]
  gpio_loopback_one[2]
  gpio_loopback_one[30]
  gpio_loopback_one[31]
  gpio_loopback_one[32]
  gpio_loopback_one[33]
  gpio_loopback_one[34]
  gpio_loopback_one[35]
  gpio_loopback_one[36]
  gpio_loopback_one[37]
  gpio_loopback_one[38]
  gpio_loopback_one[39]
  gpio_loopback_one[3]
  gpio_loopback_one[40]
  gpio_loopback_one[41]
  gpio_loopback_one[42]
  gpio_loopback_one[43]
  gpio_loopback_one[4]
  gpio_loopback_one[5]
  gpio_loopback_one[6]
  gpio_loopback_one[7]
  gpio_loopback_one[8]
  gpio_loopback_one[9]
  gpio_loopback_zero[0]
  gpio_loopback_zero[10]
  gpio_loopback_zero[11]
  gpio_loopback_zero[12]
  gpio_loopback_zero[13]
  gpio_loopback_zero[14]
  gpio_loopback_zero[15]
  gpio_loopback_zero[16]
  gpio_loopback_zero[17]
  gpio_loopback_zero[18]
  gpio_loopback_zero[19]
  gpio_loopback_zero[1]
  gpio_loopback_zero[20]
  gpio_loopback_zero[21]
  gpio_loopback_zero[22]
  gpio_loopback_zero[23]
  gpio_loopback_zero[24]
  gpio_loopback_zero[25]
  gpio_loopback_zero[26]
  gpio_loopback_zero[27]
  gpio_loopback_zero[28]
  gpio_loopback_zero[29]
  gpio_loopback_zero[2]
  gpio_loopback_zero[30]
  gpio_loopback_zero[31]
  gpio_loopback_zero[32]
  gpio_loopback_zero[33]
  gpio_loopback_zero[34]
  gpio_loopback_zero[35]
  gpio_loopback_zero[36]
  gpio_loopback_zero[37]
  gpio_loopback_zero[38]
  gpio_loopback_zero[39]
  gpio_loopback_zero[3]
  gpio_loopback_zero[40]
  gpio_loopback_zero[41]
  gpio_loopback_zero[42]
  gpio_loopback_zero[43]
  gpio_loopback_zero[4]
  gpio_loopback_zero[5]
  gpio_loopback_zero[6]
  gpio_loopback_zero[7]
  gpio_loopback_zero[8]
  gpio_loopback_zero[9]
  mask_rev[0]
  mask_rev[10]
  mask_rev[11]
  mask_rev[12]
  mask_rev[13]
  mask_rev[14]
  mask_rev[15]
  mask_rev[16]
  mask_rev[17]
  mask_rev[18]
  mask_rev[19]
  mask_rev[1]
  mask_rev[20]
  mask_rev[21]
  mask_rev[22]
  mask_rev[23]
  mask_rev[24]
  mask_rev[25]
  mask_rev[26]
  mask_rev[27]
  mask_rev[28]
  mask_rev[29]
  mask_rev[2]
  mask_rev[30]
  mask_rev[31]
  mask_rev[3]
  mask_rev[4]
  mask_rev[5]
  mask_rev[6]
  mask_rev[7]
  mask_rev[8]
  mask_rev[9]
  por_l
  porb_h
  porb_l
  resetb_h
  resetb_l
Warning: There are 51 unclocked register/latch pins.
  _3204_/CLK
  _3205_/CLK
  _3206_/CLK
  _3207_/CLK
  _3208_/CLK
  _3209_/CLK
  _3210_/CLK
  _4022_/CLK
  _4023_/CLK
  _4024_/CLK
  _4025_/CLK
  _4026_/CLK
  _4027_/CLK
  _4028_/CLK
  _4029_/CLK
  _4030_/CLK
  _4031_/CLK
  _4032_/CLK
  _4033_/CLK
  _4034_/CLK
  _4035_/CLK
  _4036_/CLK
  _4037_/CLK
  _4038_/CLK
  _4039_/CLK
  _4040_/CLK
  _4041_/CLK
  _4042_/CLK
  _4043_/CLK
  _4044_/CLK
  _4045_/CLK
  _4046_/CLK
  _4047_/CLK
  _4048_/CLK
  _4049_/CLK
  _4050_/CLK
  _4051_/CLK
  _4052_/CLK
  _4053_/CLK
  _4054_/CLK
  _4055_/CLK
  _4056_/CLK
  _4057_/CLK
  _4058_/CLK
  _4059_/CLK
  _4060_/CLK
  _4061_/CLK
  _4062_/CLK
  _4063_/CLK
  _4064_/CLK
  _4065_/CLK
Warning: There are 717 unconstrained endpoints.
  analog_io[0]
  analog_io[10]
  analog_io[11]
  analog_io[12]
  analog_io[13]
  analog_io[14]
  analog_io[15]
  analog_io[16]
  analog_io[17]
  analog_io[18]
  analog_io[19]
  analog_io[1]
  analog_io[20]
  analog_io[21]
  analog_io[22]
  analog_io[23]
  analog_io[24]
  analog_io[25]
  analog_io[26]
  analog_io[27]
  analog_io[28]
  analog_io[29]
  analog_io[2]
  analog_io[30]
  analog_io[31]
  analog_io[32]
  analog_io[33]
  analog_io[34]
  analog_io[35]
  analog_io[36]
  analog_io[37]
  analog_io[38]
  analog_io[39]
  analog_io[3]
  analog_io[40]
  analog_io[41]
  analog_io[42]
  analog_io[43]
  analog_io[4]
  analog_io[5]
  analog_io[6]
  analog_io[7]
  analog_io[8]
  analog_io[9]
  analog_noesd_io[0]
  analog_noesd_io[10]
  analog_noesd_io[11]
  analog_noesd_io[12]
  analog_noesd_io[13]
  analog_noesd_io[14]
  analog_noesd_io[15]
  analog_noesd_io[16]
  analog_noesd_io[17]
  analog_noesd_io[18]
  analog_noesd_io[19]
  analog_noesd_io[1]
  analog_noesd_io[20]
  analog_noesd_io[21]
  analog_noesd_io[22]
  analog_noesd_io[23]
  analog_noesd_io[24]
  analog_noesd_io[25]
  analog_noesd_io[26]
  analog_noesd_io[27]
  analog_noesd_io[28]
  analog_noesd_io[29]
  analog_noesd_io[2]
  analog_noesd_io[30]
  analog_noesd_io[31]
  analog_noesd_io[32]
  analog_noesd_io[33]
  analog_noesd_io[34]
  analog_noesd_io[35]
  analog_noesd_io[36]
  analog_noesd_io[37]
  analog_noesd_io[38]
  analog_noesd_io[39]
  analog_noesd_io[3]
  analog_noesd_io[40]
  analog_noesd_io[41]
  analog_noesd_io[42]
  analog_noesd_io[43]
  analog_noesd_io[4]
  analog_noesd_io[5]
  analog_noesd_io[6]
  analog_noesd_io[7]
  analog_noesd_io[8]
  analog_noesd_io[9]
  gpio_analog_en[0]
  gpio_analog_en[10]
  gpio_analog_en[11]
  gpio_analog_en[12]
  gpio_analog_en[13]
  gpio_analog_en[14]
  gpio_analog_en[15]
  gpio_analog_en[16]
  gpio_analog_en[17]
  gpio_analog_en[18]
  gpio_analog_en[19]
  gpio_analog_en[1]
  gpio_analog_en[20]
  gpio_analog_en[21]
  gpio_analog_en[22]
  gpio_analog_en[23]
  gpio_analog_en[24]
  gpio_analog_en[25]
  gpio_analog_en[26]
  gpio_analog_en[27]
  gpio_analog_en[28]
  gpio_analog_en[29]
  gpio_analog_en[2]
  gpio_analog_en[30]
  gpio_analog_en[31]
  gpio_analog_en[32]
  gpio_analog_en[33]
  gpio_analog_en[34]
  gpio_analog_en[35]
  gpio_analog_en[36]
  gpio_analog_en[37]
  gpio_analog_en[38]
  gpio_analog_en[39]
  gpio_analog_en[3]
  gpio_analog_en[40]
  gpio_analog_en[41]
  gpio_analog_en[42]
  gpio_analog_en[43]
  gpio_analog_en[4]
  gpio_analog_en[5]
  gpio_analog_en[6]
  gpio_analog_en[7]
  gpio_analog_en[8]
  gpio_analog_en[9]
  gpio_analog_pol[0]
  gpio_analog_pol[10]
  gpio_analog_pol[11]
  gpio_analog_pol[12]
  gpio_analog_pol[13]
  gpio_analog_pol[14]
  gpio_analog_pol[15]
  gpio_analog_pol[16]
  gpio_analog_pol[17]
  gpio_analog_pol[18]
  gpio_analog_pol[19]
  gpio_analog_pol[1]
  gpio_analog_pol[20]
  gpio_analog_pol[21]
  gpio_analog_pol[22]
  gpio_analog_pol[23]
  gpio_analog_pol[24]
  gpio_analog_pol[25]
  gpio_analog_pol[26]
  gpio_analog_pol[27]
  gpio_analog_pol[28]
  gpio_analog_pol[29]
  gpio_analog_pol[2]
  gpio_analog_pol[30]
  gpio_analog_pol[31]
  gpio_analog_pol[32]
  gpio_analog_pol[33]
  gpio_analog_pol[34]
  gpio_analog_pol[35]
  gpio_analog_pol[36]
  gpio_analog_pol[37]
  gpio_analog_pol[38]
  gpio_analog_pol[39]
  gpio_analog_pol[3]
  gpio_analog_pol[40]
  gpio_analog_pol[41]
  gpio_analog_pol[42]
  gpio_analog_pol[43]
  gpio_analog_pol[4]
  gpio_analog_pol[5]
  gpio_analog_pol[6]
  gpio_analog_pol[7]
  gpio_analog_pol[8]
  gpio_analog_pol[9]
  gpio_analog_sel[0]
  gpio_analog_sel[10]
  gpio_analog_sel[11]
  gpio_analog_sel[12]
  gpio_analog_sel[13]
  gpio_analog_sel[14]
  gpio_analog_sel[15]
  gpio_analog_sel[16]
  gpio_analog_sel[17]
  gpio_analog_sel[18]
  gpio_analog_sel[19]
  gpio_analog_sel[1]
  gpio_analog_sel[20]
  gpio_analog_sel[21]
  gpio_analog_sel[22]
  gpio_analog_sel[23]
  gpio_analog_sel[24]
  gpio_analog_sel[25]
  gpio_analog_sel[26]
  gpio_analog_sel[27]
  gpio_analog_sel[28]
  gpio_analog_sel[29]
  gpio_analog_sel[2]
  gpio_analog_sel[30]
  gpio_analog_sel[31]
  gpio_analog_sel[32]
  gpio_analog_sel[33]
  gpio_analog_sel[34]
  gpio_analog_sel[35]
  gpio_analog_sel[36]
  gpio_analog_sel[37]
  gpio_analog_sel[38]
  gpio_analog_sel[39]
  gpio_analog_sel[3]
  gpio_analog_sel[40]
  gpio_analog_sel[41]
  gpio_analog_sel[42]
  gpio_analog_sel[43]
  gpio_analog_sel[4]
  gpio_analog_sel[5]
  gpio_analog_sel[6]
  gpio_analog_sel[7]
  gpio_analog_sel[8]
  gpio_analog_sel[9]
  gpio_dm0[0]
  gpio_dm0[10]
  gpio_dm0[11]
  gpio_dm0[12]
  gpio_dm0[13]
  gpio_dm0[14]
  gpio_dm0[15]
  gpio_dm0[16]
  gpio_dm0[17]
  gpio_dm0[18]
  gpio_dm0[19]
  gpio_dm0[1]
  gpio_dm0[20]
  gpio_dm0[21]
  gpio_dm0[22]
  gpio_dm0[23]
  gpio_dm0[24]
  gpio_dm0[25]
  gpio_dm0[26]
  gpio_dm0[27]
  gpio_dm0[28]
  gpio_dm0[29]
  gpio_dm0[2]
  gpio_dm0[30]
  gpio_dm0[31]
  gpio_dm0[32]
  gpio_dm0[33]
  gpio_dm0[34]
  gpio_dm0[35]
  gpio_dm0[36]
  gpio_dm0[37]
  gpio_dm0[38]
  gpio_dm0[39]
  gpio_dm0[3]
  gpio_dm0[40]
  gpio_dm0[41]
  gpio_dm0[42]
  gpio_dm0[43]
  gpio_dm0[4]
  gpio_dm0[5]
  gpio_dm0[6]
  gpio_dm0[7]
  gpio_dm0[8]
  gpio_dm0[9]
  gpio_dm1[0]
  gpio_dm1[10]
  gpio_dm1[11]
  gpio_dm1[12]
  gpio_dm1[13]
  gpio_dm1[14]
  gpio_dm1[15]
  gpio_dm1[16]
  gpio_dm1[17]
  gpio_dm1[18]
  gpio_dm1[19]
  gpio_dm1[1]
  gpio_dm1[20]
  gpio_dm1[21]
  gpio_dm1[22]
  gpio_dm1[23]
  gpio_dm1[24]
  gpio_dm1[25]
  gpio_dm1[26]
  gpio_dm1[27]
  gpio_dm1[28]
  gpio_dm1[29]
  gpio_dm1[2]
  gpio_dm1[30]
  gpio_dm1[31]
  gpio_dm1[32]
  gpio_dm1[33]
  gpio_dm1[34]
  gpio_dm1[35]
  gpio_dm1[36]
  gpio_dm1[37]
  gpio_dm1[38]
  gpio_dm1[39]
  gpio_dm1[3]
  gpio_dm1[40]
  gpio_dm1[41]
  gpio_dm1[42]
  gpio_dm1[43]
  gpio_dm1[4]
  gpio_dm1[5]
  gpio_dm1[6]
  gpio_dm1[7]
  gpio_dm1[8]
  gpio_dm1[9]
  gpio_dm2[0]
  gpio_dm2[10]
  gpio_dm2[11]
  gpio_dm2[12]
  gpio_dm2[13]
  gpio_dm2[14]
  gpio_dm2[15]
  gpio_dm2[16]
  gpio_dm2[17]
  gpio_dm2[18]
  gpio_dm2[19]
  gpio_dm2[1]
  gpio_dm2[20]
  gpio_dm2[21]
  gpio_dm2[22]
  gpio_dm2[23]
  gpio_dm2[24]
  gpio_dm2[25]
  gpio_dm2[26]
  gpio_dm2[27]
  gpio_dm2[28]
  gpio_dm2[29]
  gpio_dm2[2]
  gpio_dm2[30]
  gpio_dm2[31]
  gpio_dm2[32]
  gpio_dm2[33]
  gpio_dm2[34]
  gpio_dm2[35]
  gpio_dm2[36]
  gpio_dm2[37]
  gpio_dm2[38]
  gpio_dm2[39]
  gpio_dm2[3]
  gpio_dm2[40]
  gpio_dm2[41]
  gpio_dm2[42]
  gpio_dm2[43]
  gpio_dm2[4]
  gpio_dm2[5]
  gpio_dm2[6]
  gpio_dm2[7]
  gpio_dm2[8]
  gpio_dm2[9]
  gpio_holdover[0]
  gpio_holdover[10]
  gpio_holdover[11]
  gpio_holdover[12]
  gpio_holdover[13]
  gpio_holdover[14]
  gpio_holdover[15]
  gpio_holdover[16]
  gpio_holdover[17]
  gpio_holdover[18]
  gpio_holdover[19]
  gpio_holdover[1]
  gpio_holdover[20]
  gpio_holdover[21]
  gpio_holdover[22]
  gpio_holdover[23]
  gpio_holdover[24]
  gpio_holdover[25]
  gpio_holdover[26]
  gpio_holdover[27]
  gpio_holdover[28]
  gpio_holdover[29]
  gpio_holdover[2]
  gpio_holdover[30]
  gpio_holdover[31]
  gpio_holdover[32]
  gpio_holdover[33]
  gpio_holdover[34]
  gpio_holdover[35]
  gpio_holdover[36]
  gpio_holdover[37]
  gpio_holdover[38]
  gpio_holdover[39]
  gpio_holdover[3]
  gpio_holdover[40]
  gpio_holdover[41]
  gpio_holdover[42]
  gpio_holdover[43]
  gpio_holdover[4]
  gpio_holdover[5]
  gpio_holdover[6]
  gpio_holdover[7]
  gpio_holdover[8]
  gpio_holdover[9]
  gpio_ib_mode_sel[0]
  gpio_ib_mode_sel[10]
  gpio_ib_mode_sel[11]
  gpio_ib_mode_sel[12]
  gpio_ib_mode_sel[13]
  gpio_ib_mode_sel[14]
  gpio_ib_mode_sel[15]
  gpio_ib_mode_sel[16]
  gpio_ib_mode_sel[17]
  gpio_ib_mode_sel[18]
  gpio_ib_mode_sel[19]
  gpio_ib_mode_sel[1]
  gpio_ib_mode_sel[20]
  gpio_ib_mode_sel[21]
  gpio_ib_mode_sel[22]
  gpio_ib_mode_sel[23]
  gpio_ib_mode_sel[24]
  gpio_ib_mode_sel[25]
  gpio_ib_mode_sel[26]
  gpio_ib_mode_sel[27]
  gpio_ib_mode_sel[28]
  gpio_ib_mode_sel[29]
  gpio_ib_mode_sel[2]
  gpio_ib_mode_sel[30]
  gpio_ib_mode_sel[31]
  gpio_ib_mode_sel[32]
  gpio_ib_mode_sel[33]
  gpio_ib_mode_sel[34]
  gpio_ib_mode_sel[35]
  gpio_ib_mode_sel[36]
  gpio_ib_mode_sel[37]
  gpio_ib_mode_sel[38]
  gpio_ib_mode_sel[39]
  gpio_ib_mode_sel[3]
  gpio_ib_mode_sel[40]
  gpio_ib_mode_sel[41]
  gpio_ib_mode_sel[42]
  gpio_ib_mode_sel[43]
  gpio_ib_mode_sel[4]
  gpio_ib_mode_sel[5]
  gpio_ib_mode_sel[6]
  gpio_ib_mode_sel[7]
  gpio_ib_mode_sel[8]
  gpio_ib_mode_sel[9]
  gpio_inp_dis[0]
  gpio_inp_dis[10]
  gpio_inp_dis[11]
  gpio_inp_dis[12]
  gpio_inp_dis[13]
  gpio_inp_dis[14]
  gpio_inp_dis[15]
  gpio_inp_dis[16]
  gpio_inp_dis[17]
  gpio_inp_dis[18]
  gpio_inp_dis[19]
  gpio_inp_dis[1]
  gpio_inp_dis[20]
  gpio_inp_dis[21]
  gpio_inp_dis[22]
  gpio_inp_dis[23]
  gpio_inp_dis[24]
  gpio_inp_dis[25]
  gpio_inp_dis[26]
  gpio_inp_dis[27]
  gpio_inp_dis[28]
  gpio_inp_dis[29]
  gpio_inp_dis[2]
  gpio_inp_dis[30]
  gpio_inp_dis[31]
  gpio_inp_dis[32]
  gpio_inp_dis[33]
  gpio_inp_dis[34]
  gpio_inp_dis[35]
  gpio_inp_dis[36]
  gpio_inp_dis[37]
  gpio_inp_dis[38]
  gpio_inp_dis[39]
  gpio_inp_dis[3]
  gpio_inp_dis[40]
  gpio_inp_dis[41]
  gpio_inp_dis[42]
  gpio_inp_dis[43]
  gpio_inp_dis[4]
  gpio_inp_dis[5]
  gpio_inp_dis[6]
  gpio_inp_dis[7]
  gpio_inp_dis[8]
  gpio_inp_dis[9]
  gpio_oeb[0]
  gpio_oeb[10]
  gpio_oeb[11]
  gpio_oeb[12]
  gpio_oeb[13]
  gpio_oeb[14]
  gpio_oeb[15]
  gpio_oeb[16]
  gpio_oeb[17]
  gpio_oeb[18]
  gpio_oeb[19]
  gpio_oeb[1]
  gpio_oeb[20]
  gpio_oeb[21]
  gpio_oeb[22]
  gpio_oeb[23]
  gpio_oeb[24]
  gpio_oeb[25]
  gpio_oeb[26]
  gpio_oeb[27]
  gpio_oeb[28]
  gpio_oeb[29]
  gpio_oeb[2]
  gpio_oeb[30]
  gpio_oeb[31]
  gpio_oeb[32]
  gpio_oeb[33]
  gpio_oeb[34]
  gpio_oeb[35]
  gpio_oeb[36]
  gpio_oeb[37]
  gpio_oeb[38]
  gpio_oeb[39]
  gpio_oeb[3]
  gpio_oeb[40]
  gpio_oeb[41]
  gpio_oeb[42]
  gpio_oeb[43]
  gpio_oeb[4]
  gpio_oeb[5]
  gpio_oeb[6]
  gpio_oeb[7]
  gpio_oeb[8]
  gpio_oeb[9]
  gpio_out[0]
  gpio_out[10]
  gpio_out[11]
  gpio_out[12]
  gpio_out[13]
  gpio_out[14]
  gpio_out[15]
  gpio_out[16]
  gpio_out[17]
  gpio_out[18]
  gpio_out[19]
  gpio_out[1]
  gpio_out[20]
  gpio_out[21]
  gpio_out[22]
  gpio_out[23]
  gpio_out[24]
  gpio_out[25]
  gpio_out[26]
  gpio_out[27]
  gpio_out[28]
  gpio_out[29]
  gpio_out[2]
  gpio_out[30]
  gpio_out[31]
  gpio_out[32]
  gpio_out[33]
  gpio_out[34]
  gpio_out[35]
  gpio_out[36]
  gpio_out[37]
  gpio_out[38]
  gpio_out[39]
  gpio_out[3]
  gpio_out[40]
  gpio_out[41]
  gpio_out[42]
  gpio_out[43]
  gpio_out[4]
  gpio_out[5]
  gpio_out[6]
  gpio_out[7]
  gpio_out[8]
  gpio_out[9]
  gpio_slow_sel[0]
  gpio_slow_sel[10]
  gpio_slow_sel[11]
  gpio_slow_sel[12]
  gpio_slow_sel[13]
  gpio_slow_sel[14]
  gpio_slow_sel[15]
  gpio_slow_sel[16]
  gpio_slow_sel[17]
  gpio_slow_sel[18]
  gpio_slow_sel[19]
  gpio_slow_sel[1]
  gpio_slow_sel[20]
  gpio_slow_sel[21]
  gpio_slow_sel[22]
  gpio_slow_sel[23]
  gpio_slow_sel[24]
  gpio_slow_sel[25]
  gpio_slow_sel[26]
  gpio_slow_sel[27]
  gpio_slow_sel[28]
  gpio_slow_sel[29]
  gpio_slow_sel[2]
  gpio_slow_sel[30]
  gpio_slow_sel[31]
  gpio_slow_sel[32]
  gpio_slow_sel[33]
  gpio_slow_sel[34]
  gpio_slow_sel[35]
  gpio_slow_sel[36]
  gpio_slow_sel[37]
  gpio_slow_sel[38]
  gpio_slow_sel[39]
  gpio_slow_sel[3]
  gpio_slow_sel[40]
  gpio_slow_sel[41]
  gpio_slow_sel[42]
  gpio_slow_sel[43]
  gpio_slow_sel[4]
  gpio_slow_sel[5]
  gpio_slow_sel[6]
  gpio_slow_sel[7]
  gpio_slow_sel[8]
  gpio_slow_sel[9]
  gpio_vtrip_sel[0]
  gpio_vtrip_sel[10]
  gpio_vtrip_sel[11]
  gpio_vtrip_sel[12]
  gpio_vtrip_sel[13]
  gpio_vtrip_sel[14]
  gpio_vtrip_sel[15]
  gpio_vtrip_sel[16]
  gpio_vtrip_sel[17]
  gpio_vtrip_sel[18]
  gpio_vtrip_sel[19]
  gpio_vtrip_sel[1]
  gpio_vtrip_sel[20]
  gpio_vtrip_sel[21]
  gpio_vtrip_sel[22]
  gpio_vtrip_sel[23]
  gpio_vtrip_sel[24]
  gpio_vtrip_sel[25]
  gpio_vtrip_sel[26]
  gpio_vtrip_sel[27]
  gpio_vtrip_sel[28]
  gpio_vtrip_sel[29]
  gpio_vtrip_sel[2]
  gpio_vtrip_sel[30]
  gpio_vtrip_sel[31]
  gpio_vtrip_sel[32]
  gpio_vtrip_sel[33]
  gpio_vtrip_sel[34]
  gpio_vtrip_sel[35]
  gpio_vtrip_sel[36]
  gpio_vtrip_sel[37]
  gpio_vtrip_sel[38]
  gpio_vtrip_sel[39]
  gpio_vtrip_sel[3]
  gpio_vtrip_sel[40]
  gpio_vtrip_sel[41]
  gpio_vtrip_sel[42]
  gpio_vtrip_sel[43]
  gpio_vtrip_sel[4]
  gpio_vtrip_sel[5]
  gpio_vtrip_sel[6]
  gpio_vtrip_sel[7]
  gpio_vtrip_sel[8]
  gpio_vtrip_sel[9]
  _3204_/D
  _3205_/D
  _3206_/D
  _3207_/D
  _3208_/D
  _3209_/D
  _3210_/D
  _3689_/D
  _3690_/D
  _3691_/D
  _4016_/D
  _4018_/D
  _4019_/D
  _4022_/D
  _4023_/D
  _4024_/D
  _4025_/D
  _4026_/D
  _4027_/D
  _4028_/D
  _4029_/D
  _4030_/D
  _4031_/D
  _4032_/D
  _4033_/D
  _4034_/D
  _4035_/D
  _4036_/D
  _4037_/D
  _4038_/D
  _4039_/D
  _4040_/D
  _4041_/D
  _4042_/D
  _4043_/D
  _4044_/D
  _4045_/D
  _4046_/D
  _4047_/D
  _4048_/D
  _4049_/D
  _4050_/D
  _4051_/D
  _4052_/D
  _4053_/D
  _4054_/D
  _4055_/D
  _4056_/D
  _4057_/D
  _4058_/D
  _4059_/D
  _4060_/D
  _4061_/D
  _4062_/D
  _4063_/D
  _4064_/D
  _4065_/D
Warning: There is 1 combinational loop in the design.
  fanout1159/A
  fanout1159/X
  u_owire.u_ip.osc_i0/A
  u_owire.u_ip.osc_i0/Y
  u_owire.u_ip.osc_i1/A
  u_owire.u_ip.osc_i1/Y
  u_owire.u_ip.osc_i2/A
  u_owire.u_ip.osc_i2/Y
  fanout1160/A
  fanout1160/X
  | loop cut point
  fanout1159/A
  --------------------------------
