Clock: clk
Sources: gpio_in[38] 
Generated: no
Virtual: yes
Propagated: no
Period: 40.000000

===========================================================================
report_clock_properties
============================================================================
Clock                   Period          Waveform
----------------------------------------------------
clk                  40.000000    0.000000 20.000000

===========================================================================
report_clock_latency
============================================================================
Clock clk
rise -> rise
    min     max
0.000000 0.000000 source latency
2.560505         network latency _3916_/CLK
        4.189861 network latency _3615_/CLK
---------------
2.560505 4.189861 latency
        1.629356 skew

fall -> fall
    min     max
0.000000 0.000000 source latency
2.440037         network latency _3916_/CLK
        3.878245 network latency _3615_/CLK
---------------
2.440037 3.878245 latency
        1.438208 skew



===========================================================================
report_clock_min_period
============================================================================
clk period_min = 15.56 fmax = 64.28
