Clock: clk
Sources: gpio_in[38] 
Generated: no
Virtual: yes
Propagated: no
Period: 40.000000

===========================================================================
report_clock_properties
============================================================================
Clock                   Period          Waveform
----------------------------------------------------
clk                  40.000000    0.000000 20.000000

===========================================================================
report_clock_latency
============================================================================
Clock clk
rise -> rise
    min     max
0.000000 0.000000 source latency
3.035544         network latency _3668_/CLK
        5.083562 network latency _3631_/CLK
---------------
3.035544 5.083562 latency
        2.048019 skew

fall -> fall
    min     max
0.000000 0.000000 source latency
2.958959         network latency _3668_/CLK
        4.686718 network latency _3631_/CLK
---------------
2.958959 4.686718 latency
        1.727759 skew



===========================================================================
report_clock_min_period
============================================================================
clk period_min = 19.12 fmax = 52.30
