
===========================================================================
report_checks -unconstrained
===========================================================================
======================= nom_ss_100C_1v60 Corner ===================================

Startpoint: _4020_ (rising edge-triggered flip-flop clocked by clk)
Endpoint: _3689_ (recovery check against rising-edge clock clk)
Path Group: asynchronous
Path Type: max

Fanout         Cap        Slew       Delay        Time   Description
---------------------------------------------------------------------------------------------
                                  0.000000    0.000000   clock clk (rise edge)
                                  0.000000    0.000000   clock source latency
     2    0.189724    1.190000    0.000000    0.000000 ^ gpio_in[38] (in)
                                                         gpio_in[38] (net)
                      1.424396    0.123058    0.123058 ^ clkbuf_0_gpio_in[38]/A (sky130_fd_sc_hd__clkbuf_16)
     5    0.282877    0.436353    0.939392    1.062450 ^ clkbuf_0_gpio_in[38]/X (sky130_fd_sc_hd__clkbuf_16)
                                                         clknet_0_gpio_in[38] (net)
                      0.436407    0.006688    1.069138 ^ clkbuf_1_0_0_gpio_in[38]/A (sky130_fd_sc_hd__clkbuf_8)
     3    0.026117    0.101859    0.428992    1.498131 ^ clkbuf_1_0_0_gpio_in[38]/X (sky130_fd_sc_hd__clkbuf_8)
                                                         clknet_1_0_0_gpio_in[38] (net)
                      0.101957    0.003101    1.501232 ^ clkbuf_1_0_1_gpio_in[38]/A (sky130_fd_sc_hd__clkbuf_8)
     5    0.071438    0.207176    0.359549    1.860781 ^ clkbuf_1_0_1_gpio_in[38]/X (sky130_fd_sc_hd__clkbuf_8)
                                                         clknet_1_0_1_gpio_in[38] (net)
                      0.209199    0.017208    1.877989 ^ clkbuf_2_1_0_gpio_in[38]/A (sky130_fd_sc_hd__clkbuf_8)
     5    0.074704    0.215503    0.416860    2.294849 ^ clkbuf_2_1_0_gpio_in[38]/X (sky130_fd_sc_hd__clkbuf_8)
                                                         clknet_2_1_0_gpio_in[38] (net)
                      0.218102    0.019873    2.314721 ^ clkbuf_3_2_0_gpio_in[38]/A (sky130_fd_sc_hd__clkbuf_8)
    29    0.332044    0.868001    0.814440    3.129161 ^ clkbuf_3_2_0_gpio_in[38]/X (sky130_fd_sc_hd__clkbuf_8)
                                                         clknet_3_2_0_gpio_in[38] (net)
                      0.870743    0.044927    3.174088 ^ clkbuf_leaf_58_gpio_in[38]/A (sky130_fd_sc_hd__clkbuf_8)
     7    0.061581    0.191161    0.658744    3.832832 ^ clkbuf_leaf_58_gpio_in[38]/X (sky130_fd_sc_hd__clkbuf_8)
                                                         clknet_leaf_58_gpio_in[38] (net)
                      0.191166    0.001368    3.834201 ^ _4020_/CLK (sky130_fd_sc_hd__dfrtp_4)
     3    0.023214    0.174396    0.993547    4.827748 ^ _4020_/Q (sky130_fd_sc_hd__dfrtp_4)
                                                         u_chip_core.fabric_spi_controller.rst_ni (net)
                      0.174425    0.002416    4.830164 ^ hold1449/A (sky130_fd_sc_hd__dlygate4sd3_1)
     3    0.023886    0.382657    1.390467    6.220631 ^ hold1449/X (sky130_fd_sc_hd__dlygate4sd3_1)
                                                         net2902 (net)
                      0.382666    0.002636    6.223268 ^ hold1445/A (sky130_fd_sc_hd__clkbuf_4)
     3    0.049147    0.246316    0.539209    6.762476 ^ hold1445/X (sky130_fd_sc_hd__clkbuf_4)
                                                         net2898 (net)
                      0.247004    0.011063    6.773539 ^ wire1313/A (sky130_fd_sc_hd__buf_12)
     5    0.265999    0.456210    0.446596    7.220135 ^ wire1313/X (sky130_fd_sc_hd__buf_12)
                                                         net1313 (net)
                      0.610097    0.219650    7.439785 ^ wire1312/A (sky130_fd_sc_hd__clkbuf_16)
     5    0.156910    0.266201    0.600225    8.040009 ^ wire1312/X (sky130_fd_sc_hd__clkbuf_16)
                                                         net1312 (net)
                      0.299136    0.075184    8.115194 ^ _1490_/C_N (sky130_fd_sc_hd__nor3b_1)
     1    0.002880    0.286355    0.417908    8.533102 ^ _1490_/Y (sky130_fd_sc_hd__nor3b_1)
                                                         u_chip_core.fabric_config_large.rst_ni (net)
                      0.286355    0.000097    8.533199 ^ hold1289/A (sky130_fd_sc_hd__dlygate4sd3_1)
     1    0.003694    0.103028    1.192285    9.725485 ^ hold1289/X (sky130_fd_sc_hd__dlygate4sd3_1)
                                                         net2742 (net)
                      0.103028    0.000127    9.725612 ^ wire1283/A (sky130_fd_sc_hd__clkbuf_2)
     1    0.004924    0.062624    0.206415    9.932027 ^ wire1283/X (sky130_fd_sc_hd__clkbuf_2)
                                                         net1283 (net)
                      0.062624    0.000204    9.932231 ^ hold1290/A (sky130_fd_sc_hd__dlygate4sd3_1)
     1    0.008520    0.168670    1.167008   11.099239 ^ hold1290/X (sky130_fd_sc_hd__dlygate4sd3_1)
                                                         net2743 (net)
                      0.168670    0.000422   11.099661 ^ wire1282/A (sky130_fd_sc_hd__clkbuf_2)
     2    0.017683    0.160504    0.319003   11.418665 ^ wire1282/X (sky130_fd_sc_hd__clkbuf_2)
                                                         net1282 (net)
                      0.160506    0.000913   11.419578 ^ fanout1259/A (sky130_fd_sc_hd__buf_12)
    11    0.589886    0.921720    0.672330   12.091908 ^ fanout1259/X (sky130_fd_sc_hd__buf_12)
                                                         net1259 (net)
                      1.484721    0.619649   12.711556 ^ fanout1256/A (sky130_fd_sc_hd__buf_8)
    11    0.111068    0.294999    0.747119   13.458675 ^ fanout1256/X (sky130_fd_sc_hd__buf_8)
                                                         net1256 (net)
                      0.296927    0.020064   13.478740 ^ fanout1255/A (sky130_fd_sc_hd__buf_8)
    17    0.188832    0.473948    0.547815   14.026554 ^ fanout1255/X (sky130_fd_sc_hd__buf_8)
                                                         net1255 (net)
                      0.473956    0.001880   14.028435 ^ fanout1253/A (sky130_fd_sc_hd__buf_2)
    11    0.061375    0.473465    0.685423   14.713858 ^ fanout1253/X (sky130_fd_sc_hd__buf_2)
                                                         net1253 (net)
                      0.473465    0.001119   14.714977 ^ fanout1252/A (sky130_fd_sc_hd__clkbuf_4)
    17    0.066439    0.321592    0.641697   15.356674 ^ fanout1252/X (sky130_fd_sc_hd__clkbuf_4)
                                                         net1252 (net)
                      0.321715    0.006237   15.362911 ^ _3689_/RESET_B (sky130_fd_sc_hd__dfrtp_4)
                                             15.362911   data arrival time

                                 40.000000   40.000000   clock clk (rise edge)
                                  0.000000   40.000000   clock source latency
     2    0.189724    1.000000    0.000000   40.000000 ^ gpio_in[38] (in)
                                                         gpio_in[38] (net)
                      1.234396    0.111338   40.111340 ^ clkbuf_0_gpio_in[38]/A (sky130_fd_sc_hd__clkbuf_16)
     5    0.282877    0.435062    0.799236   40.910576 ^ clkbuf_0_gpio_in[38]/X (sky130_fd_sc_hd__clkbuf_16)
                                                         clknet_0_gpio_in[38] (net)
                      0.435120    0.006050   40.916626 ^ clkbuf_1_0_0_gpio_in[38]/A (sky130_fd_sc_hd__clkbuf_8)
     3    0.026117    0.101837    0.387622   41.304249 ^ clkbuf_1_0_0_gpio_in[38]/X (sky130_fd_sc_hd__clkbuf_8)
                                                         clknet_1_0_0_gpio_in[38] (net)
                      0.101935    0.002807   41.307056 ^ clkbuf_1_0_1_gpio_in[38]/A (sky130_fd_sc_hd__clkbuf_8)
     5    0.071438    0.207176    0.325297   41.632351 ^ clkbuf_1_0_1_gpio_in[38]/X (sky130_fd_sc_hd__clkbuf_8)
                                                         clknet_1_0_1_gpio_in[38] (net)
                      0.209003    0.014822   41.647175 ^ clkbuf_2_0_0_gpio_in[38]/A (sky130_fd_sc_hd__clkbuf_8)
     5    0.091821    0.258059    0.405983   42.053158 ^ clkbuf_2_0_0_gpio_in[38]/X (sky130_fd_sc_hd__clkbuf_8)
                                                         clknet_2_0_0_gpio_in[38] (net)
                      0.260403    0.018847   42.072002 ^ clkbuf_3_0_0_gpio_in[38]/A (sky130_fd_sc_hd__clkbuf_8)
    19    0.193418    0.510761    0.603144   42.675148 ^ clkbuf_3_0_0_gpio_in[38]/X (sky130_fd_sc_hd__clkbuf_8)
                                                         clknet_3_0_0_gpio_in[38] (net)
                      0.511906    0.018922   42.694069 ^ clkbuf_leaf_62_gpio_in[38]/A (sky130_fd_sc_hd__clkbuf_8)
    11    0.056723    0.173933    0.475470   43.169540 ^ clkbuf_leaf_62_gpio_in[38]/X (sky130_fd_sc_hd__clkbuf_8)
                                                         clknet_leaf_62_gpio_in[38] (net)
                      0.173937    0.001069   43.170609 ^ _3689_/CLK (sky130_fd_sc_hd__dfrtp_4)
                                 -0.100000   43.070610   clock uncertainty
                                  0.228429   43.299042   clock reconvergence pessimism
                                  0.361392   43.660435   library recovery time
                                             43.660435   data required time
---------------------------------------------------------------------------------------------
                                             43.660435   data required time
                                            -15.362911   data arrival time
---------------------------------------------------------------------------------------------
                                             28.297522   slack (MET)


Startpoint: _3668_ (rising edge-triggered flip-flop clocked by clk)
Endpoint: _3636_ (rising edge-triggered flip-flop clocked by clk)
Path Group: clk
Path Type: max

Fanout         Cap        Slew       Delay        Time   Description
---------------------------------------------------------------------------------------------
                                  0.000000    0.000000   clock clk (rise edge)
                                  0.000000    0.000000   clock source latency
     2    0.189724    1.190000    0.000000    0.000000 ^ gpio_in[38] (in)
                                                         gpio_in[38] (net)
                      1.424396    0.123058    0.123058 ^ clkbuf_0_gpio_in[38]/A (sky130_fd_sc_hd__clkbuf_16)
     5    0.282877    0.436353    0.939392    1.062450 ^ clkbuf_0_gpio_in[38]/X (sky130_fd_sc_hd__clkbuf_16)
                                                         clknet_0_gpio_in[38] (net)
                      0.534533    0.165941    1.228391 ^ clkbuf_1_1_0_gpio_in[38]/A (sky130_fd_sc_hd__clkbuf_8)
     3    0.088189    0.253959    0.582751    1.811143 ^ clkbuf_1_1_0_gpio_in[38]/X (sky130_fd_sc_hd__clkbuf_8)
                                                         clknet_1_1_0_gpio_in[38] (net)
                      0.258451    0.028260    1.839402 ^ clkbuf_1_1_1_gpio_in[38]/A (sky130_fd_sc_hd__clkbuf_8)
     5    0.091537    0.259319    0.468425    2.307827 ^ clkbuf_1_1_1_gpio_in[38]/X (sky130_fd_sc_hd__clkbuf_8)
                                                         clknet_1_1_1_gpio_in[38] (net)
                      0.262212    0.023131    2.330959 ^ clkbuf_2_3_0_gpio_in[38]/A (sky130_fd_sc_hd__clkbuf_8)
     5    0.095861    0.270587    0.475344    2.806303 ^ clkbuf_2_3_0_gpio_in[38]/X (sky130_fd_sc_hd__clkbuf_8)
                                                         clknet_2_3_0_gpio_in[38] (net)
                      0.276243    0.032677    2.838980 ^ clkbuf_3_6_0_gpio_in[38]/A (sky130_fd_sc_hd__clkbuf_8)
    15    0.200984    0.535760    0.644891    3.483871 ^ clkbuf_3_6_0_gpio_in[38]/X (sky130_fd_sc_hd__clkbuf_8)
                                                         clknet_3_6_0_gpio_in[38] (net)
                      0.549335    0.071356    3.555227 ^ clkbuf_leaf_4_gpio_in[38]/A (sky130_fd_sc_hd__clkbuf_8)
    49    0.115155    0.316884    0.654530    4.209757 ^ clkbuf_leaf_4_gpio_in[38]/X (sky130_fd_sc_hd__clkbuf_8)
                                                         clknet_leaf_4_gpio_in[38] (net)
                      0.317041    0.006829    4.216586 ^ _3668_/CLK (sky130_fd_sc_hd__dfrtp_4)
     9    0.099835    0.319283    1.426648    5.643234 v _3668_/Q (sky130_fd_sc_hd__dfrtp_4)
                                                         u_chip_core.fabric_config_large.row_select[0] (net)
                      0.319507    0.008075    5.651309 v hold1702/A (sky130_fd_sc_hd__dlygate4sd3_1)
     1    0.010678    0.182663    1.409907    7.061215 v hold1702/X (sky130_fd_sc_hd__dlygate4sd3_1)
                                                         net3155 (net)
                      0.182663    0.000598    7.061813 v hold1606/A (sky130_fd_sc_hd__buf_2)
     9    0.073679    0.320934    0.546517    7.608330 v hold1606/X (sky130_fd_sc_hd__buf_2)
                                                         net3059 (net)
                      0.320983    0.004185    7.612515 v _1601_/A (sky130_fd_sc_hd__or2_4)
    11    0.169247    0.416186    0.947197    8.559712 v _1601_/X (sky130_fd_sc_hd__or2_4)
                                                         _0877_ (net)
                      0.416220    0.003406    8.563118 v hold1607/A (sky130_fd_sc_hd__dlygate4sd3_1)
     1    0.013969    0.206871    1.495398   10.058517 v hold1607/X (sky130_fd_sc_hd__dlygate4sd3_1)
                                                         net3060 (net)
                      0.206871    0.000914   10.059430 v _1602_/B (sky130_fd_sc_hd__or2_2)
     7    0.047743    0.312474    0.971485   11.030915 v _1602_/X (sky130_fd_sc_hd__or2_2)
                                                         _0878_ (net)
                      0.312671    0.007550   11.038465 v _1603_/B (sky130_fd_sc_hd__or2_4)
     7    0.236731    0.568603    0.960195   11.998661 v _1603_/X (sky130_fd_sc_hd__or2_4)
                                                         _0879_ (net)
                      0.568636    0.002411   12.001073 v hold1608/A (sky130_fd_sc_hd__dlygate4sd3_1)
     1    0.005716    0.133883    1.479084   13.480157 v hold1608/X (sky130_fd_sc_hd__dlygate4sd3_1)
                                                         net3061 (net)
                      0.133883    0.000189   13.480346 v _1604_/B (sky130_fd_sc_hd__nor2_2)
     5    0.062314    1.093687    0.913924   14.394270 ^ _1604_/Y (sky130_fd_sc_hd__nor2_2)
                                                         _0000_ (net)
                      1.093848    0.011767   14.406036 ^ wire752/A (sky130_fd_sc_hd__clkbuf_8)
     3    0.134089    0.369357    0.837525   15.243562 ^ wire752/X (sky130_fd_sc_hd__clkbuf_8)
                                                         net752 (net)
                      0.386361    0.065226   15.308787 ^ wire751/A (sky130_fd_sc_hd__clkbuf_16)
     3    0.137943    0.232666    0.510186   15.818974 ^ wire751/X (sky130_fd_sc_hd__clkbuf_16)
                                                         net751 (net)
                      0.234208    0.016085   15.835058 ^ wire750/A (sky130_fd_sc_hd__buf_12)
     4    0.126448    0.237861    0.371495   16.206553 ^ wire750/X (sky130_fd_sc_hd__buf_12)
                                                         net750 (net)
                      0.258879    0.057176   16.263729 ^ fanout749/A (sky130_fd_sc_hd__clkbuf_2)
     5    0.032490    0.280654    0.448191   16.711920 ^ fanout749/X (sky130_fd_sc_hd__clkbuf_2)
                                                         net749 (net)
                      0.280654    0.000925   16.712845 ^ fanout746/A (sky130_fd_sc_hd__clkbuf_2)
     5    0.028828    0.251231    0.434866   17.147711 ^ fanout746/X (sky130_fd_sc_hd__clkbuf_2)
                                                         net746 (net)
                      0.251231    0.000776   17.148487 ^ fanout745/A (sky130_fd_sc_hd__clkbuf_4)
    10    0.055963    0.274497    0.505468   17.653955 ^ fanout745/X (sky130_fd_sc_hd__clkbuf_4)
                                                         net745 (net)
                      0.274499    0.001402   17.655357 ^ _2480_/S (sky130_fd_sc_hd__mux2_1)
     1    0.008450    0.166882    0.885789   18.541145 v _2480_/X (sky130_fd_sc_hd__mux2_1)
                                                         _0434_ (net)
                      0.166882    0.000416   18.541561 v hold1529/A (sky130_fd_sc_hd__dlygate4sd3_1)
     1    0.004542    0.126421    1.258664   19.800226 v hold1529/X (sky130_fd_sc_hd__dlygate4sd3_1)
                                                         net2982 (net)
                      0.126421    0.000176   19.800402 v _3636_/D (sky130_fd_sc_hd__dfxtp_1)
                                             19.800402   data arrival time

                                 40.000000   40.000000   clock clk (rise edge)
                                  0.000000   40.000000   clock source latency
     2    0.189724    1.000000    0.000000   40.000000 ^ gpio_in[38] (in)
                                                         gpio_in[38] (net)
                      1.234396    0.111338   40.111340 ^ clkbuf_0_gpio_in[38]/A (sky130_fd_sc_hd__clkbuf_16)
     5    0.282877    0.435062    0.799236   40.910576 ^ clkbuf_0_gpio_in[38]/X (sky130_fd_sc_hd__clkbuf_16)
                                                         clknet_0_gpio_in[38] (net)
                      0.533486    0.150202   41.060776 ^ clkbuf_1_1_0_gpio_in[38]/A (sky130_fd_sc_hd__clkbuf_8)
     3    0.088189    0.253948    0.526828   41.587605 ^ clkbuf_1_1_0_gpio_in[38]/X (sky130_fd_sc_hd__clkbuf_8)
                                                         clknet_1_1_0_gpio_in[38] (net)
                      0.258440    0.025569   41.613174 ^ clkbuf_1_1_1_gpio_in[38]/A (sky130_fd_sc_hd__clkbuf_8)
     5    0.091537    0.259320    0.423810   42.036983 ^ clkbuf_1_1_1_gpio_in[38]/X (sky130_fd_sc_hd__clkbuf_8)
                                                         clknet_1_1_1_gpio_in[38] (net)
                      0.262805    0.022883   42.059868 ^ clkbuf_2_2_0_gpio_in[38]/A (sky130_fd_sc_hd__clkbuf_8)
     5    0.090844    0.257794    0.423729   42.483597 ^ clkbuf_2_2_0_gpio_in[38]/X (sky130_fd_sc_hd__clkbuf_8)
                                                         clknet_2_2_0_gpio_in[38] (net)
                      0.261454    0.023366   42.506962 ^ clkbuf_3_5_0_gpio_in[38]/A (sky130_fd_sc_hd__clkbuf_8)
    19    0.280385    0.738831    0.645983   43.152946 ^ clkbuf_3_5_0_gpio_in[38]/X (sky130_fd_sc_hd__clkbuf_8)
                                                         clknet_3_5_0_gpio_in[38] (net)
                      0.809289    0.166132   43.319077 ^ clkbuf_leaf_32_gpio_in[38]/A (sky130_fd_sc_hd__clkbuf_8)
     3    0.048179    0.158528    0.555566   43.874645 ^ clkbuf_leaf_32_gpio_in[38]/X (sky130_fd_sc_hd__clkbuf_8)
                                                         clknet_leaf_32_gpio_in[38] (net)
                      0.158530    0.000870   43.875515 ^ _3636_/CLK (sky130_fd_sc_hd__dfxtp_1)
                                 -0.100000   43.775517   clock uncertainty
                                  0.270844   44.046360   clock reconvergence pessimism
                                 -0.268552   43.777809   library setup time
                                             43.777809   data required time
---------------------------------------------------------------------------------------------
                                             43.777809   data required time
                                            -19.800402   data arrival time
---------------------------------------------------------------------------------------------
                                             23.977406   slack (MET)




===========================================================================
report_checks --slack_max -0.01
============================================================================
======================= nom_ss_100C_1v60 Corner ===================================

No paths found.


===========================================================================
 report_check_types -max_slew -max_cap -max_fanout -violators
============================================================================
======================= nom_ss_100C_1v60 Corner ===================================

max slew

Pin                                        Limit        Slew       Slack
------------------------------------------------------------------------
wire932/A                               1.500000   14.715953  -13.215953 (VIOLATED)
ANTENNA_wire932_A/DIODE                 1.500000   14.715857  -13.215857 (VIOLATED)
wire941/A                               1.500000   14.381695  -12.881694 (VIOLATED)
ANTENNA_wire941_A/DIODE                 1.500000   14.381662  -12.881662 (VIOLATED)
ANTENNA__1504__A/DIODE                  1.500000    6.654924   -5.154924 (VIOLATED)
_1504_/A                                1.500000    6.654927   -5.154927 (VIOLATED)
wire1032/A                              1.500000    6.186798   -4.686798 (VIOLATED)
ANTENNA_wire1032_A/DIODE                1.500000    6.186521   -4.686521 (VIOLATED)
wire1036/A                              1.500000    5.953568   -4.453568 (VIOLATED)
ANTENNA_wire1036_A/DIODE                1.500000    5.953403   -4.453403 (VIOLATED)
ANTENNA_wire854_A/DIODE                 1.500000    5.590673   -4.090673 (VIOLATED)
wire854/A                               1.500000    5.590674   -4.090674 (VIOLATED)
ANTENNA__1582__Y/DIODE                  1.500000    5.588861   -4.088862 (VIOLATED)
_1582_/Y                                1.500000    5.588861   -4.088862 (VIOLATED)
wire1034/A                              1.500000    5.410184   -3.910184 (VIOLATED)
ANTENNA_wire1034_A/DIODE                1.500000    5.410048   -3.910048 (VIOLATED)
ANTENNA_211/DIODE                       1.500000    5.186204   -3.686204 (VIOLATED)
ANTENNA_209/DIODE                       1.500000    5.185756   -3.685755 (VIOLATED)
ANTENNA_207/DIODE                       1.500000    5.185564   -3.685564 (VIOLATED)
ANTENNA_205/DIODE                       1.500000    5.185406   -3.685406 (VIOLATED)
ANTENNA_203/DIODE                       1.500000    5.185259   -3.685260 (VIOLATED)
ANTENNA_wire933_X/DIODE                 1.500000    5.185134   -3.685134 (VIOLATED)
ANTENNA_204/DIODE                       1.500000    5.185030   -3.685030 (VIOLATED)
ANTENNA_206/DIODE                       1.500000    5.185032   -3.685032 (VIOLATED)
ANTENNA_208/DIODE                       1.500000    5.185032   -3.685032 (VIOLATED)
ANTENNA_210/DIODE                       1.500000    5.185032   -3.685032 (VIOLATED)
ANTENNA_212/DIODE                       1.500000    5.185032   -3.685033 (VIOLATED)
ANTENNA_202/DIODE                       1.500000    5.184952   -3.684952 (VIOLATED)
wire933/X                               1.500000    5.184794   -3.684794 (VIOLATED)
load_slew1431/A                         1.500000    5.055871   -3.555871 (VIOLATED)
ANTENNA_load_slew1431_A/DIODE           1.500000    5.055840   -3.555840 (VIOLATED)
_1535_/X                                1.499543    5.010894   -3.511351 (VIOLATED)
ANTENNA__1535__X/DIODE                  1.500000    5.010920   -3.510919 (VIOLATED)
ANTENNA__1509__A/DIODE                  1.500000    4.816245   -3.316245 (VIOLATED)
_1509_/A                                1.500000    4.816244   -3.316244 (VIOLATED)
ANTENNA_wire942_X/DIODE                 1.500000    4.770486   -3.270486 (VIOLATED)
wire942/X                               1.500000    4.770432   -3.270431 (VIOLATED)
ANTENNA_235/DIODE                       1.500000    4.750170   -3.250170 (VIOLATED)
ANTENNA_236/DIODE                       1.500000    4.750172   -3.250172 (VIOLATED)
wire950/A                               1.500000    4.750173   -3.250173 (VIOLATED)
ANTENNA_237/DIODE                       1.500000    4.750132   -3.250132 (VIOLATED)
ANTENNA_wire950_A/DIODE                 1.500000    4.750134   -3.250135 (VIOLATED)
ANTENNA_238/DIODE                       1.500000    4.750128   -3.250129 (VIOLATED)
ANTENNA_239/DIODE                       1.500000    4.750124   -3.250124 (VIOLATED)
ANTENNA_240/DIODE                       1.500000    4.750119   -3.250119 (VIOLATED)
_1485_/A                                1.500000    4.706594   -3.206594 (VIOLATED)
ANTENNA__1485__A/DIODE                  1.500000    4.706585   -3.206585 (VIOLATED)
ANTENNA_wire951_X/DIODE                 1.500000    4.584575   -3.084575 (VIOLATED)
wire951/X                               1.500000    4.584563   -3.084563 (VIOLATED)
ANTENNA__1510__A/DIODE                  1.500000    4.318359   -2.818360 (VIOLATED)
_1510_/A                                1.500000    4.316768   -2.816768 (VIOLATED)
_1500_/A                                1.500000    4.217742   -2.717742 (VIOLATED)
ANTENNA__1500__A/DIODE                  1.500000    4.217682   -2.717682 (VIOLATED)
load_slew1405/A                         1.500000    4.209398   -2.709398 (VIOLATED)
ANTENNA_load_slew1405_A/DIODE           1.500000    4.209341   -2.709341 (VIOLATED)
wire909/A                               1.500000    4.058905   -2.558904 (VIOLATED)
ANTENNA_wire909_A/DIODE                 1.500000    4.058899   -2.558899 (VIOLATED)
ANTENNA__1576__Y/DIODE                  1.500000    3.988930   -2.488930 (VIOLATED)
_1576_/Y                                1.500000    3.988922   -2.488922 (VIOLATED)
wire1024/A                              1.500000    3.854264   -2.354264 (VIOLATED)
ANTENNA_wire1024_A/DIODE                1.500000    3.854139   -2.354139 (VIOLATED)
_1503_/A                                1.500000    3.851253   -2.351253 (VIOLATED)
ANTENNA__1503__A/DIODE                  1.500000    3.851244   -2.351244 (VIOLATED)
ANTENNA_wire1035_X/DIODE                1.500000    3.360257   -1.860257 (VIOLATED)
wire1035/X                              1.500000    3.360103   -1.860103 (VIOLATED)
ANTENNA_wire873_A/DIODE                 1.500000    3.300828   -1.800828 (VIOLATED)
wire873/A                               1.500000    3.300826   -1.800826 (VIOLATED)
ANTENNA__1580__Y/DIODE                  1.500000    3.266590   -1.766590 (VIOLATED)
_1580_/Y                                1.500000    3.266590   -1.766590 (VIOLATED)
wire1428/A                              1.500000    3.057226   -1.557226 (VIOLATED)
ANTENNA_wire1428_A/DIODE                1.500000    3.057125   -1.557125 (VIOLATED)
wire1021/A                              1.500000    3.042973   -1.542973 (VIOLATED)
ANTENNA_wire1021_A/DIODE                1.500000    3.042955   -1.542955 (VIOLATED)
ANTENNA_1/DIODE                         1.500000    3.042938   -1.542938 (VIOLATED)
_1506_/A                                1.500000    3.014664   -1.514664 (VIOLATED)
ANTENNA__1506__A/DIODE                  1.500000    3.014655   -1.514655 (VIOLATED)
_1545_/X                                1.498428    2.983291   -1.484863 (VIOLATED)
ANTENNA__1545__X/DIODE                  1.500000    2.983295   -1.483295 (VIOLATED)
_1508_/A                                1.500000    2.947190   -1.447190 (VIOLATED)
ANTENNA__1508__A/DIODE                  1.500000    2.947175   -1.447175 (VIOLATED)
ANTENNA__2504__A1/DIODE                 1.500000    2.877961   -1.377961 (VIOLATED)
_2504_/A1                               1.500000    2.877949   -1.377949 (VIOLATED)
_1339_/Y                                1.478512    2.842109   -1.363597 (VIOLATED)
wire1108/A                              1.500000    2.842608   -1.342608 (VIOLATED)
ANTENNA_wire1108_A/DIODE                1.500000    2.842606   -1.342606 (VIOLATED)
ANTENNA__1339__Y/DIODE                  1.500000    2.842109   -1.342109 (VIOLATED)
_1505_/A                                1.500000    2.838241   -1.338241 (VIOLATED)
ANTENNA__1505__A/DIODE                  1.500000    2.838238   -1.338238 (VIOLATED)
ANTENNA_301/DIODE                       1.500000    2.655125   -1.155125 (VIOLATED)
ANTENNA_300/DIODE                       1.500000    2.655121   -1.155121 (VIOLATED)
load_slew1388/A                         1.500000    2.655102   -1.155102 (VIOLATED)
ANTENNA_load_slew1388_A/DIODE           1.500000    2.655063   -1.155063 (VIOLATED)
ANTENNA_298/DIODE                       1.500000    2.654892   -1.154892 (VIOLATED)
ANTENNA_299/DIODE                       1.500000    2.654868   -1.154868 (VIOLATED)
ANTENNA__2503__A1/DIODE                 1.500000    2.610904   -1.110904 (VIOLATED)
_2503_/A1                               1.500000    2.610890   -1.110890 (VIOLATED)
_2493_/A1                               1.500000    2.595258   -1.095258 (VIOLATED)
ANTENNA__2493__A1/DIODE                 1.500000    2.595176   -1.095176 (VIOLATED)
ANTENNA__2487__A1/DIODE                 1.500000    2.551218   -1.051218 (VIOLATED)
_2487_/A1                               1.500000    2.551180   -1.051180 (VIOLATED)
ANTENNA_359/DIODE                       1.500000    2.551151   -1.051151 (VIOLATED)
ANTENNA_281/DIODE                       1.500000    2.445096   -0.945096 (VIOLATED)
ANTENNA_279/DIODE                       1.500000    2.442332   -0.942332 (VIOLATED)
wire1028/A                              1.500000    2.436886   -0.936886 (VIOLATED)
ANTENNA_wire1028_A/DIODE                1.500000    2.436853   -0.936853 (VIOLATED)
ANTENNA_277/DIODE                       1.500000    2.434060   -0.934060 (VIOLATED)
ANTENNA_275/DIODE                       1.500000    2.431131   -0.931131 (VIOLATED)
fanout1122/A                            1.500000    2.429803   -0.929803 (VIOLATED)
ANTENNA_fanout1122_A/DIODE              1.500000    2.429624   -0.929624 (VIOLATED)
ANTENNA_274/DIODE                       1.500000    2.427706   -0.927706 (VIOLATED)
ANTENNA_278/DIODE                       1.500000    2.426110   -0.926110 (VIOLATED)
ANTENNA_276/DIODE                       1.500000    2.424041   -0.924041 (VIOLATED)
_1541_/X                                1.499543    2.418777   -0.919235 (VIOLATED)
ANTENNA_381/DIODE                       1.500000    2.418820   -0.918820 (VIOLATED)
ANTENNA_379/DIODE                       1.500000    2.418815   -0.918815 (VIOLATED)
ANTENNA__1541__X/DIODE                  1.500000    2.418811   -0.918811 (VIOLATED)
ANTENNA_378/DIODE                       1.500000    2.418804   -0.918804 (VIOLATED)
ANTENNA_380/DIODE                       1.500000    2.418802   -0.918802 (VIOLATED)
ANTENNA_280/DIODE                       1.500000    2.415007   -0.915007 (VIOLATED)
ANTENNA_282/DIODE                       1.500000    2.409644   -0.909644 (VIOLATED)
_4541_/A                                1.500000    2.268471   -0.768472 (VIOLATED)
ANTENNA__4541__A/DIODE                  1.500000    2.268282   -0.768283 (VIOLATED)
wire899/A                               1.500000    2.250999   -0.750999 (VIOLATED)
ANTENNA_wire899_A/DIODE                 1.500000    2.250942   -0.750942 (VIOLATED)
_1547_/X                                1.498428    2.234423   -0.735995 (VIOLATED)
ANTENNA__1547__X/DIODE                  1.500000    2.234436   -0.734436 (VIOLATED)
ANTENNA__2476__A1/DIODE                 1.500000    2.171748   -0.671748 (VIOLATED)
_2476_/A1                               1.500000    2.171744   -0.671744 (VIOLATED)
_2484_/A1                               1.500000    2.131038   -0.631038 (VIOLATED)
ANTENNA__2484__A1/DIODE                 1.500000    2.131035   -0.631035 (VIOLATED)
ANTENNA__2505__A1/DIODE                 1.500000    2.099452   -0.599452 (VIOLATED)
_2505_/A1                               1.500000    2.099360   -0.599360 (VIOLATED)
ANTENNA_294/DIODE                       1.500000    2.099329   -0.599329 (VIOLATED)
_2475_/A1                               1.500000    2.096854   -0.596854 (VIOLATED)
ANTENNA__2475__A1/DIODE                 1.500000    2.096845   -0.596846 (VIOLATED)
fanout1125/A                            1.500000    2.082345   -0.582345 (VIOLATED)
ANTENNA_fanout1125_A/DIODE              1.500000    2.081862   -0.581862 (VIOLATED)
wire1419/A                              1.500000    2.075229   -0.575229 (VIOLATED)
ANTENNA_177/DIODE                       1.500000    2.075141   -0.575141 (VIOLATED)
ANTENNA_178/DIODE                       1.500000    2.075130   -0.575130 (VIOLATED)
ANTENNA_179/DIODE                       1.500000    2.074841   -0.574841 (VIOLATED)
ANTENNA_wire1419_A/DIODE                1.500000    2.074826   -0.574826 (VIOLATED)
ANTENNA_180/DIODE                       1.500000    2.074809   -0.574809 (VIOLATED)
ANTENNA__2479__A1/DIODE                 1.500000    2.025372   -0.525372 (VIOLATED)
_2479_/A1                               1.500000    2.025359   -0.525359 (VIOLATED)
_2486_/A1                               1.500000    2.017336   -0.517336 (VIOLATED)
ANTENNA__2486__A1/DIODE                 1.500000    2.017334   -0.517334 (VIOLATED)
fanout1121/A                            1.500000    2.000391   -0.500391 (VIOLATED)
ANTENNA_fanout1121_A/DIODE              1.500000    2.000269   -0.500269 (VIOLATED)
wire863/A                               1.500000    1.992807   -0.492807 (VIOLATED)
ANTENNA_wire863_A/DIODE                 1.500000    1.992804   -0.492804 (VIOLATED)
_2495_/A1                               1.500000    1.986050   -0.486050 (VIOLATED)
ANTENNA__2495__A1/DIODE                 1.500000    1.986021   -0.486021 (VIOLATED)
ANTENNA_wire864_X/DIODE                 1.500000    1.971985   -0.471985 (VIOLATED)
wire864/X                               1.500000    1.971982   -0.471982 (VIOLATED)
wire830/A                               1.500000    1.963529   -0.463529 (VIOLATED)
ANTENNA_wire830_A/DIODE                 1.500000    1.963260   -0.463260 (VIOLATED)
_2477_/A1                               1.500000    1.962654   -0.462654 (VIOLATED)
ANTENNA__2477__A1/DIODE                 1.500000    1.962639   -0.462639 (VIOLATED)
_2481_/A1                               1.500000    1.958695   -0.458695 (VIOLATED)
ANTENNA__2481__A1/DIODE                 1.500000    1.958640   -0.458640 (VIOLATED)
ANTENNA_201/DIODE                       1.500000    1.957739   -0.457739 (VIOLATED)
ANTENNA_wire900_X/DIODE                 1.500000    1.957733   -0.457733 (VIOLATED)
ANTENNA_200/DIODE                       1.500000    1.957731   -0.457731 (VIOLATED)
wire900/X                               1.500000    1.957717   -0.457717 (VIOLATED)
wire888/A                               1.500000    1.953226   -0.453226 (VIOLATED)
ANTENNA_wire888_A/DIODE                 1.500000    1.953110   -0.453110 (VIOLATED)
ANTENNA_wire881_A/DIODE                 1.500000    1.951934   -0.451934 (VIOLATED)
wire881/A                               1.500000    1.951931   -0.451931 (VIOLATED)
wire997/A                               1.500000    1.951802   -0.451802 (VIOLATED)
ANTENNA_wire997_A/DIODE                 1.500000    1.951786   -0.451786 (VIOLATED)
ANTENNA__2489__A1/DIODE                 1.500000    1.949144   -0.449144 (VIOLATED)
_2489_/A1                               1.500000    1.949127   -0.449127 (VIOLATED)
wire890/A                               1.500000    1.938341   -0.438341 (VIOLATED)
ANTENNA_wire890_A/DIODE                 1.500000    1.938256   -0.438256 (VIOLATED)
ANTENNA__1557__X/DIODE                  1.500000    1.935771   -0.435771 (VIOLATED)
_1557_/X                                1.500000    1.935765   -0.435765 (VIOLATED)
_2494_/A1                               1.500000    1.927516   -0.427516 (VIOLATED)
ANTENNA__2494__A1/DIODE                 1.500000    1.927515   -0.427515 (VIOLATED)
_2491_/A1                               1.500000    1.917462   -0.417463 (VIOLATED)
ANTENNA__2491__A1/DIODE                 1.500000    1.917413   -0.417413 (VIOLATED)
_2488_/A1                               1.500000    1.906171   -0.406171 (VIOLATED)
ANTENNA__2488__A1/DIODE                 1.500000    1.906150   -0.406150 (VIOLATED)
ANTENNA__2483__A1/DIODE                 1.500000    1.893797   -0.393797 (VIOLATED)
_2483_/A1                               1.500000    1.893796   -0.393796 (VIOLATED)
ANTENNA_290/DIODE                       1.500000    1.893793   -0.393793 (VIOLATED)
ANTENNA_360/DIODE                       1.500000    1.893775   -0.393775 (VIOLATED)
fanout1173/A                            1.500000    1.889593   -0.389593 (VIOLATED)
ANTENNA_fanout1173_A/DIODE              1.500000    1.889353   -0.389353 (VIOLATED)
wire853/A                               1.500000    1.878668   -0.378668 (VIOLATED)
ANTENNA_wire853_A/DIODE                 1.500000    1.878664   -0.378664 (VIOLATED)
ANTENNA__1583__Y/DIODE                  1.500000    1.873060   -0.373060 (VIOLATED)
_1583_/Y                                1.500000    1.873049   -0.373049 (VIOLATED)
_2485_/A1                               1.500000    1.866662   -0.366663 (VIOLATED)
ANTENNA__2485__A1/DIODE                 1.500000    1.866659   -0.366659 (VIOLATED)
_2502_/A1                               1.500000    1.860608   -0.360608 (VIOLATED)
ANTENNA__2502__A1/DIODE                 1.500000    1.860564   -0.360564 (VIOLATED)
fanout1221/A                            1.500000    1.858003   -0.358003 (VIOLATED)
ANTENNA_fanout1221_A/DIODE              1.500000    1.857930   -0.357930 (VIOLATED)
fanout1191/A                            1.500000    1.851342   -0.351342 (VIOLATED)
ANTENNA_fanout1191_A/DIODE              1.500000    1.850842   -0.350842 (VIOLATED)
wire948/A                               1.500000    1.846026   -0.346026 (VIOLATED)
ANTENNA_wire948_A/DIODE                 1.500000    1.845982   -0.345982 (VIOLATED)
_2492_/A1                               1.500000    1.809570   -0.309570 (VIOLATED)
ANTENNA__2492__A1/DIODE                 1.500000    1.809517   -0.309517 (VIOLATED)
wire840/A                               1.500000    1.780199   -0.280199 (VIOLATED)
ANTENNA_wire840_A/DIODE                 1.500000    1.780096   -0.280096 (VIOLATED)
wire1022/A                              1.500000    1.758552   -0.258552 (VIOLATED)
ANTENNA_wire1022_A/DIODE                1.500000    1.758504   -0.258504 (VIOLATED)
ANTENNA_352/DIODE                       1.500000    1.746342   -0.246342 (VIOLATED)
ANTENNA_353/DIODE                       1.500000    1.746342   -0.246342 (VIOLATED)
ANTENNA_354/DIODE                       1.500000    1.746342   -0.246342 (VIOLATED)
ANTENNA_355/DIODE                       1.500000    1.746342   -0.246342 (VIOLATED)
ANTENNA_356/DIODE                       1.500000    1.746342   -0.246342 (VIOLATED)
ANTENNA_357/DIODE                       1.500000    1.746342   -0.246342 (VIOLATED)
ANTENNA_358/DIODE                       1.500000    1.746342   -0.246342 (VIOLATED)
ANTENNA_wire882_X/DIODE                 1.500000    1.746342   -0.246342 (VIOLATED)
wire882/X                               1.500000    1.746322   -0.246322 (VIOLATED)
_2480_/A1                               1.500000    1.742401   -0.242401 (VIOLATED)
ANTENNA__2480__A1/DIODE                 1.500000    1.742391   -0.242391 (VIOLATED)
_1498_/A                                1.500000    1.741646   -0.241646 (VIOLATED)
ANTENNA__1498__A/DIODE                  1.500000    1.741522   -0.241522 (VIOLATED)
wire839/A                               1.500000    1.714244   -0.214244 (VIOLATED)
ANTENNA_wire839_A/DIODE                 1.500000    1.714134   -0.214134 (VIOLATED)
wire1053/A                              1.500000    1.712537   -0.212537 (VIOLATED)
ANTENNA_wire1053_A/DIODE                1.500000    1.712399   -0.212399 (VIOLATED)
_2490_/A1                               1.500000    1.712270   -0.212270 (VIOLATED)
ANTENNA__2490__A1/DIODE                 1.500000    1.712190   -0.212190 (VIOLATED)
_4503_/A                                1.500000    1.691811   -0.191811 (VIOLATED)
ANTENNA__4503__A/DIODE                  1.500000    1.691762   -0.191762 (VIOLATED)
ANTENNA_197/DIODE                       1.500000    1.669136   -0.169136 (VIOLATED)
ANTENNA_198/DIODE                       1.500000    1.669128   -0.169128 (VIOLATED)
ANTENNA_199/DIODE                       1.500000    1.669128   -0.169128 (VIOLATED)
ANTENNA_192/DIODE                       1.500000    1.669039   -0.169039 (VIOLATED)
ANTENNA_191/DIODE                       1.500000    1.669034   -0.169034 (VIOLATED)
ANTENNA_190/DIODE                       1.500000    1.669029   -0.169030 (VIOLATED)
ANTENNA_189/DIODE                       1.500000    1.669021   -0.169021 (VIOLATED)
ANTENNA_wire891_X/DIODE                 1.500000    1.669016   -0.169016 (VIOLATED)
ANTENNA_193/DIODE                       1.500000    1.669002   -0.169002 (VIOLATED)
ANTENNA_194/DIODE                       1.500000    1.669002   -0.169002 (VIOLATED)
ANTENNA_195/DIODE                       1.500000    1.669002   -0.169002 (VIOLATED)
ANTENNA_196/DIODE                       1.500000    1.669002   -0.169002 (VIOLATED)
wire891/X                               1.500000    1.668962   -0.168962 (VIOLATED)
ANTENNA_324/DIODE                       1.500000    1.668540   -0.168541 (VIOLATED)
ANTENNA_322/DIODE                       1.500000    1.668515   -0.168515 (VIOLATED)
ANTENNA_320/DIODE                       1.500000    1.668490   -0.168490 (VIOLATED)
ANTENNA_318/DIODE                       1.500000    1.668467   -0.168467 (VIOLATED)
ANTENNA_316/DIODE                       1.500000    1.668444   -0.168444 (VIOLATED)
ANTENNA_max_cap1401_X/DIODE             1.500000    1.668422   -0.168422 (VIOLATED)
ANTENNA_315/DIODE                       1.500000    1.668401   -0.168401 (VIOLATED)
ANTENNA_317/DIODE                       1.500000    1.668381   -0.168381 (VIOLATED)
ANTENNA_319/DIODE                       1.500000    1.668362   -0.168362 (VIOLATED)
ANTENNA_321/DIODE                       1.500000    1.668352   -0.168352 (VIOLATED)
ANTENNA_323/DIODE                       1.500000    1.668352   -0.168352 (VIOLATED)
ANTENNA_325/DIODE                       1.500000    1.668352   -0.168352 (VIOLATED)
max_cap1401/X                           1.500000    1.668161   -0.168161 (VIOLATED)
fanout1230/A                            1.500000    1.648729   -0.148729 (VIOLATED)
ANTENNA_fanout1230_A/DIODE              1.500000    1.648360   -0.148361 (VIOLATED)
fanout1227/A                            1.500000    1.635856   -0.135856 (VIOLATED)
ANTENNA_fanout1227_A/DIODE              1.500000    1.635716   -0.135716 (VIOLATED)
fanout1124/A                            1.500000    1.612257   -0.112257 (VIOLATED)
ANTENNA_fanout1124_A/DIODE              1.500000    1.612135   -0.112135 (VIOLATED)
ANTENNA_347/DIODE                       1.500000    1.611789   -0.111789 (VIOLATED)
ANTENNA_345/DIODE                       1.500000    1.611726   -0.111726 (VIOLATED)
ANTENNA_342/DIODE                       1.500000    1.611617   -0.111617 (VIOLATED)
ANTENNA_340/DIODE                       1.500000    1.611563   -0.111563 (VIOLATED)
ANTENNA_338/DIODE                       1.500000    1.611512   -0.111512 (VIOLATED)
ANTENNA_max_cap1408_X/DIODE             1.500000    1.611464   -0.111464 (VIOLATED)
ANTENNA_337/DIODE                       1.500000    1.611422   -0.111422 (VIOLATED)
ANTENNA_339/DIODE                       1.500000    1.611380   -0.111380 (VIOLATED)
ANTENNA_341/DIODE                       1.500000    1.611341   -0.111341 (VIOLATED)
ANTENNA_343/DIODE                       1.500000    1.611304   -0.111304 (VIOLATED)
ANTENNA_344/DIODE                       1.500000    1.611270   -0.111270 (VIOLATED)
ANTENNA_346/DIODE                       1.500000    1.611238   -0.111238 (VIOLATED)
max_cap1408/X                           1.500000    1.610919   -0.110919 (VIOLATED)
wire940/A                               1.500000    1.604451   -0.104451 (VIOLATED)
ANTENNA_wire940_A/DIODE                 1.500000    1.604421   -0.104421 (VIOLATED)
_1499_/A                                1.500000    1.603848   -0.103848 (VIOLATED)
ANTENNA__1499__A/DIODE                  1.500000    1.603832   -0.103832 (VIOLATED)
fanout1194/A                            1.500000    1.600308   -0.100308 (VIOLATED)
ANTENNA_fanout1194_A/DIODE              1.500000    1.600206   -0.100206 (VIOLATED)
fanout1200/A                            1.500000    1.590975   -0.090975 (VIOLATED)
ANTENNA_fanout1200_A/DIODE              1.500000    1.590869   -0.090869 (VIOLATED)
fanout1215/A                            1.500000    1.580145   -0.080145 (VIOLATED)
ANTENNA_fanout1215_A/DIODE              1.500000    1.579867   -0.079867 (VIOLATED)
wire1276/A                              1.500000    1.578811   -0.078811 (VIOLATED)
ANTENNA_wire1276_A/DIODE                1.500000    1.578662   -0.078662 (VIOLATED)
wire1067/A                              1.500000    1.577188   -0.077188 (VIOLATED)
ANTENNA_wire1067_A/DIODE                1.500000    1.577061   -0.077061 (VIOLATED)
_4522_/A                                1.500000    1.577049   -0.077049 (VIOLATED)
ANTENNA__4522__A/DIODE                  1.500000    1.577019   -0.077019 (VIOLATED)
ANTENNA_wire1025_X/DIODE                1.500000    1.575640   -0.075640 (VIOLATED)
ANTENNA__2846__B2/DIODE                 1.500000    1.575639   -0.075639 (VIOLATED)
_2846_/B2                               1.500000    1.575639   -0.075639 (VIOLATED)
_2478_/A1                               1.500000    1.575599   -0.075599 (VIOLATED)
ANTENNA__2478__A1/DIODE                 1.500000    1.575558   -0.075558 (VIOLATED)
wire1025/X                              1.500000    1.575471   -0.075471 (VIOLATED)
ANTENNA_242/DIODE                       1.500000    1.570169   -0.070170 (VIOLATED)
ANTENNA_244/DIODE                       1.500000    1.570169   -0.070170 (VIOLATED)
ANTENNA_246/DIODE                       1.500000    1.570169   -0.070170 (VIOLATED)
ANTENNA_241/DIODE                       1.500000    1.570169   -0.070169 (VIOLATED)
ANTENNA_wire1023_X/DIODE                1.500000    1.570169   -0.070169 (VIOLATED)
ANTENNA_243/DIODE                       1.500000    1.570169   -0.070169 (VIOLATED)
ANTENNA_245/DIODE                       1.500000    1.570169   -0.070169 (VIOLATED)
wire1023/X                              1.500000    1.570086   -0.070086 (VIOLATED)
ANTENNA_222/DIODE                       1.500000    1.570054   -0.070054 (VIOLATED)
ANTENNA_220/DIODE                       1.500000    1.570040   -0.070040 (VIOLATED)
ANTENNA_218/DIODE                       1.500000    1.570027   -0.070027 (VIOLATED)
ANTENNA_216/DIODE                       1.500000    1.570014   -0.070014 (VIOLATED)
ANTENNA_214/DIODE                       1.500000    1.570001   -0.070001 (VIOLATED)
ANTENNA_wire941_X/DIODE                 1.500000    1.569989   -0.069989 (VIOLATED)
ANTENNA_213/DIODE                       1.500000    1.569978   -0.069978 (VIOLATED)
ANTENNA_223/DIODE                       1.500000    1.569972   -0.069972 (VIOLATED)
ANTENNA_219/DIODE                       1.500000    1.569972   -0.069972 (VIOLATED)
ANTENNA_221/DIODE                       1.500000    1.569972   -0.069972 (VIOLATED)
ANTENNA_217/DIODE                       1.500000    1.569972   -0.069972 (VIOLATED)
ANTENNA_215/DIODE                       1.500000    1.569972   -0.069972 (VIOLATED)
fanout1188/A                            1.500000    1.569745   -0.069745 (VIOLATED)
ANTENNA_fanout1188_A/DIODE              1.500000    1.569446   -0.069446 (VIOLATED)
wire941/X                               1.500000    1.568541   -0.068541 (VIOLATED)
_2848_/B2                               1.500000    1.567037   -0.067037 (VIOLATED)
ANTENNA__2848__B2/DIODE                 1.500000    1.566965   -0.066965 (VIOLATED)
fanout1209/A                            1.500000    1.566319   -0.066319 (VIOLATED)
ANTENNA_fanout1209_A/DIODE              1.500000    1.566173   -0.066173 (VIOLATED)
_2844_/B2                               1.500000    1.561639   -0.061639 (VIOLATED)
ANTENNA__2844__B2/DIODE                 1.500000    1.561583   -0.061583 (VIOLATED)
_2850_/B2                               1.500000    1.557452   -0.057452 (VIOLATED)
ANTENNA__2850__B2/DIODE                 1.500000    1.557366   -0.057366 (VIOLATED)
_2566_/A1                               1.500000    1.550740   -0.050740 (VIOLATED)
ANTENNA__2566__A1/DIODE                 1.500000    1.550719   -0.050719 (VIOLATED)
fanout1224/A                            1.500000    1.548612   -0.048612 (VIOLATED)
_2599_/A1                               1.500000    1.548497   -0.048497 (VIOLATED)
ANTENNA__2599__A1/DIODE                 1.500000    1.548481   -0.048481 (VIOLATED)
ANTENNA__2845__B2/DIODE                 1.500000    1.548249   -0.048249 (VIOLATED)
_2845_/B2                               1.500000    1.548236   -0.048236 (VIOLATED)
ANTENNA_fanout1224_A/DIODE              1.500000    1.546578   -0.046578 (VIOLATED)
_2562_/A1                               1.500000    1.545423   -0.045423 (VIOLATED)
ANTENNA__2562__A1/DIODE                 1.500000    1.545391   -0.045391 (VIOLATED)
_2849_/B2                               1.500000    1.543824   -0.043824 (VIOLATED)
ANTENNA__2849__B2/DIODE                 1.500000    1.543726   -0.043726 (VIOLATED)
ANTENNA_374/DIODE                       1.500000    1.543027   -0.043027 (VIOLATED)
ANTENNA_372/DIODE                       1.500000    1.542954   -0.042955 (VIOLATED)
ANTENNA_370/DIODE                       1.500000    1.542885   -0.042885 (VIOLATED)
ANTENNA_368/DIODE                       1.500000    1.542821   -0.042821 (VIOLATED)
ANTENNA_366/DIODE                       1.500000    1.542761   -0.042761 (VIOLATED)
ANTENNA_wire1406_X/DIODE                1.500000    1.542705   -0.042705 (VIOLATED)
ANTENNA_365/DIODE                       1.500000    1.542652   -0.042652 (VIOLATED)
ANTENNA_367/DIODE                       1.500000    1.542602   -0.042602 (VIOLATED)
ANTENNA_369/DIODE                       1.500000    1.542556   -0.042556 (VIOLATED)
ANTENNA_371/DIODE                       1.500000    1.542513   -0.042513 (VIOLATED)
ANTENNA_373/DIODE                       1.500000    1.542473   -0.042473 (VIOLATED)
ANTENNA_375/DIODE                       1.500000    1.542437   -0.042437 (VIOLATED)
wire1406/X                              1.500000    1.542116   -0.042116 (VIOLATED)
_1529_/X                                1.499543    1.541576   -0.042033 (VIOLATED)
_2595_/A1                               1.500000    1.542006   -0.042006 (VIOLATED)
ANTENNA__1529__X/DIODE                  1.500000    1.541616   -0.041616 (VIOLATED)
_2632_/A1                               1.500000    1.541603   -0.041603 (VIOLATED)
ANTENNA__2632__A1/DIODE                 1.500000    1.541414   -0.041414 (VIOLATED)
ANTENNA__2595__A1/DIODE                 1.500000    1.541101   -0.041101 (VIOLATED)
_2560_/A1                               1.500000    1.540516   -0.040517 (VIOLATED)
ANTENNA__2560__A1/DIODE                 1.500000    1.540499   -0.040499 (VIOLATED)
_2564_/A1                               1.500000    1.539856   -0.039856 (VIOLATED)
ANTENNA__2564__A1/DIODE                 1.500000    1.539835   -0.039835 (VIOLATED)
fanout1170/A                            1.500000    1.538005   -0.038005 (VIOLATED)
ANTENNA_fanout1170_A/DIODE              1.500000    1.537787   -0.037787 (VIOLATED)
_2851_/B2                               1.500000    1.537421   -0.037421 (VIOLATED)
ANTENNA__2851__B2/DIODE                 1.500000    1.537349   -0.037350 (VIOLATED)
_2482_/A1                               1.500000    1.535221   -0.035221 (VIOLATED)
ANTENNA__2482__A1/DIODE                 1.500000    1.535218   -0.035218 (VIOLATED)
wire1026/A                              1.500000    1.532275   -0.032275 (VIOLATED)
ANTENNA_wire1026_A/DIODE                1.500000    1.532227   -0.032227 (VIOLATED)
fanout1167/A                            1.500000    1.531468   -0.031468 (VIOLATED)
ANTENNA_fanout1167_A/DIODE              1.500000    1.531160   -0.031160 (VIOLATED)
_2593_/A1                               1.500000    1.530637   -0.030637 (VIOLATED)
ANTENNA__2593__A1/DIODE                 1.500000    1.530617   -0.030617 (VIOLATED)
fanout1220/A                            1.500000    1.526042   -0.026042 (VIOLATED)
wire1006/A                              1.500000    1.525612   -0.025612 (VIOLATED)
ANTENNA_wire1006_A/DIODE                1.500000    1.525595   -0.025596 (VIOLATED)
ANTENNA_fanout1220_A/DIODE              1.500000    1.521635   -0.021635 (VIOLATED)
_2597_/A1                               1.500000    1.520822   -0.020822 (VIOLATED)
ANTENNA__2597__A1/DIODE                 1.500000    1.520802   -0.020802 (VIOLATED)
_2838_/B2                               1.500000    1.520202   -0.020202 (VIOLATED)
ANTENNA__2838__B2/DIODE                 1.500000    1.520115   -0.020115 (VIOLATED)
_2565_/A1                               1.500000    1.517107   -0.017107 (VIOLATED)
ANTENNA__2565__A1/DIODE                 1.500000    1.517086   -0.017086 (VIOLATED)
_2561_/A1                               1.500000    1.516798   -0.016798 (VIOLATED)
ANTENNA__2561__A1/DIODE                 1.500000    1.516777   -0.016777 (VIOLATED)
_2628_/A1                               1.500000    1.516627   -0.016627 (VIOLATED)
ANTENNA__2628__A1/DIODE                 1.500000    1.516622   -0.016622 (VIOLATED)
_2554_/A1                               1.500000    1.515566   -0.015566 (VIOLATED)
ANTENNA__2554__A1/DIODE                 1.500000    1.515558   -0.015558 (VIOLATED)
_4502_/A                                1.500000    1.515328   -0.015329 (VIOLATED)
ANTENNA__4502__A/DIODE                  1.500000    1.515308   -0.015308 (VIOLATED)
ANTENNA__1553__X/DIODE                  1.500000    1.511988   -0.011988 (VIOLATED)
_1553_/X                                1.500000    1.511984   -0.011985 (VIOLATED)
_2587_/A1                               1.500000    1.508558   -0.008558 (VIOLATED)
ANTENNA__2587__A1/DIODE                 1.500000    1.508555   -0.008555 (VIOLATED)
_2598_/A1                               1.500000    1.502931   -0.002931 (VIOLATED)
ANTENNA__2598__A1/DIODE                 1.500000    1.502694   -0.002694 (VIOLATED)
ANTENNA_fanout1179_A/DIODE              1.500000    1.501998   -0.001998 (VIOLATED)
ANTENNA__2594__A1/DIODE                 1.500000    1.501804   -0.001804 (VIOLATED)
_2594_/A1                               1.500000    1.501798   -0.001798 (VIOLATED)

max fanout

Pin                                   Limit Fanout  Slack
---------------------------------------------------------
clkbuf_leaf_12_gpio_in[38]/X             20     51    -31 (VIOLATED)
clkbuf_leaf_30_gpio_in[38]/X             20     51    -31 (VIOLATED)
clkbuf_leaf_34_gpio_in[38]/X             20     51    -31 (VIOLATED)
clkbuf_leaf_47_gpio_in[38]/X             20     51    -31 (VIOLATED)
clkbuf_leaf_4_gpio_in[38]/X              20     49    -29 (VIOLATED)
clkbuf_leaf_14_gpio_in[38]/X             20     47    -27 (VIOLATED)
clkbuf_leaf_31_gpio_in[38]/X             20     47    -27 (VIOLATED)
clkbuf_leaf_22_gpio_in[38]/X             20     45    -25 (VIOLATED)
clkbuf_leaf_23_gpio_in[38]/X             20     45    -25 (VIOLATED)
clkbuf_leaf_33_gpio_in[38]/X             20     45    -25 (VIOLATED)
clkbuf_leaf_50_gpio_in[38]/X             20     45    -25 (VIOLATED)
clkbuf_leaf_11_gpio_in[38]/X             20     43    -23 (VIOLATED)
clkbuf_leaf_15_gpio_in[38]/X             20     43    -23 (VIOLATED)
clkbuf_leaf_25_gpio_in[38]/X             20     43    -23 (VIOLATED)
clkbuf_leaf_40_gpio_in[38]/X             20     43    -23 (VIOLATED)
clkbuf_leaf_27_gpio_in[38]/X             20     41    -21 (VIOLATED)
clkbuf_leaf_3_gpio_in[38]/X              20     41    -21 (VIOLATED)
clkbuf_leaf_2_gpio_in[38]/X              20     39    -19 (VIOLATED)
clkbuf_leaf_16_gpio_in[38]/X             20     37    -17 (VIOLATED)
clkbuf_leaf_24_gpio_in[38]/X             20     35    -15 (VIOLATED)
clkbuf_leaf_56_gpio_in[38]/X             20     35    -15 (VIOLATED)
clkbuf_leaf_19_gpio_in[38]/X             20     33    -13 (VIOLATED)
clkbuf_leaf_20_gpio_in[38]/X             20     33    -13 (VIOLATED)
clkbuf_leaf_49_gpio_in[38]/X             20     33    -13 (VIOLATED)
clkbuf_leaf_9_gpio_in[38]/X              20     33    -13 (VIOLATED)
clkbuf_leaf_13_gpio_in[38]/X             20     31    -11 (VIOLATED)
clkbuf_leaf_48_gpio_in[38]/X             20     31    -11 (VIOLATED)
max_cap809/X                             20     31    -11 (VIOLATED)
clkbuf_3_2_0_gpio_in[38]/X               20     29     -9 (VIOLATED)
clkbuf_leaf_29_gpio_in[38]/X             20     29     -9 (VIOLATED)
clkbuf_leaf_53_gpio_in[38]/X             20     29     -9 (VIOLATED)
clkbuf_leaf_54_gpio_in[38]/X             20     27     -7 (VIOLATED)
clkbuf_3_1_0_gpio_in[38]/X               20     25     -5 (VIOLATED)
clkbuf_leaf_66_gpio_in[38]/X             20     25     -5 (VIOLATED)
clkbuf_leaf_6_gpio_in[38]/X              20     25     -5 (VIOLATED)
fanout1284/X                             20     24     -4 (VIOLATED)
fanout1328/X                             20     24     -4 (VIOLATED)
clkbuf_leaf_1_gpio_in[38]/X              20     23     -3 (VIOLATED)
clkbuf_leaf_28_gpio_in[38]/X             20     23     -3 (VIOLATED)
fanout1197/X                             20     23     -3 (VIOLATED)
gpio_loopback_zero[25]                   20     22     -2 (VIOLATED)
gpio_loopback_zero[26]                   20     22     -2 (VIOLATED)
gpio_loopback_zero[30]                   20     22     -2 (VIOLATED)
gpio_loopback_zero[32]                   20     22     -2 (VIOLATED)
gpio_loopback_zero[38]                   20     22     -2 (VIOLATED)
fanout1123/X                             20     22     -2 (VIOLATED)
fanout1161/X                             20     22     -2 (VIOLATED)
fanout1178/X                             20     22     -2 (VIOLATED)
fanout1185/X                             20     22     -2 (VIOLATED)
fanout1194/X                             20     22     -2 (VIOLATED)
fanout1203/X                             20     22     -2 (VIOLATED)
fanout1215/X                             20     22     -2 (VIOLATED)
fanout1221/X                             20     22     -2 (VIOLATED)
fanout1250/X                             20     22     -2 (VIOLATED)
clkbuf_3_3_0_gpio_in[38]/X               20     21        (VIOLATED)
clkbuf_leaf_35_gpio_in[38]/X             20     21        (VIOLATED)
clkbuf_leaf_57_gpio_in[38]/X             20     21        (VIOLATED)
fanout1109/X                             20     21        (VIOLATED)
fanout1110/X                             20     21        (VIOLATED)
fanout1114/X                             20     21        (VIOLATED)
fanout1121/X                             20     21        (VIOLATED)
fanout1122/X                             20     21        (VIOLATED)
fanout1124/X                             20     21        (VIOLATED)
fanout1125/X                             20     21        (VIOLATED)
fanout1127/X                             20     21        (VIOLATED)
fanout1128/X                             20     21        (VIOLATED)
fanout1130/X                             20     21        (VIOLATED)
fanout1131/X                             20     21        (VIOLATED)
fanout1136/X                             20     21        (VIOLATED)
fanout1137/X                             20     21        (VIOLATED)
fanout1142/X                             20     21        (VIOLATED)
fanout1143/X                             20     21        (VIOLATED)
fanout1148/X                             20     21        (VIOLATED)
fanout1149/X                             20     21        (VIOLATED)
fanout1154/X                             20     21        (VIOLATED)
fanout1155/X                             20     21        (VIOLATED)
fanout1160/X                             20     21        (VIOLATED)
fanout1166/X                             20     21        (VIOLATED)
fanout1167/X                             20     21        (VIOLATED)
fanout1169/X                             20     21        (VIOLATED)
fanout1170/X                             20     21        (VIOLATED)
fanout1172/X                             20     21        (VIOLATED)
fanout1173/X                             20     21        (VIOLATED)
fanout1175/X                             20     21        (VIOLATED)
fanout1176/X                             20     21        (VIOLATED)
fanout1179/X                             20     21        (VIOLATED)
fanout1181/X                             20     21        (VIOLATED)
fanout1182/X                             20     21        (VIOLATED)
fanout1184/X                             20     21        (VIOLATED)
fanout1187/X                             20     21        (VIOLATED)
fanout1188/X                             20     21        (VIOLATED)
fanout1190/X                             20     21        (VIOLATED)
fanout1191/X                             20     21        (VIOLATED)
fanout1193/X                             20     21        (VIOLATED)
fanout1196/X                             20     21        (VIOLATED)
fanout1199/X                             20     21        (VIOLATED)
fanout1200/X                             20     21        (VIOLATED)
fanout1202/X                             20     21        (VIOLATED)
fanout1205/X                             20     21        (VIOLATED)
fanout1206/X                             20     21        (VIOLATED)
fanout1208/X                             20     21        (VIOLATED)
fanout1209/X                             20     21        (VIOLATED)
fanout1211/X                             20     21        (VIOLATED)
fanout1212/X                             20     21        (VIOLATED)
fanout1214/X                             20     21        (VIOLATED)
fanout1217/X                             20     21        (VIOLATED)
fanout1218/X                             20     21        (VIOLATED)
fanout1220/X                             20     21        (VIOLATED)
fanout1223/X                             20     21        (VIOLATED)
fanout1224/X                             20     21        (VIOLATED)
fanout1226/X                             20     21        (VIOLATED)
fanout1227/X                             20     21        (VIOLATED)
fanout1229/X                             20     21        (VIOLATED)
fanout1230/X                             20     21        (VIOLATED)
fanout1232/X                             20     21        (VIOLATED)
fanout1233/X                             20     21        (VIOLATED)
fanout1243/X                             20     21        (VIOLATED)
fanout1245/X                             20     21        (VIOLATED)
fanout1247/X                             20     21        (VIOLATED)
fanout1248/X                             20     21        (VIOLATED)
fanout1249/X                             20     21        (VIOLATED)
fanout1254/X                             20     21        (VIOLATED)
fanout1257/X                             20     21        (VIOLATED)
fanout1258/X                             20     21        (VIOLATED)
fanout1260/X                             20     21        (VIOLATED)
fanout1261/X                             20     21        (VIOLATED)
fanout1263/X                             20     21        (VIOLATED)
fanout1285/X                             20     21        (VIOLATED)
fanout1287/X                             20     21        (VIOLATED)
fanout1288/X                             20     21        (VIOLATED)
fanout1289/X                             20     21        (VIOLATED)
fanout1291/X                             20     21        (VIOLATED)
fanout1292/X                             20     21        (VIOLATED)
fanout1293/X                             20     21        (VIOLATED)
fanout1294/X                             20     21        (VIOLATED)
fanout1322/X                             20     21        (VIOLATED)
fanout1325/X                             20     21        (VIOLATED)
fanout1331/X                             20     21        (VIOLATED)
fanout1334/X                             20     21        (VIOLATED)
fanout1337/X                             20     21        (VIOLATED)
fanout1340/X                             20     21        (VIOLATED)
fanout1343/X                             20     21        (VIOLATED)
fanout1346/X                             20     21        (VIOLATED)
fanout1349/X                             20     21        (VIOLATED)
fanout1352/X                             20     21        (VIOLATED)
fanout1355/X                             20     21        (VIOLATED)
fanout1358/X                             20     21        (VIOLATED)
fanout1361/X                             20     21        (VIOLATED)
fanout1364/X                             20     21        (VIOLATED)
fanout1367/X                             20     21        (VIOLATED)
fanout1370/X                             20     21        (VIOLATED)
fanout1373/X                             20     21        (VIOLATED)
fanout1376/X                             20     21        (VIOLATED)
fanout1379/X                             20     21        (VIOLATED)
fanout1392/X                             20     21        (VIOLATED)
fanout1393/X                             20     21        (VIOLATED)
fanout1396/X                             20     21        (VIOLATED)
fanout636/X                              20     21        (VIOLATED)
fanout655/X                              20     21        (VIOLATED)
fanout671/X                              20     21        (VIOLATED)
fanout765/X                              20     21        (VIOLATED)
fanout769/X                              20     21        (VIOLATED)
fanout773/X                              20     21        (VIOLATED)
fanout786/X                              20     21        (VIOLATED)
fanout788/X                              20     21        (VIOLATED)
fanout789/X                              20     21        (VIOLATED)
fanout791/X                              20     21        (VIOLATED)
fanout812/X                              20     21        (VIOLATED)
fanout813/X                              20     21        (VIOLATED)

max capacitance

Pin                                        Limit         Cap       Slack
------------------------------------------------------------------------
wire933/X                               0.353403    1.649172   -1.295769 (VIOLATED)
wire942/X                               0.353403    1.575861   -1.222458 (VIOLATED)
_1535_/X                                0.353403    1.192036   -0.838633 (VIOLATED)
wire1035/X                              0.495310    1.195964   -0.700654 (VIOLATED)
wire951/X                               0.181284    0.555684   -0.374400 (VIOLATED)
_1541_/X                                0.353403    0.571760   -0.218357 (VIOLATED)
_1576_/Y                                0.179453    0.377971   -0.198518 (VIOLATED)
_1545_/X                                0.187693    0.373178   -0.185485 (VIOLATED)
_1580_/Y                                0.179453    0.309140   -0.129687 (VIOLATED)
_1582_/Y                                0.055857    0.171691   -0.115834 (VIOLATED)
wire900/X                               0.353403    0.461209   -0.107806 (VIOLATED)
_1547_/X                                0.187693    0.279473   -0.091780 (VIOLATED)
wire864/X                               0.181284    0.239319   -0.058035 (VIOLATED)
wire882/X                               0.353403    0.408855   -0.055452 (VIOLATED)
_1557_/X                                0.189524    0.244056   -0.054532 (VIOLATED)
_1339_/Y                                0.050364    0.099706   -0.049342 (VIOLATED)
wire891/X                               0.353403    0.392945   -0.039542 (VIOLATED)
wire941/X                               0.585947    0.593543   -0.007596 (VIOLATED)
_1529_/X                                0.353403    0.359887   -0.006484 (VIOLATED)
_1553_/X                                0.189524    0.189941   -0.000417 (VIOLATED)



===========================================================================
report_parasitic_annotation -report_unannotated
============================================================================
Found 217 unannotated drivers.
 analog_io[0]
 analog_io[10]
 analog_io[11]
 analog_io[12]
 analog_io[13]
 analog_io[14]
 analog_io[15]
 analog_io[16]
 analog_io[17]
 analog_io[18]
 analog_io[19]
 analog_io[1]
 analog_io[20]
 analog_io[21]
 analog_io[22]
 analog_io[23]
 analog_io[24]
 analog_io[25]
 analog_io[26]
 analog_io[27]
 analog_io[28]
 analog_io[29]
 analog_io[2]
 analog_io[30]
 analog_io[31]
 analog_io[32]
 analog_io[33]
 analog_io[34]
 analog_io[35]
 analog_io[36]
 analog_io[37]
 analog_io[38]
 analog_io[39]
 analog_io[3]
 analog_io[40]
 analog_io[41]
 analog_io[42]
 analog_io[43]
 analog_io[4]
 analog_io[5]
 analog_io[6]
 analog_io[7]
 analog_io[8]
 analog_io[9]
 analog_noesd_io[0]
 analog_noesd_io[10]
 analog_noesd_io[11]
 analog_noesd_io[12]
 analog_noesd_io[13]
 analog_noesd_io[14]
 analog_noesd_io[15]
 analog_noesd_io[16]
 analog_noesd_io[17]
 analog_noesd_io[18]
 analog_noesd_io[19]
 analog_noesd_io[1]
 analog_noesd_io[20]
 analog_noesd_io[21]
 analog_noesd_io[22]
 analog_noesd_io[23]
 analog_noesd_io[24]
 analog_noesd_io[25]
 analog_noesd_io[26]
 analog_noesd_io[27]
 analog_noesd_io[28]
 analog_noesd_io[29]
 analog_noesd_io[2]
 analog_noesd_io[30]
 analog_noesd_io[31]
 analog_noesd_io[32]
 analog_noesd_io[33]
 analog_noesd_io[34]
 analog_noesd_io[35]
 analog_noesd_io[36]
 analog_noesd_io[37]
 analog_noesd_io[38]
 analog_noesd_io[39]
 analog_noesd_io[3]
 analog_noesd_io[40]
 analog_noesd_io[41]
 analog_noesd_io[42]
 analog_noesd_io[43]
 analog_noesd_io[4]
 analog_noesd_io[5]
 analog_noesd_io[6]
 analog_noesd_io[7]
 analog_noesd_io[8]
 analog_noesd_io[9]
 gpio_in[14]
 gpio_in[29]
 gpio_in_h[0]
 gpio_in_h[10]
 gpio_in_h[11]
 gpio_in_h[12]
 gpio_in_h[13]
 gpio_in_h[14]
 gpio_in_h[15]
 gpio_in_h[16]
 gpio_in_h[17]
 gpio_in_h[18]
 gpio_in_h[19]
 gpio_in_h[1]
 gpio_in_h[20]
 gpio_in_h[21]
 gpio_in_h[22]
 gpio_in_h[23]
 gpio_in_h[24]
 gpio_in_h[25]
 gpio_in_h[26]
 gpio_in_h[27]
 gpio_in_h[28]
 gpio_in_h[29]
 gpio_in_h[2]
 gpio_in_h[30]
 gpio_in_h[31]
 gpio_in_h[32]
 gpio_in_h[33]
 gpio_in_h[34]
 gpio_in_h[35]
 gpio_in_h[36]
 gpio_in_h[37]
 gpio_in_h[38]
 gpio_in_h[39]
 gpio_in_h[3]
 gpio_in_h[40]
 gpio_in_h[41]
 gpio_in_h[42]
 gpio_in_h[43]
 gpio_in_h[4]
 gpio_in_h[5]
 gpio_in_h[6]
 gpio_in_h[7]
 gpio_in_h[8]
 gpio_in_h[9]
 gpio_loopback_one[0]
 gpio_loopback_zero[0]
 por_l
 porb_h
 porb_l
 resetb_h
 _4019__1452/LO
 clkload0/Y
 clkload1/Y
 clkload10/Y
 clkload11/X
 clkload12/Y
 clkload13/Y
 clkload14/Y
 clkload15/X
 clkload16/Y
 clkload17/Y
 clkload18/Y
 clkload19/Y
 clkload2/Y
 clkload20/Y
 clkload21/Y
 clkload22/Y
 clkload23/Y
 clkload24/Y
 clkload25/Y
 clkload26/Y
 clkload27/Y
 clkload28/Y
 clkload29/Y
 clkload3/Y
 clkload30/Y
 clkload31/Y
 clkload32/Y
 clkload33/X
 clkload34/Y
 clkload35/Y
 clkload36/Y
 clkload37/Y
 clkload38/Y
 clkload39/Y
 clkload4/Y
 clkload40/Y
 clkload41/Y
 clkload42/Y
 clkload43/Y
 clkload44/Y
 clkload45/Y
 clkload46/Y
 clkload47/Y
 clkload48/Y
 clkload49/Y
 clkload5/Y
 clkload50/Y
 clkload51/Y
 clkload52/Y
 clkload53/Y
 clkload54/Y
 clkload55/Y
 clkload56/Y
 clkload57/Y
 clkload58/Y
 clkload59/Y
 clkload6/Y
 clkload60/Y
 clkload61/Y
 clkload62/Y
 clkload7/Y
 clkload8/Y
 clkload9/Y
 openframe_project_wrapper_1440/HI
 openframe_project_wrapper_1441/HI
 openframe_project_wrapper_1442/HI
 openframe_project_wrapper_1443/HI
 openframe_project_wrapper_1444/HI
 openframe_project_wrapper_1445/HI
 openframe_project_wrapper_1446/HI
 openframe_project_wrapper_1447/HI
 openframe_project_wrapper_1448/HI
 openframe_project_wrapper_1449/HI
 openframe_project_wrapper_1450/HI
 openframe_project_wrapper_1451/HI
 openframe_project_wrapper_1453/LO
Found 0 partially unannotated drivers.

===========================================================================
max slew violation count 402
max fanout violation count 169
max cap violation count 20
============================================================================

===========================================================================
check_setup -verbose -unconstrained_endpoints -multiple_clock -no_clock -no_input_delay -loops -generated_clocks
===========================================================================
Warning: There are 300 input ports missing set_input_delay.
  analog_io[0]
  analog_io[10]
  analog_io[11]
  analog_io[12]
  analog_io[13]
  analog_io[14]
  analog_io[15]
  analog_io[16]
  analog_io[17]
  analog_io[18]
  analog_io[19]
  analog_io[1]
  analog_io[20]
  analog_io[21]
  analog_io[22]
  analog_io[23]
  analog_io[24]
  analog_io[25]
  analog_io[26]
  analog_io[27]
  analog_io[28]
  analog_io[29]
  analog_io[2]
  analog_io[30]
  analog_io[31]
  analog_io[32]
  analog_io[33]
  analog_io[34]
  analog_io[35]
  analog_io[36]
  analog_io[37]
  analog_io[38]
  analog_io[39]
  analog_io[3]
  analog_io[40]
  analog_io[41]
  analog_io[42]
  analog_io[43]
  analog_io[4]
  analog_io[5]
  analog_io[6]
  analog_io[7]
  analog_io[8]
  analog_io[9]
  analog_noesd_io[0]
  analog_noesd_io[10]
  analog_noesd_io[11]
  analog_noesd_io[12]
  analog_noesd_io[13]
  analog_noesd_io[14]
  analog_noesd_io[15]
  analog_noesd_io[16]
  analog_noesd_io[17]
  analog_noesd_io[18]
  analog_noesd_io[19]
  analog_noesd_io[1]
  analog_noesd_io[20]
  analog_noesd_io[21]
  analog_noesd_io[22]
  analog_noesd_io[23]
  analog_noesd_io[24]
  analog_noesd_io[25]
  analog_noesd_io[26]
  analog_noesd_io[27]
  analog_noesd_io[28]
  analog_noesd_io[29]
  analog_noesd_io[2]
  analog_noesd_io[30]
  analog_noesd_io[31]
  analog_noesd_io[32]
  analog_noesd_io[33]
  analog_noesd_io[34]
  analog_noesd_io[35]
  analog_noesd_io[36]
  analog_noesd_io[37]
  analog_noesd_io[38]
  analog_noesd_io[39]
  analog_noesd_io[3]
  analog_noesd_io[40]
  analog_noesd_io[41]
  analog_noesd_io[42]
  analog_noesd_io[43]
  analog_noesd_io[4]
  analog_noesd_io[5]
  analog_noesd_io[6]
  analog_noesd_io[7]
  analog_noesd_io[8]
  analog_noesd_io[9]
  gpio_in[0]
  gpio_in[10]
  gpio_in[11]
  gpio_in[12]
  gpio_in[13]
  gpio_in[14]
  gpio_in[15]
  gpio_in[16]
  gpio_in[17]
  gpio_in[18]
  gpio_in[19]
  gpio_in[1]
  gpio_in[20]
  gpio_in[21]
  gpio_in[22]
  gpio_in[23]
  gpio_in[24]
  gpio_in[25]
  gpio_in[26]
  gpio_in[27]
  gpio_in[28]
  gpio_in[29]
  gpio_in[2]
  gpio_in[30]
  gpio_in[31]
  gpio_in[32]
  gpio_in[33]
  gpio_in[34]
  gpio_in[35]
  gpio_in[36]
  gpio_in[37]
  gpio_in[39]
  gpio_in[3]
  gpio_in[40]
  gpio_in[41]
  gpio_in[42]
  gpio_in[43]
  gpio_in[4]
  gpio_in[5]
  gpio_in[6]
  gpio_in[7]
  gpio_in[8]
  gpio_in[9]
  gpio_in_h[0]
  gpio_in_h[10]
  gpio_in_h[11]
  gpio_in_h[12]
  gpio_in_h[13]
  gpio_in_h[14]
  gpio_in_h[15]
  gpio_in_h[16]
  gpio_in_h[17]
  gpio_in_h[18]
  gpio_in_h[19]
  gpio_in_h[1]
  gpio_in_h[20]
  gpio_in_h[21]
  gpio_in_h[22]
  gpio_in_h[23]
  gpio_in_h[24]
  gpio_in_h[25]
  gpio_in_h[26]
  gpio_in_h[27]
  gpio_in_h[28]
  gpio_in_h[29]
  gpio_in_h[2]
  gpio_in_h[30]
  gpio_in_h[31]
  gpio_in_h[32]
  gpio_in_h[33]
  gpio_in_h[34]
  gpio_in_h[35]
  gpio_in_h[36]
  gpio_in_h[37]
  gpio_in_h[38]
  gpio_in_h[39]
  gpio_in_h[3]
  gpio_in_h[40]
  gpio_in_h[41]
  gpio_in_h[42]
  gpio_in_h[43]
  gpio_in_h[4]
  gpio_in_h[5]
  gpio_in_h[6]
  gpio_in_h[7]
  gpio_in_h[8]
  gpio_in_h[9]
  gpio_loopback_one[0]
  gpio_loopback_one[10]
  gpio_loopback_one[11]
  gpio_loopback_one[12]
  gpio_loopback_one[13]
  gpio_loopback_one[14]
  gpio_loopback_one[15]
  gpio_loopback_one[16]
  gpio_loopback_one[17]
  gpio_loopback_one[18]
  gpio_loopback_one[19]
  gpio_loopback_one[1]
  gpio_loopback_one[20]
  gpio_loopback_one[21]
  gpio_loopback_one[22]
  gpio_loopback_one[23]
  gpio_loopback_one[24]
  gpio_loopback_one[25]
  gpio_loopback_one[26]
  gpio_loopback_one[27]
  gpio_loopback_one[28]
  gpio_loopback_one[29]
  gpio_loopback_one[2]
  gpio_loopback_one[30]
  gpio_loopback_one[31]
  gpio_loopback_one[32]
  gpio_loopback_one[33]
  gpio_loopback_one[34]
  gpio_loopback_one[35]
  gpio_loopback_one[36]
  gpio_loopback_one[37]
  gpio_loopback_one[38]
  gpio_loopback_one[39]
  gpio_loopback_one[3]
  gpio_loopback_one[40]
  gpio_loopback_one[41]
  gpio_loopback_one[42]
  gpio_loopback_one[43]
  gpio_loopback_one[4]
  gpio_loopback_one[5]
  gpio_loopback_one[6]
  gpio_loopback_one[7]
  gpio_loopback_one[8]
  gpio_loopback_one[9]
  gpio_loopback_zero[0]
  gpio_loopback_zero[10]
  gpio_loopback_zero[11]
  gpio_loopback_zero[12]
  gpio_loopback_zero[13]
  gpio_loopback_zero[14]
  gpio_loopback_zero[15]
  gpio_loopback_zero[16]
  gpio_loopback_zero[17]
  gpio_loopback_zero[18]
  gpio_loopback_zero[19]
  gpio_loopback_zero[1]
  gpio_loopback_zero[20]
  gpio_loopback_zero[21]
  gpio_loopback_zero[22]
  gpio_loopback_zero[23]
  gpio_loopback_zero[24]
  gpio_loopback_zero[25]
  gpio_loopback_zero[26]
  gpio_loopback_zero[27]
  gpio_loopback_zero[28]
  gpio_loopback_zero[29]
  gpio_loopback_zero[2]
  gpio_loopback_zero[30]
  gpio_loopback_zero[31]
  gpio_loopback_zero[32]
  gpio_loopback_zero[33]
  gpio_loopback_zero[34]
  gpio_loopback_zero[35]
  gpio_loopback_zero[36]
  gpio_loopback_zero[37]
  gpio_loopback_zero[38]
  gpio_loopback_zero[39]
  gpio_loopback_zero[3]
  gpio_loopback_zero[40]
  gpio_loopback_zero[41]
  gpio_loopback_zero[42]
  gpio_loopback_zero[43]
  gpio_loopback_zero[4]
  gpio_loopback_zero[5]
  gpio_loopback_zero[6]
  gpio_loopback_zero[7]
  gpio_loopback_zero[8]
  gpio_loopback_zero[9]
  mask_rev[0]
  mask_rev[10]
  mask_rev[11]
  mask_rev[12]
  mask_rev[13]
  mask_rev[14]
  mask_rev[15]
  mask_rev[16]
  mask_rev[17]
  mask_rev[18]
  mask_rev[19]
  mask_rev[1]
  mask_rev[20]
  mask_rev[21]
  mask_rev[22]
  mask_rev[23]
  mask_rev[24]
  mask_rev[25]
  mask_rev[26]
  mask_rev[27]
  mask_rev[28]
  mask_rev[29]
  mask_rev[2]
  mask_rev[30]
  mask_rev[31]
  mask_rev[3]
  mask_rev[4]
  mask_rev[5]
  mask_rev[6]
  mask_rev[7]
  mask_rev[8]
  mask_rev[9]
  por_l
  porb_h
  porb_l
  resetb_h
  resetb_l
Warning: There are 51 unclocked register/latch pins.
  _3207_/CLK
  _3208_/CLK
  _3209_/CLK
  _3210_/CLK
  _3211_/CLK
  _3212_/CLK
  _3213_/CLK
  _4025_/CLK
  _4026_/CLK
  _4027_/CLK
  _4028_/CLK
  _4029_/CLK
  _4030_/CLK
  _4031_/CLK
  _4032_/CLK
  _4033_/CLK
  _4034_/CLK
  _4035_/CLK
  _4036_/CLK
  _4037_/CLK
  _4038_/CLK
  _4039_/CLK
  _4040_/CLK
  _4041_/CLK
  _4042_/CLK
  _4043_/CLK
  _4044_/CLK
  _4045_/CLK
  _4046_/CLK
  _4047_/CLK
  _4048_/CLK
  _4049_/CLK
  _4050_/CLK
  _4051_/CLK
  _4052_/CLK
  _4053_/CLK
  _4054_/CLK
  _4055_/CLK
  _4056_/CLK
  _4057_/CLK
  _4058_/CLK
  _4059_/CLK
  _4060_/CLK
  _4061_/CLK
  _4062_/CLK
  _4063_/CLK
  _4064_/CLK
  _4065_/CLK
  _4066_/CLK
  _4067_/CLK
  _4068_/CLK
Warning: There are 717 unconstrained endpoints.
  analog_io[0]
  analog_io[10]
  analog_io[11]
  analog_io[12]
  analog_io[13]
  analog_io[14]
  analog_io[15]
  analog_io[16]
  analog_io[17]
  analog_io[18]
  analog_io[19]
  analog_io[1]
  analog_io[20]
  analog_io[21]
  analog_io[22]
  analog_io[23]
  analog_io[24]
  analog_io[25]
  analog_io[26]
  analog_io[27]
  analog_io[28]
  analog_io[29]
  analog_io[2]
  analog_io[30]
  analog_io[31]
  analog_io[32]
  analog_io[33]
  analog_io[34]
  analog_io[35]
  analog_io[36]
  analog_io[37]
  analog_io[38]
  analog_io[39]
  analog_io[3]
  analog_io[40]
  analog_io[41]
  analog_io[42]
  analog_io[43]
  analog_io[4]
  analog_io[5]
  analog_io[6]
  analog_io[7]
  analog_io[8]
  analog_io[9]
  analog_noesd_io[0]
  analog_noesd_io[10]
  analog_noesd_io[11]
  analog_noesd_io[12]
  analog_noesd_io[13]
  analog_noesd_io[14]
  analog_noesd_io[15]
  analog_noesd_io[16]
  analog_noesd_io[17]
  analog_noesd_io[18]
  analog_noesd_io[19]
  analog_noesd_io[1]
  analog_noesd_io[20]
  analog_noesd_io[21]
  analog_noesd_io[22]
  analog_noesd_io[23]
  analog_noesd_io[24]
  analog_noesd_io[25]
  analog_noesd_io[26]
  analog_noesd_io[27]
  analog_noesd_io[28]
  analog_noesd_io[29]
  analog_noesd_io[2]
  analog_noesd_io[30]
  analog_noesd_io[31]
  analog_noesd_io[32]
  analog_noesd_io[33]
  analog_noesd_io[34]
  analog_noesd_io[35]
  analog_noesd_io[36]
  analog_noesd_io[37]
  analog_noesd_io[38]
  analog_noesd_io[39]
  analog_noesd_io[3]
  analog_noesd_io[40]
  analog_noesd_io[41]
  analog_noesd_io[42]
  analog_noesd_io[43]
  analog_noesd_io[4]
  analog_noesd_io[5]
  analog_noesd_io[6]
  analog_noesd_io[7]
  analog_noesd_io[8]
  analog_noesd_io[9]
  gpio_analog_en[0]
  gpio_analog_en[10]
  gpio_analog_en[11]
  gpio_analog_en[12]
  gpio_analog_en[13]
  gpio_analog_en[14]
  gpio_analog_en[15]
  gpio_analog_en[16]
  gpio_analog_en[17]
  gpio_analog_en[18]
  gpio_analog_en[19]
  gpio_analog_en[1]
  gpio_analog_en[20]
  gpio_analog_en[21]
  gpio_analog_en[22]
  gpio_analog_en[23]
  gpio_analog_en[24]
  gpio_analog_en[25]
  gpio_analog_en[26]
  gpio_analog_en[27]
  gpio_analog_en[28]
  gpio_analog_en[29]
  gpio_analog_en[2]
  gpio_analog_en[30]
  gpio_analog_en[31]
  gpio_analog_en[32]
  gpio_analog_en[33]
  gpio_analog_en[34]
  gpio_analog_en[35]
  gpio_analog_en[36]
  gpio_analog_en[37]
  gpio_analog_en[38]
  gpio_analog_en[39]
  gpio_analog_en[3]
  gpio_analog_en[40]
  gpio_analog_en[41]
  gpio_analog_en[42]
  gpio_analog_en[43]
  gpio_analog_en[4]
  gpio_analog_en[5]
  gpio_analog_en[6]
  gpio_analog_en[7]
  gpio_analog_en[8]
  gpio_analog_en[9]
  gpio_analog_pol[0]
  gpio_analog_pol[10]
  gpio_analog_pol[11]
  gpio_analog_pol[12]
  gpio_analog_pol[13]
  gpio_analog_pol[14]
  gpio_analog_pol[15]
  gpio_analog_pol[16]
  gpio_analog_pol[17]
  gpio_analog_pol[18]
  gpio_analog_pol[19]
  gpio_analog_pol[1]
  gpio_analog_pol[20]
  gpio_analog_pol[21]
  gpio_analog_pol[22]
  gpio_analog_pol[23]
  gpio_analog_pol[24]
  gpio_analog_pol[25]
  gpio_analog_pol[26]
  gpio_analog_pol[27]
  gpio_analog_pol[28]
  gpio_analog_pol[29]
  gpio_analog_pol[2]
  gpio_analog_pol[30]
  gpio_analog_pol[31]
  gpio_analog_pol[32]
  gpio_analog_pol[33]
  gpio_analog_pol[34]
  gpio_analog_pol[35]
  gpio_analog_pol[36]
  gpio_analog_pol[37]
  gpio_analog_pol[38]
  gpio_analog_pol[39]
  gpio_analog_pol[3]
  gpio_analog_pol[40]
  gpio_analog_pol[41]
  gpio_analog_pol[42]
  gpio_analog_pol[43]
  gpio_analog_pol[4]
  gpio_analog_pol[5]
  gpio_analog_pol[6]
  gpio_analog_pol[7]
  gpio_analog_pol[8]
  gpio_analog_pol[9]
  gpio_analog_sel[0]
  gpio_analog_sel[10]
  gpio_analog_sel[11]
  gpio_analog_sel[12]
  gpio_analog_sel[13]
  gpio_analog_sel[14]
  gpio_analog_sel[15]
  gpio_analog_sel[16]
  gpio_analog_sel[17]
  gpio_analog_sel[18]
  gpio_analog_sel[19]
  gpio_analog_sel[1]
  gpio_analog_sel[20]
  gpio_analog_sel[21]
  gpio_analog_sel[22]
  gpio_analog_sel[23]
  gpio_analog_sel[24]
  gpio_analog_sel[25]
  gpio_analog_sel[26]
  gpio_analog_sel[27]
  gpio_analog_sel[28]
  gpio_analog_sel[29]
  gpio_analog_sel[2]
  gpio_analog_sel[30]
  gpio_analog_sel[31]
  gpio_analog_sel[32]
  gpio_analog_sel[33]
  gpio_analog_sel[34]
  gpio_analog_sel[35]
  gpio_analog_sel[36]
  gpio_analog_sel[37]
  gpio_analog_sel[38]
  gpio_analog_sel[39]
  gpio_analog_sel[3]
  gpio_analog_sel[40]
  gpio_analog_sel[41]
  gpio_analog_sel[42]
  gpio_analog_sel[43]
  gpio_analog_sel[4]
  gpio_analog_sel[5]
  gpio_analog_sel[6]
  gpio_analog_sel[7]
  gpio_analog_sel[8]
  gpio_analog_sel[9]
  gpio_dm0[0]
  gpio_dm0[10]
  gpio_dm0[11]
  gpio_dm0[12]
  gpio_dm0[13]
  gpio_dm0[14]
  gpio_dm0[15]
  gpio_dm0[16]
  gpio_dm0[17]
  gpio_dm0[18]
  gpio_dm0[19]
  gpio_dm0[1]
  gpio_dm0[20]
  gpio_dm0[21]
  gpio_dm0[22]
  gpio_dm0[23]
  gpio_dm0[24]
  gpio_dm0[25]
  gpio_dm0[26]
  gpio_dm0[27]
  gpio_dm0[28]
  gpio_dm0[29]
  gpio_dm0[2]
  gpio_dm0[30]
  gpio_dm0[31]
  gpio_dm0[32]
  gpio_dm0[33]
  gpio_dm0[34]
  gpio_dm0[35]
  gpio_dm0[36]
  gpio_dm0[37]
  gpio_dm0[38]
  gpio_dm0[39]
  gpio_dm0[3]
  gpio_dm0[40]
  gpio_dm0[41]
  gpio_dm0[42]
  gpio_dm0[43]
  gpio_dm0[4]
  gpio_dm0[5]
  gpio_dm0[6]
  gpio_dm0[7]
  gpio_dm0[8]
  gpio_dm0[9]
  gpio_dm1[0]
  gpio_dm1[10]
  gpio_dm1[11]
  gpio_dm1[12]
  gpio_dm1[13]
  gpio_dm1[14]
  gpio_dm1[15]
  gpio_dm1[16]
  gpio_dm1[17]
  gpio_dm1[18]
  gpio_dm1[19]
  gpio_dm1[1]
  gpio_dm1[20]
  gpio_dm1[21]
  gpio_dm1[22]
  gpio_dm1[23]
  gpio_dm1[24]
  gpio_dm1[25]
  gpio_dm1[26]
  gpio_dm1[27]
  gpio_dm1[28]
  gpio_dm1[29]
  gpio_dm1[2]
  gpio_dm1[30]
  gpio_dm1[31]
  gpio_dm1[32]
  gpio_dm1[33]
  gpio_dm1[34]
  gpio_dm1[35]
  gpio_dm1[36]
  gpio_dm1[37]
  gpio_dm1[38]
  gpio_dm1[39]
  gpio_dm1[3]
  gpio_dm1[40]
  gpio_dm1[41]
  gpio_dm1[42]
  gpio_dm1[43]
  gpio_dm1[4]
  gpio_dm1[5]
  gpio_dm1[6]
  gpio_dm1[7]
  gpio_dm1[8]
  gpio_dm1[9]
  gpio_dm2[0]
  gpio_dm2[10]
  gpio_dm2[11]
  gpio_dm2[12]
  gpio_dm2[13]
  gpio_dm2[14]
  gpio_dm2[15]
  gpio_dm2[16]
  gpio_dm2[17]
  gpio_dm2[18]
  gpio_dm2[19]
  gpio_dm2[1]
  gpio_dm2[20]
  gpio_dm2[21]
  gpio_dm2[22]
  gpio_dm2[23]
  gpio_dm2[24]
  gpio_dm2[25]
  gpio_dm2[26]
  gpio_dm2[27]
  gpio_dm2[28]
  gpio_dm2[29]
  gpio_dm2[2]
  gpio_dm2[30]
  gpio_dm2[31]
  gpio_dm2[32]
  gpio_dm2[33]
  gpio_dm2[34]
  gpio_dm2[35]
  gpio_dm2[36]
  gpio_dm2[37]
  gpio_dm2[38]
  gpio_dm2[39]
  gpio_dm2[3]
  gpio_dm2[40]
  gpio_dm2[41]
  gpio_dm2[42]
  gpio_dm2[43]
  gpio_dm2[4]
  gpio_dm2[5]
  gpio_dm2[6]
  gpio_dm2[7]
  gpio_dm2[8]
  gpio_dm2[9]
  gpio_holdover[0]
  gpio_holdover[10]
  gpio_holdover[11]
  gpio_holdover[12]
  gpio_holdover[13]
  gpio_holdover[14]
  gpio_holdover[15]
  gpio_holdover[16]
  gpio_holdover[17]
  gpio_holdover[18]
  gpio_holdover[19]
  gpio_holdover[1]
  gpio_holdover[20]
  gpio_holdover[21]
  gpio_holdover[22]
  gpio_holdover[23]
  gpio_holdover[24]
  gpio_holdover[25]
  gpio_holdover[26]
  gpio_holdover[27]
  gpio_holdover[28]
  gpio_holdover[29]
  gpio_holdover[2]
  gpio_holdover[30]
  gpio_holdover[31]
  gpio_holdover[32]
  gpio_holdover[33]
  gpio_holdover[34]
  gpio_holdover[35]
  gpio_holdover[36]
  gpio_holdover[37]
  gpio_holdover[38]
  gpio_holdover[39]
  gpio_holdover[3]
  gpio_holdover[40]
  gpio_holdover[41]
  gpio_holdover[42]
  gpio_holdover[43]
  gpio_holdover[4]
  gpio_holdover[5]
  gpio_holdover[6]
  gpio_holdover[7]
  gpio_holdover[8]
  gpio_holdover[9]
  gpio_ib_mode_sel[0]
  gpio_ib_mode_sel[10]
  gpio_ib_mode_sel[11]
  gpio_ib_mode_sel[12]
  gpio_ib_mode_sel[13]
  gpio_ib_mode_sel[14]
  gpio_ib_mode_sel[15]
  gpio_ib_mode_sel[16]
  gpio_ib_mode_sel[17]
  gpio_ib_mode_sel[18]
  gpio_ib_mode_sel[19]
  gpio_ib_mode_sel[1]
  gpio_ib_mode_sel[20]
  gpio_ib_mode_sel[21]
  gpio_ib_mode_sel[22]
  gpio_ib_mode_sel[23]
  gpio_ib_mode_sel[24]
  gpio_ib_mode_sel[25]
  gpio_ib_mode_sel[26]
  gpio_ib_mode_sel[27]
  gpio_ib_mode_sel[28]
  gpio_ib_mode_sel[29]
  gpio_ib_mode_sel[2]
  gpio_ib_mode_sel[30]
  gpio_ib_mode_sel[31]
  gpio_ib_mode_sel[32]
  gpio_ib_mode_sel[33]
  gpio_ib_mode_sel[34]
  gpio_ib_mode_sel[35]
  gpio_ib_mode_sel[36]
  gpio_ib_mode_sel[37]
  gpio_ib_mode_sel[38]
  gpio_ib_mode_sel[39]
  gpio_ib_mode_sel[3]
  gpio_ib_mode_sel[40]
  gpio_ib_mode_sel[41]
  gpio_ib_mode_sel[42]
  gpio_ib_mode_sel[43]
  gpio_ib_mode_sel[4]
  gpio_ib_mode_sel[5]
  gpio_ib_mode_sel[6]
  gpio_ib_mode_sel[7]
  gpio_ib_mode_sel[8]
  gpio_ib_mode_sel[9]
  gpio_inp_dis[0]
  gpio_inp_dis[10]
  gpio_inp_dis[11]
  gpio_inp_dis[12]
  gpio_inp_dis[13]
  gpio_inp_dis[14]
  gpio_inp_dis[15]
  gpio_inp_dis[16]
  gpio_inp_dis[17]
  gpio_inp_dis[18]
  gpio_inp_dis[19]
  gpio_inp_dis[1]
  gpio_inp_dis[20]
  gpio_inp_dis[21]
  gpio_inp_dis[22]
  gpio_inp_dis[23]
  gpio_inp_dis[24]
  gpio_inp_dis[25]
  gpio_inp_dis[26]
  gpio_inp_dis[27]
  gpio_inp_dis[28]
  gpio_inp_dis[29]
  gpio_inp_dis[2]
  gpio_inp_dis[30]
  gpio_inp_dis[31]
  gpio_inp_dis[32]
  gpio_inp_dis[33]
  gpio_inp_dis[34]
  gpio_inp_dis[35]
  gpio_inp_dis[36]
  gpio_inp_dis[37]
  gpio_inp_dis[38]
  gpio_inp_dis[39]
  gpio_inp_dis[3]
  gpio_inp_dis[40]
  gpio_inp_dis[41]
  gpio_inp_dis[42]
  gpio_inp_dis[43]
  gpio_inp_dis[4]
  gpio_inp_dis[5]
  gpio_inp_dis[6]
  gpio_inp_dis[7]
  gpio_inp_dis[8]
  gpio_inp_dis[9]
  gpio_oeb[0]
  gpio_oeb[10]
  gpio_oeb[11]
  gpio_oeb[12]
  gpio_oeb[13]
  gpio_oeb[14]
  gpio_oeb[15]
  gpio_oeb[16]
  gpio_oeb[17]
  gpio_oeb[18]
  gpio_oeb[19]
  gpio_oeb[1]
  gpio_oeb[20]
  gpio_oeb[21]
  gpio_oeb[22]
  gpio_oeb[23]
  gpio_oeb[24]
  gpio_oeb[25]
  gpio_oeb[26]
  gpio_oeb[27]
  gpio_oeb[28]
  gpio_oeb[29]
  gpio_oeb[2]
  gpio_oeb[30]
  gpio_oeb[31]
  gpio_oeb[32]
  gpio_oeb[33]
  gpio_oeb[34]
  gpio_oeb[35]
  gpio_oeb[36]
  gpio_oeb[37]
  gpio_oeb[38]
  gpio_oeb[39]
  gpio_oeb[3]
  gpio_oeb[40]
  gpio_oeb[41]
  gpio_oeb[42]
  gpio_oeb[43]
  gpio_oeb[4]
  gpio_oeb[5]
  gpio_oeb[6]
  gpio_oeb[7]
  gpio_oeb[8]
  gpio_oeb[9]
  gpio_out[0]
  gpio_out[10]
  gpio_out[11]
  gpio_out[12]
  gpio_out[13]
  gpio_out[14]
  gpio_out[15]
  gpio_out[16]
  gpio_out[17]
  gpio_out[18]
  gpio_out[19]
  gpio_out[1]
  gpio_out[20]
  gpio_out[21]
  gpio_out[22]
  gpio_out[23]
  gpio_out[24]
  gpio_out[25]
  gpio_out[26]
  gpio_out[27]
  gpio_out[28]
  gpio_out[29]
  gpio_out[2]
  gpio_out[30]
  gpio_out[31]
  gpio_out[32]
  gpio_out[33]
  gpio_out[34]
  gpio_out[35]
  gpio_out[36]
  gpio_out[37]
  gpio_out[38]
  gpio_out[39]
  gpio_out[3]
  gpio_out[40]
  gpio_out[41]
  gpio_out[42]
  gpio_out[43]
  gpio_out[4]
  gpio_out[5]
  gpio_out[6]
  gpio_out[7]
  gpio_out[8]
  gpio_out[9]
  gpio_slow_sel[0]
  gpio_slow_sel[10]
  gpio_slow_sel[11]
  gpio_slow_sel[12]
  gpio_slow_sel[13]
  gpio_slow_sel[14]
  gpio_slow_sel[15]
  gpio_slow_sel[16]
  gpio_slow_sel[17]
  gpio_slow_sel[18]
  gpio_slow_sel[19]
  gpio_slow_sel[1]
  gpio_slow_sel[20]
  gpio_slow_sel[21]
  gpio_slow_sel[22]
  gpio_slow_sel[23]
  gpio_slow_sel[24]
  gpio_slow_sel[25]
  gpio_slow_sel[26]
  gpio_slow_sel[27]
  gpio_slow_sel[28]
  gpio_slow_sel[29]
  gpio_slow_sel[2]
  gpio_slow_sel[30]
  gpio_slow_sel[31]
  gpio_slow_sel[32]
  gpio_slow_sel[33]
  gpio_slow_sel[34]
  gpio_slow_sel[35]
  gpio_slow_sel[36]
  gpio_slow_sel[37]
  gpio_slow_sel[38]
  gpio_slow_sel[39]
  gpio_slow_sel[3]
  gpio_slow_sel[40]
  gpio_slow_sel[41]
  gpio_slow_sel[42]
  gpio_slow_sel[43]
  gpio_slow_sel[4]
  gpio_slow_sel[5]
  gpio_slow_sel[6]
  gpio_slow_sel[7]
  gpio_slow_sel[8]
  gpio_slow_sel[9]
  gpio_vtrip_sel[0]
  gpio_vtrip_sel[10]
  gpio_vtrip_sel[11]
  gpio_vtrip_sel[12]
  gpio_vtrip_sel[13]
  gpio_vtrip_sel[14]
  gpio_vtrip_sel[15]
  gpio_vtrip_sel[16]
  gpio_vtrip_sel[17]
  gpio_vtrip_sel[18]
  gpio_vtrip_sel[19]
  gpio_vtrip_sel[1]
  gpio_vtrip_sel[20]
  gpio_vtrip_sel[21]
  gpio_vtrip_sel[22]
  gpio_vtrip_sel[23]
  gpio_vtrip_sel[24]
  gpio_vtrip_sel[25]
  gpio_vtrip_sel[26]
  gpio_vtrip_sel[27]
  gpio_vtrip_sel[28]
  gpio_vtrip_sel[29]
  gpio_vtrip_sel[2]
  gpio_vtrip_sel[30]
  gpio_vtrip_sel[31]
  gpio_vtrip_sel[32]
  gpio_vtrip_sel[33]
  gpio_vtrip_sel[34]
  gpio_vtrip_sel[35]
  gpio_vtrip_sel[36]
  gpio_vtrip_sel[37]
  gpio_vtrip_sel[38]
  gpio_vtrip_sel[39]
  gpio_vtrip_sel[3]
  gpio_vtrip_sel[40]
  gpio_vtrip_sel[41]
  gpio_vtrip_sel[42]
  gpio_vtrip_sel[43]
  gpio_vtrip_sel[4]
  gpio_vtrip_sel[5]
  gpio_vtrip_sel[6]
  gpio_vtrip_sel[7]
  gpio_vtrip_sel[8]
  gpio_vtrip_sel[9]
  _3207_/D
  _3208_/D
  _3209_/D
  _3210_/D
  _3211_/D
  _3212_/D
  _3213_/D
  _4013_/D
  _4014_/D
  _4015_/D
  _4019_/D
  _4021_/D
  _4022_/D
  _4025_/D
  _4026_/D
  _4027_/D
  _4028_/D
  _4029_/D
  _4030_/D
  _4031_/D
  _4032_/D
  _4033_/D
  _4034_/D
  _4035_/D
  _4036_/D
  _4037_/D
  _4038_/D
  _4039_/D
  _4040_/D
  _4041_/D
  _4042_/D
  _4043_/D
  _4044_/D
  _4045_/D
  _4046_/D
  _4047_/D
  _4048_/D
  _4049_/D
  _4050_/D
  _4051_/D
  _4052_/D
  _4053_/D
  _4054_/D
  _4055_/D
  _4056_/D
  _4057_/D
  _4058_/D
  _4059_/D
  _4060_/D
  _4061_/D
  _4062_/D
  _4063_/D
  _4064_/D
  _4065_/D
  _4066_/D
  _4067_/D
  _4068_/D
Warning: There is 1 combinational loop in the design.
  fanout1113/A
  fanout1113/X
  u_owire.u_ip.osc_i0/A
  u_owire.u_ip.osc_i0/Y
  u_owire.u_ip.osc_i1/A
  u_owire.u_ip.osc_i1/Y
  u_owire.u_ip.osc_i2/A
  u_owire.u_ip.osc_i2/Y
  fanout1115/A
  fanout1115/X
  | loop cut point
  fanout1113/A
  --------------------------------
