Clock: clk
Sources: gpio_in[38] 
Generated: no
Virtual: yes
Propagated: no
Period: 40.000000

===========================================================================
report_clock_properties
============================================================================
Clock                   Period          Waveform
----------------------------------------------------
clk                  40.000000    0.000000 20.000000

===========================================================================
report_clock_latency
============================================================================
Clock clk
rise -> rise
    min     max
0.000000 0.000000 source latency
2.688099         network latency _3916_/CLK
        4.484948 network latency _3615_/CLK
---------------
2.688099 4.484948 latency
        1.796848 skew

fall -> fall
    min     max
0.000000 0.000000 source latency
2.544565         network latency _3916_/CLK
        4.152900 network latency _3615_/CLK
---------------
2.544565 4.152900 latency
        1.608335 skew



===========================================================================
report_clock_min_period
============================================================================
clk period_min = 16.02 fmax = 62.41
