Clock: clk
Sources: gpio_in[38] 
Generated: no
Virtual: yes
Propagated: no
Period: 40.000000

===========================================================================
report_clock_properties
============================================================================
Clock                   Period          Waveform
----------------------------------------------------
clk                  40.000000    0.000000 20.000000

===========================================================================
report_clock_latency
============================================================================
Clock clk
rise -> rise
    min     max
0.000000 0.000000 source latency
2.795475         network latency _3916_/CLK
        4.848084 network latency _3615_/CLK
---------------
2.795475 4.848084 latency
        2.052609 skew

fall -> fall
    min     max
0.000000 0.000000 source latency
2.635664         network latency _3916_/CLK
        4.496331 network latency _3615_/CLK
---------------
2.635664 4.496331 latency
        1.860666 skew



===========================================================================
report_clock_min_period
============================================================================
clk period_min = 16.52 fmax = 60.52
