Clock: clk
Sources: gpio_in[38] 
Generated: no
Virtual: yes
Propagated: no
Period: 40.000000

===========================================================================
report_clock_properties
============================================================================
Clock                   Period          Waveform
----------------------------------------------------
clk                  40.000000    0.000000 20.000000

===========================================================================
report_clock_latency
============================================================================
Clock clk
rise -> rise
    min     max
0.000000 0.000000 source latency
3.496583         network latency _3668_/CLK
        5.869019 network latency _3631_/CLK
---------------
3.496583 5.869019 latency
        2.372436 skew

fall -> fall
    min     max
0.000000 0.000000 source latency
3.394769         network latency _3668_/CLK
        5.417750 network latency _3631_/CLK
---------------
3.394769 5.417750 latency
        2.022981 skew



===========================================================================
report_clock_min_period
============================================================================
clk period_min = 20.40 fmax = 49.02
